==========================================
Step 1: Preprocess TRAINING data (delta + tanh)
==========================================
Found 283 netCDF files
Case dimension: box
Spatial dimensions: 100 x 100
Input channels: 12
Counting total boxes...
Total boxes: 103577
Pre-allocating tensors...
  Inputs: 103577 x 12 x 100 x 100 = 49.7 GB
  Outputs: 103577 x 1 x 100 x 100 = 4.1 GB
Loading data...
  Processed 20/283 files (21030/103577 boxes)
  Processed 40/283 files (32788/103577 boxes)
  Processed 60/283 files (39073/103577 boxes)
  Processed 80/283 files (44758/103577 boxes)
  Processed 100/283 files (50328/103577 boxes)
  Processed 120/283 files (55943/103577 boxes)
  Processed 140/283 files (60077/103577 boxes)
  Processed 160/283 files (65113/103577 boxes)
  Processed 180/283 files (69759/103577 boxes)
  Processed 200/283 files (74782/103577 boxes)
  Processed 220/283 files (79557/103577 boxes)
  Processed 240/283 files (83427/103577 boxes)
  Processed 260/283 files (92007/103577 boxes)
  Processed 280/283 files (103532/103577 boxes)
  Processed 283/283 files (103577/103577 boxes)
Computing delta targets: ST_slices - era5_skt
  Output range before delta: [250.26, 368.88]
  ERA5 range: [269.33, 312.97]
  Delta range: [-37.04, 68.80]
Computing normalization statistics...
  land_cover: [0.0000, 21.0000]
  albedo_monthly_climatology_means: [-0.0128, 3.0675]
  elevation: [-45.0426, 1263.7565]
  era5_skt: [269.3254, 312.9688]
  sin_doy: [0.0257, 1.0000]
  cos_doy: [-1.0000, 0.9987]
  slope_magnitude: [0.0000, 1.9282]
  slope_direction: [-180.0000, 180.0000]
  urban_area: [0.0000, 1.0000]
  suburban_area: [0.0000, 1.0000]
  pixel_st_hot_pattern: [272.7443, 341.2346]
  pixel_st_cold_pattern: [251.3834, 309.9614]
  ST_slices: [-37.0417, 68.7964]
Normalizing data...
  Output normalized to [-1, 1] (tanh mode)
Saving to /gws/nopw/j04/eocis_chuk/shaerdan/preprocessed_v8/train_v8_delta.pt...
Done! Output file size: 53.86 GB
Samples: 103577

NOTE: This file's normalisation_parameters should be used for test/validation data
==========================================
Step 2: Preprocess TEST data (using train stats)
==========================================
Found 202 netCDF files
Case dimension: box
Spatial dimensions: 100 x 100
Input channels: 12
Counting total boxes...
Total boxes: 9001
Pre-allocating tensors...
  Inputs: 9001 x 12 x 100 x 100 = 4.3 GB
  Outputs: 9001 x 1 x 100 x 100 = 0.4 GB
Loading data...
  Processed 20/202 files (2371/9001 boxes)
  Processed 40/202 files (2964/9001 boxes)
  Processed 60/202 files (3489/9001 boxes)
  Processed 80/202 files (4098/9001 boxes)
  Processed 100/202 files (4520/9001 boxes)
  Processed 120/202 files (4976/9001 boxes)
  Processed 140/202 files (5532/9001 boxes)
  Processed 160/202 files (6183/9001 boxes)
  Processed 180/202 files (7064/9001 boxes)
  Processed 200/202 files (8899/9001 boxes)
  Processed 202/202 files (9001/9001 boxes)
Computing delta targets: ST_slices - era5_skt
  Output range before delta: [252.86, 343.35]
  ERA5 range: [274.66, 307.66]
  Delta range: [-38.07, 47.42]
Loading normalisation parameters from /gws/nopw/j04/eocis_chuk/shaerdan/preprocessed_v8/train_v8_delta.pt...
Using external normalisation parameters:
  land_cover: [0.0000, 21.0000]
  albedo_monthly_climatology_means: [-0.0128, 3.0675]
  elevation: [-45.0426, 1263.7565]
  era5_skt: [269.3254, 312.9688]
  sin_doy: [0.0257, 1.0000]
  cos_doy: [-1.0000, 0.9987]
  slope_magnitude: [0.0000, 1.9282]
  slope_direction: [-180.0000, 180.0000]
  urban_area: [0.0000, 1.0000]
  suburban_area: [0.0000, 1.0000]
  pixel_st_hot_pattern: [272.7443, 341.2346]
  pixel_st_cold_pattern: [251.3834, 309.9614]
  ST_slices: [-37.0417, 68.7964]
This dataset's actual ranges (for reference):
  land_cover: [0.0000, 21.0000]
  albedo_monthly_climatology_means: [0.0145, 2.8215]
  elevation: [-28.5000, 1167.9639]
  era5_skt: [274.6618, 307.6614]
  sin_doy: [0.0772, 0.9994]
  cos_doy: [-0.9976, 0.9881]
  slope_magnitude: [0.0000, 1.7453]
  slope_direction: [-180.0000, 179.9999]
  urban_area: [0.0000, 1.0000]
  suburban_area: [0.0000, 1.0000]
  pixel_st_hot_pattern: [276.2529, 341.2346]
  pixel_st_cold_pattern: [259.9319, 308.6540]
  ST_slices: [-38.0668, 47.4157]
Normalizing data...
  Output normalized to [-1, 1] (tanh mode)
Saving to /gws/nopw/j04/eocis_chuk/shaerdan/preprocessed_v8/test_v8_delta.pt...
Done! Output file size: 4.68 GB
Samples: 9001

NOTE: Data normalized using parameters from /gws/nopw/j04/eocis_chuk/shaerdan/preprocessed_v8/train_v8_delta.pt
==========================================
Done. Files:
  /gws/nopw/j04/eocis_chuk/shaerdan/preprocessed_v8/train_v8_delta.pt
  /gws/nopw/j04/eocis_chuk/shaerdan/preprocessed_v8/test_v8_delta.pt
==========================================
