==========================================
Date:      2023-08-04
Box dir:   /gws/nopw/j04/eocis_chuk/shaerdan/models/scores/debug_outputs/2023-08-04_model_pB_standard_aug_ep500
Map out:   /gws/nopw/j04/eocis_chuk/shaerdan/models/scores/debug_outputs/uk_maps/2023-08-04_model_pB_standard_aug_ep500.nc
Model ID:  model_pB_standard_aug_ep500
Overwrite: no
Start:     Sun 22 Feb 15:26:25 GMT 2026
==========================================
Found 46 scored box files

Running collect_scored_dataset...
reading /gws/nopw/j04/eocis_chuk/shaerdan/models/scores/debug_outputs/2023-08-04_model_pB_standard_aug_ep500/input_000.nc
reading /gws/nopw/j04/eocis_chuk/shaerdan/models/scores/debug_outputs/2023-08-04_model_pB_standard_aug_ep500/input_001.nc
reading /gws/nopw/j04/eocis_chuk/shaerdan/models/scores/debug_outputs/2023-08-04_model_pB_standard_aug_ep500/input_002.nc
reading /gws/nopw/j04/eocis_chuk/shaerdan/models/scores/debug_outputs/2023-08-04_model_pB_standard_aug_ep500/input_003.nc
reading /gws/nopw/j04/eocis_chuk/shaerdan/models/scores/debug_outputs/2023-08-04_model_pB_standard_aug_ep500/input_004.nc
reading /gws/nopw/j04/eocis_chuk/shaerdan/models/scores/debug_outputs/2023-08-04_model_pB_standard_aug_ep500/input_005.nc
reading /gws/nopw/j04/eocis_chuk/shaerdan/models/scores/debug_outputs/2023-08-04_model_pB_standard_aug_ep500/input_006.nc
reading /gws/nopw/j04/eocis_chuk/shaerdan/models/scores/debug_outputs/2023-08-04_model_pB_standard_aug_ep500/input_007.nc
reading /gws/nopw/j04/eocis_chuk/shaerdan/models/scores/debug_outputs/2023-08-04_model_pB_standard_aug_ep500/input_008.nc
reading /gws/nopw/j04/eocis_chuk/shaerdan/models/scores/debug_outputs/2023-08-04_model_pB_standard_aug_ep500/input_009.nc
reading /gws/nopw/j04/eocis_chuk/shaerdan/models/scores/debug_outputs/2023-08-04_model_pB_standard_aug_ep500/input_010.nc
reading /gws/nopw/j04/eocis_chuk/shaerdan/models/scores/debug_outputs/2023-08-04_model_pB_standard_aug_ep500/input_011.nc
reading /gws/nopw/j04/eocis_chuk/shaerdan/models/scores/debug_outputs/2023-08-04_model_pB_standard_aug_ep500/input_012.nc
reading /gws/nopw/j04/eocis_chuk/shaerdan/models/scores/debug_outputs/2023-08-04_model_pB_standard_aug_ep500/input_013.nc
reading /gws/nopw/j04/eocis_chuk/shaerdan/models/scores/debug_outputs/2023-08-04_model_pB_standard_aug_ep500/input_014.nc
reading /gws/nopw/j04/eocis_chuk/shaerdan/models/scores/debug_outputs/2023-08-04_model_pB_standard_aug_ep500/input_015.nc
reading /gws/nopw/j04/eocis_chuk/shaerdan/models/scores/debug_outputs/2023-08-04_model_pB_standard_aug_ep500/input_016.nc
reading /gws/nopw/j04/eocis_chuk/shaerdan/models/scores/debug_outputs/2023-08-04_model_pB_standard_aug_ep500/input_017.nc
reading /gws/nopw/j04/eocis_chuk/shaerdan/models/scores/debug_outputs/2023-08-04_model_pB_standard_aug_ep500/input_018.nc
reading /gws/nopw/j04/eocis_chuk/shaerdan/models/scores/debug_outputs/2023-08-04_model_pB_standard_aug_ep500/input_019.nc
reading /gws/nopw/j04/eocis_chuk/shaerdan/models/scores/debug_outputs/2023-08-04_model_pB_standard_aug_ep500/input_020.nc
reading /gws/nopw/j04/eocis_chuk/shaerdan/models/scores/debug_outputs/2023-08-04_model_pB_standard_aug_ep500/input_021.nc
reading /gws/nopw/j04/eocis_chuk/shaerdan/models/scores/debug_outputs/2023-08-04_model_pB_standard_aug_ep500/input_022.nc
reading /gws/nopw/j04/eocis_chuk/shaerdan/models/scores/debug_outputs/2023-08-04_model_pB_standard_aug_ep500/input_023.nc
reading /gws/nopw/j04/eocis_chuk/shaerdan/models/scores/debug_outputs/2023-08-04_model_pB_standard_aug_ep500/input_024.nc
reading /gws/nopw/j04/eocis_chuk/shaerdan/models/scores/debug_outputs/2023-08-04_model_pB_standard_aug_ep500/input_025.nc
reading /gws/nopw/j04/eocis_chuk/shaerdan/models/scores/debug_outputs/2023-08-04_model_pB_standard_aug_ep500/input_026.nc
reading /gws/nopw/j04/eocis_chuk/shaerdan/models/scores/debug_outputs/2023-08-04_model_pB_standard_aug_ep500/input_027.nc
reading /gws/nopw/j04/eocis_chuk/shaerdan/models/scores/debug_outputs/2023-08-04_model_pB_standard_aug_ep500/input_028.nc
reading /gws/nopw/j04/eocis_chuk/shaerdan/models/scores/debug_outputs/2023-08-04_model_pB_standard_aug_ep500/input_029.nc
reading /gws/nopw/j04/eocis_chuk/shaerdan/models/scores/debug_outputs/2023-08-04_model_pB_standard_aug_ep500/input_030.nc
reading /gws/nopw/j04/eocis_chuk/shaerdan/models/scores/debug_outputs/2023-08-04_model_pB_standard_aug_ep500/input_031.nc
reading /gws/nopw/j04/eocis_chuk/shaerdan/models/scores/debug_outputs/2023-08-04_model_pB_standard_aug_ep500/input_032.nc
reading /gws/nopw/j04/eocis_chuk/shaerdan/models/scores/debug_outputs/2023-08-04_model_pB_standard_aug_ep500/input_033.nc
reading /gws/nopw/j04/eocis_chuk/shaerdan/models/scores/debug_outputs/2023-08-04_model_pB_standard_aug_ep500/input_034.nc
reading /gws/nopw/j04/eocis_chuk/shaerdan/models/scores/debug_outputs/2023-08-04_model_pB_standard_aug_ep500/input_035.nc
reading /gws/nopw/j04/eocis_chuk/shaerdan/models/scores/debug_outputs/2023-08-04_model_pB_standard_aug_ep500/input_036.nc
reading /gws/nopw/j04/eocis_chuk/shaerdan/models/scores/debug_outputs/2023-08-04_model_pB_standard_aug_ep500/input_037.nc
reading /gws/nopw/j04/eocis_chuk/shaerdan/models/scores/debug_outputs/2023-08-04_model_pB_standard_aug_ep500/input_038.nc
reading /gws/nopw/j04/eocis_chuk/shaerdan/models/scores/debug_outputs/2023-08-04_model_pB_standard_aug_ep500/input_039.nc
reading /gws/nopw/j04/eocis_chuk/shaerdan/models/scores/debug_outputs/2023-08-04_model_pB_standard_aug_ep500/input_040.nc
reading /gws/nopw/j04/eocis_chuk/shaerdan/models/scores/debug_outputs/2023-08-04_model_pB_standard_aug_ep500/input_041.nc
reading /gws/nopw/j04/eocis_chuk/shaerdan/models/scores/debug_outputs/2023-08-04_model_pB_standard_aug_ep500/input_042.nc
reading /gws/nopw/j04/eocis_chuk/shaerdan/models/scores/debug_outputs/2023-08-04_model_pB_standard_aug_ep500/input_043.nc
reading /gws/nopw/j04/eocis_chuk/shaerdan/models/scores/debug_outputs/2023-08-04_model_pB_standard_aug_ep500/input_044.nc
reading /gws/nopw/j04/eocis_chuk/shaerdan/models/scores/debug_outputs/2023-08-04_model_pB_standard_aug_ep500/input_045.nc
/gws/nopw/j04/eocis_chuk/shaerdan/models/scores/debug_outputs/uk_maps/2023-08-04_model_pB_standard_aug_ep500.nc
UK map saved: /gws/nopw/j04/eocis_chuk/shaerdan/models/scores/debug_outputs/uk_maps/2023-08-04_model_pB_standard_aug_ep500.nc

Plotting PNG...
PNG saved: /gws/nopw/j04/eocis_chuk/shaerdan/models/scores/debug_outputs/uk_maps/2023-08-04_model_pB_standard_aug_ep500.png

Cleaning up per-box files in /gws/nopw/j04/eocis_chuk/shaerdan/models/scores/debug_outputs/2023-08-04_model_pB_standard_aug_ep500...
Cleanup done.

==========================================
Collect complete: /gws/nopw/j04/eocis_chuk/shaerdan/models/scores/debug_outputs/uk_maps/2023-08-04_model_pB_standard_aug_ep500.nc
End: Sun 22 Feb 15:32:27 GMT 2026
==========================================
