==========================================
Date:      2023-08-04
Box dir:   /gws/nopw/j04/eocis_chuk/shaerdan/models/scores/debug_outputs/2023-08-04_model_pB_standard_aug_ep_bestmse
Map out:   /gws/nopw/j04/eocis_chuk/shaerdan/models/scores/debug_outputs/uk_maps/2023-08-04_model_pB_standard_aug_ep_bestmse.nc
Model ID:  model_pB_standard_aug_ep_bestmse
Overwrite: no
Start:     Sun 22 Feb 15:26:23 GMT 2026
==========================================
Found 46 scored box files

Running collect_scored_dataset...
reading /gws/nopw/j04/eocis_chuk/shaerdan/models/scores/debug_outputs/2023-08-04_model_pB_standard_aug_ep_bestmse/input_000.nc
reading /gws/nopw/j04/eocis_chuk/shaerdan/models/scores/debug_outputs/2023-08-04_model_pB_standard_aug_ep_bestmse/input_001.nc
reading /gws/nopw/j04/eocis_chuk/shaerdan/models/scores/debug_outputs/2023-08-04_model_pB_standard_aug_ep_bestmse/input_002.nc
reading /gws/nopw/j04/eocis_chuk/shaerdan/models/scores/debug_outputs/2023-08-04_model_pB_standard_aug_ep_bestmse/input_003.nc
reading /gws/nopw/j04/eocis_chuk/shaerdan/models/scores/debug_outputs/2023-08-04_model_pB_standard_aug_ep_bestmse/input_004.nc
reading /gws/nopw/j04/eocis_chuk/shaerdan/models/scores/debug_outputs/2023-08-04_model_pB_standard_aug_ep_bestmse/input_005.nc
reading /gws/nopw/j04/eocis_chuk/shaerdan/models/scores/debug_outputs/2023-08-04_model_pB_standard_aug_ep_bestmse/input_006.nc
reading /gws/nopw/j04/eocis_chuk/shaerdan/models/scores/debug_outputs/2023-08-04_model_pB_standard_aug_ep_bestmse/input_007.nc
reading /gws/nopw/j04/eocis_chuk/shaerdan/models/scores/debug_outputs/2023-08-04_model_pB_standard_aug_ep_bestmse/input_008.nc
reading /gws/nopw/j04/eocis_chuk/shaerdan/models/scores/debug_outputs/2023-08-04_model_pB_standard_aug_ep_bestmse/input_009.nc
reading /gws/nopw/j04/eocis_chuk/shaerdan/models/scores/debug_outputs/2023-08-04_model_pB_standard_aug_ep_bestmse/input_010.nc
reading /gws/nopw/j04/eocis_chuk/shaerdan/models/scores/debug_outputs/2023-08-04_model_pB_standard_aug_ep_bestmse/input_011.nc
reading /gws/nopw/j04/eocis_chuk/shaerdan/models/scores/debug_outputs/2023-08-04_model_pB_standard_aug_ep_bestmse/input_012.nc
reading /gws/nopw/j04/eocis_chuk/shaerdan/models/scores/debug_outputs/2023-08-04_model_pB_standard_aug_ep_bestmse/input_013.nc
reading /gws/nopw/j04/eocis_chuk/shaerdan/models/scores/debug_outputs/2023-08-04_model_pB_standard_aug_ep_bestmse/input_014.nc
reading /gws/nopw/j04/eocis_chuk/shaerdan/models/scores/debug_outputs/2023-08-04_model_pB_standard_aug_ep_bestmse/input_015.nc
reading /gws/nopw/j04/eocis_chuk/shaerdan/models/scores/debug_outputs/2023-08-04_model_pB_standard_aug_ep_bestmse/input_016.nc
reading /gws/nopw/j04/eocis_chuk/shaerdan/models/scores/debug_outputs/2023-08-04_model_pB_standard_aug_ep_bestmse/input_017.nc
reading /gws/nopw/j04/eocis_chuk/shaerdan/models/scores/debug_outputs/2023-08-04_model_pB_standard_aug_ep_bestmse/input_018.nc
reading /gws/nopw/j04/eocis_chuk/shaerdan/models/scores/debug_outputs/2023-08-04_model_pB_standard_aug_ep_bestmse/input_019.nc
reading /gws/nopw/j04/eocis_chuk/shaerdan/models/scores/debug_outputs/2023-08-04_model_pB_standard_aug_ep_bestmse/input_020.nc
reading /gws/nopw/j04/eocis_chuk/shaerdan/models/scores/debug_outputs/2023-08-04_model_pB_standard_aug_ep_bestmse/input_021.nc
reading /gws/nopw/j04/eocis_chuk/shaerdan/models/scores/debug_outputs/2023-08-04_model_pB_standard_aug_ep_bestmse/input_022.nc
reading /gws/nopw/j04/eocis_chuk/shaerdan/models/scores/debug_outputs/2023-08-04_model_pB_standard_aug_ep_bestmse/input_023.nc
reading /gws/nopw/j04/eocis_chuk/shaerdan/models/scores/debug_outputs/2023-08-04_model_pB_standard_aug_ep_bestmse/input_024.nc
reading /gws/nopw/j04/eocis_chuk/shaerdan/models/scores/debug_outputs/2023-08-04_model_pB_standard_aug_ep_bestmse/input_025.nc
reading /gws/nopw/j04/eocis_chuk/shaerdan/models/scores/debug_outputs/2023-08-04_model_pB_standard_aug_ep_bestmse/input_026.nc
reading /gws/nopw/j04/eocis_chuk/shaerdan/models/scores/debug_outputs/2023-08-04_model_pB_standard_aug_ep_bestmse/input_027.nc
reading /gws/nopw/j04/eocis_chuk/shaerdan/models/scores/debug_outputs/2023-08-04_model_pB_standard_aug_ep_bestmse/input_028.nc
reading /gws/nopw/j04/eocis_chuk/shaerdan/models/scores/debug_outputs/2023-08-04_model_pB_standard_aug_ep_bestmse/input_029.nc
reading /gws/nopw/j04/eocis_chuk/shaerdan/models/scores/debug_outputs/2023-08-04_model_pB_standard_aug_ep_bestmse/input_030.nc
reading /gws/nopw/j04/eocis_chuk/shaerdan/models/scores/debug_outputs/2023-08-04_model_pB_standard_aug_ep_bestmse/input_031.nc
reading /gws/nopw/j04/eocis_chuk/shaerdan/models/scores/debug_outputs/2023-08-04_model_pB_standard_aug_ep_bestmse/input_032.nc
reading /gws/nopw/j04/eocis_chuk/shaerdan/models/scores/debug_outputs/2023-08-04_model_pB_standard_aug_ep_bestmse/input_033.nc
reading /gws/nopw/j04/eocis_chuk/shaerdan/models/scores/debug_outputs/2023-08-04_model_pB_standard_aug_ep_bestmse/input_034.nc
reading /gws/nopw/j04/eocis_chuk/shaerdan/models/scores/debug_outputs/2023-08-04_model_pB_standard_aug_ep_bestmse/input_035.nc
reading /gws/nopw/j04/eocis_chuk/shaerdan/models/scores/debug_outputs/2023-08-04_model_pB_standard_aug_ep_bestmse/input_036.nc
reading /gws/nopw/j04/eocis_chuk/shaerdan/models/scores/debug_outputs/2023-08-04_model_pB_standard_aug_ep_bestmse/input_037.nc
reading /gws/nopw/j04/eocis_chuk/shaerdan/models/scores/debug_outputs/2023-08-04_model_pB_standard_aug_ep_bestmse/input_038.nc
reading /gws/nopw/j04/eocis_chuk/shaerdan/models/scores/debug_outputs/2023-08-04_model_pB_standard_aug_ep_bestmse/input_039.nc
reading /gws/nopw/j04/eocis_chuk/shaerdan/models/scores/debug_outputs/2023-08-04_model_pB_standard_aug_ep_bestmse/input_040.nc
reading /gws/nopw/j04/eocis_chuk/shaerdan/models/scores/debug_outputs/2023-08-04_model_pB_standard_aug_ep_bestmse/input_041.nc
reading /gws/nopw/j04/eocis_chuk/shaerdan/models/scores/debug_outputs/2023-08-04_model_pB_standard_aug_ep_bestmse/input_042.nc
reading /gws/nopw/j04/eocis_chuk/shaerdan/models/scores/debug_outputs/2023-08-04_model_pB_standard_aug_ep_bestmse/input_043.nc
reading /gws/nopw/j04/eocis_chuk/shaerdan/models/scores/debug_outputs/2023-08-04_model_pB_standard_aug_ep_bestmse/input_044.nc
reading /gws/nopw/j04/eocis_chuk/shaerdan/models/scores/debug_outputs/2023-08-04_model_pB_standard_aug_ep_bestmse/input_045.nc
/gws/nopw/j04/eocis_chuk/shaerdan/models/scores/debug_outputs/uk_maps/2023-08-04_model_pB_standard_aug_ep_bestmse.nc
UK map saved: /gws/nopw/j04/eocis_chuk/shaerdan/models/scores/debug_outputs/uk_maps/2023-08-04_model_pB_standard_aug_ep_bestmse.nc

Plotting PNG...
PNG saved: /gws/nopw/j04/eocis_chuk/shaerdan/models/scores/debug_outputs/uk_maps/2023-08-04_model_pB_standard_aug_ep_bestmse.png

Cleaning up per-box files in /gws/nopw/j04/eocis_chuk/shaerdan/models/scores/debug_outputs/2023-08-04_model_pB_standard_aug_ep_bestmse...
Cleanup done.

==========================================
Collect complete: /gws/nopw/j04/eocis_chuk/shaerdan/models/scores/debug_outputs/uk_maps/2023-08-04_model_pB_standard_aug_ep_bestmse.nc
End: Sun 22 Feb 15:32:38 GMT 2026
==========================================
