==========================================
Date:      2023-08-04
Box dir:   /gws/nopw/j04/eocis_chuk/shaerdan/models/scores/debug_outputs/2023-08-04_model_pB_flow
Map out:   /gws/nopw/j04/eocis_chuk/shaerdan/models/scores/debug_outputs/uk_maps/2023-08-04_model_pB_flow.nc
Model ID:  model_pB_flow
Overwrite: no
Start:     Sun 22 Feb 15:21:23 GMT 2026
==========================================
Found 46 scored box files

Running collect_scored_dataset...
reading /gws/nopw/j04/eocis_chuk/shaerdan/models/scores/debug_outputs/2023-08-04_model_pB_flow/input_000.nc
reading /gws/nopw/j04/eocis_chuk/shaerdan/models/scores/debug_outputs/2023-08-04_model_pB_flow/input_001.nc
reading /gws/nopw/j04/eocis_chuk/shaerdan/models/scores/debug_outputs/2023-08-04_model_pB_flow/input_002.nc
reading /gws/nopw/j04/eocis_chuk/shaerdan/models/scores/debug_outputs/2023-08-04_model_pB_flow/input_003.nc
reading /gws/nopw/j04/eocis_chuk/shaerdan/models/scores/debug_outputs/2023-08-04_model_pB_flow/input_004.nc
reading /gws/nopw/j04/eocis_chuk/shaerdan/models/scores/debug_outputs/2023-08-04_model_pB_flow/input_005.nc
reading /gws/nopw/j04/eocis_chuk/shaerdan/models/scores/debug_outputs/2023-08-04_model_pB_flow/input_006.nc
reading /gws/nopw/j04/eocis_chuk/shaerdan/models/scores/debug_outputs/2023-08-04_model_pB_flow/input_007.nc
reading /gws/nopw/j04/eocis_chuk/shaerdan/models/scores/debug_outputs/2023-08-04_model_pB_flow/input_008.nc
reading /gws/nopw/j04/eocis_chuk/shaerdan/models/scores/debug_outputs/2023-08-04_model_pB_flow/input_009.nc
reading /gws/nopw/j04/eocis_chuk/shaerdan/models/scores/debug_outputs/2023-08-04_model_pB_flow/input_010.nc
reading /gws/nopw/j04/eocis_chuk/shaerdan/models/scores/debug_outputs/2023-08-04_model_pB_flow/input_011.nc
reading /gws/nopw/j04/eocis_chuk/shaerdan/models/scores/debug_outputs/2023-08-04_model_pB_flow/input_012.nc
reading /gws/nopw/j04/eocis_chuk/shaerdan/models/scores/debug_outputs/2023-08-04_model_pB_flow/input_013.nc
reading /gws/nopw/j04/eocis_chuk/shaerdan/models/scores/debug_outputs/2023-08-04_model_pB_flow/input_014.nc
reading /gws/nopw/j04/eocis_chuk/shaerdan/models/scores/debug_outputs/2023-08-04_model_pB_flow/input_015.nc
reading /gws/nopw/j04/eocis_chuk/shaerdan/models/scores/debug_outputs/2023-08-04_model_pB_flow/input_016.nc
reading /gws/nopw/j04/eocis_chuk/shaerdan/models/scores/debug_outputs/2023-08-04_model_pB_flow/input_017.nc
reading /gws/nopw/j04/eocis_chuk/shaerdan/models/scores/debug_outputs/2023-08-04_model_pB_flow/input_018.nc
reading /gws/nopw/j04/eocis_chuk/shaerdan/models/scores/debug_outputs/2023-08-04_model_pB_flow/input_019.nc
reading /gws/nopw/j04/eocis_chuk/shaerdan/models/scores/debug_outputs/2023-08-04_model_pB_flow/input_020.nc
reading /gws/nopw/j04/eocis_chuk/shaerdan/models/scores/debug_outputs/2023-08-04_model_pB_flow/input_021.nc
reading /gws/nopw/j04/eocis_chuk/shaerdan/models/scores/debug_outputs/2023-08-04_model_pB_flow/input_022.nc
reading /gws/nopw/j04/eocis_chuk/shaerdan/models/scores/debug_outputs/2023-08-04_model_pB_flow/input_023.nc
reading /gws/nopw/j04/eocis_chuk/shaerdan/models/scores/debug_outputs/2023-08-04_model_pB_flow/input_024.nc
reading /gws/nopw/j04/eocis_chuk/shaerdan/models/scores/debug_outputs/2023-08-04_model_pB_flow/input_025.nc
reading /gws/nopw/j04/eocis_chuk/shaerdan/models/scores/debug_outputs/2023-08-04_model_pB_flow/input_026.nc
reading /gws/nopw/j04/eocis_chuk/shaerdan/models/scores/debug_outputs/2023-08-04_model_pB_flow/input_027.nc
reading /gws/nopw/j04/eocis_chuk/shaerdan/models/scores/debug_outputs/2023-08-04_model_pB_flow/input_028.nc
reading /gws/nopw/j04/eocis_chuk/shaerdan/models/scores/debug_outputs/2023-08-04_model_pB_flow/input_029.nc
reading /gws/nopw/j04/eocis_chuk/shaerdan/models/scores/debug_outputs/2023-08-04_model_pB_flow/input_030.nc
reading /gws/nopw/j04/eocis_chuk/shaerdan/models/scores/debug_outputs/2023-08-04_model_pB_flow/input_031.nc
reading /gws/nopw/j04/eocis_chuk/shaerdan/models/scores/debug_outputs/2023-08-04_model_pB_flow/input_032.nc
reading /gws/nopw/j04/eocis_chuk/shaerdan/models/scores/debug_outputs/2023-08-04_model_pB_flow/input_033.nc
reading /gws/nopw/j04/eocis_chuk/shaerdan/models/scores/debug_outputs/2023-08-04_model_pB_flow/input_034.nc
reading /gws/nopw/j04/eocis_chuk/shaerdan/models/scores/debug_outputs/2023-08-04_model_pB_flow/input_035.nc
reading /gws/nopw/j04/eocis_chuk/shaerdan/models/scores/debug_outputs/2023-08-04_model_pB_flow/input_036.nc
reading /gws/nopw/j04/eocis_chuk/shaerdan/models/scores/debug_outputs/2023-08-04_model_pB_flow/input_037.nc
reading /gws/nopw/j04/eocis_chuk/shaerdan/models/scores/debug_outputs/2023-08-04_model_pB_flow/input_038.nc
reading /gws/nopw/j04/eocis_chuk/shaerdan/models/scores/debug_outputs/2023-08-04_model_pB_flow/input_039.nc
reading /gws/nopw/j04/eocis_chuk/shaerdan/models/scores/debug_outputs/2023-08-04_model_pB_flow/input_040.nc
reading /gws/nopw/j04/eocis_chuk/shaerdan/models/scores/debug_outputs/2023-08-04_model_pB_flow/input_041.nc
reading /gws/nopw/j04/eocis_chuk/shaerdan/models/scores/debug_outputs/2023-08-04_model_pB_flow/input_042.nc
reading /gws/nopw/j04/eocis_chuk/shaerdan/models/scores/debug_outputs/2023-08-04_model_pB_flow/input_043.nc
reading /gws/nopw/j04/eocis_chuk/shaerdan/models/scores/debug_outputs/2023-08-04_model_pB_flow/input_044.nc
reading /gws/nopw/j04/eocis_chuk/shaerdan/models/scores/debug_outputs/2023-08-04_model_pB_flow/input_045.nc
/gws/nopw/j04/eocis_chuk/shaerdan/models/scores/debug_outputs/uk_maps/2023-08-04_model_pB_flow.nc
UK map saved: /gws/nopw/j04/eocis_chuk/shaerdan/models/scores/debug_outputs/uk_maps/2023-08-04_model_pB_flow.nc

Plotting PNG...
PNG saved: /gws/nopw/j04/eocis_chuk/shaerdan/models/scores/debug_outputs/uk_maps/2023-08-04_model_pB_flow.png

Cleaning up per-box files in /gws/nopw/j04/eocis_chuk/shaerdan/models/scores/debug_outputs/2023-08-04_model_pB_flow...
Cleanup done.

==========================================
Collect complete: /gws/nopw/j04/eocis_chuk/shaerdan/models/scores/debug_outputs/uk_maps/2023-08-04_model_pB_flow.nc
End: Sun 22 Feb 15:28:13 GMT 2026
==========================================
