==========================================
Job ID: 65354614
Node: gpuhost015
Start time: Thu  5 Feb 17:47:58 GMT 2026
Working dir: /home/users/shaerdan/cae_tools_pB
CONTINUE_MODEL: model_pB_fK9CtFFc/checkpoint_epoch_2500
==========================================
Thu Feb  5 17:47:58 2026       
+-----------------------------------------------------------------------------------------+
| NVIDIA-SMI 590.48.01              Driver Version: 590.48.01      CUDA Version: 13.1     |
+-----------------------------------------+------------------------+----------------------+
| GPU  Name                 Persistence-M | Bus-Id          Disp.A | Volatile Uncorr. ECC |
| Fan  Temp   Perf          Pwr:Usage/Cap |           Memory-Usage | GPU-Util  Compute M. |
|                                         |                        |               MIG M. |
|=========================================+========================+======================|
|   0  NVIDIA A100-SXM4-40GB          On  |   00000000:47:00.0 Off |                    0 |
| N/A   30C    P0             56W /  400W |       0MiB /  40960MiB |      0%      Default |
|                                         |                        |             Disabled |
+-----------------------------------------+------------------------+----------------------+

+-----------------------------------------------------------------------------------------+
| Processes:                                                                              |
|  GPU   GI   CI              PID   Type   Process name                        GPU Memory |
|        ID   ID                                                               Usage      |
|=========================================================================================|
|  No running processes found                                                             |
+-----------------------------------------------------------------------------------------+
==========================================
CONTINUING training from: /gws/nopw/j04/eocis_chuk/shaerdan/models/model_pB_fK9CtFFc/checkpoint_epoch_2500
Additional epochs: 3500
Checkpoint interval: 500
==========================================
Loading preprocessed data...
Loading preprocessed data from /gws/nopw/j04/eocis_chuk/shaerdan/preprocessed_v8/train_v8.pt...
Loaded 103577 samples
Input shape: torch.Size([103577, 12, 100, 100])
Output shape: torch.Size([103577, 1, 100, 100])
Loading preprocessed data from /gws/nopw/j04/eocis_chuk/shaerdan/preprocessed_v8/test_v8.pt...
Loaded 9001 samples
Input shape: torch.Size([9001, 12, 100, 100])
Output shape: torch.Size([9001, 1, 100, 100])
Training cases: 103577, Test cases: 9001
Input shape: (12, 100, 100), Output shape: (1, 100, 100)
Running on device: cuda
epoch: 0, train_mse: 0.000840, train_pearson_loss: 0.3175, test_mse: 0.001832, test_pearson_loss: 0.3543
learn rate: 0.001000
epoch: 10, train_mse: 0.001429, train_pearson_loss: 0.3058, test_mse: 0.002318, test_pearson_loss: 0.3546
learn rate: 0.001000
epoch: 20, train_mse: 0.001569, train_pearson_loss: 0.2968, test_mse: 0.002295, test_pearson_loss: 0.3545
learn rate: 0.001000
epoch: 30, train_mse: 0.001652, train_pearson_loss: 0.2903, test_mse: 0.002413, test_pearson_loss: 0.3527
learn rate: 0.001000
epoch: 40, train_mse: 0.001729, train_pearson_loss: 0.2833, test_mse: 0.002375, test_pearson_loss: 0.3540
learn rate: 0.001000
epoch: 50, train_mse: 0.001778, train_pearson_loss: 0.2771, test_mse: 0.002328, test_pearson_loss: 0.3538
learn rate: 0.001000
epoch: 60, train_mse: 0.001826, train_pearson_loss: 0.2717, test_mse: 0.002435, test_pearson_loss: 0.3543
learn rate: 0.001000
epoch: 70, train_mse: 0.001855, train_pearson_loss: 0.2665, test_mse: 0.002444, test_pearson_loss: 0.3533
learn rate: 0.001000
epoch: 80, train_mse: 0.001881, train_pearson_loss: 0.2618, test_mse: 0.002405, test_pearson_loss: 0.3544
learn rate: 0.001000
epoch: 90, train_mse: 0.001912, train_pearson_loss: 0.2571, test_mse: 0.002484, test_pearson_loss: 0.3543
learn rate: 0.001000
epoch: 100, train_mse: 0.001930, train_pearson_loss: 0.2529, test_mse: 0.002429, test_pearson_loss: 0.3531
learn rate: 0.001000
epoch: 110, train_mse: 0.001954, train_pearson_loss: 0.2487, test_mse: 0.002463, test_pearson_loss: 0.3544
learn rate: 0.001000
epoch: 120, train_mse: 0.001975, train_pearson_loss: 0.2447, test_mse: 0.002508, test_pearson_loss: 0.3560
learn rate: 0.001000
epoch: 130, train_mse: 0.001981, train_pearson_loss: 0.2410, test_mse: 0.002532, test_pearson_loss: 0.3546
learn rate: 0.001000
epoch: 140, train_mse: 0.002001, train_pearson_loss: 0.2371, test_mse: 0.002567, test_pearson_loss: 0.3561
learn rate: 0.001000
epoch: 150, train_mse: 0.002014, train_pearson_loss: 0.2336, test_mse: 0.002485, test_pearson_loss: 0.3546
learn rate: 0.001000
epoch: 160, train_mse: 0.002031, train_pearson_loss: 0.2304, test_mse: 0.002578, test_pearson_loss: 0.3565
learn rate: 0.001000
epoch: 170, train_mse: 0.002040, train_pearson_loss: 0.2271, test_mse: 0.002496, test_pearson_loss: 0.3554
learn rate: 0.001000
epoch: 180, train_mse: 0.002047, train_pearson_loss: 0.2244, test_mse: 0.002659, test_pearson_loss: 0.3566
learn rate: 0.001000
epoch: 190, train_mse: 0.002051, train_pearson_loss: 0.2220, test_mse: 0.002589, test_pearson_loss: 0.3561
learn rate: 0.001000
epoch: 200, train_mse: 0.002050, train_pearson_loss: 0.2194, test_mse: 0.002572, test_pearson_loss: 0.3549
learn rate: 0.001000
epoch: 210, train_mse: 0.002057, train_pearson_loss: 0.2172, test_mse: 0.002599, test_pearson_loss: 0.3550
learn rate: 0.001000
epoch: 220, train_mse: 0.002068, train_pearson_loss: 0.2152, test_mse: 0.002633, test_pearson_loss: 0.3559
learn rate: 0.001000
epoch: 230, train_mse: 0.002066, train_pearson_loss: 0.2130, test_mse: 0.002596, test_pearson_loss: 0.3552
learn rate: 0.001000
epoch: 240, train_mse: 0.002070, train_pearson_loss: 0.2115, test_mse: 0.002590, test_pearson_loss: 0.3552
learn rate: 0.001000
epoch: 250, train_mse: 0.002068, train_pearson_loss: 0.2093, test_mse: 0.002606, test_pearson_loss: 0.3552
learn rate: 0.001000
epoch: 260, train_mse: 0.002079, train_pearson_loss: 0.2081, test_mse: 0.002587, test_pearson_loss: 0.3558
learn rate: 0.001000
epoch: 270, train_mse: 0.002077, train_pearson_loss: 0.2062, test_mse: 0.002568, test_pearson_loss: 0.3543
learn rate: 0.001000
epoch: 280, train_mse: 0.002083, train_pearson_loss: 0.2053, test_mse: 0.002638, test_pearson_loss: 0.3556
learn rate: 0.001000
epoch: 290, train_mse: 0.002082, train_pearson_loss: 0.2034, test_mse: 0.002576, test_pearson_loss: 0.3583
learn rate: 0.001000
epoch: 300, train_mse: 0.002083, train_pearson_loss: 0.2023, test_mse: 0.002677, test_pearson_loss: 0.3543
learn rate: 0.001000
epoch: 310, train_mse: 0.002070, train_pearson_loss: 0.2007, test_mse: 0.002534, test_pearson_loss: 0.3562
learn rate: 0.001000
epoch: 320, train_mse: 0.002066, train_pearson_loss: 0.1996, test_mse: 0.002609, test_pearson_loss: 0.3571
learn rate: 0.001000
epoch: 330, train_mse: 0.002067, train_pearson_loss: 0.1985, test_mse: 0.002535, test_pearson_loss: 0.3578
learn rate: 0.001000
epoch: 340, train_mse: 0.002076, train_pearson_loss: 0.1981, test_mse: 0.002550, test_pearson_loss: 0.3566
learn rate: 0.001000
epoch: 350, train_mse: 0.002073, train_pearson_loss: 0.1965, test_mse: 0.002637, test_pearson_loss: 0.3578
learn rate: 0.001000
epoch: 360, train_mse: 0.002074, train_pearson_loss: 0.1958, test_mse: 0.002536, test_pearson_loss: 0.3560
learn rate: 0.001000
epoch: 370, train_mse: 0.002072, train_pearson_loss: 0.1943, test_mse: 0.002641, test_pearson_loss: 0.3579
learn rate: 0.001000
epoch: 380, train_mse: 0.002073, train_pearson_loss: 0.1934, test_mse: 0.002512, test_pearson_loss: 0.3569
learn rate: 0.001000
epoch: 390, train_mse: 0.002075, train_pearson_loss: 0.1926, test_mse: 0.002561, test_pearson_loss: 0.3583
learn rate: 0.001000
epoch: 400, train_mse: 0.002067, train_pearson_loss: 0.1916, test_mse: 0.002551, test_pearson_loss: 0.3576
learn rate: 0.001000
epoch: 410, train_mse: 0.002066, train_pearson_loss: 0.1911, test_mse: 0.002528, test_pearson_loss: 0.3560
learn rate: 0.001000
epoch: 420, train_mse: 0.002067, train_pearson_loss: 0.1902, test_mse: 0.002601, test_pearson_loss: 0.3567
learn rate: 0.001000
epoch: 430, train_mse: 0.002062, train_pearson_loss: 0.1893, test_mse: 0.002595, test_pearson_loss: 0.3560
learn rate: 0.001000
epoch: 440, train_mse: 0.002068, train_pearson_loss: 0.1887, test_mse: 0.002582, test_pearson_loss: 0.3577
learn rate: 0.001000
epoch: 450, train_mse: 0.002076, train_pearson_loss: 0.1884, test_mse: 0.002464, test_pearson_loss: 0.3585
learn rate: 0.001000
epoch: 460, train_mse: 0.002071, train_pearson_loss: 0.1873, test_mse: 0.002528, test_pearson_loss: 0.3578
learn rate: 0.001000
epoch: 470, train_mse: 0.002070, train_pearson_loss: 0.1866, test_mse: 0.002539, test_pearson_loss: 0.3563
learn rate: 0.001000
epoch: 480, train_mse: 0.002070, train_pearson_loss: 0.1857, test_mse: 0.002577, test_pearson_loss: 0.3572
learn rate: 0.001000
epoch: 490, train_mse: 0.002068, train_pearson_loss: 0.1852, test_mse: 0.002532, test_pearson_loss: 0.3567
learn rate: 0.001000
Saving checkpoint to /gws/nopw/j04/eocis_chuk/shaerdan/models/model_pB_fK9CtFFc/checkpoint_epoch_2500/checkpoint_epoch_3000...
epoch: 500, train_mse: 0.002075, train_pearson_loss: 0.1848, test_mse: 0.002605, test_pearson_loss: 0.3572
learn rate: 0.001000
epoch: 510, train_mse: 0.002077, train_pearson_loss: 0.1842, test_mse: 0.002533, test_pearson_loss: 0.3568
learn rate: 0.001000
epoch: 520, train_mse: 0.002070, train_pearson_loss: 0.1835, test_mse: 0.002540, test_pearson_loss: 0.3569
learn rate: 0.001000
epoch: 530, train_mse: 0.002074, train_pearson_loss: 0.1830, test_mse: 0.002497, test_pearson_loss: 0.3560
learn rate: 0.001000
epoch: 540, train_mse: 0.002082, train_pearson_loss: 0.1825, test_mse: 0.002600, test_pearson_loss: 0.3568
learn rate: 0.001000
epoch: 550, train_mse: 0.002076, train_pearson_loss: 0.1819, test_mse: 0.002493, test_pearson_loss: 0.3563
learn rate: 0.001000
epoch: 560, train_mse: 0.002078, train_pearson_loss: 0.1815, test_mse: 0.002646, test_pearson_loss: 0.3568
learn rate: 0.001000
epoch: 570, train_mse: 0.002077, train_pearson_loss: 0.1809, test_mse: 0.002564, test_pearson_loss: 0.3568
learn rate: 0.001000
epoch: 580, train_mse: 0.002076, train_pearson_loss: 0.1804, test_mse: 0.002639, test_pearson_loss: 0.3570
learn rate: 0.001000
epoch: 590, train_mse: 0.002085, train_pearson_loss: 0.1800, test_mse: 0.002642, test_pearson_loss: 0.3573
learn rate: 0.001000
epoch: 600, train_mse: 0.002084, train_pearson_loss: 0.1794, test_mse: 0.002578, test_pearson_loss: 0.3585
learn rate: 0.001000
epoch: 610, train_mse: 0.002080, train_pearson_loss: 0.1791, test_mse: 0.002550, test_pearson_loss: 0.3566
learn rate: 0.001000
epoch: 620, train_mse: 0.002082, train_pearson_loss: 0.1785, test_mse: 0.002608, test_pearson_loss: 0.3581
learn rate: 0.001000
epoch: 630, train_mse: 0.002086, train_pearson_loss: 0.1782, test_mse: 0.002630, test_pearson_loss: 0.3572
learn rate: 0.001000
epoch: 640, train_mse: 0.002086, train_pearson_loss: 0.1777, test_mse: 0.002794, test_pearson_loss: 0.3584
learn rate: 0.001000
epoch: 650, train_mse: 0.002084, train_pearson_loss: 0.1774, test_mse: 0.002713, test_pearson_loss: 0.3589
learn rate: 0.001000
epoch: 660, train_mse: 0.002087, train_pearson_loss: 0.1770, test_mse: 0.002705, test_pearson_loss: 0.3555
learn rate: 0.001000
epoch: 670, train_mse: 0.002088, train_pearson_loss: 0.1768, test_mse: 0.002619, test_pearson_loss: 0.3577
learn rate: 0.001000
epoch: 680, train_mse: 0.002092, train_pearson_loss: 0.1763, test_mse: 0.002573, test_pearson_loss: 0.3567
learn rate: 0.001000
epoch: 690, train_mse: 0.002089, train_pearson_loss: 0.1762, test_mse: 0.002709, test_pearson_loss: 0.3592
learn rate: 0.001000
epoch: 700, train_mse: 0.002089, train_pearson_loss: 0.1757, test_mse: 0.002609, test_pearson_loss: 0.3561
learn rate: 0.001000
epoch: 710, train_mse: 0.002086, train_pearson_loss: 0.1752, test_mse: 0.002768, test_pearson_loss: 0.3572
learn rate: 0.001000
epoch: 720, train_mse: 0.002085, train_pearson_loss: 0.1749, test_mse: 0.002539, test_pearson_loss: 0.3579
learn rate: 0.001000
epoch: 730, train_mse: 0.002090, train_pearson_loss: 0.1745, test_mse: 0.002689, test_pearson_loss: 0.3571
learn rate: 0.001000
epoch: 740, train_mse: 0.002086, train_pearson_loss: 0.1743, test_mse: 0.002597, test_pearson_loss: 0.3588
learn rate: 0.001000
epoch: 750, train_mse: 0.002088, train_pearson_loss: 0.1738, test_mse: 0.002621, test_pearson_loss: 0.3585
learn rate: 0.001000
epoch: 760, train_mse: 0.002090, train_pearson_loss: 0.1738, test_mse: 0.002614, test_pearson_loss: 0.3566
learn rate: 0.001000
epoch: 770, train_mse: 0.002089, train_pearson_loss: 0.1736, test_mse: 0.002667, test_pearson_loss: 0.3578
learn rate: 0.001000
epoch: 780, train_mse: 0.002091, train_pearson_loss: 0.1730, test_mse: 0.002672, test_pearson_loss: 0.3574
learn rate: 0.001000
epoch: 790, train_mse: 0.002086, train_pearson_loss: 0.1727, test_mse: 0.002663, test_pearson_loss: 0.3586
learn rate: 0.001000
epoch: 800, train_mse: 0.002092, train_pearson_loss: 0.1725, test_mse: 0.002649, test_pearson_loss: 0.3568
learn rate: 0.001000
epoch: 810, train_mse: 0.002091, train_pearson_loss: 0.1720, test_mse: 0.002667, test_pearson_loss: 0.3567
learn rate: 0.001000
epoch: 820, train_mse: 0.002090, train_pearson_loss: 0.1718, test_mse: 0.002602, test_pearson_loss: 0.3577
learn rate: 0.001000
epoch: 830, train_mse: 0.002090, train_pearson_loss: 0.1718, test_mse: 0.002766, test_pearson_loss: 0.3568
learn rate: 0.001000
epoch: 840, train_mse: 0.002091, train_pearson_loss: 0.1713, test_mse: 0.002685, test_pearson_loss: 0.3557
learn rate: 0.001000
