==========================================
Job ID: 64527940
Node: gpuhost009
Start time: Mon  2 Feb 00:50:40 GMT 2026
Working dir: /home/users/shaerdan/cae_tools_pB
==========================================
Mon Feb  2 00:50:40 2026       
+-----------------------------------------------------------------------------------------+
| NVIDIA-SMI 590.48.01              Driver Version: 590.48.01      CUDA Version: 13.1     |
+-----------------------------------------+------------------------+----------------------+
| GPU  Name                 Persistence-M | Bus-Id          Disp.A | Volatile Uncorr. ECC |
| Fan  Temp   Perf          Pwr:Usage/Cap |           Memory-Usage | GPU-Util  Compute M. |
|                                         |                        |               MIG M. |
|=========================================+========================+======================|
|   0  NVIDIA A100-SXM4-40GB          On  |   00000000:01:00.0 Off |                    0 |
| N/A   31C    P0             53W /  400W |       0MiB /  40960MiB |      0%      Default |
|                                         |                        |             Disabled |
+-----------------------------------------+------------------------+----------------------+

+-----------------------------------------------------------------------------------------+
| Processes:                                                                              |
|  GPU   GI   CI              PID   Type   Process name                        GPU Memory |
|        ID   ID                                                               Usage      |
|=========================================================================================|
|  No running processes found                                                             |
+-----------------------------------------------------------------------------------------+
Output Hash: jfYOzyl9
Model will be saved to: /gws/nopw/j04/eocis_chuk/shaerdan/models/model_pB_jfYOzyl9
Loading preprocessed data...
Loading preprocessed data from /gws/nopw/j04/eocis_chuk/shaerdan/preprocessed_v8/train_v8.pt...
Loaded 103577 samples
Input shape: torch.Size([103577, 12, 100, 100])
Output shape: torch.Size([103577, 1, 100, 100])
Loading preprocessed data from /gws/nopw/j04/eocis_chuk/shaerdan/preprocessed_v8/test_v8.pt...
Loaded 9001 samples
Input shape: torch.Size([9001, 12, 100, 100])
Output shape: torch.Size([9001, 1, 100, 100])
Training cases: 103577, Test cases: 9001
Input shape: (12, 100, 100), Output shape: (1, 100, 100)
Running on device: cuda
epoch: 0, train_mse: 0.014459, train_pearson_loss: 0.9453, test_mse: 0.012355, test_pearson_loss: 0.8740
learn rate: 0.001000
epoch: 10, train_mse: 0.000674, train_pearson_loss: 0.5007, test_mse: 0.009365, test_pearson_loss: 0.4491
learn rate: 0.001000
epoch: 20, train_mse: 0.000544, train_pearson_loss: 0.4353, test_mse: 0.010049, test_pearson_loss: 0.4234
learn rate: 0.001000
epoch: 30, train_mse: 0.000483, train_pearson_loss: 0.4099, test_mse: 0.008574, test_pearson_loss: 0.4054
learn rate: 0.001000
epoch: 40, train_mse: 0.000451, train_pearson_loss: 0.3991, test_mse: 0.009342, test_pearson_loss: 0.4002
learn rate: 0.001000
epoch: 50, train_mse: 0.000415, train_pearson_loss: 0.3912, test_mse: 0.009944, test_pearson_loss: 0.3972
learn rate: 0.001000
epoch: 60, train_mse: 0.000381, train_pearson_loss: 0.3863, test_mse: 0.009208, test_pearson_loss: 0.3968
learn rate: 0.001000
epoch: 70, train_mse: 0.000363, train_pearson_loss: 0.3830, test_mse: 0.008079, test_pearson_loss: 0.3919
learn rate: 0.001000
epoch: 80, train_mse: 0.000353, train_pearson_loss: 0.3802, test_mse: 0.008132, test_pearson_loss: 0.3931
learn rate: 0.001000
epoch: 90, train_mse: 0.000335, train_pearson_loss: 0.3775, test_mse: 0.008428, test_pearson_loss: 0.3907
learn rate: 0.001000
epoch: 100, train_mse: 0.000483, train_pearson_loss: 0.4165, test_mse: 0.008528, test_pearson_loss: 0.4313
learn rate: 0.001000
epoch: 110, train_mse: 0.000328, train_pearson_loss: 0.3767, test_mse: 0.008406, test_pearson_loss: 0.3881
learn rate: 0.001000
epoch: 120, train_mse: 0.000317, train_pearson_loss: 0.3731, test_mse: 0.008701, test_pearson_loss: 0.3873
learn rate: 0.001000
epoch: 130, train_mse: 0.000308, train_pearson_loss: 0.3706, test_mse: 0.007888, test_pearson_loss: 0.3861
learn rate: 0.001000
epoch: 140, train_mse: 0.000306, train_pearson_loss: 0.3697, test_mse: 0.008630, test_pearson_loss: 0.3900
learn rate: 0.001000
epoch: 150, train_mse: 0.000299, train_pearson_loss: 0.3680, test_mse: 0.008400, test_pearson_loss: 0.3854
learn rate: 0.001000
epoch: 160, train_mse: 0.000297, train_pearson_loss: 0.3670, test_mse: 0.009058, test_pearson_loss: 0.3869
learn rate: 0.001000
epoch: 170, train_mse: 0.000306, train_pearson_loss: 0.3703, test_mse: 0.008634, test_pearson_loss: 0.3878
learn rate: 0.001000
epoch: 180, train_mse: 0.000284, train_pearson_loss: 0.3636, test_mse: 0.008101, test_pearson_loss: 0.3861
learn rate: 0.001000
epoch: 190, train_mse: 0.000287, train_pearson_loss: 0.3626, test_mse: 0.007909, test_pearson_loss: 0.3854
learn rate: 0.001000
epoch: 200, train_mse: 0.000282, train_pearson_loss: 0.3620, test_mse: 0.007783, test_pearson_loss: 0.3867
learn rate: 0.001000
epoch: 210, train_mse: 0.000280, train_pearson_loss: 0.3608, test_mse: 0.008266, test_pearson_loss: 0.3864
learn rate: 0.001000
epoch: 220, train_mse: 0.000280, train_pearson_loss: 0.3598, test_mse: 0.007896, test_pearson_loss: 0.3836
learn rate: 0.001000
epoch: 230, train_mse: 0.000436, train_pearson_loss: 0.4062, test_mse: 0.007653, test_pearson_loss: 0.4017
learn rate: 0.001000
epoch: 240, train_mse: 0.000314, train_pearson_loss: 0.3707, test_mse: 0.008030, test_pearson_loss: 0.3878
learn rate: 0.001000
epoch: 250, train_mse: 0.000293, train_pearson_loss: 0.3649, test_mse: 0.007995, test_pearson_loss: 0.3850
learn rate: 0.001000
epoch: 260, train_mse: 0.000328, train_pearson_loss: 0.3815, test_mse: 0.008226, test_pearson_loss: 0.3929
learn rate: 0.001000
epoch: 270, train_mse: 0.000284, train_pearson_loss: 0.3623, test_mse: 0.008195, test_pearson_loss: 0.3812
learn rate: 0.001000
epoch: 280, train_mse: 0.000333, train_pearson_loss: 0.3912, test_mse: 0.008154, test_pearson_loss: 0.4007
learn rate: 0.001000
epoch: 290, train_mse: 0.000292, train_pearson_loss: 0.3711, test_mse: 0.007854, test_pearson_loss: 0.3876
learn rate: 0.001000
epoch: 300, train_mse: 0.000287, train_pearson_loss: 0.3642, test_mse: 0.008206, test_pearson_loss: 0.3834
learn rate: 0.001000
epoch: 310, train_mse: 0.000280, train_pearson_loss: 0.3615, test_mse: 0.008098, test_pearson_loss: 0.3828
learn rate: 0.001000
epoch: 320, train_mse: 0.000275, train_pearson_loss: 0.3582, test_mse: 0.008641, test_pearson_loss: 0.3832
learn rate: 0.001000
epoch: 330, train_mse: 0.000270, train_pearson_loss: 0.3563, test_mse: 0.008139, test_pearson_loss: 0.3833
learn rate: 0.001000
epoch: 340, train_mse: 0.000263, train_pearson_loss: 0.3549, test_mse: 0.007739, test_pearson_loss: 0.3809
learn rate: 0.001000
epoch: 350, train_mse: 0.000268, train_pearson_loss: 0.3560, test_mse: 0.008076, test_pearson_loss: 0.3831
learn rate: 0.001000
epoch: 360, train_mse: 0.000319, train_pearson_loss: 0.3808, test_mse: 0.008381, test_pearson_loss: 0.3891
learn rate: 0.001000
epoch: 370, train_mse: 0.000262, train_pearson_loss: 0.3560, test_mse: 0.008276, test_pearson_loss: 0.3760
learn rate: 0.001000
epoch: 380, train_mse: 0.000297, train_pearson_loss: 0.3667, test_mse: 0.008298, test_pearson_loss: 0.3843
learn rate: 0.001000
epoch: 390, train_mse: 0.000264, train_pearson_loss: 0.3537, test_mse: 0.008119, test_pearson_loss: 0.3795
learn rate: 0.001000
epoch: 400, train_mse: 0.000262, train_pearson_loss: 0.3518, test_mse: 0.008277, test_pearson_loss: 0.3796
learn rate: 0.001000
epoch: 410, train_mse: 0.000257, train_pearson_loss: 0.3512, test_mse: 0.007823, test_pearson_loss: 0.3791
learn rate: 0.001000
epoch: 420, train_mse: 0.000258, train_pearson_loss: 0.3510, test_mse: 0.008244, test_pearson_loss: 0.3794
learn rate: 0.001000
epoch: 430, train_mse: 0.000259, train_pearson_loss: 0.3502, test_mse: 0.008373, test_pearson_loss: 0.3792
learn rate: 0.001000
epoch: 440, train_mse: 0.000256, train_pearson_loss: 0.3502, test_mse: 0.008247, test_pearson_loss: 0.3765
learn rate: 0.001000
epoch: 450, train_mse: 0.000291, train_pearson_loss: 0.3613, test_mse: 0.008342, test_pearson_loss: 0.3810
learn rate: 0.001000
epoch: 460, train_mse: 0.000255, train_pearson_loss: 0.3495, test_mse: 0.008088, test_pearson_loss: 0.3792
learn rate: 0.001000
epoch: 470, train_mse: 0.000258, train_pearson_loss: 0.3498, test_mse: 0.008241, test_pearson_loss: 0.3759
learn rate: 0.001000
epoch: 480, train_mse: 0.000250, train_pearson_loss: 0.3473, test_mse: 0.008157, test_pearson_loss: 0.3778
learn rate: 0.001000
epoch: 490, train_mse: 0.000249, train_pearson_loss: 0.3468, test_mse: 0.008128, test_pearson_loss: 0.3742
learn rate: 0.001000
epoch: 500, train_mse: 0.000252, train_pearson_loss: 0.3468, test_mse: 0.008532, test_pearson_loss: 0.3769
learn rate: 0.001000
epoch: 510, train_mse: 0.000249, train_pearson_loss: 0.3463, test_mse: 0.007845, test_pearson_loss: 0.3803
learn rate: 0.001000
epoch: 520, train_mse: 0.000261, train_pearson_loss: 0.3512, test_mse: 0.008381, test_pearson_loss: 0.3768
learn rate: 0.001000
epoch: 530, train_mse: 0.000271, train_pearson_loss: 0.3553, test_mse: 0.008380, test_pearson_loss: 0.3866
learn rate: 0.001000
epoch: 540, train_mse: 0.000249, train_pearson_loss: 0.3464, test_mse: 0.008212, test_pearson_loss: 0.3767
learn rate: 0.001000
epoch: 550, train_mse: 0.000339, train_pearson_loss: 0.3781, test_mse: 0.008273, test_pearson_loss: 0.3908
learn rate: 0.001000
epoch: 560, train_mse: 0.000255, train_pearson_loss: 0.3486, test_mse: 0.008003, test_pearson_loss: 0.3755
learn rate: 0.001000
epoch: 570, train_mse: 0.000248, train_pearson_loss: 0.3450, test_mse: 0.008470, test_pearson_loss: 0.3744
learn rate: 0.001000
epoch: 580, train_mse: 0.000248, train_pearson_loss: 0.3461, test_mse: 0.008172, test_pearson_loss: 0.3755
learn rate: 0.001000
epoch: 590, train_mse: 0.000261, train_pearson_loss: 0.3489, test_mse: 0.008192, test_pearson_loss: 0.3742
learn rate: 0.001000
epoch: 600, train_mse: 0.000250, train_pearson_loss: 0.3461, test_mse: 0.008180, test_pearson_loss: 0.3780
learn rate: 0.001000
epoch: 610, train_mse: 0.000247, train_pearson_loss: 0.3443, test_mse: 0.008088, test_pearson_loss: 0.3783
learn rate: 0.001000
epoch: 620, train_mse: 0.000246, train_pearson_loss: 0.3432, test_mse: 0.008706, test_pearson_loss: 0.3775
learn rate: 0.001000
epoch: 630, train_mse: 0.000245, train_pearson_loss: 0.3410, test_mse: 0.008006, test_pearson_loss: 0.3787
learn rate: 0.001000
epoch: 640, train_mse: 0.000245, train_pearson_loss: 0.3407, test_mse: 0.008141, test_pearson_loss: 0.3744
learn rate: 0.001000
epoch: 650, train_mse: 0.000245, train_pearson_loss: 0.3401, test_mse: 0.008337, test_pearson_loss: 0.3768
learn rate: 0.001000
epoch: 660, train_mse: 0.000244, train_pearson_loss: 0.3384, test_mse: 0.007758, test_pearson_loss: 0.3766
learn rate: 0.001000
epoch: 670, train_mse: 0.000243, train_pearson_loss: 0.3375, test_mse: 0.008255, test_pearson_loss: 0.3784
learn rate: 0.001000
epoch: 680, train_mse: 0.000244, train_pearson_loss: 0.3359, test_mse: 0.008355, test_pearson_loss: 0.3780
learn rate: 0.001000
epoch: 690, train_mse: 0.000241, train_pearson_loss: 0.3338, test_mse: 0.007757, test_pearson_loss: 0.3769
learn rate: 0.001000
epoch: 700, train_mse: 0.000243, train_pearson_loss: 0.3337, test_mse: 0.007790, test_pearson_loss: 0.3796
learn rate: 0.001000
epoch: 710, train_mse: 0.000353, train_pearson_loss: 0.3774, test_mse: 0.008940, test_pearson_loss: 0.3917
learn rate: 0.001000
epoch: 720, train_mse: 0.000241, train_pearson_loss: 0.3314, test_mse: 0.008422, test_pearson_loss: 0.3839
learn rate: 0.001000
epoch: 730, train_mse: 0.000253, train_pearson_loss: 0.3378, test_mse: 0.008361, test_pearson_loss: 0.3835
learn rate: 0.001000
epoch: 740, train_mse: 0.000234, train_pearson_loss: 0.3277, test_mse: 0.008353, test_pearson_loss: 0.3822
learn rate: 0.001000
epoch: 750, train_mse: 0.000232, train_pearson_loss: 0.3258, test_mse: 0.008033, test_pearson_loss: 0.3812
learn rate: 0.001000
epoch: 760, train_mse: 0.000232, train_pearson_loss: 0.3248, test_mse: 0.008288, test_pearson_loss: 0.3840
learn rate: 0.001000
epoch: 770, train_mse: 0.000232, train_pearson_loss: 0.3237, test_mse: 0.008142, test_pearson_loss: 0.3823
learn rate: 0.001000
epoch: 780, train_mse: 0.000234, train_pearson_loss: 0.3240, test_mse: 0.008173, test_pearson_loss: 0.3831
learn rate: 0.001000
epoch: 790, train_mse: 0.000227, train_pearson_loss: 0.3202, test_mse: 0.008273, test_pearson_loss: 0.3801
learn rate: 0.001000
epoch: 800, train_mse: 0.000225, train_pearson_loss: 0.3185, test_mse: 0.008163, test_pearson_loss: 0.3811
learn rate: 0.001000
epoch: 810, train_mse: 0.000224, train_pearson_loss: 0.3183, test_mse: 0.008286, test_pearson_loss: 0.3785
learn rate: 0.001000
epoch: 820, train_mse: 0.000225, train_pearson_loss: 0.3166, test_mse: 0.007946, test_pearson_loss: 0.3796
learn rate: 0.001000
epoch: 830, train_mse: 0.000222, train_pearson_loss: 0.3149, test_mse: 0.008467, test_pearson_loss: 0.3808
learn rate: 0.001000
epoch: 840, train_mse: 0.000223, train_pearson_loss: 0.3141, test_mse: 0.008478, test_pearson_loss: 0.3825
learn rate: 0.001000
epoch: 850, train_mse: 0.000246, train_pearson_loss: 0.3243, test_mse: 0.007992, test_pearson_loss: 0.3810
learn rate: 0.001000
epoch: 860, train_mse: 0.000220, train_pearson_loss: 0.3124, test_mse: 0.008266, test_pearson_loss: 0.3791
learn rate: 0.001000
epoch: 870, train_mse: 0.000219, train_pearson_loss: 0.3110, test_mse: 0.008629, test_pearson_loss: 0.3815
learn rate: 0.001000
epoch: 880, train_mse: 0.000219, train_pearson_loss: 0.3101, test_mse: 0.008183, test_pearson_loss: 0.3816
learn rate: 0.001000
epoch: 890, train_mse: 0.000218, train_pearson_loss: 0.3090, test_mse: 0.008471, test_pearson_loss: 0.3817
learn rate: 0.001000
epoch: 900, train_mse: 0.000217, train_pearson_loss: 0.3077, test_mse: 0.008456, test_pearson_loss: 0.3813
learn rate: 0.001000
epoch: 910, train_mse: 0.000215, train_pearson_loss: 0.3065, test_mse: 0.008308, test_pearson_loss: 0.3819
learn rate: 0.001000
epoch: 920, train_mse: 0.000248, train_pearson_loss: 0.3230, test_mse: 0.008061, test_pearson_loss: 0.3870
learn rate: 0.001000
epoch: 930, train_mse: 0.000218, train_pearson_loss: 0.3086, test_mse: 0.008208, test_pearson_loss: 0.3812
learn rate: 0.001000
epoch: 940, train_mse: 0.000214, train_pearson_loss: 0.3059, test_mse: 0.008229, test_pearson_loss: 0.3837
learn rate: 0.001000
epoch: 950, train_mse: 0.000221, train_pearson_loss: 0.3091, test_mse: 0.008609, test_pearson_loss: 0.3819
learn rate: 0.001000
epoch: 960, train_mse: 0.000215, train_pearson_loss: 0.3051, test_mse: 0.008818, test_pearson_loss: 0.3812
learn rate: 0.001000
epoch: 970, train_mse: 0.000225, train_pearson_loss: 0.3083, test_mse: 0.008481, test_pearson_loss: 0.3823
learn rate: 0.001000
epoch: 980, train_mse: 0.000321, train_pearson_loss: 0.3577, test_mse: 0.008250, test_pearson_loss: 0.3894
learn rate: 0.001000
epoch: 990, train_mse: 0.000215, train_pearson_loss: 0.3053, test_mse: 0.008314, test_pearson_loss: 0.3842
learn rate: 0.001000
epoch: 1000, train_mse: 0.000221, train_pearson_loss: 0.3067, test_mse: 0.008361, test_pearson_loss: 0.3825
learn rate: 0.001000
epoch: 1010, train_mse: 0.000222, train_pearson_loss: 0.3082, test_mse: 0.008888, test_pearson_loss: 0.3808
learn rate: 0.001000
epoch: 1020, train_mse: 0.000212, train_pearson_loss: 0.3016, test_mse: 0.008304, test_pearson_loss: 0.3794
learn rate: 0.001000
epoch: 1030, train_mse: 0.000211, train_pearson_loss: 0.3003, test_mse: 0.008550, test_pearson_loss: 0.3814
learn rate: 0.001000
epoch: 1040, train_mse: 0.000210, train_pearson_loss: 0.2990, test_mse: 0.008786, test_pearson_loss: 0.3815
learn rate: 0.001000
epoch: 1050, train_mse: 0.000209, train_pearson_loss: 0.2982, test_mse: 0.008389, test_pearson_loss: 0.3795
learn rate: 0.001000
epoch: 1060, train_mse: 0.000207, train_pearson_loss: 0.2972, test_mse: 0.008430, test_pearson_loss: 0.3790
learn rate: 0.001000
epoch: 1070, train_mse: 0.000227, train_pearson_loss: 0.3168, test_mse: 0.008336, test_pearson_loss: 0.3859
learn rate: 0.001000
epoch: 1080, train_mse: 0.000210, train_pearson_loss: 0.2988, test_mse: 0.008415, test_pearson_loss: 0.3815
learn rate: 0.001000
epoch: 1090, train_mse: 0.000207, train_pearson_loss: 0.2966, test_mse: 0.008489, test_pearson_loss: 0.3801
learn rate: 0.001000
epoch: 1100, train_mse: 0.000207, train_pearson_loss: 0.2964, test_mse: 0.008412, test_pearson_loss: 0.3798
learn rate: 0.001000
epoch: 1110, train_mse: 0.000208, train_pearson_loss: 0.2955, test_mse: 0.008602, test_pearson_loss: 0.3799
learn rate: 0.001000
epoch: 1120, train_mse: 0.000205, train_pearson_loss: 0.2938, test_mse: 0.008520, test_pearson_loss: 0.3784
learn rate: 0.001000
epoch: 1130, train_mse: 0.000205, train_pearson_loss: 0.2932, test_mse: 0.008286, test_pearson_loss: 0.3800
learn rate: 0.001000
epoch: 1140, train_mse: 0.000206, train_pearson_loss: 0.2934, test_mse: 0.008750, test_pearson_loss: 0.3794
learn rate: 0.001000
epoch: 1150, train_mse: 0.000203, train_pearson_loss: 0.2915, test_mse: 0.008172, test_pearson_loss: 0.3804
learn rate: 0.001000
epoch: 1160, train_mse: 0.000211, train_pearson_loss: 0.2968, test_mse: 0.008404, test_pearson_loss: 0.3820
learn rate: 0.001000
epoch: 1170, train_mse: 0.000205, train_pearson_loss: 0.2924, test_mse: 0.008450, test_pearson_loss: 0.3790
learn rate: 0.001000
epoch: 1180, train_mse: 0.000207, train_pearson_loss: 0.2925, test_mse: 0.008199, test_pearson_loss: 0.3787
learn rate: 0.001000
epoch: 1190, train_mse: 0.000208, train_pearson_loss: 0.2936, test_mse: 0.008643, test_pearson_loss: 0.3827
learn rate: 0.001000
epoch: 1200, train_mse: 0.000204, train_pearson_loss: 0.2909, test_mse: 0.008513, test_pearson_loss: 0.3798
learn rate: 0.001000
epoch: 1210, train_mse: 0.000201, train_pearson_loss: 0.2888, test_mse: 0.008713, test_pearson_loss: 0.3803
learn rate: 0.001000
epoch: 1220, train_mse: 0.000211, train_pearson_loss: 0.2937, test_mse: 0.008650, test_pearson_loss: 0.3812
learn rate: 0.001000
epoch: 1230, train_mse: 0.000199, train_pearson_loss: 0.2868, test_mse: 0.008357, test_pearson_loss: 0.3799
learn rate: 0.001000
epoch: 1240, train_mse: 0.000203, train_pearson_loss: 0.2881, test_mse: 0.008509, test_pearson_loss: 0.3783
learn rate: 0.001000
epoch: 1250, train_mse: 0.000200, train_pearson_loss: 0.2867, test_mse: 0.008506, test_pearson_loss: 0.3791
learn rate: 0.001000
epoch: 1260, train_mse: 0.000201, train_pearson_loss: 0.2858, test_mse: 0.008629, test_pearson_loss: 0.3811
learn rate: 0.001000
epoch: 1270, train_mse: 0.000200, train_pearson_loss: 0.2854, test_mse: 0.008604, test_pearson_loss: 0.3790
learn rate: 0.001000
epoch: 1280, train_mse: 0.000199, train_pearson_loss: 0.2844, test_mse: 0.008566, test_pearson_loss: 0.3804
learn rate: 0.001000
epoch: 1290, train_mse: 0.000197, train_pearson_loss: 0.2832, test_mse: 0.008725, test_pearson_loss: 0.3776
learn rate: 0.001000
epoch: 1300, train_mse: 0.000198, train_pearson_loss: 0.2828, test_mse: 0.008674, test_pearson_loss: 0.3799
learn rate: 0.001000
epoch: 1310, train_mse: 0.000197, train_pearson_loss: 0.2821, test_mse: 0.008924, test_pearson_loss: 0.3801
learn rate: 0.001000
epoch: 1320, train_mse: 0.000197, train_pearson_loss: 0.2814, test_mse: 0.008738, test_pearson_loss: 0.3787
learn rate: 0.001000
epoch: 1330, train_mse: 0.000197, train_pearson_loss: 0.2823, test_mse: 0.008478, test_pearson_loss: 0.3786
learn rate: 0.001000
epoch: 1340, train_mse: 0.000195, train_pearson_loss: 0.2799, test_mse: 0.008595, test_pearson_loss: 0.3789
learn rate: 0.001000
epoch: 1350, train_mse: 0.000195, train_pearson_loss: 0.2792, test_mse: 0.008349, test_pearson_loss: 0.3795
learn rate: 0.001000
epoch: 1360, train_mse: 0.000195, train_pearson_loss: 0.2783, test_mse: 0.008570, test_pearson_loss: 0.3773
learn rate: 0.001000
epoch: 1370, train_mse: 0.000194, train_pearson_loss: 0.2777, test_mse: 0.008619, test_pearson_loss: 0.3781
learn rate: 0.001000
epoch: 1380, train_mse: 0.000193, train_pearson_loss: 0.2769, test_mse: 0.008515, test_pearson_loss: 0.3803
learn rate: 0.001000
epoch: 1390, train_mse: 0.000193, train_pearson_loss: 0.2764, test_mse: 0.008825, test_pearson_loss: 0.3779
learn rate: 0.001000
epoch: 1400, train_mse: 0.000192, train_pearson_loss: 0.2758, test_mse: 0.008206, test_pearson_loss: 0.3808
learn rate: 0.001000
epoch: 1410, train_mse: 0.000192, train_pearson_loss: 0.2747, test_mse: 0.008802, test_pearson_loss: 0.3798
learn rate: 0.001000
epoch: 1420, train_mse: 0.000194, train_pearson_loss: 0.2749, test_mse: 0.008896, test_pearson_loss: 0.3758
learn rate: 0.001000
epoch: 1430, train_mse: 0.000190, train_pearson_loss: 0.2733, test_mse: 0.008507, test_pearson_loss: 0.3796
learn rate: 0.001000
epoch: 1440, train_mse: 0.000191, train_pearson_loss: 0.2734, test_mse: 0.008574, test_pearson_loss: 0.3765
learn rate: 0.001000
epoch: 1450, train_mse: 0.000190, train_pearson_loss: 0.2718, test_mse: 0.008536, test_pearson_loss: 0.3757
learn rate: 0.001000
epoch: 1460, train_mse: 0.000194, train_pearson_loss: 0.2741, test_mse: 0.008370, test_pearson_loss: 0.3787
learn rate: 0.001000
epoch: 1470, train_mse: 0.000189, train_pearson_loss: 0.2705, test_mse: 0.008864, test_pearson_loss: 0.3767
learn rate: 0.001000
epoch: 1480, train_mse: 0.000187, train_pearson_loss: 0.2693, test_mse: 0.008552, test_pearson_loss: 0.3769
learn rate: 0.001000
epoch: 1490, train_mse: 0.000189, train_pearson_loss: 0.2693, test_mse: 0.008542, test_pearson_loss: 0.3767
learn rate: 0.001000
epoch: 1500, train_mse: 0.000188, train_pearson_loss: 0.2686, test_mse: 0.009025, test_pearson_loss: 0.3764
learn rate: 0.001000
