==========================================
Job ID: 64318006
Node: gpuhost009
Start time: Fri 30 Jan 18:41:27 GMT 2026
Working dir: /home/users/shaerdan/cae_tools_pB
==========================================
Fri Jan 30 18:41:27 2026       
+-----------------------------------------------------------------------------------------+
| NVIDIA-SMI 590.48.01              Driver Version: 590.48.01      CUDA Version: 13.1     |
+-----------------------------------------+------------------------+----------------------+
| GPU  Name                 Persistence-M | Bus-Id          Disp.A | Volatile Uncorr. ECC |
| Fan  Temp   Perf          Pwr:Usage/Cap |           Memory-Usage | GPU-Util  Compute M. |
|                                         |                        |               MIG M. |
|=========================================+========================+======================|
|   0  NVIDIA A100-SXM4-40GB          On  |   00000000:41:00.0 Off |                    0 |
| N/A   34C    P0             52W /  400W |       0MiB /  40960MiB |      0%      Default |
|                                         |                        |             Disabled |
+-----------------------------------------+------------------------+----------------------+

+-----------------------------------------------------------------------------------------+
| Processes:                                                                              |
|  GPU   GI   CI              PID   Type   Process name                        GPU Memory |
|        ID   ID                                                               Usage      |
|=========================================================================================|
|  No running processes found                                                             |
+-----------------------------------------------------------------------------------------+
Output Hash: 15EB783f
Model will be saved to: /gws/nopw/j04/eocis_chuk/shaerdan/models/model_pB_15EB783f
Training cases: 9990, Test cases: 8280
{'land_cover': 1.0, 'albedo_monthly_climatology_means': -0.08084703981876373, 'elevation': -24.315156936645508, 'era5_skt': 268.7027282714844, 'sin_doy': 0.01716632954776287, 'cos_doy': -1.0, 'slope_magnitude': 0.0, 'slope_direction': -180.0, 'urban_area': 0.0, 'suburban_area': 0.0, 'pixel_st_hot_pattern': 285.4439392089844, 'pixel_st_cold_pattern': 262.061279296875} {'land_cover': 22.0, 'albedo_monthly_climatology_means': 3.5322437286376953, 'elevation': 1174.817138671875, 'era5_skt': 310.42742919921875, 'sin_doy': 1.0, 'cos_doy': 0.9994106292724609, 'slope_magnitude': 1.541244387626648, 'slope_direction': 179.99989318847656, 'urban_area': 1.0, 'suburban_area': 1.0, 'pixel_st_hot_pattern': 330.1482238769531, 'pixel_st_cold_pattern': 302.1819763183594} 243.4262237548828 355.71160888671875
Running on device: cuda
epoch: 0, train_mse: 0.049065, train_pearson_loss: 0.9786, test_mse: 0.012344, test_pearson_loss: 0.8973
learn rate: 0.001000
epoch: 10, train_mse: 0.006985, train_pearson_loss: 0.8461, test_mse: 0.002176, test_pearson_loss: 0.7477
learn rate: 0.001000
epoch: 20, train_mse: 0.003958, train_pearson_loss: 0.7824, test_mse: 0.001706, test_pearson_loss: 0.7061
learn rate: 0.001000
epoch: 30, train_mse: 0.002068, train_pearson_loss: 0.6918, test_mse: 0.000979, test_pearson_loss: 0.5820
learn rate: 0.001000
epoch: 40, train_mse: 0.001385, train_pearson_loss: 0.6152, test_mse: 0.000899, test_pearson_loss: 0.5138
learn rate: 0.001000
epoch: 50, train_mse: 0.001029, train_pearson_loss: 0.5493, test_mse: 0.000863, test_pearson_loss: 0.4654
learn rate: 0.001000
epoch: 60, train_mse: 0.000951, train_pearson_loss: 0.5101, test_mse: 0.000798, test_pearson_loss: 0.4482
learn rate: 0.001000
epoch: 70, train_mse: 0.000863, train_pearson_loss: 0.4878, test_mse: 0.000741, test_pearson_loss: 0.4386
learn rate: 0.001000
epoch: 80, train_mse: 0.000776, train_pearson_loss: 0.4606, test_mse: 0.000705, test_pearson_loss: 0.4193
learn rate: 0.001000
epoch: 90, train_mse: 0.000702, train_pearson_loss: 0.4458, test_mse: 0.000690, test_pearson_loss: 0.4145
learn rate: 0.001000
epoch: 100, train_mse: 0.000675, train_pearson_loss: 0.4345, test_mse: 0.000702, test_pearson_loss: 0.4119
learn rate: 0.001000
epoch: 110, train_mse: 0.000674, train_pearson_loss: 0.4288, test_mse: 0.000678, test_pearson_loss: 0.3987
learn rate: 0.001000
epoch: 120, train_mse: 0.000609, train_pearson_loss: 0.4178, test_mse: 0.000653, test_pearson_loss: 0.3919
learn rate: 0.001000
epoch: 130, train_mse: 0.000588, train_pearson_loss: 0.4143, test_mse: 0.000654, test_pearson_loss: 0.3904
learn rate: 0.001000
epoch: 140, train_mse: 0.000580, train_pearson_loss: 0.4111, test_mse: 0.000716, test_pearson_loss: 0.3896
learn rate: 0.001000
epoch: 150, train_mse: 0.000584, train_pearson_loss: 0.4115, test_mse: 0.000682, test_pearson_loss: 0.3854
learn rate: 0.001000
epoch: 160, train_mse: 0.000516, train_pearson_loss: 0.4004, test_mse: 0.000639, test_pearson_loss: 0.3810
learn rate: 0.001000
epoch: 170, train_mse: 0.000486, train_pearson_loss: 0.3945, test_mse: 0.000646, test_pearson_loss: 0.3762
learn rate: 0.001000
epoch: 180, train_mse: 0.000480, train_pearson_loss: 0.3900, test_mse: 0.000642, test_pearson_loss: 0.3771
learn rate: 0.001000
epoch: 190, train_mse: 0.000479, train_pearson_loss: 0.3874, test_mse: 0.000692, test_pearson_loss: 0.3783
learn rate: 0.001000
epoch: 200, train_mse: 0.000442, train_pearson_loss: 0.3820, test_mse: 0.000659, test_pearson_loss: 0.3670
learn rate: 0.001000
epoch: 210, train_mse: 0.000437, train_pearson_loss: 0.3797, test_mse: 0.000660, test_pearson_loss: 0.3653
learn rate: 0.001000
epoch: 220, train_mse: 0.000420, train_pearson_loss: 0.3771, test_mse: 0.000678, test_pearson_loss: 0.3697
learn rate: 0.001000
epoch: 230, train_mse: 0.000433, train_pearson_loss: 0.3789, test_mse: 0.000681, test_pearson_loss: 0.3708
learn rate: 0.001000
epoch: 240, train_mse: 0.000413, train_pearson_loss: 0.3748, test_mse: 0.000700, test_pearson_loss: 0.3588
learn rate: 0.001000
epoch: 250, train_mse: 0.000376, train_pearson_loss: 0.3689, test_mse: 0.000645, test_pearson_loss: 0.3553
learn rate: 0.001000
epoch: 260, train_mse: 0.000369, train_pearson_loss: 0.3676, test_mse: 0.000664, test_pearson_loss: 0.3548
learn rate: 0.001000
epoch: 270, train_mse: 0.000361, train_pearson_loss: 0.3646, test_mse: 0.000692, test_pearson_loss: 0.3533
learn rate: 0.001000
epoch: 280, train_mse: 0.000409, train_pearson_loss: 0.3654, test_mse: 0.000875, test_pearson_loss: 0.3582
learn rate: 0.001000
epoch: 290, train_mse: 0.000373, train_pearson_loss: 0.3658, test_mse: 0.000651, test_pearson_loss: 0.3554
learn rate: 0.001000
epoch: 300, train_mse: 0.000332, train_pearson_loss: 0.3580, test_mse: 0.000679, test_pearson_loss: 0.3507
learn rate: 0.001000
epoch: 310, train_mse: 0.000334, train_pearson_loss: 0.3581, test_mse: 0.000675, test_pearson_loss: 0.3493
learn rate: 0.001000
epoch: 320, train_mse: 0.000358, train_pearson_loss: 0.3579, test_mse: 0.000740, test_pearson_loss: 0.3510
learn rate: 0.001000
epoch: 330, train_mse: 0.000434, train_pearson_loss: 0.3632, test_mse: 0.000972, test_pearson_loss: 0.3580
learn rate: 0.001000
epoch: 340, train_mse: 0.000329, train_pearson_loss: 0.3557, test_mse: 0.000675, test_pearson_loss: 0.3478
learn rate: 0.001000
epoch: 350, train_mse: 0.000316, train_pearson_loss: 0.3535, test_mse: 0.000673, test_pearson_loss: 0.3448
learn rate: 0.001000
epoch: 360, train_mse: 0.000319, train_pearson_loss: 0.3521, test_mse: 0.000703, test_pearson_loss: 0.3476
learn rate: 0.001000
epoch: 370, train_mse: 0.000324, train_pearson_loss: 0.3524, test_mse: 0.000748, test_pearson_loss: 0.3465
learn rate: 0.001000
epoch: 380, train_mse: 0.000313, train_pearson_loss: 0.3502, test_mse: 0.000706, test_pearson_loss: 0.3448
learn rate: 0.001000
epoch: 390, train_mse: 0.000318, train_pearson_loss: 0.3495, test_mse: 0.000693, test_pearson_loss: 0.3421
learn rate: 0.001000
epoch: 400, train_mse: 0.000306, train_pearson_loss: 0.3503, test_mse: 0.000700, test_pearson_loss: 0.3466
learn rate: 0.001000
epoch: 410, train_mse: 0.000333, train_pearson_loss: 0.3548, test_mse: 0.000687, test_pearson_loss: 0.3502
learn rate: 0.001000
epoch: 420, train_mse: 0.000288, train_pearson_loss: 0.3461, test_mse: 0.000678, test_pearson_loss: 0.3398
learn rate: 0.001000
epoch: 430, train_mse: 0.000305, train_pearson_loss: 0.3495, test_mse: 0.000677, test_pearson_loss: 0.3443
learn rate: 0.001000
epoch: 440, train_mse: 0.000288, train_pearson_loss: 0.3453, test_mse: 0.000644, test_pearson_loss: 0.3395
learn rate: 0.001000
epoch: 450, train_mse: 0.000286, train_pearson_loss: 0.3428, test_mse: 0.000679, test_pearson_loss: 0.3406
learn rate: 0.001000
epoch: 460, train_mse: 0.000395, train_pearson_loss: 0.3638, test_mse: 0.000825, test_pearson_loss: 0.3642
learn rate: 0.001000
epoch: 470, train_mse: 0.000287, train_pearson_loss: 0.3442, test_mse: 0.000640, test_pearson_loss: 0.3375
learn rate: 0.001000
epoch: 480, train_mse: 0.000298, train_pearson_loss: 0.3451, test_mse: 0.000671, test_pearson_loss: 0.3408
learn rate: 0.001000
epoch: 490, train_mse: 0.000293, train_pearson_loss: 0.3464, test_mse: 0.000692, test_pearson_loss: 0.3409
learn rate: 0.001000
epoch: 500, train_mse: 0.000287, train_pearson_loss: 0.3435, test_mse: 0.000656, test_pearson_loss: 0.3380
learn rate: 0.001000
epoch: 510, train_mse: 0.000290, train_pearson_loss: 0.3446, test_mse: 0.000664, test_pearson_loss: 0.3410
learn rate: 0.001000
epoch: 520, train_mse: 0.000273, train_pearson_loss: 0.3406, test_mse: 0.000620, test_pearson_loss: 0.3372
learn rate: 0.001000
epoch: 530, train_mse: 0.000271, train_pearson_loss: 0.3390, test_mse: 0.000625, test_pearson_loss: 0.3417
learn rate: 0.001000
epoch: 540, train_mse: 0.000285, train_pearson_loss: 0.3396, test_mse: 0.000616, test_pearson_loss: 0.3400
learn rate: 0.001000
epoch: 550, train_mse: 0.000274, train_pearson_loss: 0.3374, test_mse: 0.000643, test_pearson_loss: 0.3329
learn rate: 0.001000
epoch: 560, train_mse: 0.000265, train_pearson_loss: 0.3362, test_mse: 0.000671, test_pearson_loss: 0.3399
learn rate: 0.001000
epoch: 570, train_mse: 0.000282, train_pearson_loss: 0.3374, test_mse: 0.000638, test_pearson_loss: 0.3359
learn rate: 0.001000
epoch: 580, train_mse: 0.000286, train_pearson_loss: 0.3370, test_mse: 0.000642, test_pearson_loss: 0.3357
learn rate: 0.001000
epoch: 590, train_mse: 0.000302, train_pearson_loss: 0.3403, test_mse: 0.000705, test_pearson_loss: 0.3398
learn rate: 0.001000
epoch: 600, train_mse: 0.000278, train_pearson_loss: 0.3372, test_mse: 0.000681, test_pearson_loss: 0.3437
learn rate: 0.001000
epoch: 610, train_mse: 0.000297, train_pearson_loss: 0.3422, test_mse: 0.000705, test_pearson_loss: 0.3527
learn rate: 0.001000
epoch: 620, train_mse: 0.000313, train_pearson_loss: 0.3461, test_mse: 0.000728, test_pearson_loss: 0.3418
learn rate: 0.001000
epoch: 630, train_mse: 0.000352, train_pearson_loss: 0.3522, test_mse: 0.000722, test_pearson_loss: 0.3408
learn rate: 0.001000
epoch: 640, train_mse: 0.000314, train_pearson_loss: 0.3507, test_mse: 0.000752, test_pearson_loss: 0.3457
learn rate: 0.001000
epoch: 650, train_mse: 0.000291, train_pearson_loss: 0.3393, test_mse: 0.000652, test_pearson_loss: 0.3343
learn rate: 0.001000
epoch: 660, train_mse: 0.000261, train_pearson_loss: 0.3335, test_mse: 0.000629, test_pearson_loss: 0.3317
learn rate: 0.001000
epoch: 670, train_mse: 0.000258, train_pearson_loss: 0.3316, test_mse: 0.000618, test_pearson_loss: 0.3312
learn rate: 0.001000
epoch: 680, train_mse: 0.000281, train_pearson_loss: 0.3328, test_mse: 0.000698, test_pearson_loss: 0.3358
learn rate: 0.001000
epoch: 690, train_mse: 0.000282, train_pearson_loss: 0.3346, test_mse: 0.000650, test_pearson_loss: 0.3338
learn rate: 0.001000
epoch: 700, train_mse: 0.000292, train_pearson_loss: 0.3468, test_mse: 0.000654, test_pearson_loss: 0.3515
learn rate: 0.001000
epoch: 710, train_mse: 0.000276, train_pearson_loss: 0.3336, test_mse: 0.000631, test_pearson_loss: 0.3350
learn rate: 0.001000
epoch: 720, train_mse: 0.000257, train_pearson_loss: 0.3296, test_mse: 0.000611, test_pearson_loss: 0.3310
learn rate: 0.001000
epoch: 730, train_mse: 0.000251, train_pearson_loss: 0.3292, test_mse: 0.000623, test_pearson_loss: 0.3278
learn rate: 0.001000
epoch: 740, train_mse: 0.000287, train_pearson_loss: 0.3367, test_mse: 0.000697, test_pearson_loss: 0.3365
learn rate: 0.001000
epoch: 750, train_mse: 0.000284, train_pearson_loss: 0.3344, test_mse: 0.000658, test_pearson_loss: 0.3327
learn rate: 0.001000
epoch: 760, train_mse: 0.000253, train_pearson_loss: 0.3298, test_mse: 0.000645, test_pearson_loss: 0.3301
learn rate: 0.001000
epoch: 770, train_mse: 0.000253, train_pearson_loss: 0.3273, test_mse: 0.000610, test_pearson_loss: 0.3285
learn rate: 0.001000
epoch: 780, train_mse: 0.000248, train_pearson_loss: 0.3261, test_mse: 0.000609, test_pearson_loss: 0.3278
learn rate: 0.001000
epoch: 790, train_mse: 0.000247, train_pearson_loss: 0.3245, test_mse: 0.000645, test_pearson_loss: 0.3272
learn rate: 0.001000
epoch: 800, train_mse: 0.000249, train_pearson_loss: 0.3249, test_mse: 0.000675, test_pearson_loss: 0.3284
learn rate: 0.001000
epoch: 810, train_mse: 0.000255, train_pearson_loss: 0.3248, test_mse: 0.000609, test_pearson_loss: 0.3284
learn rate: 0.001000
epoch: 820, train_mse: 0.000262, train_pearson_loss: 0.3245, test_mse: 0.000625, test_pearson_loss: 0.3280
learn rate: 0.001000
epoch: 830, train_mse: 0.000269, train_pearson_loss: 0.3253, test_mse: 0.000637, test_pearson_loss: 0.3365
learn rate: 0.001000
epoch: 840, train_mse: 0.000254, train_pearson_loss: 0.3251, test_mse: 0.000633, test_pearson_loss: 0.3314
learn rate: 0.001000
epoch: 850, train_mse: 0.000315, train_pearson_loss: 0.3381, test_mse: 0.000774, test_pearson_loss: 0.3443
learn rate: 0.001000
epoch: 860, train_mse: 0.000323, train_pearson_loss: 0.3419, test_mse: 0.000780, test_pearson_loss: 0.3367
learn rate: 0.001000
epoch: 870, train_mse: 0.000345, train_pearson_loss: 0.3491, test_mse: 0.000657, test_pearson_loss: 0.3420
learn rate: 0.001000
epoch: 880, train_mse: 0.000262, train_pearson_loss: 0.3302, test_mse: 0.000605, test_pearson_loss: 0.3282
learn rate: 0.001000
epoch: 890, train_mse: 0.000261, train_pearson_loss: 0.3274, test_mse: 0.000597, test_pearson_loss: 0.3278
learn rate: 0.001000
epoch: 900, train_mse: 0.000265, train_pearson_loss: 0.3270, test_mse: 0.000621, test_pearson_loss: 0.3270
learn rate: 0.001000
epoch: 910, train_mse: 0.000251, train_pearson_loss: 0.3250, test_mse: 0.000595, test_pearson_loss: 0.3266
learn rate: 0.001000
epoch: 920, train_mse: 0.000257, train_pearson_loss: 0.3262, test_mse: 0.000614, test_pearson_loss: 0.3301
learn rate: 0.001000
epoch: 930, train_mse: 0.000257, train_pearson_loss: 0.3252, test_mse: 0.000627, test_pearson_loss: 0.3272
learn rate: 0.001000
epoch: 940, train_mse: 0.000293, train_pearson_loss: 0.3274, test_mse: 0.000595, test_pearson_loss: 0.3407
learn rate: 0.001000
epoch: 950, train_mse: 0.000258, train_pearson_loss: 0.3260, test_mse: 0.000630, test_pearson_loss: 0.3332
learn rate: 0.001000
epoch: 960, train_mse: 0.000362, train_pearson_loss: 0.3436, test_mse: 0.000807, test_pearson_loss: 0.3495
learn rate: 0.001000
epoch: 970, train_mse: 0.000290, train_pearson_loss: 0.3332, test_mse: 0.000606, test_pearson_loss: 0.3317
learn rate: 0.001000
epoch: 980, train_mse: 0.000246, train_pearson_loss: 0.3242, test_mse: 0.000588, test_pearson_loss: 0.3253
learn rate: 0.001000
epoch: 990, train_mse: 0.000242, train_pearson_loss: 0.3223, test_mse: 0.000607, test_pearson_loss: 0.3250
learn rate: 0.001000
epoch: 1000, train_mse: 0.000295, train_pearson_loss: 0.3320, test_mse: 0.000621, test_pearson_loss: 0.3378
learn rate: 0.001000
epoch: 1010, train_mse: 0.000264, train_pearson_loss: 0.3288, test_mse: 0.000631, test_pearson_loss: 0.3288
learn rate: 0.001000
epoch: 1020, train_mse: 0.000262, train_pearson_loss: 0.3242, test_mse: 0.000667, test_pearson_loss: 0.3286
learn rate: 0.001000
epoch: 1030, train_mse: 0.000282, train_pearson_loss: 0.3292, test_mse: 0.000658, test_pearson_loss: 0.3305
learn rate: 0.001000
epoch: 1040, train_mse: 0.000271, train_pearson_loss: 0.3272, test_mse: 0.000663, test_pearson_loss: 0.3277
learn rate: 0.001000
epoch: 1050, train_mse: 0.000285, train_pearson_loss: 0.3280, test_mse: 0.000596, test_pearson_loss: 0.3304
learn rate: 0.001000
epoch: 1060, train_mse: 0.000272, train_pearson_loss: 0.3291, test_mse: 0.000606, test_pearson_loss: 0.3300
learn rate: 0.001000
epoch: 1070, train_mse: 0.000285, train_pearson_loss: 0.3287, test_mse: 0.000611, test_pearson_loss: 0.3310
learn rate: 0.001000
epoch: 1080, train_mse: 0.000253, train_pearson_loss: 0.3227, test_mse: 0.000598, test_pearson_loss: 0.3260
learn rate: 0.001000
epoch: 1090, train_mse: 0.000284, train_pearson_loss: 0.3285, test_mse: 0.000622, test_pearson_loss: 0.3300
learn rate: 0.001000
epoch: 1100, train_mse: 0.000260, train_pearson_loss: 0.3234, test_mse: 0.000597, test_pearson_loss: 0.3249
learn rate: 0.001000
epoch: 1110, train_mse: 0.000253, train_pearson_loss: 0.3226, test_mse: 0.000635, test_pearson_loss: 0.3248
learn rate: 0.001000
epoch: 1120, train_mse: 0.000241, train_pearson_loss: 0.3195, test_mse: 0.000602, test_pearson_loss: 0.3236
learn rate: 0.001000
epoch: 1130, train_mse: 0.000243, train_pearson_loss: 0.3194, test_mse: 0.000635, test_pearson_loss: 0.3278
learn rate: 0.001000
epoch: 1140, train_mse: 0.000266, train_pearson_loss: 0.3233, test_mse: 0.000623, test_pearson_loss: 0.3268
learn rate: 0.001000
epoch: 1150, train_mse: 0.000261, train_pearson_loss: 0.3203, test_mse: 0.000648, test_pearson_loss: 0.3287
learn rate: 0.001000
epoch: 1160, train_mse: 0.000251, train_pearson_loss: 0.3187, test_mse: 0.000602, test_pearson_loss: 0.3255
learn rate: 0.001000
epoch: 1170, train_mse: 0.000265, train_pearson_loss: 0.3227, test_mse: 0.000629, test_pearson_loss: 0.3296
learn rate: 0.001000
epoch: 1180, train_mse: 0.000257, train_pearson_loss: 0.3202, test_mse: 0.000647, test_pearson_loss: 0.3261
learn rate: 0.001000
epoch: 1190, train_mse: 0.000257, train_pearson_loss: 0.3208, test_mse: 0.000586, test_pearson_loss: 0.3265
learn rate: 0.001000
epoch: 1200, train_mse: 0.000314, train_pearson_loss: 0.3293, test_mse: 0.000798, test_pearson_loss: 0.3373
learn rate: 0.001000
epoch: 1210, train_mse: 0.000272, train_pearson_loss: 0.3247, test_mse: 0.000606, test_pearson_loss: 0.3279
learn rate: 0.001000
epoch: 1220, train_mse: 0.000246, train_pearson_loss: 0.3196, test_mse: 0.000595, test_pearson_loss: 0.3239
learn rate: 0.001000
epoch: 1230, train_mse: 0.000237, train_pearson_loss: 0.3173, test_mse: 0.000591, test_pearson_loss: 0.3239
learn rate: 0.001000
epoch: 1240, train_mse: 0.000235, train_pearson_loss: 0.3161, test_mse: 0.000591, test_pearson_loss: 0.3229
learn rate: 0.001000
epoch: 1250, train_mse: 0.000245, train_pearson_loss: 0.3171, test_mse: 0.000592, test_pearson_loss: 0.3239
learn rate: 0.001000
epoch: 1260, train_mse: 0.000319, train_pearson_loss: 0.3284, test_mse: 0.000618, test_pearson_loss: 0.3374
learn rate: 0.001000
epoch: 1270, train_mse: 0.000270, train_pearson_loss: 0.3214, test_mse: 0.000647, test_pearson_loss: 0.3261
learn rate: 0.001000
epoch: 1280, train_mse: 0.000245, train_pearson_loss: 0.3177, test_mse: 0.000606, test_pearson_loss: 0.3244
learn rate: 0.001000
epoch: 1290, train_mse: 0.000240, train_pearson_loss: 0.3149, test_mse: 0.000651, test_pearson_loss: 0.3238
learn rate: 0.001000
epoch: 1300, train_mse: 0.000281, train_pearson_loss: 0.3220, test_mse: 0.000669, test_pearson_loss: 0.3289
learn rate: 0.001000
epoch: 1310, train_mse: 0.000265, train_pearson_loss: 0.3196, test_mse: 0.000623, test_pearson_loss: 0.3263
learn rate: 0.001000
epoch: 1320, train_mse: 0.000233, train_pearson_loss: 0.3136, test_mse: 0.000595, test_pearson_loss: 0.3229
learn rate: 0.001000
epoch: 1330, train_mse: 0.000230, train_pearson_loss: 0.3121, test_mse: 0.000590, test_pearson_loss: 0.3228
learn rate: 0.001000
epoch: 1340, train_mse: 0.000228, train_pearson_loss: 0.3114, test_mse: 0.000594, test_pearson_loss: 0.3219
learn rate: 0.001000
epoch: 1350, train_mse: 0.000231, train_pearson_loss: 0.3114, test_mse: 0.000596, test_pearson_loss: 0.3235
learn rate: 0.001000
epoch: 1360, train_mse: 0.000244, train_pearson_loss: 0.3153, test_mse: 0.000638, test_pearson_loss: 0.3287
learn rate: 0.001000
epoch: 1370, train_mse: 0.000242, train_pearson_loss: 0.3130, test_mse: 0.000606, test_pearson_loss: 0.3268
learn rate: 0.001000
epoch: 1380, train_mse: 0.000229, train_pearson_loss: 0.3098, test_mse: 0.000595, test_pearson_loss: 0.3218
learn rate: 0.001000
epoch: 1390, train_mse: 0.000238, train_pearson_loss: 0.3115, test_mse: 0.000599, test_pearson_loss: 0.3248
learn rate: 0.001000
epoch: 1400, train_mse: 0.000229, train_pearson_loss: 0.3090, test_mse: 0.000606, test_pearson_loss: 0.3213
learn rate: 0.001000
epoch: 1410, train_mse: 0.000230, train_pearson_loss: 0.3092, test_mse: 0.000603, test_pearson_loss: 0.3269
learn rate: 0.001000
epoch: 1420, train_mse: 0.000231, train_pearson_loss: 0.3079, test_mse: 0.000601, test_pearson_loss: 0.3219
learn rate: 0.001000
epoch: 1430, train_mse: 0.000231, train_pearson_loss: 0.3078, test_mse: 0.000600, test_pearson_loss: 0.3278
learn rate: 0.001000
epoch: 1440, train_mse: 0.000498, train_pearson_loss: 0.3768, test_mse: 0.000638, test_pearson_loss: 0.3593
learn rate: 0.001000
epoch: 1450, train_mse: 0.000408, train_pearson_loss: 0.3550, test_mse: 0.000624, test_pearson_loss: 0.3416
learn rate: 0.001000
epoch: 1460, train_mse: 0.000366, train_pearson_loss: 0.3467, test_mse: 0.000604, test_pearson_loss: 0.3366
learn rate: 0.001000
epoch: 1470, train_mse: 0.000331, train_pearson_loss: 0.3405, test_mse: 0.000612, test_pearson_loss: 0.3330
learn rate: 0.001000
epoch: 1480, train_mse: 0.000309, train_pearson_loss: 0.3368, test_mse: 0.000615, test_pearson_loss: 0.3308
learn rate: 0.001000
epoch: 1490, train_mse: 0.000308, train_pearson_loss: 0.3340, test_mse: 0.000633, test_pearson_loss: 0.3297
learn rate: 0.001000
epoch: 1500, train_mse: 0.000287, train_pearson_loss: 0.3302, test_mse: 0.000614, test_pearson_loss: 0.3279
learn rate: 0.001000
epoch: 1510, train_mse: 0.000273, train_pearson_loss: 0.3273, test_mse: 0.000612, test_pearson_loss: 0.3256
learn rate: 0.001000
epoch: 1520, train_mse: 0.000265, train_pearson_loss: 0.3255, test_mse: 0.000602, test_pearson_loss: 0.3251
learn rate: 0.001000
epoch: 1530, train_mse: 0.000263, train_pearson_loss: 0.3236, test_mse: 0.000612, test_pearson_loss: 0.3249
learn rate: 0.001000
epoch: 1540, train_mse: 0.000259, train_pearson_loss: 0.3225, test_mse: 0.000609, test_pearson_loss: 0.3240
learn rate: 0.001000
epoch: 1550, train_mse: 0.000263, train_pearson_loss: 0.3226, test_mse: 0.000601, test_pearson_loss: 0.3235
learn rate: 0.001000
epoch: 1560, train_mse: 0.000254, train_pearson_loss: 0.3200, test_mse: 0.000600, test_pearson_loss: 0.3233
learn rate: 0.001000
epoch: 1570, train_mse: 0.000258, train_pearson_loss: 0.3202, test_mse: 0.000618, test_pearson_loss: 0.3233
learn rate: 0.001000
epoch: 1580, train_mse: 0.000253, train_pearson_loss: 0.3190, test_mse: 0.000611, test_pearson_loss: 0.3233
learn rate: 0.001000
epoch: 1590, train_mse: 0.000259, train_pearson_loss: 0.3195, test_mse: 0.000607, test_pearson_loss: 0.3236
learn rate: 0.001000
epoch: 1600, train_mse: 0.000255, train_pearson_loss: 0.3184, test_mse: 0.000639, test_pearson_loss: 0.3238
learn rate: 0.001000
epoch: 1610, train_mse: 0.000254, train_pearson_loss: 0.3178, test_mse: 0.000638, test_pearson_loss: 0.3255
learn rate: 0.001000
epoch: 1620, train_mse: 0.000277, train_pearson_loss: 0.3194, test_mse: 0.000598, test_pearson_loss: 0.3239
learn rate: 0.001000
epoch: 1630, train_mse: 0.000299, train_pearson_loss: 0.3262, test_mse: 0.000595, test_pearson_loss: 0.3279
learn rate: 0.001000
epoch: 1640, train_mse: 0.000264, train_pearson_loss: 0.3203, test_mse: 0.000597, test_pearson_loss: 0.3242
learn rate: 0.001000
epoch: 1650, train_mse: 0.000287, train_pearson_loss: 0.3227, test_mse: 0.000603, test_pearson_loss: 0.3254
learn rate: 0.001000
epoch: 1660, train_mse: 0.000255, train_pearson_loss: 0.3178, test_mse: 0.000600, test_pearson_loss: 0.3221
learn rate: 0.001000
epoch: 1670, train_mse: 0.000242, train_pearson_loss: 0.3162, test_mse: 0.000586, test_pearson_loss: 0.3226
learn rate: 0.001000
epoch: 1680, train_mse: 0.000268, train_pearson_loss: 0.3179, test_mse: 0.000616, test_pearson_loss: 0.3233
learn rate: 0.001000
epoch: 1690, train_mse: 0.000258, train_pearson_loss: 0.3176, test_mse: 0.000604, test_pearson_loss: 0.3230
learn rate: 0.001000
epoch: 1700, train_mse: 0.000253, train_pearson_loss: 0.3156, test_mse: 0.000600, test_pearson_loss: 0.3231
learn rate: 0.001000
epoch: 1710, train_mse: 0.000256, train_pearson_loss: 0.3156, test_mse: 0.000587, test_pearson_loss: 0.3214
learn rate: 0.001000
epoch: 1720, train_mse: 0.000247, train_pearson_loss: 0.3134, test_mse: 0.000578, test_pearson_loss: 0.3209
learn rate: 0.001000
epoch: 1730, train_mse: 0.000244, train_pearson_loss: 0.3141, test_mse: 0.000592, test_pearson_loss: 0.3224
learn rate: 0.001000
epoch: 1740, train_mse: 0.000235, train_pearson_loss: 0.3116, test_mse: 0.000570, test_pearson_loss: 0.3217
learn rate: 0.001000
epoch: 1750, train_mse: 0.000266, train_pearson_loss: 0.3154, test_mse: 0.000607, test_pearson_loss: 0.3246
learn rate: 0.001000
epoch: 1760, train_mse: 0.000253, train_pearson_loss: 0.3137, test_mse: 0.000609, test_pearson_loss: 0.3223
learn rate: 0.001000
epoch: 1770, train_mse: 0.000259, train_pearson_loss: 0.3153, test_mse: 0.000610, test_pearson_loss: 0.3233
learn rate: 0.001000
epoch: 1780, train_mse: 0.000240, train_pearson_loss: 0.3111, test_mse: 0.000572, test_pearson_loss: 0.3204
learn rate: 0.001000
epoch: 1790, train_mse: 0.000247, train_pearson_loss: 0.3124, test_mse: 0.000615, test_pearson_loss: 0.3275
learn rate: 0.001000
epoch: 1800, train_mse: 0.000237, train_pearson_loss: 0.3108, test_mse: 0.000572, test_pearson_loss: 0.3212
learn rate: 0.001000
epoch: 1810, train_mse: 0.000249, train_pearson_loss: 0.3121, test_mse: 0.000579, test_pearson_loss: 0.3234
learn rate: 0.001000
epoch: 1820, train_mse: 0.000249, train_pearson_loss: 0.3126, test_mse: 0.000590, test_pearson_loss: 0.3243
learn rate: 0.001000
epoch: 1830, train_mse: 0.000275, train_pearson_loss: 0.3179, test_mse: 0.000631, test_pearson_loss: 0.3307
learn rate: 0.001000
epoch: 1840, train_mse: 0.000245, train_pearson_loss: 0.3123, test_mse: 0.000591, test_pearson_loss: 0.3207
learn rate: 0.001000
epoch: 1850, train_mse: 0.000239, train_pearson_loss: 0.3097, test_mse: 0.000564, test_pearson_loss: 0.3216
learn rate: 0.001000
epoch: 1860, train_mse: 0.000246, train_pearson_loss: 0.3106, test_mse: 0.000616, test_pearson_loss: 0.3215
learn rate: 0.001000
epoch: 1870, train_mse: 0.000242, train_pearson_loss: 0.3106, test_mse: 0.000597, test_pearson_loss: 0.3216
learn rate: 0.001000
epoch: 1880, train_mse: 0.000235, train_pearson_loss: 0.3083, test_mse: 0.000577, test_pearson_loss: 0.3212
learn rate: 0.001000
epoch: 1890, train_mse: 0.000249, train_pearson_loss: 0.3115, test_mse: 0.000625, test_pearson_loss: 0.3236
learn rate: 0.001000
epoch: 1900, train_mse: 0.000239, train_pearson_loss: 0.3092, test_mse: 0.000583, test_pearson_loss: 0.3207
learn rate: 0.001000
epoch: 1910, train_mse: 0.000246, train_pearson_loss: 0.3093, test_mse: 0.000588, test_pearson_loss: 0.3212
learn rate: 0.001000
epoch: 1920, train_mse: 0.000238, train_pearson_loss: 0.3073, test_mse: 0.000571, test_pearson_loss: 0.3217
learn rate: 0.001000
epoch: 1930, train_mse: 0.000246, train_pearson_loss: 0.3078, test_mse: 0.000610, test_pearson_loss: 0.3233
learn rate: 0.001000
epoch: 1940, train_mse: 0.000238, train_pearson_loss: 0.3084, test_mse: 0.000638, test_pearson_loss: 0.3237
learn rate: 0.001000
epoch: 1950, train_mse: 0.000296, train_pearson_loss: 0.3164, test_mse: 0.000625, test_pearson_loss: 0.3297
learn rate: 0.001000
epoch: 1960, train_mse: 0.000349, train_pearson_loss: 0.3293, test_mse: 0.000660, test_pearson_loss: 0.3377
learn rate: 0.001000
epoch: 1970, train_mse: 0.000285, train_pearson_loss: 0.3157, test_mse: 0.000628, test_pearson_loss: 0.3248
learn rate: 0.001000
epoch: 1980, train_mse: 0.000249, train_pearson_loss: 0.3113, test_mse: 0.000683, test_pearson_loss: 0.3219
learn rate: 0.001000
epoch: 1990, train_mse: 0.000245, train_pearson_loss: 0.3102, test_mse: 0.000591, test_pearson_loss: 0.3231
learn rate: 0.001000
epoch: 2000, train_mse: 0.000380, train_pearson_loss: 0.3627, test_mse: 0.000635, test_pearson_loss: 0.3474
learn rate: 0.001000
epoch: 2010, train_mse: 0.000318, train_pearson_loss: 0.3417, test_mse: 0.000623, test_pearson_loss: 0.3339
learn rate: 0.001000
epoch: 2020, train_mse: 0.000274, train_pearson_loss: 0.3322, test_mse: 0.000596, test_pearson_loss: 0.3295
learn rate: 0.001000
epoch: 2030, train_mse: 0.000256, train_pearson_loss: 0.3248, test_mse: 0.000582, test_pearson_loss: 0.3253
learn rate: 0.001000
epoch: 2040, train_mse: 0.000248, train_pearson_loss: 0.3201, test_mse: 0.000592, test_pearson_loss: 0.3238
learn rate: 0.001000
epoch: 2050, train_mse: 0.000243, train_pearson_loss: 0.3172, test_mse: 0.000583, test_pearson_loss: 0.3229
learn rate: 0.001000
epoch: 2060, train_mse: 0.000240, train_pearson_loss: 0.3148, test_mse: 0.000575, test_pearson_loss: 0.3224
learn rate: 0.001000
epoch: 2070, train_mse: 0.000242, train_pearson_loss: 0.3136, test_mse: 0.000607, test_pearson_loss: 0.3231
learn rate: 0.001000
epoch: 2080, train_mse: 0.000487, train_pearson_loss: 0.3573, test_mse: 0.000647, test_pearson_loss: 0.3564
learn rate: 0.001000
epoch: 2090, train_mse: 0.000279, train_pearson_loss: 0.3225, test_mse: 0.000607, test_pearson_loss: 0.3265
learn rate: 0.001000
epoch: 2100, train_mse: 0.000260, train_pearson_loss: 0.3172, test_mse: 0.000627, test_pearson_loss: 0.3235
learn rate: 0.001000
epoch: 2110, train_mse: 0.000253, train_pearson_loss: 0.3149, test_mse: 0.000612, test_pearson_loss: 0.3237
learn rate: 0.001000
epoch: 2120, train_mse: 0.000253, train_pearson_loss: 0.3140, test_mse: 0.000595, test_pearson_loss: 0.3231
learn rate: 0.001000
epoch: 2130, train_mse: 0.000271, train_pearson_loss: 0.3159, test_mse: 0.000678, test_pearson_loss: 0.3240
learn rate: 0.001000
epoch: 2140, train_mse: 0.000265, train_pearson_loss: 0.3155, test_mse: 0.000587, test_pearson_loss: 0.3236
learn rate: 0.001000
epoch: 2150, train_mse: 0.000241, train_pearson_loss: 0.3104, test_mse: 0.000594, test_pearson_loss: 0.3217
learn rate: 0.001000
epoch: 2160, train_mse: 0.000240, train_pearson_loss: 0.3090, test_mse: 0.000621, test_pearson_loss: 0.3206
learn rate: 0.001000
epoch: 2170, train_mse: 0.000248, train_pearson_loss: 0.3092, test_mse: 0.000573, test_pearson_loss: 0.3219
learn rate: 0.001000
epoch: 2180, train_mse: 0.000248, train_pearson_loss: 0.3082, test_mse: 0.000597, test_pearson_loss: 0.3221
learn rate: 0.001000
epoch: 2190, train_mse: 0.000358, train_pearson_loss: 0.3429, test_mse: 0.000621, test_pearson_loss: 0.3370
learn rate: 0.001000
epoch: 2200, train_mse: 0.000257, train_pearson_loss: 0.3148, test_mse: 0.000603, test_pearson_loss: 0.3237
learn rate: 0.001000
epoch: 2210, train_mse: 0.000251, train_pearson_loss: 0.3115, test_mse: 0.000607, test_pearson_loss: 0.3228
learn rate: 0.001000
epoch: 2220, train_mse: 0.000270, train_pearson_loss: 0.3152, test_mse: 0.000657, test_pearson_loss: 0.3253
learn rate: 0.001000
epoch: 2230, train_mse: 0.000329, train_pearson_loss: 0.3173, test_mse: 0.000604, test_pearson_loss: 0.3297
learn rate: 0.001000
epoch: 2240, train_mse: 0.000333, train_pearson_loss: 0.3232, test_mse: 0.000668, test_pearson_loss: 0.3306
learn rate: 0.001000
epoch: 2250, train_mse: 0.000256, train_pearson_loss: 0.3138, test_mse: 0.000601, test_pearson_loss: 0.3213
learn rate: 0.001000
epoch: 2260, train_mse: 0.000241, train_pearson_loss: 0.3105, test_mse: 0.000586, test_pearson_loss: 0.3215
learn rate: 0.001000
epoch: 2270, train_mse: 0.000263, train_pearson_loss: 0.3127, test_mse: 0.000730, test_pearson_loss: 0.3253
learn rate: 0.001000
epoch: 2280, train_mse: 0.000332, train_pearson_loss: 0.3272, test_mse: 0.000615, test_pearson_loss: 0.3318
learn rate: 0.001000
epoch: 2290, train_mse: 0.000248, train_pearson_loss: 0.3112, test_mse: 0.000607, test_pearson_loss: 0.3208
learn rate: 0.001000
epoch: 2300, train_mse: 0.000253, train_pearson_loss: 0.3113, test_mse: 0.000660, test_pearson_loss: 0.3238
learn rate: 0.001000
epoch: 2310, train_mse: 0.000255, train_pearson_loss: 0.3104, test_mse: 0.000596, test_pearson_loss: 0.3216
learn rate: 0.001000
epoch: 2320, train_mse: 0.000237, train_pearson_loss: 0.3075, test_mse: 0.000586, test_pearson_loss: 0.3206
learn rate: 0.001000
epoch: 2330, train_mse: 0.000236, train_pearson_loss: 0.3076, test_mse: 0.000568, test_pearson_loss: 0.3201
learn rate: 0.001000
epoch: 2340, train_mse: 0.000259, train_pearson_loss: 0.3091, test_mse: 0.000620, test_pearson_loss: 0.3227
learn rate: 0.001000
epoch: 2350, train_mse: 0.000241, train_pearson_loss: 0.3072, test_mse: 0.000613, test_pearson_loss: 0.3200
learn rate: 0.001000
epoch: 2360, train_mse: 0.000280, train_pearson_loss: 0.3135, test_mse: 0.000630, test_pearson_loss: 0.3276
learn rate: 0.001000
epoch: 2370, train_mse: 0.000261, train_pearson_loss: 0.3102, test_mse: 0.000635, test_pearson_loss: 0.3220
learn rate: 0.001000
epoch: 2380, train_mse: 0.000230, train_pearson_loss: 0.3062, test_mse: 0.000579, test_pearson_loss: 0.3194
learn rate: 0.001000
epoch: 2390, train_mse: 0.000228, train_pearson_loss: 0.3043, test_mse: 0.000582, test_pearson_loss: 0.3194
learn rate: 0.001000
epoch: 2400, train_mse: 0.000226, train_pearson_loss: 0.3034, test_mse: 0.000585, test_pearson_loss: 0.3187
learn rate: 0.001000
epoch: 2410, train_mse: 0.000248, train_pearson_loss: 0.3063, test_mse: 0.000666, test_pearson_loss: 0.3248
learn rate: 0.001000
epoch: 2420, train_mse: 0.000337, train_pearson_loss: 0.3259, test_mse: 0.000847, test_pearson_loss: 0.3343
learn rate: 0.001000
epoch: 2430, train_mse: 0.000320, train_pearson_loss: 0.3196, test_mse: 0.000728, test_pearson_loss: 0.3310
learn rate: 0.001000
epoch: 2440, train_mse: 0.000272, train_pearson_loss: 0.3144, test_mse: 0.000625, test_pearson_loss: 0.3244
learn rate: 0.001000
epoch: 2450, train_mse: 0.000264, train_pearson_loss: 0.3133, test_mse: 0.000614, test_pearson_loss: 0.3236
learn rate: 0.001000
epoch: 2460, train_mse: 0.000245, train_pearson_loss: 0.3089, test_mse: 0.000615, test_pearson_loss: 0.3217
learn rate: 0.001000
epoch: 2470, train_mse: 0.000236, train_pearson_loss: 0.3071, test_mse: 0.000589, test_pearson_loss: 0.3199
learn rate: 0.001000
epoch: 2480, train_mse: 0.000232, train_pearson_loss: 0.3055, test_mse: 0.002156, test_pearson_loss: 0.3260
learn rate: 0.001000
epoch: 2490, train_mse: 0.000238, train_pearson_loss: 0.3060, test_mse: 0.000602, test_pearson_loss: 0.3216
learn rate: 0.001000
epoch: 2500, train_mse: 0.000243, train_pearson_loss: 0.3064, test_mse: 0.000597, test_pearson_loss: 0.3209
learn rate: 0.001000
epoch: 2510, train_mse: 0.000230, train_pearson_loss: 0.3041, test_mse: 0.000591, test_pearson_loss: 0.3190
learn rate: 0.001000
epoch: 2520, train_mse: 0.000281, train_pearson_loss: 0.3118, test_mse: 0.000876, test_pearson_loss: 0.3283
learn rate: 0.001000
epoch: 2530, train_mse: 0.000374, train_pearson_loss: 0.3226, test_mse: 0.000807, test_pearson_loss: 0.3422
learn rate: 0.001000
epoch: 2540, train_mse: 0.000273, train_pearson_loss: 0.3188, test_mse: 0.000598, test_pearson_loss: 0.3253
learn rate: 0.001000
epoch: 2550, train_mse: 0.000240, train_pearson_loss: 0.3101, test_mse: 0.000593, test_pearson_loss: 0.3216
learn rate: 0.001000
epoch: 2560, train_mse: 0.000231, train_pearson_loss: 0.3069, test_mse: 0.000586, test_pearson_loss: 0.3202
learn rate: 0.001000
epoch: 2570, train_mse: 0.000252, train_pearson_loss: 0.3093, test_mse: 0.000618, test_pearson_loss: 0.3225
learn rate: 0.001000
epoch: 2580, train_mse: 0.000261, train_pearson_loss: 0.3111, test_mse: 0.000640, test_pearson_loss: 0.3217
learn rate: 0.001000
epoch: 2590, train_mse: 0.000239, train_pearson_loss: 0.3071, test_mse: 0.000588, test_pearson_loss: 0.3197
learn rate: 0.001000
epoch: 2600, train_mse: 0.000234, train_pearson_loss: 0.3059, test_mse: 0.000604, test_pearson_loss: 0.3206
learn rate: 0.001000
epoch: 2610, train_mse: 0.000229, train_pearson_loss: 0.3049, test_mse: 0.000590, test_pearson_loss: 0.3190
learn rate: 0.001000
epoch: 2620, train_mse: 0.000245, train_pearson_loss: 0.3077, test_mse: 0.000571, test_pearson_loss: 0.3232
learn rate: 0.001000
epoch: 2630, train_mse: 0.000270, train_pearson_loss: 0.3157, test_mse: 0.000687, test_pearson_loss: 0.3267
learn rate: 0.001000
epoch: 2640, train_mse: 0.000234, train_pearson_loss: 0.3050, test_mse: 0.000587, test_pearson_loss: 0.3202
learn rate: 0.001000
epoch: 2650, train_mse: 0.000227, train_pearson_loss: 0.3033, test_mse: 0.000604, test_pearson_loss: 0.3198
learn rate: 0.001000
epoch: 2660, train_mse: 0.000235, train_pearson_loss: 0.3073, test_mse: 0.000567, test_pearson_loss: 0.3223
learn rate: 0.001000
epoch: 2670, train_mse: 0.000255, train_pearson_loss: 0.3095, test_mse: 0.000591, test_pearson_loss: 0.3239
learn rate: 0.001000
epoch: 2680, train_mse: 0.000383, train_pearson_loss: 0.3505, test_mse: 0.000612, test_pearson_loss: 0.3517
learn rate: 0.001000
epoch: 2690, train_mse: 0.000257, train_pearson_loss: 0.3132, test_mse: 0.000605, test_pearson_loss: 0.3249
learn rate: 0.001000
epoch: 2700, train_mse: 0.000237, train_pearson_loss: 0.3081, test_mse: 0.000585, test_pearson_loss: 0.3216
learn rate: 0.001000
epoch: 2710, train_mse: 0.000236, train_pearson_loss: 0.3052, test_mse: 0.000582, test_pearson_loss: 0.3206
learn rate: 0.001000
epoch: 2720, train_mse: 0.000226, train_pearson_loss: 0.3030, test_mse: 0.000571, test_pearson_loss: 0.3191
learn rate: 0.001000
epoch: 2730, train_mse: 0.000226, train_pearson_loss: 0.3023, test_mse: 0.000570, test_pearson_loss: 0.3191
learn rate: 0.001000
epoch: 2740, train_mse: 0.000232, train_pearson_loss: 0.3020, test_mse: 0.000575, test_pearson_loss: 0.3194
learn rate: 0.001000
epoch: 2750, train_mse: 0.000241, train_pearson_loss: 0.3043, test_mse: 0.000587, test_pearson_loss: 0.3194
learn rate: 0.001000
epoch: 2760, train_mse: 0.000250, train_pearson_loss: 0.3105, test_mse: 0.000574, test_pearson_loss: 0.3235
learn rate: 0.001000
epoch: 2770, train_mse: 0.000254, train_pearson_loss: 0.3059, test_mse: 0.000639, test_pearson_loss: 0.3230
learn rate: 0.001000
epoch: 2780, train_mse: 0.000246, train_pearson_loss: 0.3052, test_mse: 0.000560, test_pearson_loss: 0.3205
learn rate: 0.001000
epoch: 2790, train_mse: 0.000222, train_pearson_loss: 0.3008, test_mse: 0.000576, test_pearson_loss: 0.3184
learn rate: 0.001000
epoch: 2800, train_mse: 0.000228, train_pearson_loss: 0.3005, test_mse: 0.000597, test_pearson_loss: 0.3185
learn rate: 0.001000
epoch: 2810, train_mse: 0.000354, train_pearson_loss: 0.3518, test_mse: 0.000617, test_pearson_loss: 0.3441
learn rate: 0.001000
epoch: 2820, train_mse: 0.000236, train_pearson_loss: 0.3084, test_mse: 0.000579, test_pearson_loss: 0.3222
learn rate: 0.001000
epoch: 2830, train_mse: 0.000240, train_pearson_loss: 0.3046, test_mse: 0.000601, test_pearson_loss: 0.3216
learn rate: 0.001000
epoch: 2840, train_mse: 0.000244, train_pearson_loss: 0.3042, test_mse: 0.000608, test_pearson_loss: 0.3211
learn rate: 0.001000
epoch: 2850, train_mse: 0.000229, train_pearson_loss: 0.3024, test_mse: 0.000573, test_pearson_loss: 0.3190
learn rate: 0.001000
epoch: 2860, train_mse: 0.000223, train_pearson_loss: 0.2998, test_mse: 0.000566, test_pearson_loss: 0.3194
learn rate: 0.001000
epoch: 2870, train_mse: 0.000225, train_pearson_loss: 0.2994, test_mse: 0.000622, test_pearson_loss: 0.3185
learn rate: 0.001000
epoch: 2880, train_mse: 0.000273, train_pearson_loss: 0.3077, test_mse: 0.000632, test_pearson_loss: 0.3231
learn rate: 0.001000
epoch: 2890, train_mse: 0.000474, train_pearson_loss: 0.3657, test_mse: 0.000773, test_pearson_loss: 0.3661
learn rate: 0.001000
epoch: 2900, train_mse: 0.000287, train_pearson_loss: 0.3203, test_mse: 0.000635, test_pearson_loss: 0.3303
learn rate: 0.001000
epoch: 2910, train_mse: 0.000247, train_pearson_loss: 0.3099, test_mse: 0.000627, test_pearson_loss: 0.3241
learn rate: 0.001000
epoch: 2920, train_mse: 0.000283, train_pearson_loss: 0.3116, test_mse: 0.000606, test_pearson_loss: 0.3239
learn rate: 0.001000
epoch: 2930, train_mse: 0.000237, train_pearson_loss: 0.3060, test_mse: 0.000574, test_pearson_loss: 0.3202
learn rate: 0.001000
epoch: 2940, train_mse: 0.000227, train_pearson_loss: 0.3024, test_mse: 0.000583, test_pearson_loss: 0.3187
learn rate: 0.001000
epoch: 2950, train_mse: 0.000229, train_pearson_loss: 0.3016, test_mse: 0.000585, test_pearson_loss: 0.3182
learn rate: 0.001000
epoch: 2960, train_mse: 0.000229, train_pearson_loss: 0.3007, test_mse: 0.000576, test_pearson_loss: 0.3185
learn rate: 0.001000
epoch: 2970, train_mse: 0.000267, train_pearson_loss: 0.3046, test_mse: 0.000597, test_pearson_loss: 0.3221
learn rate: 0.001000
epoch: 2980, train_mse: 0.000265, train_pearson_loss: 0.3117, test_mse: 0.000587, test_pearson_loss: 0.3248
learn rate: 0.001000
epoch: 2990, train_mse: 0.000247, train_pearson_loss: 0.3063, test_mse: 0.000603, test_pearson_loss: 0.3204
learn rate: 0.001000
epoch: 3000, train_mse: 0.000230, train_pearson_loss: 0.3024, test_mse: 0.000590, test_pearson_loss: 0.3183
learn rate: 0.001000
epoch: 3010, train_mse: 0.000223, train_pearson_loss: 0.3008, test_mse: 0.000582, test_pearson_loss: 0.3180
learn rate: 0.001000
epoch: 3020, train_mse: 0.000232, train_pearson_loss: 0.3004, test_mse: 0.000580, test_pearson_loss: 0.3194
learn rate: 0.001000
epoch: 3030, train_mse: 0.000227, train_pearson_loss: 0.3000, test_mse: 0.000598, test_pearson_loss: 0.3185
learn rate: 0.001000
epoch: 3040, train_mse: 0.000253, train_pearson_loss: 0.3045, test_mse: 0.000648, test_pearson_loss: 0.3245
learn rate: 0.001000
epoch: 3050, train_mse: 0.000250, train_pearson_loss: 0.3040, test_mse: 0.000583, test_pearson_loss: 0.3200
learn rate: 0.001000
epoch: 3060, train_mse: 0.000235, train_pearson_loss: 0.3048, test_mse: 0.000566, test_pearson_loss: 0.3217
learn rate: 0.001000
epoch: 3070, train_mse: 0.000227, train_pearson_loss: 0.3011, test_mse: 0.000569, test_pearson_loss: 0.3192
learn rate: 0.001000
epoch: 3080, train_mse: 0.000223, train_pearson_loss: 0.2994, test_mse: 0.000558, test_pearson_loss: 0.3200
learn rate: 0.001000
epoch: 3090, train_mse: 0.000247, train_pearson_loss: 0.3018, test_mse: 0.000584, test_pearson_loss: 0.3221
learn rate: 0.001000
epoch: 3100, train_mse: 0.000230, train_pearson_loss: 0.2998, test_mse: 0.000569, test_pearson_loss: 0.3193
learn rate: 0.001000
epoch: 3110, train_mse: 0.000221, train_pearson_loss: 0.2979, test_mse: 0.000558, test_pearson_loss: 0.3185
learn rate: 0.001000
epoch: 3120, train_mse: 0.000220, train_pearson_loss: 0.2973, test_mse: 0.000569, test_pearson_loss: 0.3183
learn rate: 0.001000
epoch: 3130, train_mse: 0.000250, train_pearson_loss: 0.3056, test_mse: 0.000596, test_pearson_loss: 0.3248
learn rate: 0.001000
epoch: 3140, train_mse: 0.000239, train_pearson_loss: 0.2996, test_mse: 0.000576, test_pearson_loss: 0.3196
learn rate: 0.001000
epoch: 3150, train_mse: 0.000267, train_pearson_loss: 0.3068, test_mse: 0.000693, test_pearson_loss: 0.3213
learn rate: 0.001000
epoch: 3160, train_mse: 0.000225, train_pearson_loss: 0.2998, test_mse: 0.000584, test_pearson_loss: 0.3194
learn rate: 0.001000
epoch: 3170, train_mse: 0.000230, train_pearson_loss: 0.2989, test_mse: 0.000588, test_pearson_loss: 0.3199
learn rate: 0.001000
epoch: 3180, train_mse: 0.000222, train_pearson_loss: 0.2982, test_mse: 0.000581, test_pearson_loss: 0.3192
learn rate: 0.001000
epoch: 3190, train_mse: 0.000246, train_pearson_loss: 0.3038, test_mse: 0.000566, test_pearson_loss: 0.3228
learn rate: 0.001000
epoch: 3200, train_mse: 0.000268, train_pearson_loss: 0.3049, test_mse: 0.000666, test_pearson_loss: 0.3256
learn rate: 0.001000
epoch: 3210, train_mse: 0.000280, train_pearson_loss: 0.3084, test_mse: 0.000648, test_pearson_loss: 0.3239
learn rate: 0.001000
epoch: 3220, train_mse: 0.000239, train_pearson_loss: 0.3017, test_mse: 0.000588, test_pearson_loss: 0.3207
learn rate: 0.001000
epoch: 3230, train_mse: 0.000227, train_pearson_loss: 0.2989, test_mse: 0.000580, test_pearson_loss: 0.3184
learn rate: 0.001000
epoch: 3240, train_mse: 0.000227, train_pearson_loss: 0.2984, test_mse: 0.000592, test_pearson_loss: 0.3189
learn rate: 0.001000
epoch: 3250, train_mse: 0.000235, train_pearson_loss: 0.2982, test_mse: 0.000631, test_pearson_loss: 0.3188
learn rate: 0.001000
epoch: 3260, train_mse: 0.000257, train_pearson_loss: 0.3012, test_mse: 0.000616, test_pearson_loss: 0.3216
learn rate: 0.001000
epoch: 3270, train_mse: 0.000271, train_pearson_loss: 0.3069, test_mse: 0.000601, test_pearson_loss: 0.3259
learn rate: 0.001000
epoch: 3280, train_mse: 0.000229, train_pearson_loss: 0.2998, test_mse: 0.000595, test_pearson_loss: 0.3192
learn rate: 0.001000
epoch: 3290, train_mse: 0.000221, train_pearson_loss: 0.2971, test_mse: 0.000579, test_pearson_loss: 0.3185
learn rate: 0.001000
epoch: 3300, train_mse: 0.000231, train_pearson_loss: 0.2981, test_mse: 0.000582, test_pearson_loss: 0.3187
learn rate: 0.001000
epoch: 3310, train_mse: 0.000231, train_pearson_loss: 0.2979, test_mse: 0.000574, test_pearson_loss: 0.3199
learn rate: 0.001000
epoch: 3320, train_mse: 0.000227, train_pearson_loss: 0.2972, test_mse: 0.000589, test_pearson_loss: 0.3190
learn rate: 0.001000
epoch: 3330, train_mse: 0.000220, train_pearson_loss: 0.2956, test_mse: 0.000574, test_pearson_loss: 0.3185
learn rate: 0.001000
epoch: 3340, train_mse: 0.000225, train_pearson_loss: 0.2957, test_mse: 0.000571, test_pearson_loss: 0.3202
learn rate: 0.001000
epoch: 3350, train_mse: 0.000260, train_pearson_loss: 0.3030, test_mse: 0.000847, test_pearson_loss: 0.3415
learn rate: 0.001000
epoch: 3360, train_mse: 0.000330, train_pearson_loss: 0.3362, test_mse: 0.000620, test_pearson_loss: 0.3357
learn rate: 0.001000
epoch: 3370, train_mse: 0.000280, train_pearson_loss: 0.3212, test_mse: 0.000612, test_pearson_loss: 0.3278
learn rate: 0.001000
epoch: 3380, train_mse: 0.000259, train_pearson_loss: 0.3137, test_mse: 0.000583, test_pearson_loss: 0.3262
learn rate: 0.001000
epoch: 3390, train_mse: 0.000251, train_pearson_loss: 0.3083, test_mse: 0.000621, test_pearson_loss: 0.3235
learn rate: 0.001000
epoch: 3400, train_mse: 0.000246, train_pearson_loss: 0.3061, test_mse: 0.000577, test_pearson_loss: 0.3213
learn rate: 0.001000
epoch: 3410, train_mse: 0.000261, train_pearson_loss: 0.3071, test_mse: 0.000588, test_pearson_loss: 0.3245
learn rate: 0.001000
epoch: 3420, train_mse: 0.000296, train_pearson_loss: 0.3100, test_mse: 0.000565, test_pearson_loss: 0.3228
learn rate: 0.001000
epoch: 3430, train_mse: 0.000251, train_pearson_loss: 0.3053, test_mse: 0.000590, test_pearson_loss: 0.3206
learn rate: 0.001000
epoch: 3440, train_mse: 0.000234, train_pearson_loss: 0.3028, test_mse: 0.000582, test_pearson_loss: 0.3193
learn rate: 0.001000
epoch: 3450, train_mse: 0.000252, train_pearson_loss: 0.3022, test_mse: 0.000613, test_pearson_loss: 0.3197
learn rate: 0.001000
epoch: 3460, train_mse: 0.000256, train_pearson_loss: 0.3031, test_mse: 0.000604, test_pearson_loss: 0.3210
learn rate: 0.001000
epoch: 3470, train_mse: 0.000251, train_pearson_loss: 0.3031, test_mse: 0.000567, test_pearson_loss: 0.3195
learn rate: 0.001000
epoch: 3480, train_mse: 0.000235, train_pearson_loss: 0.3002, test_mse: 0.000562, test_pearson_loss: 0.3186
learn rate: 0.001000
epoch: 3490, train_mse: 0.000228, train_pearson_loss: 0.2996, test_mse: 0.000570, test_pearson_loss: 0.3180
learn rate: 0.001000
epoch: 3500, train_mse: 0.000228, train_pearson_loss: 0.2986, test_mse: 0.000561, test_pearson_loss: 0.3193
learn rate: 0.001000
epoch: 3510, train_mse: 0.000258, train_pearson_loss: 0.3008, test_mse: 0.000648, test_pearson_loss: 0.3208
learn rate: 0.001000
epoch: 3520, train_mse: 0.000239, train_pearson_loss: 0.3001, test_mse: 0.000577, test_pearson_loss: 0.3214
learn rate: 0.001000
epoch: 3530, train_mse: 0.000238, train_pearson_loss: 0.2998, test_mse: 0.000587, test_pearson_loss: 0.3201
learn rate: 0.001000
epoch: 3540, train_mse: 0.000237, train_pearson_loss: 0.2992, test_mse: 0.000579, test_pearson_loss: 0.3203
learn rate: 0.001000
epoch: 3550, train_mse: 0.000219, train_pearson_loss: 0.2964, test_mse: 0.000564, test_pearson_loss: 0.3182
learn rate: 0.001000
epoch: 3560, train_mse: 0.000228, train_pearson_loss: 0.2967, test_mse: 0.000560, test_pearson_loss: 0.3181
learn rate: 0.001000
epoch: 3570, train_mse: 0.000247, train_pearson_loss: 0.3003, test_mse: 0.000614, test_pearson_loss: 0.3207
learn rate: 0.001000
epoch: 3580, train_mse: 0.000266, train_pearson_loss: 0.3049, test_mse: 0.000654, test_pearson_loss: 0.3232
learn rate: 0.001000
epoch: 3590, train_mse: 0.000232, train_pearson_loss: 0.2993, test_mse: 0.000590, test_pearson_loss: 0.3197
learn rate: 0.001000
epoch: 3600, train_mse: 0.000253, train_pearson_loss: 0.3016, test_mse: 0.000597, test_pearson_loss: 0.3242
learn rate: 0.001000
epoch: 3610, train_mse: 0.000238, train_pearson_loss: 0.3011, test_mse: 0.000561, test_pearson_loss: 0.3185
learn rate: 0.001000
epoch: 3620, train_mse: 0.000234, train_pearson_loss: 0.2971, test_mse: 0.000581, test_pearson_loss: 0.3194
learn rate: 0.001000
epoch: 3630, train_mse: 0.000243, train_pearson_loss: 0.3008, test_mse: 0.000568, test_pearson_loss: 0.3202
learn rate: 0.001000
epoch: 3640, train_mse: 0.000254, train_pearson_loss: 0.3022, test_mse: 0.000587, test_pearson_loss: 0.3233
learn rate: 0.001000
epoch: 3650, train_mse: 0.000240, train_pearson_loss: 0.2996, test_mse: 0.000581, test_pearson_loss: 0.3191
learn rate: 0.001000
epoch: 3660, train_mse: 0.000245, train_pearson_loss: 0.2995, test_mse: 0.000624, test_pearson_loss: 0.3208
learn rate: 0.001000
epoch: 3670, train_mse: 0.000241, train_pearson_loss: 0.3006, test_mse: 0.000609, test_pearson_loss: 0.3190
learn rate: 0.001000
epoch: 3680, train_mse: 0.000227, train_pearson_loss: 0.2969, test_mse: 0.000576, test_pearson_loss: 0.3195
learn rate: 0.001000
epoch: 3690, train_mse: 0.000223, train_pearson_loss: 0.2952, test_mse: 0.000578, test_pearson_loss: 0.3183
learn rate: 0.001000
epoch: 3700, train_mse: 0.000226, train_pearson_loss: 0.2952, test_mse: 0.000572, test_pearson_loss: 0.3193
learn rate: 0.001000
epoch: 3710, train_mse: 0.000276, train_pearson_loss: 0.3040, test_mse: 0.000647, test_pearson_loss: 0.3273
learn rate: 0.001000
epoch: 3720, train_mse: 0.000236, train_pearson_loss: 0.3000, test_mse: 0.000579, test_pearson_loss: 0.3202
learn rate: 0.001000
epoch: 3730, train_mse: 0.000228, train_pearson_loss: 0.2969, test_mse: 0.000593, test_pearson_loss: 0.3180
learn rate: 0.001000
epoch: 3740, train_mse: 0.000224, train_pearson_loss: 0.2966, test_mse: 0.000582, test_pearson_loss: 0.3201
learn rate: 0.001000
epoch: 3750, train_mse: 0.000232, train_pearson_loss: 0.2961, test_mse: 0.000624, test_pearson_loss: 0.3197
learn rate: 0.001000
epoch: 3760, train_mse: 0.000222, train_pearson_loss: 0.2952, test_mse: 0.000561, test_pearson_loss: 0.3190
learn rate: 0.001000
epoch: 3770, train_mse: 0.000216, train_pearson_loss: 0.2933, test_mse: 0.000564, test_pearson_loss: 0.3185
learn rate: 0.001000
epoch: 3780, train_mse: 0.000216, train_pearson_loss: 0.2929, test_mse: 0.000574, test_pearson_loss: 0.3193
learn rate: 0.001000
epoch: 3790, train_mse: 0.000244, train_pearson_loss: 0.2982, test_mse: 0.000681, test_pearson_loss: 0.3228
learn rate: 0.001000
epoch: 3800, train_mse: 0.000258, train_pearson_loss: 0.3023, test_mse: 0.000655, test_pearson_loss: 0.3223
learn rate: 0.001000
epoch: 3810, train_mse: 0.000275, train_pearson_loss: 0.3100, test_mse: 0.000625, test_pearson_loss: 0.3284
learn rate: 0.001000
epoch: 3820, train_mse: 0.000225, train_pearson_loss: 0.2989, test_mse: 0.000592, test_pearson_loss: 0.3182
learn rate: 0.001000
epoch: 3830, train_mse: 0.000224, train_pearson_loss: 0.2964, test_mse: 0.000586, test_pearson_loss: 0.3197
learn rate: 0.001000
epoch: 3840, train_mse: 0.000226, train_pearson_loss: 0.2962, test_mse: 0.000596, test_pearson_loss: 0.3190
learn rate: 0.001000
epoch: 3850, train_mse: 0.000234, train_pearson_loss: 0.2972, test_mse: 0.000579, test_pearson_loss: 0.3206
learn rate: 0.001000
epoch: 3860, train_mse: 0.000222, train_pearson_loss: 0.2959, test_mse: 0.000562, test_pearson_loss: 0.3191
learn rate: 0.001000
epoch: 3870, train_mse: 0.000221, train_pearson_loss: 0.2945, test_mse: 0.000603, test_pearson_loss: 0.3175
learn rate: 0.001000
epoch: 3880, train_mse: 0.000220, train_pearson_loss: 0.2947, test_mse: 0.000571, test_pearson_loss: 0.3193
learn rate: 0.001000
epoch: 3890, train_mse: 0.000241, train_pearson_loss: 0.2967, test_mse: 0.000593, test_pearson_loss: 0.3190
learn rate: 0.001000
epoch: 3900, train_mse: 0.000253, train_pearson_loss: 0.3093, test_mse: 0.000629, test_pearson_loss: 0.3256
learn rate: 0.001000
epoch: 3910, train_mse: 0.000236, train_pearson_loss: 0.3005, test_mse: 0.000577, test_pearson_loss: 0.3213
learn rate: 0.001000
epoch: 3920, train_mse: 0.000226, train_pearson_loss: 0.2968, test_mse: 0.000617, test_pearson_loss: 0.3196
learn rate: 0.001000
epoch: 3930, train_mse: 0.000239, train_pearson_loss: 0.2975, test_mse: 0.000594, test_pearson_loss: 0.3202
learn rate: 0.001000
epoch: 3940, train_mse: 0.000216, train_pearson_loss: 0.2934, test_mse: 0.000591, test_pearson_loss: 0.3179
learn rate: 0.001000
epoch: 3950, train_mse: 0.000229, train_pearson_loss: 0.2963, test_mse: 0.000556, test_pearson_loss: 0.3196
learn rate: 0.001000
epoch: 3960, train_mse: 0.000223, train_pearson_loss: 0.2931, test_mse: 0.000602, test_pearson_loss: 0.3182
learn rate: 0.001000
epoch: 3970, train_mse: 0.000223, train_pearson_loss: 0.2936, test_mse: 0.000592, test_pearson_loss: 0.3172
learn rate: 0.001000
epoch: 3980, train_mse: 0.000218, train_pearson_loss: 0.2924, test_mse: 0.000561, test_pearson_loss: 0.3187
learn rate: 0.001000
epoch: 3990, train_mse: 0.000222, train_pearson_loss: 0.2926, test_mse: 0.000605, test_pearson_loss: 0.3174
learn rate: 0.001000
epoch: 4000, train_mse: 0.000217, train_pearson_loss: 0.2911, test_mse: 0.000582, test_pearson_loss: 0.3184
learn rate: 0.001000
epoch: 4010, train_mse: 0.000216, train_pearson_loss: 0.2909, test_mse: 0.000581, test_pearson_loss: 0.3182
learn rate: 0.001000
epoch: 4020, train_mse: 0.000241, train_pearson_loss: 0.2994, test_mse: 0.000572, test_pearson_loss: 0.3252
learn rate: 0.001000
epoch: 4030, train_mse: 0.000269, train_pearson_loss: 0.3049, test_mse: 0.000614, test_pearson_loss: 0.3252
learn rate: 0.001000
epoch: 4040, train_mse: 0.000235, train_pearson_loss: 0.2964, test_mse: 0.000589, test_pearson_loss: 0.3198
learn rate: 0.001000
epoch: 4050, train_mse: 0.000231, train_pearson_loss: 0.2948, test_mse: 0.000620, test_pearson_loss: 0.3194
learn rate: 0.001000
epoch: 4060, train_mse: 0.000246, train_pearson_loss: 0.3013, test_mse: 0.000593, test_pearson_loss: 0.3217
learn rate: 0.001000
epoch: 4070, train_mse: 0.000288, train_pearson_loss: 0.3070, test_mse: 0.000604, test_pearson_loss: 0.3260
learn rate: 0.001000
epoch: 4080, train_mse: 0.000241, train_pearson_loss: 0.3025, test_mse: 0.000591, test_pearson_loss: 0.3200
learn rate: 0.001000
epoch: 4090, train_mse: 0.000227, train_pearson_loss: 0.2967, test_mse: 0.000588, test_pearson_loss: 0.3189
learn rate: 0.001000
epoch: 4100, train_mse: 0.000219, train_pearson_loss: 0.2942, test_mse: 0.000593, test_pearson_loss: 0.3180
learn rate: 0.001000
epoch: 4110, train_mse: 0.000216, train_pearson_loss: 0.2929, test_mse: 0.000586, test_pearson_loss: 0.3182
learn rate: 0.001000
epoch: 4120, train_mse: 0.000218, train_pearson_loss: 0.2925, test_mse: 0.000607, test_pearson_loss: 0.3192
learn rate: 0.001000
epoch: 4130, train_mse: 0.000290, train_pearson_loss: 0.3178, test_mse: 0.000615, test_pearson_loss: 0.3330
learn rate: 0.001000
epoch: 4140, train_mse: 0.000226, train_pearson_loss: 0.2952, test_mse: 0.000620, test_pearson_loss: 0.3180
learn rate: 0.001000
epoch: 4150, train_mse: 0.000236, train_pearson_loss: 0.2950, test_mse: 0.000605, test_pearson_loss: 0.3199
learn rate: 0.001000
epoch: 4160, train_mse: 0.000230, train_pearson_loss: 0.2941, test_mse: 0.000622, test_pearson_loss: 0.3186
learn rate: 0.001000
epoch: 4170, train_mse: 0.000228, train_pearson_loss: 0.2963, test_mse: 0.000587, test_pearson_loss: 0.3205
learn rate: 0.001000
epoch: 4180, train_mse: 0.000249, train_pearson_loss: 0.3017, test_mse: 0.000623, test_pearson_loss: 0.3227
learn rate: 0.001000
epoch: 4190, train_mse: 0.000265, train_pearson_loss: 0.3018, test_mse: 0.000651, test_pearson_loss: 0.3242
learn rate: 0.001000
epoch: 4200, train_mse: 0.000229, train_pearson_loss: 0.2957, test_mse: 0.000577, test_pearson_loss: 0.3193
learn rate: 0.001000
epoch: 4210, train_mse: 0.000221, train_pearson_loss: 0.2936, test_mse: 0.000595, test_pearson_loss: 0.3188
learn rate: 0.001000
epoch: 4220, train_mse: 0.000220, train_pearson_loss: 0.2924, test_mse: 0.000576, test_pearson_loss: 0.3183
learn rate: 0.001000
epoch: 4230, train_mse: 0.000232, train_pearson_loss: 0.2935, test_mse: 0.000608, test_pearson_loss: 0.3198
learn rate: 0.001000
epoch: 4240, train_mse: 0.000228, train_pearson_loss: 0.2925, test_mse: 0.000611, test_pearson_loss: 0.3194
learn rate: 0.001000
epoch: 4250, train_mse: 0.000227, train_pearson_loss: 0.2937, test_mse: 0.000613, test_pearson_loss: 0.3198
learn rate: 0.001000
epoch: 4260, train_mse: 0.000215, train_pearson_loss: 0.2909, test_mse: 0.000579, test_pearson_loss: 0.3183
learn rate: 0.001000
epoch: 4270, train_mse: 0.000227, train_pearson_loss: 0.2920, test_mse: 0.000578, test_pearson_loss: 0.3190
learn rate: 0.001000
epoch: 4280, train_mse: 0.000222, train_pearson_loss: 0.2909, test_mse: 0.000589, test_pearson_loss: 0.3197
learn rate: 0.001000
epoch: 4290, train_mse: 0.000213, train_pearson_loss: 0.2896, test_mse: 0.000587, test_pearson_loss: 0.3185
learn rate: 0.001000
epoch: 4300, train_mse: 0.000219, train_pearson_loss: 0.2903, test_mse: 0.000585, test_pearson_loss: 0.3191
learn rate: 0.001000
epoch: 4310, train_mse: 0.000255, train_pearson_loss: 0.3051, test_mse: 0.000657, test_pearson_loss: 0.3263
learn rate: 0.001000
epoch: 4320, train_mse: 0.000236, train_pearson_loss: 0.2982, test_mse: 0.000575, test_pearson_loss: 0.3204
learn rate: 0.001000
epoch: 4330, train_mse: 0.000216, train_pearson_loss: 0.2912, test_mse: 0.000578, test_pearson_loss: 0.3178
learn rate: 0.001000
epoch: 4340, train_mse: 0.000213, train_pearson_loss: 0.2895, test_mse: 0.000566, test_pearson_loss: 0.3177
learn rate: 0.001000
epoch: 4350, train_mse: 0.000221, train_pearson_loss: 0.2899, test_mse: 0.000577, test_pearson_loss: 0.3197
learn rate: 0.001000
epoch: 4360, train_mse: 0.000219, train_pearson_loss: 0.2904, test_mse: 0.000571, test_pearson_loss: 0.3178
learn rate: 0.001000
epoch: 4370, train_mse: 0.000212, train_pearson_loss: 0.2880, test_mse: 0.000574, test_pearson_loss: 0.3182
learn rate: 0.001000
epoch: 4380, train_mse: 0.000218, train_pearson_loss: 0.2891, test_mse: 0.000586, test_pearson_loss: 0.3182
learn rate: 0.001000
epoch: 4390, train_mse: 0.000226, train_pearson_loss: 0.2903, test_mse: 0.000626, test_pearson_loss: 0.3213
learn rate: 0.001000
epoch: 4400, train_mse: 0.000225, train_pearson_loss: 0.2902, test_mse: 0.000606, test_pearson_loss: 0.3191
learn rate: 0.001000
epoch: 4410, train_mse: 0.000216, train_pearson_loss: 0.2887, test_mse: 0.000559, test_pearson_loss: 0.3183
learn rate: 0.001000
epoch: 4420, train_mse: 0.000217, train_pearson_loss: 0.2878, test_mse: 0.000581, test_pearson_loss: 0.3202
learn rate: 0.001000
epoch: 4430, train_mse: 0.000219, train_pearson_loss: 0.2886, test_mse: 0.000574, test_pearson_loss: 0.3197
learn rate: 0.001000
epoch: 4440, train_mse: 0.000218, train_pearson_loss: 0.2881, test_mse: 0.000566, test_pearson_loss: 0.3187
learn rate: 0.001000
epoch: 4450, train_mse: 0.000226, train_pearson_loss: 0.2938, test_mse: 0.000599, test_pearson_loss: 0.3230
learn rate: 0.001000
epoch: 4460, train_mse: 0.000256, train_pearson_loss: 0.3018, test_mse: 0.000647, test_pearson_loss: 0.3277
learn rate: 0.001000
epoch: 4470, train_mse: 0.000255, train_pearson_loss: 0.2961, test_mse: 0.000673, test_pearson_loss: 0.3235
learn rate: 0.001000
epoch: 4480, train_mse: 0.000306, train_pearson_loss: 0.3051, test_mse: 0.000715, test_pearson_loss: 0.3273
learn rate: 0.001000
epoch: 4490, train_mse: 0.000218, train_pearson_loss: 0.2914, test_mse: 0.000588, test_pearson_loss: 0.3181
learn rate: 0.001000
epoch: 4500, train_mse: 0.000216, train_pearson_loss: 0.2896, test_mse: 0.000575, test_pearson_loss: 0.3190
learn rate: 0.001000
epoch: 4510, train_mse: 0.000226, train_pearson_loss: 0.2896, test_mse: 0.000637, test_pearson_loss: 0.3202
learn rate: 0.001000
epoch: 4520, train_mse: 0.000285, train_pearson_loss: 0.3033, test_mse: 0.000586, test_pearson_loss: 0.3242
learn rate: 0.001000
epoch: 4530, train_mse: 0.000236, train_pearson_loss: 0.2939, test_mse: 0.000592, test_pearson_loss: 0.3202
learn rate: 0.001000
epoch: 4540, train_mse: 0.000240, train_pearson_loss: 0.2947, test_mse: 0.000618, test_pearson_loss: 0.3202
learn rate: 0.001000
epoch: 4550, train_mse: 0.000220, train_pearson_loss: 0.2904, test_mse: 0.000567, test_pearson_loss: 0.3193
learn rate: 0.001000
epoch: 4560, train_mse: 0.000218, train_pearson_loss: 0.2894, test_mse: 0.000578, test_pearson_loss: 0.3191
learn rate: 0.001000
epoch: 4570, train_mse: 0.000220, train_pearson_loss: 0.2898, test_mse: 0.000581, test_pearson_loss: 0.3200
learn rate: 0.001000
epoch: 4580, train_mse: 0.000235, train_pearson_loss: 0.2907, test_mse: 0.000656, test_pearson_loss: 0.3208
learn rate: 0.001000
epoch: 4590, train_mse: 0.000217, train_pearson_loss: 0.2888, test_mse: 0.000565, test_pearson_loss: 0.3185
learn rate: 0.001000
epoch: 4600, train_mse: 0.000215, train_pearson_loss: 0.2884, test_mse: 0.000578, test_pearson_loss: 0.3197
learn rate: 0.001000
epoch: 4610, train_mse: 0.000229, train_pearson_loss: 0.2925, test_mse: 0.000592, test_pearson_loss: 0.3212
learn rate: 0.001000
epoch: 4620, train_mse: 0.000228, train_pearson_loss: 0.2891, test_mse: 0.000586, test_pearson_loss: 0.3190
learn rate: 0.001000
epoch: 4630, train_mse: 0.000218, train_pearson_loss: 0.2880, test_mse: 0.000578, test_pearson_loss: 0.3196
learn rate: 0.001000
epoch: 4640, train_mse: 0.000216, train_pearson_loss: 0.2875, test_mse: 0.000580, test_pearson_loss: 0.3182
learn rate: 0.001000
epoch: 4650, train_mse: 0.000223, train_pearson_loss: 0.2883, test_mse: 0.000593, test_pearson_loss: 0.3217
learn rate: 0.001000
epoch: 4660, train_mse: 0.000225, train_pearson_loss: 0.2875, test_mse: 0.000597, test_pearson_loss: 0.3201
learn rate: 0.001000
epoch: 4670, train_mse: 0.000213, train_pearson_loss: 0.2868, test_mse: 0.000582, test_pearson_loss: 0.3192
learn rate: 0.001000
epoch: 4680, train_mse: 0.000243, train_pearson_loss: 0.2923, test_mse: 0.000582, test_pearson_loss: 0.3222
learn rate: 0.001000
epoch: 4690, train_mse: 0.000222, train_pearson_loss: 0.2879, test_mse: 0.000607, test_pearson_loss: 0.3217
learn rate: 0.001000
epoch: 4700, train_mse: 0.000302, train_pearson_loss: 0.3207, test_mse: 0.000707, test_pearson_loss: 0.3377
learn rate: 0.001000
epoch: 4710, train_mse: 0.000292, train_pearson_loss: 0.3056, test_mse: 0.000629, test_pearson_loss: 0.3280
learn rate: 0.001000
epoch: 4720, train_mse: 0.000231, train_pearson_loss: 0.2924, test_mse: 0.000596, test_pearson_loss: 0.3212
learn rate: 0.001000
epoch: 4730, train_mse: 0.000217, train_pearson_loss: 0.2889, test_mse: 0.000614, test_pearson_loss: 0.3189
learn rate: 0.001000
epoch: 4740, train_mse: 0.000244, train_pearson_loss: 0.2915, test_mse: 0.000604, test_pearson_loss: 0.3232
learn rate: 0.001000
epoch: 4750, train_mse: 0.000224, train_pearson_loss: 0.2881, test_mse: 0.000604, test_pearson_loss: 0.3188
learn rate: 0.001000
epoch: 4760, train_mse: 0.000219, train_pearson_loss: 0.2879, test_mse: 0.000600, test_pearson_loss: 0.3192
learn rate: 0.001000
epoch: 4770, train_mse: 0.000223, train_pearson_loss: 0.2881, test_mse: 0.000622, test_pearson_loss: 0.3192
learn rate: 0.001000
epoch: 4780, train_mse: 0.000221, train_pearson_loss: 0.2897, test_mse: 0.000578, test_pearson_loss: 0.3194
learn rate: 0.001000
epoch: 4790, train_mse: 0.000221, train_pearson_loss: 0.2887, test_mse: 0.000586, test_pearson_loss: 0.3192
learn rate: 0.001000
epoch: 4800, train_mse: 0.000236, train_pearson_loss: 0.2899, test_mse: 0.000640, test_pearson_loss: 0.3234
learn rate: 0.001000
epoch: 4810, train_mse: 0.000243, train_pearson_loss: 0.2908, test_mse: 0.000630, test_pearson_loss: 0.3214
learn rate: 0.001000
epoch: 4820, train_mse: 0.000210, train_pearson_loss: 0.2866, test_mse: 0.000580, test_pearson_loss: 0.3187
learn rate: 0.001000
epoch: 4830, train_mse: 0.000212, train_pearson_loss: 0.2856, test_mse: 0.000579, test_pearson_loss: 0.3195
learn rate: 0.001000
epoch: 4840, train_mse: 0.000212, train_pearson_loss: 0.2851, test_mse: 0.000584, test_pearson_loss: 0.3192
learn rate: 0.001000
epoch: 4850, train_mse: 0.000266, train_pearson_loss: 0.2988, test_mse: 0.000665, test_pearson_loss: 0.3420
learn rate: 0.001000
epoch: 4860, train_mse: 0.000250, train_pearson_loss: 0.2991, test_mse: 0.000587, test_pearson_loss: 0.3211
learn rate: 0.001000
epoch: 4870, train_mse: 0.000235, train_pearson_loss: 0.2923, test_mse: 0.000654, test_pearson_loss: 0.3210
learn rate: 0.001000
epoch: 4880, train_mse: 0.000233, train_pearson_loss: 0.2914, test_mse: 0.000626, test_pearson_loss: 0.3213
learn rate: 0.001000
epoch: 4890, train_mse: 0.000231, train_pearson_loss: 0.2898, test_mse: 0.000625, test_pearson_loss: 0.3187
learn rate: 0.001000
epoch: 4900, train_mse: 0.000218, train_pearson_loss: 0.2877, test_mse: 0.000595, test_pearson_loss: 0.3194
learn rate: 0.001000
epoch: 4910, train_mse: 0.000227, train_pearson_loss: 0.2911, test_mse: 0.000575, test_pearson_loss: 0.3225
learn rate: 0.001000
epoch: 4920, train_mse: 0.000231, train_pearson_loss: 0.2880, test_mse: 0.000650, test_pearson_loss: 0.3205
learn rate: 0.001000
epoch: 4930, train_mse: 0.000216, train_pearson_loss: 0.2876, test_mse: 0.000595, test_pearson_loss: 0.3208
learn rate: 0.001000
epoch: 4940, train_mse: 0.000216, train_pearson_loss: 0.2863, test_mse: 0.000591, test_pearson_loss: 0.3199
learn rate: 0.001000
epoch: 4950, train_mse: 0.000224, train_pearson_loss: 0.2919, test_mse: 0.000568, test_pearson_loss: 0.3209
learn rate: 0.001000
epoch: 4960, train_mse: 0.000220, train_pearson_loss: 0.2879, test_mse: 0.000576, test_pearson_loss: 0.3200
learn rate: 0.001000
epoch: 4970, train_mse: 0.000226, train_pearson_loss: 0.2884, test_mse: 0.000629, test_pearson_loss: 0.3211
learn rate: 0.001000
epoch: 4980, train_mse: 0.000225, train_pearson_loss: 0.2896, test_mse: 0.000634, test_pearson_loss: 0.3228
learn rate: 0.001000
epoch: 4990, train_mse: 0.000241, train_pearson_loss: 0.2918, test_mse: 0.000587, test_pearson_loss: 0.3214
learn rate: 0.001000
epoch: 5000, train_mse: 0.000239, train_pearson_loss: 0.2929, test_mse: 0.000580, test_pearson_loss: 0.3203
learn rate: 0.001000
epoch: 5010, train_mse: 0.000221, train_pearson_loss: 0.2887, test_mse: 0.000584, test_pearson_loss: 0.3200
learn rate: 0.001000
epoch: 5020, train_mse: 0.000213, train_pearson_loss: 0.2865, test_mse: 0.000576, test_pearson_loss: 0.3185
learn rate: 0.001000
epoch: 5030, train_mse: 0.000231, train_pearson_loss: 0.2879, test_mse: 0.000591, test_pearson_loss: 0.3225
learn rate: 0.001000
epoch: 5040, train_mse: 0.000235, train_pearson_loss: 0.2926, test_mse: 0.000611, test_pearson_loss: 0.3204
learn rate: 0.001000
epoch: 5050, train_mse: 0.000219, train_pearson_loss: 0.2884, test_mse: 0.000580, test_pearson_loss: 0.3189
learn rate: 0.001000
epoch: 5060, train_mse: 0.000215, train_pearson_loss: 0.2865, test_mse: 0.000573, test_pearson_loss: 0.3196
learn rate: 0.001000
epoch: 5070, train_mse: 0.000211, train_pearson_loss: 0.2851, test_mse: 0.000575, test_pearson_loss: 0.3183
learn rate: 0.001000
epoch: 5080, train_mse: 0.000210, train_pearson_loss: 0.2845, test_mse: 0.000571, test_pearson_loss: 0.3185
learn rate: 0.001000
epoch: 5090, train_mse: 0.000207, train_pearson_loss: 0.2836, test_mse: 0.000572, test_pearson_loss: 0.3188
learn rate: 0.001000
epoch: 5100, train_mse: 0.000208, train_pearson_loss: 0.2833, test_mse: 0.000595, test_pearson_loss: 0.3180
learn rate: 0.001000
epoch: 5110, train_mse: 0.000221, train_pearson_loss: 0.2877, test_mse: 0.000582, test_pearson_loss: 0.3204
learn rate: 0.001000
epoch: 5120, train_mse: 0.000288, train_pearson_loss: 0.3028, test_mse: 0.000664, test_pearson_loss: 0.3338
learn rate: 0.001000
epoch: 5130, train_mse: 0.000237, train_pearson_loss: 0.2910, test_mse: 0.000577, test_pearson_loss: 0.3195
learn rate: 0.001000
epoch: 5140, train_mse: 0.000214, train_pearson_loss: 0.2866, test_mse: 0.000582, test_pearson_loss: 0.3198
learn rate: 0.001000
epoch: 5150, train_mse: 0.000211, train_pearson_loss: 0.2849, test_mse: 0.000575, test_pearson_loss: 0.3184
learn rate: 0.001000
epoch: 5160, train_mse: 0.000210, train_pearson_loss: 0.2846, test_mse: 0.000585, test_pearson_loss: 0.3199
learn rate: 0.001000
epoch: 5170, train_mse: 0.000213, train_pearson_loss: 0.2846, test_mse: 0.000591, test_pearson_loss: 0.3193
learn rate: 0.001000
epoch: 5180, train_mse: 0.000240, train_pearson_loss: 0.2894, test_mse: 0.000617, test_pearson_loss: 0.3225
learn rate: 0.001000
epoch: 5190, train_mse: 0.000282, train_pearson_loss: 0.2993, test_mse: 0.000602, test_pearson_loss: 0.3276
learn rate: 0.001000
epoch: 5200, train_mse: 0.000248, train_pearson_loss: 0.2945, test_mse: 0.000588, test_pearson_loss: 0.3228
learn rate: 0.001000
epoch: 5210, train_mse: 0.000222, train_pearson_loss: 0.2880, test_mse: 0.000575, test_pearson_loss: 0.3194
learn rate: 0.001000
epoch: 5220, train_mse: 0.000219, train_pearson_loss: 0.2866, test_mse: 0.000581, test_pearson_loss: 0.3185
learn rate: 0.001000
epoch: 5230, train_mse: 0.000218, train_pearson_loss: 0.2865, test_mse: 0.000573, test_pearson_loss: 0.3193
learn rate: 0.001000
epoch: 5240, train_mse: 0.000228, train_pearson_loss: 0.2866, test_mse: 0.000570, test_pearson_loss: 0.3198
learn rate: 0.001000
epoch: 5250, train_mse: 0.000406, train_pearson_loss: 0.3604, test_mse: 0.000686, test_pearson_loss: 0.3640
learn rate: 0.001000
epoch: 5260, train_mse: 0.000254, train_pearson_loss: 0.3079, test_mse: 0.000620, test_pearson_loss: 0.3270
learn rate: 0.001000
epoch: 5270, train_mse: 0.000242, train_pearson_loss: 0.2996, test_mse: 0.000598, test_pearson_loss: 0.3236
learn rate: 0.001000
epoch: 5280, train_mse: 0.000227, train_pearson_loss: 0.2922, test_mse: 0.000578, test_pearson_loss: 0.3197
learn rate: 0.001000
epoch: 5290, train_mse: 0.000245, train_pearson_loss: 0.2931, test_mse: 0.000607, test_pearson_loss: 0.3228
learn rate: 0.001000
epoch: 5300, train_mse: 0.000223, train_pearson_loss: 0.2892, test_mse: 0.000582, test_pearson_loss: 0.3194
learn rate: 0.001000
epoch: 5310, train_mse: 0.000270, train_pearson_loss: 0.2947, test_mse: 0.000656, test_pearson_loss: 0.3224
learn rate: 0.001000
epoch: 5320, train_mse: 0.000214, train_pearson_loss: 0.2881, test_mse: 0.000567, test_pearson_loss: 0.3184
learn rate: 0.001000
epoch: 5330, train_mse: 0.000211, train_pearson_loss: 0.2861, test_mse: 0.000578, test_pearson_loss: 0.3182
learn rate: 0.001000
epoch: 5340, train_mse: 0.000212, train_pearson_loss: 0.2853, test_mse: 0.000571, test_pearson_loss: 0.3185
learn rate: 0.001000
epoch: 5350, train_mse: 0.000221, train_pearson_loss: 0.2873, test_mse: 0.000593, test_pearson_loss: 0.3184
learn rate: 0.001000
epoch: 5360, train_mse: 0.000248, train_pearson_loss: 0.2891, test_mse: 0.000619, test_pearson_loss: 0.3218
learn rate: 0.001000
epoch: 5370, train_mse: 0.000231, train_pearson_loss: 0.2881, test_mse: 0.000597, test_pearson_loss: 0.3197
learn rate: 0.001000
epoch: 5380, train_mse: 0.000219, train_pearson_loss: 0.2860, test_mse: 0.000583, test_pearson_loss: 0.3190
learn rate: 0.001000
epoch: 5390, train_mse: 0.000223, train_pearson_loss: 0.2872, test_mse: 0.000591, test_pearson_loss: 0.3198
learn rate: 0.001000
epoch: 5400, train_mse: 0.000219, train_pearson_loss: 0.2861, test_mse: 0.000569, test_pearson_loss: 0.3197
learn rate: 0.001000
epoch: 5410, train_mse: 0.000221, train_pearson_loss: 0.2879, test_mse: 0.000646, test_pearson_loss: 0.3218
learn rate: 0.001000
epoch: 5420, train_mse: 0.000220, train_pearson_loss: 0.2850, test_mse: 0.000572, test_pearson_loss: 0.3197
learn rate: 0.001000
epoch: 5430, train_mse: 0.000217, train_pearson_loss: 0.2858, test_mse: 0.000576, test_pearson_loss: 0.3202
learn rate: 0.001000
epoch: 5440, train_mse: 0.000212, train_pearson_loss: 0.2835, test_mse: 0.000559, test_pearson_loss: 0.3200
learn rate: 0.001000
epoch: 5450, train_mse: 0.000208, train_pearson_loss: 0.2831, test_mse: 0.000564, test_pearson_loss: 0.3184
learn rate: 0.001000
epoch: 5460, train_mse: 0.000208, train_pearson_loss: 0.2823, test_mse: 0.000603, test_pearson_loss: 0.3175
learn rate: 0.001000
epoch: 5470, train_mse: 0.000214, train_pearson_loss: 0.2829, test_mse: 0.000587, test_pearson_loss: 0.3191
learn rate: 0.001000
epoch: 5480, train_mse: 0.000218, train_pearson_loss: 0.2836, test_mse: 0.000588, test_pearson_loss: 0.3182
learn rate: 0.001000
epoch: 5490, train_mse: 0.000230, train_pearson_loss: 0.2886, test_mse: 0.000602, test_pearson_loss: 0.3223
learn rate: 0.001000
epoch: 5500, train_mse: 0.000218, train_pearson_loss: 0.2840, test_mse: 0.000617, test_pearson_loss: 0.3218
learn rate: 0.001000
epoch: 5510, train_mse: 0.000213, train_pearson_loss: 0.2834, test_mse: 0.000566, test_pearson_loss: 0.3198
learn rate: 0.001000
epoch: 5520, train_mse: 0.000244, train_pearson_loss: 0.2925, test_mse: 0.000718, test_pearson_loss: 0.3229
learn rate: 0.001000
epoch: 5530, train_mse: 0.000279, train_pearson_loss: 0.2977, test_mse: 0.000684, test_pearson_loss: 0.3275
learn rate: 0.001000
epoch: 5540, train_mse: 0.000278, train_pearson_loss: 0.3255, test_mse: 0.000600, test_pearson_loss: 0.3341
learn rate: 0.001000
epoch: 5550, train_mse: 0.000231, train_pearson_loss: 0.3022, test_mse: 0.000595, test_pearson_loss: 0.3246
learn rate: 0.001000
epoch: 5560, train_mse: 0.000222, train_pearson_loss: 0.2950, test_mse: 0.000590, test_pearson_loss: 0.3220
learn rate: 0.001000
epoch: 5570, train_mse: 0.000229, train_pearson_loss: 0.2931, test_mse: 0.000590, test_pearson_loss: 0.3211
learn rate: 0.001000
epoch: 5580, train_mse: 0.000237, train_pearson_loss: 0.2931, test_mse: 0.000591, test_pearson_loss: 0.3208
learn rate: 0.001000
epoch: 5590, train_mse: 0.000267, train_pearson_loss: 0.2981, test_mse: 0.000612, test_pearson_loss: 0.3259
learn rate: 0.001000
epoch: 5600, train_mse: 0.000226, train_pearson_loss: 0.2919, test_mse: 0.000578, test_pearson_loss: 0.3210
learn rate: 0.001000
epoch: 5610, train_mse: 0.000218, train_pearson_loss: 0.2884, test_mse: 0.000583, test_pearson_loss: 0.3196
learn rate: 0.001000
epoch: 5620, train_mse: 0.000217, train_pearson_loss: 0.2866, test_mse: 0.000586, test_pearson_loss: 0.3199
learn rate: 0.001000
epoch: 5630, train_mse: 0.000215, train_pearson_loss: 0.2857, test_mse: 0.000572, test_pearson_loss: 0.3191
learn rate: 0.001000
epoch: 5640, train_mse: 0.000245, train_pearson_loss: 0.2914, test_mse: 0.000607, test_pearson_loss: 0.3225
learn rate: 0.001000
epoch: 5650, train_mse: 0.000248, train_pearson_loss: 0.2900, test_mse: 0.000586, test_pearson_loss: 0.3212
learn rate: 0.001000
epoch: 5660, train_mse: 0.000224, train_pearson_loss: 0.2883, test_mse: 0.000632, test_pearson_loss: 0.3195
learn rate: 0.001000
epoch: 5670, train_mse: 0.000216, train_pearson_loss: 0.2854, test_mse: 0.000584, test_pearson_loss: 0.3195
learn rate: 0.001000
epoch: 5680, train_mse: 0.000209, train_pearson_loss: 0.2842, test_mse: 0.000569, test_pearson_loss: 0.3184
learn rate: 0.001000
epoch: 5690, train_mse: 0.000210, train_pearson_loss: 0.2834, test_mse: 0.000569, test_pearson_loss: 0.3189
learn rate: 0.001000
epoch: 5700, train_mse: 0.000222, train_pearson_loss: 0.2858, test_mse: 0.000585, test_pearson_loss: 0.3191
learn rate: 0.001000
epoch: 5710, train_mse: 0.000216, train_pearson_loss: 0.2837, test_mse: 0.000574, test_pearson_loss: 0.3196
learn rate: 0.001000
epoch: 5720, train_mse: 0.000222, train_pearson_loss: 0.2842, test_mse: 0.000621, test_pearson_loss: 0.3189
learn rate: 0.001000
epoch: 5730, train_mse: 0.000218, train_pearson_loss: 0.2851, test_mse: 0.000591, test_pearson_loss: 0.3196
learn rate: 0.001000
epoch: 5740, train_mse: 0.000221, train_pearson_loss: 0.2846, test_mse: 0.000576, test_pearson_loss: 0.3191
learn rate: 0.001000
epoch: 5750, train_mse: 0.000215, train_pearson_loss: 0.2831, test_mse: 0.000564, test_pearson_loss: 0.3202
learn rate: 0.001000
epoch: 5760, train_mse: 0.000216, train_pearson_loss: 0.2846, test_mse: 0.000569, test_pearson_loss: 0.3197
learn rate: 0.001000
epoch: 5770, train_mse: 0.000210, train_pearson_loss: 0.2823, test_mse: 0.000560, test_pearson_loss: 0.3194
learn rate: 0.001000
epoch: 5780, train_mse: 0.000215, train_pearson_loss: 0.2827, test_mse: 0.000570, test_pearson_loss: 0.3183
learn rate: 0.001000
epoch: 5790, train_mse: 0.000218, train_pearson_loss: 0.2826, test_mse: 0.000561, test_pearson_loss: 0.3203
learn rate: 0.001000
epoch: 5800, train_mse: 0.000217, train_pearson_loss: 0.2827, test_mse: 0.000603, test_pearson_loss: 0.3193
learn rate: 0.001000
epoch: 5810, train_mse: 0.000221, train_pearson_loss: 0.2837, test_mse: 0.000577, test_pearson_loss: 0.3196
learn rate: 0.001000
epoch: 5820, train_mse: 0.000218, train_pearson_loss: 0.2826, test_mse: 0.000602, test_pearson_loss: 0.3192
learn rate: 0.001000
epoch: 5830, train_mse: 0.000223, train_pearson_loss: 0.2843, test_mse: 0.000581, test_pearson_loss: 0.3209
learn rate: 0.001000
epoch: 5840, train_mse: 0.000212, train_pearson_loss: 0.2826, test_mse: 0.000593, test_pearson_loss: 0.3182
learn rate: 0.001000
epoch: 5850, train_mse: 0.000213, train_pearson_loss: 0.2825, test_mse: 0.000583, test_pearson_loss: 0.3209
learn rate: 0.001000
epoch: 5860, train_mse: 0.000213, train_pearson_loss: 0.2821, test_mse: 0.000574, test_pearson_loss: 0.3185
learn rate: 0.001000
epoch: 5870, train_mse: 0.000212, train_pearson_loss: 0.2814, test_mse: 0.000598, test_pearson_loss: 0.3202
learn rate: 0.001000
epoch: 5880, train_mse: 0.000217, train_pearson_loss: 0.2822, test_mse: 0.000595, test_pearson_loss: 0.3193
learn rate: 0.001000
epoch: 5890, train_mse: 0.000216, train_pearson_loss: 0.2821, test_mse: 0.000617, test_pearson_loss: 0.3239
learn rate: 0.001000
epoch: 5900, train_mse: 0.000253, train_pearson_loss: 0.2917, test_mse: 0.000626, test_pearson_loss: 0.3316
learn rate: 0.001000
epoch: 5910, train_mse: 0.000401, train_pearson_loss: 0.3406, test_mse: 0.000622, test_pearson_loss: 0.3429
learn rate: 0.001000
epoch: 5920, train_mse: 0.000253, train_pearson_loss: 0.3069, test_mse: 0.000595, test_pearson_loss: 0.3241
learn rate: 0.001000
epoch: 5930, train_mse: 0.000231, train_pearson_loss: 0.2954, test_mse: 0.000593, test_pearson_loss: 0.3205
learn rate: 0.001000
epoch: 5940, train_mse: 0.000245, train_pearson_loss: 0.2926, test_mse: 0.000588, test_pearson_loss: 0.3190
learn rate: 0.001000
epoch: 5950, train_mse: 0.000250, train_pearson_loss: 0.2926, test_mse: 0.000616, test_pearson_loss: 0.3213
learn rate: 0.001000
epoch: 5960, train_mse: 0.000230, train_pearson_loss: 0.2900, test_mse: 0.000590, test_pearson_loss: 0.3196
learn rate: 0.001000
epoch: 5970, train_mse: 0.000221, train_pearson_loss: 0.2864, test_mse: 0.000584, test_pearson_loss: 0.3191
learn rate: 0.001000
epoch: 5980, train_mse: 0.000238, train_pearson_loss: 0.2870, test_mse: 0.000599, test_pearson_loss: 0.3201
learn rate: 0.001000
epoch: 5990, train_mse: 0.000229, train_pearson_loss: 0.2861, test_mse: 0.000589, test_pearson_loss: 0.3199
learn rate: 0.001000
elapsed:11193.214813709259

Test Metrics
	mse                           :7.438616540252097
	rmse                          :2.7273827271309203
	mae                           :1.8086380277239207
	mean_pearson_correlation      :0.6804993274065596

Train Metrics
	mse                           :2.4523987316267752
	rmse                          :1.5660136434995626
	mae                           :1.1168381318589613
	mean_pearson_correlation      :0.7581967768616292
021a3ce1-4b45-4b9c-8c76-68f87c6399dd /gws/nopw/j04/eocis_chuk/shaerdan/train_v4/train/processed_train/train_230_50.nc;/gws/nopw/j04/eocis_chuk/shaerdan/train_v4/train/processed_train/train_262_54.nc;/gws/nopw/j04/eocis_chuk/shaerdan/train_v4/train/processed_train/train_264_56.nc;/gws/nopw/j04/eocis_chuk/shaerdan/train_v4/train/processed_train/train_267_58.nc;/gws/nopw/j04/eocis_chuk/shaerdan/train_v4/train/processed_train/train_288_62.nc;/gws/nopw/j04/eocis_chuk/shaerdan/train_v4/train/processed_train/train_289_63.nc;/gws/nopw/j04/eocis_chuk/shaerdan/train_v4/train/processed_train/train_290_64.nc;/gws/nopw/j04/eocis_chuk/shaerdan/train_v4/train/processed_train/train_294_65.nc;/gws/nopw/j04/eocis_chuk/shaerdan/train_v4/train/processed_train/train_313_71.nc;/gws/nopw/j04/eocis_chuk/shaerdan/train_v4/train/processed_train/train_315_73.nc;/gws/nopw/j04/eocis_chuk/shaerdan/train_v4/train/processed_train/train_316_74.nc;/gws/nopw/j04/eocis_chuk/shaerdan/train_v4/train/processed_train/train_318_75.nc;/gws/nopw/j04/eocis_chuk/shaerdan/train_v4/train/processed_train/train_319_76.nc;/gws/nopw/j04/eocis_chuk/shaerdan/train_v4/train/processed_train/train_341_81.nc;/gws/nopw/j04/eocis_chuk/shaerdan/train_v4/train/processed_train/train_342_82.nc;/gws/nopw/j04/eocis_chuk/shaerdan/train_v4/train/processed_train/train_343_83.nc;/gws/nopw/j04/eocis_chuk/shaerdan/train_v4/train/processed_train/train_347_84.nc;/gws/nopw/j04/eocis_chuk/shaerdan/train_v4/train/processed_train/train_367_93.nc;/gws/nopw/j04/eocis_chuk/shaerdan/train_v4/train/processed_train/train_368_94.nc;/gws/nopw/j04/eocis_chuk/shaerdan/train_v4/train/processed_train/train_373_95.nc;/gws/nopw/j04/eocis_chuk/shaerdan/train_v4/train/processed_train/train_374_96.nc;/gws/nopw/j04/eocis_chuk/shaerdan/train_v4/train/processed_train/train_394_105.nc;/gws/nopw/j04/eocis_chuk/shaerdan/train_v4/train/processed_train/train_395_106.nc;/gws/nopw/j04/eocis_chuk/shaerdan/train_v4/train/processed_train/train_398_107.nc;/gws/nopw/j04/eocis_chuk/shaerdan/train_v4/train/processed_train/train_399_108.nc;/gws/nopw/j04/eocis_chuk/shaerdan/train_v4/train/processed_train/train_402_109.nc;/gws/nopw/j04/eocis_chuk/shaerdan/train_v4/train/processed_train/train_403_110.nc;/gws/nopw/j04/eocis_chuk/shaerdan/train_v4/train/processed_train/train_424_114.nc;/gws/nopw/j04/eocis_chuk/shaerdan/train_v4/train/processed_train/train_427_116.nc;/gws/nopw/j04/eocis_chuk/shaerdan/train_v4/train/processed_train/train_450_123.nc;/gws/nopw/j04/eocis_chuk/shaerdan/train_v4/train/processed_train/train_451_124.nc;/gws/nopw/j04/eocis_chuk/shaerdan/train_v4/train/processed_train/train_477_132.nc;/gws/nopw/j04/eocis_chuk/shaerdan/train_v4/train/processed_train/train_505_143.nc;/gws/nopw/j04/eocis_chuk/shaerdan/train_v4/train/processed_train/train_524_146.nc;/gws/nopw/j04/eocis_chuk/shaerdan/train_v4/train/processed_train/train_525_147.nc;/gws/nopw/j04/eocis_chuk/shaerdan/train_v4/train/processed_train/train_532_150.nc;/gws/nopw/j04/eocis_chuk/shaerdan/train_v4/train/processed_train/train_551_152.nc;/gws/nopw/j04/eocis_chuk/shaerdan/train_v4/train/processed_train/train_552_153.nc;/gws/nopw/j04/eocis_chuk/shaerdan/train_v4/train/processed_train/train_558_156.nc;/gws/nopw/j04/eocis_chuk/shaerdan/train_v4/train/processed_train/train_582_162.nc;/gws/nopw/j04/eocis_chuk/shaerdan/train_v4/train/processed_train/train_583_163.nc;/gws/nopw/j04/eocis_chuk/shaerdan/train_v4/train/processed_train/train_586_165.nc;/gws/nopw/j04/eocis_chuk/shaerdan/train_v4/train/processed_train/train_609_171.nc;/gws/nopw/j04/eocis_chuk/shaerdan/train_v4/train/processed_train/train_613_172.nc;/gws/nopw/j04/eocis_chuk/shaerdan/train_v4/train/processed_train/train_665_177.nc;/gws/nopw/j04/eocis_chuk/shaerdan/train_v4/train/processed_train/train_692_181.nc;/gws/nopw/j04/eocis_chuk/shaerdan/train_v4/train/processed_train/train_720_186.nc;/gws/nopw/j04/eocis_chuk/shaerdan/train_v4/train/processed_train/train_743_189.nc;/gws/nopw/j04/eocis_chuk/shaerdan/train_v4/train/processed_train/train_745_190.nc;/gws/nopw/j04/eocis_chuk/shaerdan/train_v4/train/processed_train/train_748_191.nc;/gws/nopw/j04/eocis_chuk/shaerdan/train_v4/train/processed_train/train_797_197.nc;/gws/nopw/j04/eocis_chuk/shaerdan/train_v4/train/processed_train/train_798_198.nc;/gws/nopw/j04/eocis_chuk/shaerdan/train_v4/train/processed_train/train_825_205.nc;/gws/nopw/j04/eocis_chuk/shaerdan/train_v4/train/processed_train/train_826_206.nc /gws/nopw/j04/eocis_chuk/shaerdan/test_v4/test/processed_test/test_258_268.nc;/gws/nopw/j04/eocis_chuk/shaerdan/test_v4/test/processed_test/test_259_269.nc;/gws/nopw/j04/eocis_chuk/shaerdan/test_v4/test/processed_test/test_260_270.nc;/gws/nopw/j04/eocis_chuk/shaerdan/test_v4/test/processed_test/test_261_271.nc;/gws/nopw/j04/eocis_chuk/shaerdan/test_v4/test/processed_test/test_291_277.nc;/gws/nopw/j04/eocis_chuk/shaerdan/test_v4/test/processed_test/test_292_278.nc;/gws/nopw/j04/eocis_chuk/shaerdan/test_v4/test/processed_test/test_293_279.nc;/gws/nopw/j04/eocis_chuk/shaerdan/test_v4/test/processed_test/test_317_284.nc;/gws/nopw/j04/eocis_chuk/shaerdan/test_v4/test/processed_test/test_339_291.nc;/gws/nopw/j04/eocis_chuk/shaerdan/test_v4/test/processed_test/test_340_292.nc;/gws/nopw/j04/eocis_chuk/shaerdan/test_v4/test/processed_test/test_344_293.nc;/gws/nopw/j04/eocis_chuk/shaerdan/test_v4/test/processed_test/test_345_294.nc;/gws/nopw/j04/eocis_chuk/shaerdan/test_v4/test/processed_test/test_346_295.nc;/gws/nopw/j04/eocis_chuk/shaerdan/test_v4/test/processed_test/test_369_300.nc;/gws/nopw/j04/eocis_chuk/shaerdan/test_v4/test/processed_test/test_370_301.nc;/gws/nopw/j04/eocis_chuk/shaerdan/test_v4/test/processed_test/test_371_302.nc;/gws/nopw/j04/eocis_chuk/shaerdan/test_v4/test/processed_test/test_372_303.nc;/gws/nopw/j04/eocis_chuk/shaerdan/test_v4/test/processed_test/test_375_304.nc;/gws/nopw/j04/eocis_chuk/shaerdan/test_v4/test/processed_test/test_396_308.nc;/gws/nopw/j04/eocis_chuk/shaerdan/test_v4/test/processed_test/test_397_309.nc;/gws/nopw/j04/eocis_chuk/shaerdan/test_v4/test/processed_test/test_400_310.nc;/gws/nopw/j04/eocis_chuk/shaerdan/test_v4/test/processed_test/test_401_311.nc;/gws/nopw/j04/eocis_chuk/shaerdan/test_v4/test/processed_test/test_420_317.nc;/gws/nopw/j04/eocis_chuk/shaerdan/test_v4/test/processed_test/test_421_318.nc;/gws/nopw/j04/eocis_chuk/shaerdan/test_v4/test/processed_test/test_422_319.nc;/gws/nopw/j04/eocis_chuk/shaerdan/test_v4/test/processed_test/test_423_320.nc;/gws/nopw/j04/eocis_chuk/shaerdan/test_v4/test/processed_test/test_426_321.nc;/gws/nopw/j04/eocis_chuk/shaerdan/test_v4/test/processed_test/test_449_330.nc;/gws/nopw/j04/eocis_chuk/shaerdan/test_v4/test/processed_test/test_452_331.nc;/gws/nopw/j04/eocis_chuk/shaerdan/test_v4/test/processed_test/test_453_332.nc;/gws/nopw/j04/eocis_chuk/shaerdan/test_v4/test/processed_test/test_476_336.nc;/gws/nopw/j04/eocis_chuk/shaerdan/test_v4/test/processed_test/test_478_337.nc;/gws/nopw/j04/eocis_chuk/shaerdan/test_v4/test/processed_test/test_479_338.nc;/gws/nopw/j04/eocis_chuk/shaerdan/test_v4/test/processed_test/test_480_339.nc;/gws/nopw/j04/eocis_chuk/shaerdan/test_v4/test/processed_test/test_504_344.nc;/gws/nopw/j04/eocis_chuk/shaerdan/test_v4/test/processed_test/test_506_345.nc;/gws/nopw/j04/eocis_chuk/shaerdan/test_v4/test/processed_test/test_507_346.nc;/gws/nopw/j04/eocis_chuk/shaerdan/test_v4/test/processed_test/test_522_350.nc;/gws/nopw/j04/eocis_chuk/shaerdan/test_v4/test/processed_test/test_523_351.nc;/gws/nopw/j04/eocis_chuk/shaerdan/test_v4/test/processed_test/test_530_354.nc;/gws/nopw/j04/eocis_chuk/shaerdan/test_v4/test/processed_test/test_531_355.nc;/gws/nopw/j04/eocis_chuk/shaerdan/test_v4/test/processed_test/test_533_356.nc;/gws/nopw/j04/eocis_chuk/shaerdan/test_v4/test/processed_test/test_559_363.nc;/gws/nopw/j04/eocis_chuk/shaerdan/test_v4/test/processed_test/test_585_367.nc;/gws/nopw/j04/eocis_chuk/shaerdan/test_v4/test/processed_test/test_610_370.nc;/gws/nopw/j04/eocis_chuk/shaerdan/test_v4/test/processed_test/test_611_371.nc;/gws/nopw/j04/eocis_chuk/shaerdan/test_v4/test/processed_test/test_612_372.nc;/gws/nopw/j04/eocis_chuk/shaerdan/test_v4/test/processed_test/test_637_375.nc;/gws/nopw/j04/eocis_chuk/shaerdan/test_v4/test/processed_test/test_638_376.nc;/gws/nopw/j04/eocis_chuk/shaerdan/test_v4/test/processed_test/test_639_377.nc;/gws/nopw/j04/eocis_chuk/shaerdan/test_v4/test/processed_test/test_663_380.nc;/gws/nopw/j04/eocis_chuk/shaerdan/test_v4/test/processed_test/test_664_381.nc;/gws/nopw/j04/eocis_chuk/shaerdan/test_v4/test/processed_test/test_690_384.nc;/gws/nopw/j04/eocis_chuk/shaerdan/test_v4/test/processed_test/test_691_385.nc;/gws/nopw/j04/eocis_chuk/shaerdan/test_v4/test/processed_test/test_717_388.nc;/gws/nopw/j04/eocis_chuk/shaerdan/test_v4/test/processed_test/test_718_389.nc;/gws/nopw/j04/eocis_chuk/shaerdan/test_v4/test/processed_test/test_719_390.nc;/gws/nopw/j04/eocis_chuk/shaerdan/test_v4/test/processed_test/test_744_393.nc;/gws/nopw/j04/eocis_chuk/shaerdan/test_v4/test/processed_test/test_746_394.nc;/gws/nopw/j04/eocis_chuk/shaerdan/test_v4/test/processed_test/test_747_395.nc;/gws/nopw/j04/eocis_chuk/shaerdan/test_v4/test/processed_test/test_770_399.nc;/gws/nopw/j04/eocis_chuk/shaerdan/test_v4/test/processed_test/test_771_400.nc;/gws/nopw/j04/eocis_chuk/shaerdan/test_v4/test/processed_test/test_775_403.nc {'test': {'mse': 7.438616540252097, 'rmse': 2.7273827271309203, 'mae': 1.8086380277239207, 'mean_pearson_correlation': 0.6804993274065596}, 'train': {'mse': 2.4523987316267752, 'rmse': 1.5660136434995626, 'mae': 1.1168381318589613, 'mean_pearson_correlation': 0.7581967768616292}}
Applying model for 9990 cases
{'land_cover': 1.0, 'albedo_monthly_climatology_means': -0.08084703981876373, 'elevation': -24.315156936645508, 'era5_skt': 268.7027282714844, 'sin_doy': 0.01716632954776287, 'cos_doy': -1.0, 'slope_magnitude': 0.0, 'slope_direction': -180.0, 'urban_area': 0.0, 'suburban_area': 0.0, 'pixel_st_hot_pattern': 285.4439392089844, 'pixel_st_cold_pattern': 262.061279296875} {'land_cover': 22.0, 'albedo_monthly_climatology_means': 3.5322437286376953, 'elevation': 1174.817138671875, 'era5_skt': 310.42742919921875, 'sin_doy': 1.0, 'cos_doy': 0.9994106292724609, 'slope_magnitude': 1.541244387626648, 'slope_direction': 179.99989318847656, 'urban_area': 1.0, 'suburban_area': 1.0, 'pixel_st_hot_pattern': 330.1482238769531, 'pixel_st_cold_pattern': 302.1819763183594} 243.4262237548828 355.71160888671875
Applying model for 8280 cases
{'land_cover': 1.0, 'albedo_monthly_climatology_means': -0.08084703981876373, 'elevation': -24.315156936645508, 'era5_skt': 268.7027282714844, 'sin_doy': 0.01716632954776287, 'cos_doy': -1.0, 'slope_magnitude': 0.0, 'slope_direction': -180.0, 'urban_area': 0.0, 'suburban_area': 0.0, 'pixel_st_hot_pattern': 285.4439392089844, 'pixel_st_cold_pattern': 262.061279296875} {'land_cover': 22.0, 'albedo_monthly_climatology_means': 3.5322437286376953, 'elevation': 1174.817138671875, 'era5_skt': 310.42742919921875, 'sin_doy': 1.0, 'cos_doy': 0.9994106292724609, 'slope_magnitude': 1.541244387626648, 'slope_direction': 179.99989318847656, 'urban_area': 1.0, 'suburban_area': 1.0, 'pixel_st_hot_pattern': 330.1482238769531, 'pixel_st_cold_pattern': 302.1819763183594} 243.4262237548828 355.71160888671875
Training complete!
Model saved to: /gws/nopw/j04/eocis_chuk/shaerdan/models/model_pB_15EB783f
==========================================
End time: Fri 30 Jan 22:01:24 GMT 2026
==========================================
