==========================================
Job ID: 65236311
Node: gpuhost010
Start time: Thu  5 Feb 01:56:53 GMT 2026
Working dir: /home/users/shaerdan/cae_tools_pB
CONTINUE_MODEL: /gws/nopw/j04/eocis_chuk/shaerdan/models/model_pB_fK9CtFFc/checkpoint_epoch_2500
==========================================
Thu Feb  5 01:56:53 2026       
+-----------------------------------------------------------------------------------------+
| NVIDIA-SMI 590.48.01              Driver Version: 590.48.01      CUDA Version: 13.1     |
+-----------------------------------------+------------------------+----------------------+
| GPU  Name                 Persistence-M | Bus-Id          Disp.A | Volatile Uncorr. ECC |
| Fan  Temp   Perf          Pwr:Usage/Cap |           Memory-Usage | GPU-Util  Compute M. |
|                                         |                        |               MIG M. |
|=========================================+========================+======================|
|   0  NVIDIA A100-SXM4-40GB          On  |   00000000:01:00.0 Off |                    0 |
| N/A   29C    P0             54W /  400W |       0MiB /  40960MiB |      0%      Default |
|                                         |                        |             Disabled |
+-----------------------------------------+------------------------+----------------------+

+-----------------------------------------------------------------------------------------+
| Processes:                                                                              |
|  GPU   GI   CI              PID   Type   Process name                        GPU Memory |
|        ID   ID                                                               Usage      |
|=========================================================================================|
|  No running processes found                                                             |
+-----------------------------------------------------------------------------------------+
Error: Model folder not found: /gws/nopw/j04/eocis_chuk/shaerdan/models//gws/nopw/j04/eocis_chuk/shaerdan/models/model_pB_fK9CtFFc/checkpoint_epoch_2500
==========================================
End time: Thu  5 Feb 01:56:54 GMT 2026
==========================================
