/gws/nopw/j04/eocis_chuk/shaerdan/envs/pyt_cae_tools/lib/python3.8/site-packages/torchvision/models/_utils.py:208: UserWarning: The parameter 'pretrained' is deprecated since 0.13 and may be removed in the future, please use 'weights' instead.
  warnings.warn(
/gws/nopw/j04/eocis_chuk/shaerdan/envs/pyt_cae_tools/lib/python3.8/site-packages/torchvision/models/_utils.py:223: UserWarning: Arguments other than a weight enum or `None` for 'weights' are deprecated since 0.13 and may be removed in the future. The current behavior is equivalent to passing `weights=VGG19_Weights.IMAGENET1K_V1`. You can also use `weights=VGG19_Weights.DEFAULT` to get the most up-to-date weights.
  warnings.warn(msg)
/gws/nopw/j04/eocis_chuk/shaerdan/envs/pyt_cae_tools/lib/python3.8/site-packages/torchvision/models/_utils.py:208: UserWarning: The parameter 'pretrained' is deprecated since 0.13 and may be removed in the future, please use 'weights' instead.
  warnings.warn(
/gws/nopw/j04/eocis_chuk/shaerdan/envs/pyt_cae_tools/lib/python3.8/site-packages/torchvision/models/_utils.py:223: UserWarning: Arguments other than a weight enum or `None` for 'weights' are deprecated since 0.13 and may be removed in the future. The current behavior is equivalent to passing `weights=VGG19_Weights.IMAGENET1K_V1`. You can also use `weights=VGG19_Weights.DEFAULT` to get the most up-to-date weights.
  warnings.warn(msg)
/home/users/shaerdan/cae_tools_pB/src/cae_tools/models/base_model.py:38: FutureWarning: You are using `torch.load` with `weights_only=False` (the current default value), which uses the default pickle module implicitly. It is possible to construct malicious pickle data which will execute arbitrary code during unpickling (See https://github.com/pytorch/pytorch/blob/main/SECURITY.md#untrusted-models for more details). In a future release, the default value for `weights_only` will be flipped to `True`. This limits the functions that could be executed during unpickling. Arbitrary objects will no longer be allowed to be loaded via this mode unless they are explicitly allowlisted by the user via `torch.serialization.add_safe_globals`. We recommend you start setting `weights_only=True` for any use case where you don't have full control of the loaded file. Please open an issue on GitHub for any issues related to this experimental feature.
  return torch.load(path)
Traceback (most recent call last):
  File "/gws/nopw/j04/eocis_chuk/shaerdan/envs/pyt_cae_tools/lib/python3.8/site-packages/xarray/backends/file_manager.py", line 209, in _acquire_with_cache_info
    file = self._cache[self._key]
  File "/gws/nopw/j04/eocis_chuk/shaerdan/envs/pyt_cae_tools/lib/python3.8/site-packages/xarray/backends/lru_cache.py", line 55, in __getitem__
    value = self._cache[key]
KeyError: [<class 'netCDF4._netCDF4.Dataset'>, ('/gws/nopw/j04/eocis_chuk/shaerdan/scores/train_scores_pB_fDgM2vkK.nc',), 'a', (('clobber', True), ('diskless', False), ('format', 'NETCDF4'), ('persist', False)), '6bb960a7-855b-48a6-9b10-aea7112c033c']

During handling of the above exception, another exception occurred:

Traceback (most recent call last):
  File "/gws/nopw/j04/eocis_chuk/shaerdan/envs/pyt_cae_tools/bin/apply_cae", line 8, in <module>
    sys.exit(main())
  File "/home/users/shaerdan/cae_tools_pB/src/cae_tools/cli/apply_cae.py", line 95, in main
    score_ds.to_netcdf(args.output_path)
  File "/gws/nopw/j04/eocis_chuk/shaerdan/envs/pyt_cae_tools/lib/python3.8/site-packages/xarray/core/dataset.py", line 1912, in to_netcdf
    return to_netcdf(  # type: ignore  # mypy cannot resolve the overloads:(
  File "/gws/nopw/j04/eocis_chuk/shaerdan/envs/pyt_cae_tools/lib/python3.8/site-packages/xarray/backends/api.py", line 1215, in to_netcdf
    store = store_open(target, mode, format, group, **kwargs)
  File "/gws/nopw/j04/eocis_chuk/shaerdan/envs/pyt_cae_tools/lib/python3.8/site-packages/xarray/backends/netCDF4_.py", line 382, in open
    return cls(manager, group=group, mode=mode, lock=lock, autoclose=autoclose)
  File "/gws/nopw/j04/eocis_chuk/shaerdan/envs/pyt_cae_tools/lib/python3.8/site-packages/xarray/backends/netCDF4_.py", line 329, in __init__
    self.format = self.ds.data_model
  File "/gws/nopw/j04/eocis_chuk/shaerdan/envs/pyt_cae_tools/lib/python3.8/site-packages/xarray/backends/netCDF4_.py", line 391, in ds
    return self._acquire()
  File "/gws/nopw/j04/eocis_chuk/shaerdan/envs/pyt_cae_tools/lib/python3.8/site-packages/xarray/backends/netCDF4_.py", line 385, in _acquire
    with self._manager.acquire_context(needs_lock) as root:
  File "/gws/nopw/j04/eocis_chuk/shaerdan/envs/pyt_cae_tools/lib/python3.8/contextlib.py", line 113, in __enter__
    return next(self.gen)
  File "/gws/nopw/j04/eocis_chuk/shaerdan/envs/pyt_cae_tools/lib/python3.8/site-packages/xarray/backends/file_manager.py", line 197, in acquire_context
    file, cached = self._acquire_with_cache_info(needs_lock)
  File "/gws/nopw/j04/eocis_chuk/shaerdan/envs/pyt_cae_tools/lib/python3.8/site-packages/xarray/backends/file_manager.py", line 215, in _acquire_with_cache_info
    file = self._opener(*self._args, **kwargs)
  File "src/netCDF4/_netCDF4.pyx", line 2521, in netCDF4._netCDF4.Dataset.__init__
  File "src/netCDF4/_netCDF4.pyx", line 2158, in netCDF4._netCDF4._ensure_nc_success
PermissionError: [Errno 13] Permission denied: '/gws/nopw/j04/eocis_chuk/shaerdan/scores/train_scores_pB_fDgM2vkK.nc'
/gws/nopw/j04/eocis_chuk/shaerdan/envs/pyt_cae_tools/lib/python3.8/site-packages/torchvision/models/_utils.py:208: UserWarning: The parameter 'pretrained' is deprecated since 0.13 and may be removed in the future, please use 'weights' instead.
  warnings.warn(
/gws/nopw/j04/eocis_chuk/shaerdan/envs/pyt_cae_tools/lib/python3.8/site-packages/torchvision/models/_utils.py:223: UserWarning: Arguments other than a weight enum or `None` for 'weights' are deprecated since 0.13 and may be removed in the future. The current behavior is equivalent to passing `weights=VGG19_Weights.IMAGENET1K_V1`. You can also use `weights=VGG19_Weights.DEFAULT` to get the most up-to-date weights.
  warnings.warn(msg)
/home/users/shaerdan/cae_tools_pB/src/cae_tools/models/base_model.py:38: FutureWarning: You are using `torch.load` with `weights_only=False` (the current default value), which uses the default pickle module implicitly. It is possible to construct malicious pickle data which will execute arbitrary code during unpickling (See https://github.com/pytorch/pytorch/blob/main/SECURITY.md#untrusted-models for more details). In a future release, the default value for `weights_only` will be flipped to `True`. This limits the functions that could be executed during unpickling. Arbitrary objects will no longer be allowed to be loaded via this mode unless they are explicitly allowlisted by the user via `torch.serialization.add_safe_globals`. We recommend you start setting `weights_only=True` for any use case where you don't have full control of the loaded file. Please open an issue on GitHub for any issues related to this experimental feature.
  return torch.load(path)
Traceback (most recent call last):
  File "/gws/nopw/j04/eocis_chuk/shaerdan/envs/pyt_cae_tools/lib/python3.8/site-packages/xarray/backends/file_manager.py", line 209, in _acquire_with_cache_info
    file = self._cache[self._key]
  File "/gws/nopw/j04/eocis_chuk/shaerdan/envs/pyt_cae_tools/lib/python3.8/site-packages/xarray/backends/lru_cache.py", line 55, in __getitem__
    value = self._cache[key]
KeyError: [<class 'netCDF4._netCDF4.Dataset'>, ('/gws/nopw/j04/eocis_chuk/shaerdan/scores/test_scores_pB_fDgM2vkK.nc',), 'a', (('clobber', True), ('diskless', False), ('format', 'NETCDF4'), ('persist', False)), 'c47b89f8-8f3e-4dc1-8ed8-63d6320cdfdf']

During handling of the above exception, another exception occurred:

Traceback (most recent call last):
  File "/gws/nopw/j04/eocis_chuk/shaerdan/envs/pyt_cae_tools/bin/apply_cae", line 8, in <module>
    sys.exit(main())
  File "/home/users/shaerdan/cae_tools_pB/src/cae_tools/cli/apply_cae.py", line 95, in main
    score_ds.to_netcdf(args.output_path)
  File "/gws/nopw/j04/eocis_chuk/shaerdan/envs/pyt_cae_tools/lib/python3.8/site-packages/xarray/core/dataset.py", line 1912, in to_netcdf
    return to_netcdf(  # type: ignore  # mypy cannot resolve the overloads:(
  File "/gws/nopw/j04/eocis_chuk/shaerdan/envs/pyt_cae_tools/lib/python3.8/site-packages/xarray/backends/api.py", line 1215, in to_netcdf
    store = store_open(target, mode, format, group, **kwargs)
  File "/gws/nopw/j04/eocis_chuk/shaerdan/envs/pyt_cae_tools/lib/python3.8/site-packages/xarray/backends/netCDF4_.py", line 382, in open
    return cls(manager, group=group, mode=mode, lock=lock, autoclose=autoclose)
  File "/gws/nopw/j04/eocis_chuk/shaerdan/envs/pyt_cae_tools/lib/python3.8/site-packages/xarray/backends/netCDF4_.py", line 329, in __init__
    self.format = self.ds.data_model
  File "/gws/nopw/j04/eocis_chuk/shaerdan/envs/pyt_cae_tools/lib/python3.8/site-packages/xarray/backends/netCDF4_.py", line 391, in ds
    return self._acquire()
  File "/gws/nopw/j04/eocis_chuk/shaerdan/envs/pyt_cae_tools/lib/python3.8/site-packages/xarray/backends/netCDF4_.py", line 385, in _acquire
    with self._manager.acquire_context(needs_lock) as root:
  File "/gws/nopw/j04/eocis_chuk/shaerdan/envs/pyt_cae_tools/lib/python3.8/contextlib.py", line 113, in __enter__
    return next(self.gen)
  File "/gws/nopw/j04/eocis_chuk/shaerdan/envs/pyt_cae_tools/lib/python3.8/site-packages/xarray/backends/file_manager.py", line 197, in acquire_context
    file, cached = self._acquire_with_cache_info(needs_lock)
  File "/gws/nopw/j04/eocis_chuk/shaerdan/envs/pyt_cae_tools/lib/python3.8/site-packages/xarray/backends/file_manager.py", line 215, in _acquire_with_cache_info
    file = self._opener(*self._args, **kwargs)
  File "src/netCDF4/_netCDF4.pyx", line 2521, in netCDF4._netCDF4.Dataset.__init__
  File "src/netCDF4/_netCDF4.pyx", line 2158, in netCDF4._netCDF4._ensure_nc_success
PermissionError: [Errno 13] Permission denied: '/gws/nopw/j04/eocis_chuk/shaerdan/scores/test_scores_pB_fDgM2vkK.nc'
