==========================================
Job ID: 64713574
Node: gpuhost013
Start time: Tue  3 Feb 16:02:51 GMT 2026
Working dir: /home/users/shaerdan/cae_tools_pB
==========================================
Tue Feb  3 16:02:51 2026       
+-----------------------------------------------------------------------------------------+
| NVIDIA-SMI 590.48.01              Driver Version: 590.48.01      CUDA Version: 13.1     |
+-----------------------------------------+------------------------+----------------------+
| GPU  Name                 Persistence-M | Bus-Id          Disp.A | Volatile Uncorr. ECC |
| Fan  Temp   Perf          Pwr:Usage/Cap |           Memory-Usage | GPU-Util  Compute M. |
|                                         |                        |               MIG M. |
|=========================================+========================+======================|
|   0  NVIDIA A100-SXM4-40GB          On  |   00000000:41:00.0 Off |                    0 |
| N/A   29C    P0             51W /  400W |       0MiB /  40960MiB |      0%      Default |
|                                         |                        |             Disabled |
+-----------------------------------------+------------------------+----------------------+

+-----------------------------------------------------------------------------------------+
| Processes:                                                                              |
|  GPU   GI   CI              PID   Type   Process name                        GPU Memory |
|        ID   ID                                                               Usage      |
|=========================================================================================|
|  No running processes found                                                             |
+-----------------------------------------------------------------------------------------+
==========================================
FRESH training
Model ID: fK9CtFFc
Model folder: /gws/nopw/j04/eocis_chuk/shaerdan/models/model_pB_fK9CtFFc
Epochs: 3500
Checkpoint interval: 500
==========================================
Loading preprocessed data...
Loading preprocessed data from /gws/nopw/j04/eocis_chuk/shaerdan/preprocessed_v8/train_v8.pt...
Loaded 103577 samples
Input shape: torch.Size([103577, 12, 100, 100])
Output shape: torch.Size([103577, 1, 100, 100])
Loading preprocessed data from /gws/nopw/j04/eocis_chuk/shaerdan/preprocessed_v8/test_v8.pt...
Loaded 9001 samples
Input shape: torch.Size([9001, 12, 100, 100])
Output shape: torch.Size([9001, 1, 100, 100])
Training cases: 103577, Test cases: 9001
Input shape: (12, 100, 100), Output shape: (1, 100, 100)
Running on device: cuda
epoch: 0, train_mse: 0.015170, train_pearson_loss: 0.9436, test_mse: 0.002419, test_pearson_loss: 0.8309
learn rate: 0.001000
epoch: 10, train_mse: 0.000657, train_pearson_loss: 0.4916, test_mse: 0.001079, test_pearson_loss: 0.4347
learn rate: 0.001000
epoch: 20, train_mse: 0.000530, train_pearson_loss: 0.4364, test_mse: 0.001034, test_pearson_loss: 0.4060
learn rate: 0.001000
epoch: 30, train_mse: 0.000483, train_pearson_loss: 0.4145, test_mse: 0.000970, test_pearson_loss: 0.3972
learn rate: 0.001000
epoch: 40, train_mse: 0.000561, train_pearson_loss: 0.4319, test_mse: 0.000990, test_pearson_loss: 0.3956
learn rate: 0.001000
epoch: 50, train_mse: 0.000451, train_pearson_loss: 0.4081, test_mse: 0.001019, test_pearson_loss: 0.4039
learn rate: 0.001000
epoch: 60, train_mse: 0.000456, train_pearson_loss: 0.4118, test_mse: 0.001037, test_pearson_loss: 0.3909
learn rate: 0.001000
epoch: 70, train_mse: 0.000400, train_pearson_loss: 0.3937, test_mse: 0.000985, test_pearson_loss: 0.3828
learn rate: 0.001000
epoch: 80, train_mse: 0.000424, train_pearson_loss: 0.3955, test_mse: 0.000973, test_pearson_loss: 0.3872
learn rate: 0.001000
epoch: 90, train_mse: 0.000587, train_pearson_loss: 0.4717, test_mse: 0.000997, test_pearson_loss: 0.4247
learn rate: 0.001000
epoch: 100, train_mse: 0.000451, train_pearson_loss: 0.4128, test_mse: 0.000936, test_pearson_loss: 0.3931
learn rate: 0.001000
epoch: 110, train_mse: 0.000406, train_pearson_loss: 0.3994, test_mse: 0.001024, test_pearson_loss: 0.3849
learn rate: 0.001000
epoch: 120, train_mse: 0.000382, train_pearson_loss: 0.3911, test_mse: 0.000973, test_pearson_loss: 0.3825
learn rate: 0.001000
epoch: 130, train_mse: 0.000371, train_pearson_loss: 0.3855, test_mse: 0.000953, test_pearson_loss: 0.3767
learn rate: 0.001000
epoch: 140, train_mse: 0.000369, train_pearson_loss: 0.3845, test_mse: 0.001024, test_pearson_loss: 0.3794
learn rate: 0.001000
epoch: 150, train_mse: 0.000339, train_pearson_loss: 0.3803, test_mse: 0.000893, test_pearson_loss: 0.3773
learn rate: 0.001000
epoch: 160, train_mse: 0.000334, train_pearson_loss: 0.3784, test_mse: 0.000945, test_pearson_loss: 0.3715
learn rate: 0.001000
epoch: 170, train_mse: 0.000327, train_pearson_loss: 0.3770, test_mse: 0.000982, test_pearson_loss: 0.3728
learn rate: 0.001000
epoch: 180, train_mse: 0.000318, train_pearson_loss: 0.3753, test_mse: 0.000915, test_pearson_loss: 0.3734
learn rate: 0.001000
epoch: 190, train_mse: 0.000309, train_pearson_loss: 0.3731, test_mse: 0.000951, test_pearson_loss: 0.3720
learn rate: 0.001000
epoch: 200, train_mse: 0.000306, train_pearson_loss: 0.3724, test_mse: 0.000949, test_pearson_loss: 0.3728
learn rate: 0.001000
epoch: 210, train_mse: 0.000299, train_pearson_loss: 0.3707, test_mse: 0.000944, test_pearson_loss: 0.3703
learn rate: 0.001000
epoch: 220, train_mse: 0.000304, train_pearson_loss: 0.3704, test_mse: 0.001012, test_pearson_loss: 0.3745
learn rate: 0.001000
epoch: 230, train_mse: 0.000292, train_pearson_loss: 0.3685, test_mse: 0.000939, test_pearson_loss: 0.3687
learn rate: 0.001000
epoch: 240, train_mse: 0.000289, train_pearson_loss: 0.3673, test_mse: 0.000935, test_pearson_loss: 0.3677
learn rate: 0.001000
epoch: 250, train_mse: 0.000292, train_pearson_loss: 0.3674, test_mse: 0.000918, test_pearson_loss: 0.3668
learn rate: 0.001000
epoch: 260, train_mse: 0.000290, train_pearson_loss: 0.3670, test_mse: 0.000964, test_pearson_loss: 0.3680
learn rate: 0.001000
epoch: 270, train_mse: 0.000283, train_pearson_loss: 0.3651, test_mse: 0.000932, test_pearson_loss: 0.3676
learn rate: 0.001000
epoch: 280, train_mse: 0.000292, train_pearson_loss: 0.3656, test_mse: 0.000918, test_pearson_loss: 0.3710
learn rate: 0.001000
epoch: 290, train_mse: 0.000282, train_pearson_loss: 0.3634, test_mse: 0.000937, test_pearson_loss: 0.3678
learn rate: 0.001000
epoch: 300, train_mse: 0.000289, train_pearson_loss: 0.3648, test_mse: 0.000938, test_pearson_loss: 0.3634
learn rate: 0.001000
epoch: 310, train_mse: 0.000283, train_pearson_loss: 0.3635, test_mse: 0.000896, test_pearson_loss: 0.3633
learn rate: 0.001000
epoch: 320, train_mse: 0.000429, train_pearson_loss: 0.4111, test_mse: 0.000952, test_pearson_loss: 0.3856
learn rate: 0.001000
epoch: 330, train_mse: 0.000276, train_pearson_loss: 0.3621, test_mse: 0.000965, test_pearson_loss: 0.3633
learn rate: 0.001000
epoch: 340, train_mse: 0.000275, train_pearson_loss: 0.3614, test_mse: 0.000949, test_pearson_loss: 0.3645
learn rate: 0.001000
epoch: 350, train_mse: 0.000270, train_pearson_loss: 0.3601, test_mse: 0.000898, test_pearson_loss: 0.3641
learn rate: 0.001000
epoch: 360, train_mse: 0.000271, train_pearson_loss: 0.3601, test_mse: 0.000944, test_pearson_loss: 0.3631
learn rate: 0.001000
epoch: 370, train_mse: 0.000269, train_pearson_loss: 0.3592, test_mse: 0.000931, test_pearson_loss: 0.3622
learn rate: 0.001000
epoch: 380, train_mse: 0.000269, train_pearson_loss: 0.3587, test_mse: 0.000993, test_pearson_loss: 0.3645
learn rate: 0.001000
epoch: 390, train_mse: 0.000269, train_pearson_loss: 0.3586, test_mse: 0.000889, test_pearson_loss: 0.3618
learn rate: 0.001000
epoch: 400, train_mse: 0.000271, train_pearson_loss: 0.3582, test_mse: 0.000896, test_pearson_loss: 0.3627
learn rate: 0.001000
epoch: 410, train_mse: 0.000330, train_pearson_loss: 0.3780, test_mse: 0.000958, test_pearson_loss: 0.3746
learn rate: 0.001000
epoch: 420, train_mse: 0.000281, train_pearson_loss: 0.3602, test_mse: 0.000923, test_pearson_loss: 0.3689
learn rate: 0.001000
epoch: 430, train_mse: 0.000267, train_pearson_loss: 0.3575, test_mse: 0.000919, test_pearson_loss: 0.3608
learn rate: 0.001000
epoch: 440, train_mse: 0.000264, train_pearson_loss: 0.3567, test_mse: 0.000886, test_pearson_loss: 0.3614
learn rate: 0.001000
epoch: 450, train_mse: 0.000266, train_pearson_loss: 0.3568, test_mse: 0.000880, test_pearson_loss: 0.3630
learn rate: 0.001000
epoch: 460, train_mse: 0.000263, train_pearson_loss: 0.3557, test_mse: 0.000926, test_pearson_loss: 0.3603
learn rate: 0.001000
epoch: 470, train_mse: 0.000263, train_pearson_loss: 0.3556, test_mse: 0.000892, test_pearson_loss: 0.3623
learn rate: 0.001000
epoch: 480, train_mse: 0.000263, train_pearson_loss: 0.3553, test_mse: 0.000919, test_pearson_loss: 0.3644
learn rate: 0.001000
epoch: 490, train_mse: 0.000263, train_pearson_loss: 0.3549, test_mse: 0.000941, test_pearson_loss: 0.3640
learn rate: 0.001000
Saving checkpoint to /gws/nopw/j04/eocis_chuk/shaerdan/models/model_pB_fK9CtFFc/checkpoint_epoch_500...
epoch: 500, train_mse: 0.000260, train_pearson_loss: 0.3541, test_mse: 0.000908, test_pearson_loss: 0.3616
learn rate: 0.001000
epoch: 510, train_mse: 0.000260, train_pearson_loss: 0.3541, test_mse: 0.000885, test_pearson_loss: 0.3593
learn rate: 0.001000
epoch: 520, train_mse: 0.000261, train_pearson_loss: 0.3541, test_mse: 0.000966, test_pearson_loss: 0.3643
learn rate: 0.001000
epoch: 530, train_mse: 0.000262, train_pearson_loss: 0.3542, test_mse: 0.000900, test_pearson_loss: 0.3622
learn rate: 0.001000
epoch: 540, train_mse: 0.000350, train_pearson_loss: 0.3686, test_mse: 0.000862, test_pearson_loss: 0.3748
learn rate: 0.001000
epoch: 550, train_mse: 0.000258, train_pearson_loss: 0.3531, test_mse: 0.000934, test_pearson_loss: 0.3596
learn rate: 0.001000
epoch: 560, train_mse: 0.000257, train_pearson_loss: 0.3526, test_mse: 0.000926, test_pearson_loss: 0.3603
learn rate: 0.001000
epoch: 570, train_mse: 0.000260, train_pearson_loss: 0.3530, test_mse: 0.000903, test_pearson_loss: 0.3599
learn rate: 0.001000
epoch: 580, train_mse: 0.000259, train_pearson_loss: 0.3530, test_mse: 0.000916, test_pearson_loss: 0.3599
learn rate: 0.001000
epoch: 590, train_mse: 0.000257, train_pearson_loss: 0.3520, test_mse: 0.000928, test_pearson_loss: 0.3606
learn rate: 0.001000
epoch: 600, train_mse: 0.000429, train_pearson_loss: 0.4035, test_mse: 0.000922, test_pearson_loss: 0.3860
learn rate: 0.001000
epoch: 610, train_mse: 0.000270, train_pearson_loss: 0.3548, test_mse: 0.000875, test_pearson_loss: 0.3601
learn rate: 0.001000
epoch: 620, train_mse: 0.000259, train_pearson_loss: 0.3523, test_mse: 0.000908, test_pearson_loss: 0.3588
learn rate: 0.001000
epoch: 630, train_mse: 0.000254, train_pearson_loss: 0.3512, test_mse: 0.000924, test_pearson_loss: 0.3601
learn rate: 0.001000
epoch: 640, train_mse: 0.000253, train_pearson_loss: 0.3509, test_mse: 0.000911, test_pearson_loss: 0.3610
learn rate: 0.001000
epoch: 650, train_mse: 0.000253, train_pearson_loss: 0.3505, test_mse: 0.000949, test_pearson_loss: 0.3588
learn rate: 0.001000
epoch: 660, train_mse: 0.000254, train_pearson_loss: 0.3504, test_mse: 0.000932, test_pearson_loss: 0.3619
learn rate: 0.001000
epoch: 670, train_mse: 0.000253, train_pearson_loss: 0.3504, test_mse: 0.000892, test_pearson_loss: 0.3628
learn rate: 0.001000
epoch: 680, train_mse: 0.000277, train_pearson_loss: 0.3511, test_mse: 0.000948, test_pearson_loss: 0.3649
learn rate: 0.001000
epoch: 690, train_mse: 0.000253, train_pearson_loss: 0.3504, test_mse: 0.000916, test_pearson_loss: 0.3594
learn rate: 0.001000
epoch: 700, train_mse: 0.000254, train_pearson_loss: 0.3500, test_mse: 0.001005, test_pearson_loss: 0.3666
learn rate: 0.001000
epoch: 710, train_mse: 0.000263, train_pearson_loss: 0.3522, test_mse: 0.000921, test_pearson_loss: 0.3597
learn rate: 0.001000
epoch: 720, train_mse: 0.000250, train_pearson_loss: 0.3492, test_mse: 0.000916, test_pearson_loss: 0.3588
learn rate: 0.001000
epoch: 730, train_mse: 0.000252, train_pearson_loss: 0.3493, test_mse: 0.000931, test_pearson_loss: 0.3585
learn rate: 0.001000
epoch: 740, train_mse: 0.000251, train_pearson_loss: 0.3489, test_mse: 0.000905, test_pearson_loss: 0.3589
learn rate: 0.001000
epoch: 750, train_mse: 0.000251, train_pearson_loss: 0.3492, test_mse: 0.000910, test_pearson_loss: 0.3580
learn rate: 0.001000
epoch: 760, train_mse: 0.000250, train_pearson_loss: 0.3489, test_mse: 0.000958, test_pearson_loss: 0.3582
learn rate: 0.001000
epoch: 770, train_mse: 0.000331, train_pearson_loss: 0.3733, test_mse: 0.000963, test_pearson_loss: 0.3682
learn rate: 0.001000
epoch: 780, train_mse: 0.000253, train_pearson_loss: 0.3488, test_mse: 0.000932, test_pearson_loss: 0.3584
learn rate: 0.001000
epoch: 790, train_mse: 0.000248, train_pearson_loss: 0.3480, test_mse: 0.000896, test_pearson_loss: 0.3572
learn rate: 0.001000
epoch: 800, train_mse: 0.000252, train_pearson_loss: 0.3496, test_mse: 0.000948, test_pearson_loss: 0.3582
learn rate: 0.001000
epoch: 810, train_mse: 0.000250, train_pearson_loss: 0.3481, test_mse: 0.000939, test_pearson_loss: 0.3592
learn rate: 0.001000
epoch: 820, train_mse: 0.000265, train_pearson_loss: 0.3507, test_mse: 0.000881, test_pearson_loss: 0.3577
learn rate: 0.001000
epoch: 830, train_mse: 0.000256, train_pearson_loss: 0.3493, test_mse: 0.000956, test_pearson_loss: 0.3574
learn rate: 0.001000
epoch: 840, train_mse: 0.000251, train_pearson_loss: 0.3479, test_mse: 0.000918, test_pearson_loss: 0.3588
learn rate: 0.001000
epoch: 850, train_mse: 0.000250, train_pearson_loss: 0.3477, test_mse: 0.000920, test_pearson_loss: 0.3582
learn rate: 0.001000
epoch: 860, train_mse: 0.000250, train_pearson_loss: 0.3474, test_mse: 0.000899, test_pearson_loss: 0.3570
learn rate: 0.001000
epoch: 870, train_mse: 0.000251, train_pearson_loss: 0.3477, test_mse: 0.000901, test_pearson_loss: 0.3572
learn rate: 0.001000
epoch: 880, train_mse: 0.000249, train_pearson_loss: 0.3471, test_mse: 0.000912, test_pearson_loss: 0.3589
learn rate: 0.001000
epoch: 890, train_mse: 0.000249, train_pearson_loss: 0.3469, test_mse: 0.000917, test_pearson_loss: 0.3578
learn rate: 0.001000
epoch: 900, train_mse: 0.000247, train_pearson_loss: 0.3466, test_mse: 0.000902, test_pearson_loss: 0.3568
learn rate: 0.001000
epoch: 910, train_mse: 0.000247, train_pearson_loss: 0.3462, test_mse: 0.000905, test_pearson_loss: 0.3570
learn rate: 0.001000
epoch: 920, train_mse: 0.000245, train_pearson_loss: 0.3460, test_mse: 0.000903, test_pearson_loss: 0.3580
learn rate: 0.001000
epoch: 930, train_mse: 0.000247, train_pearson_loss: 0.3463, test_mse: 0.000931, test_pearson_loss: 0.3595
learn rate: 0.001000
epoch: 940, train_mse: 0.000246, train_pearson_loss: 0.3460, test_mse: 0.000929, test_pearson_loss: 0.3579
learn rate: 0.001000
epoch: 950, train_mse: 0.000246, train_pearson_loss: 0.3457, test_mse: 0.000919, test_pearson_loss: 0.3572
learn rate: 0.001000
epoch: 960, train_mse: 0.000248, train_pearson_loss: 0.3462, test_mse: 0.000899, test_pearson_loss: 0.3576
learn rate: 0.001000
epoch: 970, train_mse: 0.000247, train_pearson_loss: 0.3455, test_mse: 0.000947, test_pearson_loss: 0.3587
learn rate: 0.001000
epoch: 980, train_mse: 0.000246, train_pearson_loss: 0.3454, test_mse: 0.000909, test_pearson_loss: 0.3582
learn rate: 0.001000
epoch: 990, train_mse: 0.000249, train_pearson_loss: 0.3461, test_mse: 0.000921, test_pearson_loss: 0.3577
learn rate: 0.001000
Saving checkpoint to /gws/nopw/j04/eocis_chuk/shaerdan/models/model_pB_fK9CtFFc/checkpoint_epoch_1000...
epoch: 1000, train_mse: 0.000244, train_pearson_loss: 0.3451, test_mse: 0.000927, test_pearson_loss: 0.3568
learn rate: 0.001000
epoch: 1010, train_mse: 0.000247, train_pearson_loss: 0.3451, test_mse: 0.000907, test_pearson_loss: 0.3579
learn rate: 0.001000
epoch: 1020, train_mse: 0.000245, train_pearson_loss: 0.3451, test_mse: 0.000895, test_pearson_loss: 0.3581
learn rate: 0.001000
epoch: 1030, train_mse: 0.000245, train_pearson_loss: 0.3450, test_mse: 0.000929, test_pearson_loss: 0.3562
learn rate: 0.001000
epoch: 1040, train_mse: 0.000243, train_pearson_loss: 0.3446, test_mse: 0.000913, test_pearson_loss: 0.3568
learn rate: 0.001000
epoch: 1050, train_mse: 0.000244, train_pearson_loss: 0.3444, test_mse: 0.000913, test_pearson_loss: 0.3578
learn rate: 0.001000
epoch: 1060, train_mse: 0.000243, train_pearson_loss: 0.3443, test_mse: 0.000919, test_pearson_loss: 0.3567
learn rate: 0.001000
epoch: 1070, train_mse: 0.000246, train_pearson_loss: 0.3445, test_mse: 0.000925, test_pearson_loss: 0.3555
learn rate: 0.001000
epoch: 1080, train_mse: 0.000243, train_pearson_loss: 0.3441, test_mse: 0.000952, test_pearson_loss: 0.3619
learn rate: 0.001000
epoch: 1090, train_mse: 0.000244, train_pearson_loss: 0.3445, test_mse: 0.000947, test_pearson_loss: 0.3575
learn rate: 0.001000
epoch: 1100, train_mse: 0.000247, train_pearson_loss: 0.3455, test_mse: 0.001018, test_pearson_loss: 0.3664
learn rate: 0.001000
epoch: 1110, train_mse: 0.000244, train_pearson_loss: 0.3441, test_mse: 0.000923, test_pearson_loss: 0.3561
learn rate: 0.001000
epoch: 1120, train_mse: 0.000243, train_pearson_loss: 0.3439, test_mse: 0.000921, test_pearson_loss: 0.3569
learn rate: 0.001000
epoch: 1130, train_mse: 0.000242, train_pearson_loss: 0.3435, test_mse: 0.000920, test_pearson_loss: 0.3570
learn rate: 0.001000
epoch: 1140, train_mse: 0.000242, train_pearson_loss: 0.3433, test_mse: 0.000918, test_pearson_loss: 0.3578
learn rate: 0.001000
epoch: 1150, train_mse: 0.000243, train_pearson_loss: 0.3434, test_mse: 0.000907, test_pearson_loss: 0.3553
learn rate: 0.001000
epoch: 1160, train_mse: 0.000245, train_pearson_loss: 0.3437, test_mse: 0.000907, test_pearson_loss: 0.3563
learn rate: 0.001000
epoch: 1170, train_mse: 0.000241, train_pearson_loss: 0.3430, test_mse: 0.000910, test_pearson_loss: 0.3565
learn rate: 0.001000
epoch: 1180, train_mse: 0.000243, train_pearson_loss: 0.3431, test_mse: 0.000958, test_pearson_loss: 0.3575
learn rate: 0.001000
epoch: 1190, train_mse: 0.000246, train_pearson_loss: 0.3446, test_mse: 0.000913, test_pearson_loss: 0.3588
learn rate: 0.001000
epoch: 1200, train_mse: 0.000244, train_pearson_loss: 0.3430, test_mse: 0.000970, test_pearson_loss: 0.3575
learn rate: 0.001000
epoch: 1210, train_mse: 0.000241, train_pearson_loss: 0.3426, test_mse: 0.000938, test_pearson_loss: 0.3572
learn rate: 0.001000
epoch: 1220, train_mse: 0.000241, train_pearson_loss: 0.3426, test_mse: 0.000893, test_pearson_loss: 0.3563
learn rate: 0.001000
epoch: 1230, train_mse: 0.000241, train_pearson_loss: 0.3425, test_mse: 0.000902, test_pearson_loss: 0.3570
learn rate: 0.001000
epoch: 1240, train_mse: 0.000242, train_pearson_loss: 0.3425, test_mse: 0.000906, test_pearson_loss: 0.3595
learn rate: 0.001000
epoch: 1250, train_mse: 0.000240, train_pearson_loss: 0.3421, test_mse: 0.000901, test_pearson_loss: 0.3554
learn rate: 0.001000
epoch: 1260, train_mse: 0.000244, train_pearson_loss: 0.3427, test_mse: 0.000945, test_pearson_loss: 0.3585
learn rate: 0.001000
epoch: 1270, train_mse: 0.000240, train_pearson_loss: 0.3421, test_mse: 0.000952, test_pearson_loss: 0.3564
learn rate: 0.001000
epoch: 1280, train_mse: 0.000246, train_pearson_loss: 0.3430, test_mse: 0.000916, test_pearson_loss: 0.3586
learn rate: 0.001000
epoch: 1290, train_mse: 0.000241, train_pearson_loss: 0.3421, test_mse: 0.000916, test_pearson_loss: 0.3562
learn rate: 0.001000
epoch: 1300, train_mse: 0.000241, train_pearson_loss: 0.3419, test_mse: 0.000915, test_pearson_loss: 0.3559
learn rate: 0.001000
epoch: 1310, train_mse: 0.000240, train_pearson_loss: 0.3416, test_mse: 0.001051, test_pearson_loss: 0.3648
learn rate: 0.001000
epoch: 1320, train_mse: 0.000240, train_pearson_loss: 0.3417, test_mse: 0.000930, test_pearson_loss: 0.3570
learn rate: 0.001000
epoch: 1330, train_mse: 0.000241, train_pearson_loss: 0.3415, test_mse: 0.000924, test_pearson_loss: 0.3572
learn rate: 0.001000
epoch: 1340, train_mse: 0.000250, train_pearson_loss: 0.3456, test_mse: 0.000947, test_pearson_loss: 0.3588
learn rate: 0.001000
epoch: 1350, train_mse: 0.000242, train_pearson_loss: 0.3416, test_mse: 0.000896, test_pearson_loss: 0.3563
learn rate: 0.001000
epoch: 1360, train_mse: 0.000239, train_pearson_loss: 0.3414, test_mse: 0.000876, test_pearson_loss: 0.3575
learn rate: 0.001000
epoch: 1370, train_mse: 0.000240, train_pearson_loss: 0.3413, test_mse: 0.000913, test_pearson_loss: 0.3569
learn rate: 0.001000
epoch: 1380, train_mse: 0.000252, train_pearson_loss: 0.3449, test_mse: 0.000928, test_pearson_loss: 0.3556
learn rate: 0.001000
epoch: 1390, train_mse: 0.000241, train_pearson_loss: 0.3415, test_mse: 0.000924, test_pearson_loss: 0.3560
learn rate: 0.001000
epoch: 1400, train_mse: 0.000241, train_pearson_loss: 0.3412, test_mse: 0.000927, test_pearson_loss: 0.3555
learn rate: 0.001000
epoch: 1410, train_mse: 0.000239, train_pearson_loss: 0.3408, test_mse: 0.000943, test_pearson_loss: 0.3562
learn rate: 0.001000
epoch: 1420, train_mse: 0.000242, train_pearson_loss: 0.3414, test_mse: 0.000903, test_pearson_loss: 0.3561
learn rate: 0.001000
epoch: 1430, train_mse: 0.000239, train_pearson_loss: 0.3407, test_mse: 0.000939, test_pearson_loss: 0.3566
learn rate: 0.001000
epoch: 1440, train_mse: 0.000240, train_pearson_loss: 0.3410, test_mse: 0.000910, test_pearson_loss: 0.3574
learn rate: 0.001000
epoch: 1450, train_mse: 0.000239, train_pearson_loss: 0.3405, test_mse: 0.000950, test_pearson_loss: 0.3575
learn rate: 0.001000
epoch: 1460, train_mse: 0.000241, train_pearson_loss: 0.3414, test_mse: 0.000897, test_pearson_loss: 0.3553
learn rate: 0.001000
epoch: 1470, train_mse: 0.000248, train_pearson_loss: 0.3430, test_mse: 0.000918, test_pearson_loss: 0.3561
learn rate: 0.001000
epoch: 1480, train_mse: 0.000238, train_pearson_loss: 0.3403, test_mse: 0.000953, test_pearson_loss: 0.3561
learn rate: 0.001000
epoch: 1490, train_mse: 0.000244, train_pearson_loss: 0.3418, test_mse: 0.000877, test_pearson_loss: 0.3568
learn rate: 0.001000
Saving checkpoint to /gws/nopw/j04/eocis_chuk/shaerdan/models/model_pB_fK9CtFFc/checkpoint_epoch_1500...
epoch: 1500, train_mse: 0.000238, train_pearson_loss: 0.3402, test_mse: 0.000907, test_pearson_loss: 0.3558
learn rate: 0.001000
epoch: 1510, train_mse: 0.000266, train_pearson_loss: 0.3488, test_mse: 0.000928, test_pearson_loss: 0.3570
learn rate: 0.001000
epoch: 1520, train_mse: 0.000239, train_pearson_loss: 0.3406, test_mse: 0.000898, test_pearson_loss: 0.3573
learn rate: 0.001000
epoch: 1530, train_mse: 0.000237, train_pearson_loss: 0.3400, test_mse: 0.000933, test_pearson_loss: 0.3551
learn rate: 0.001000
epoch: 1540, train_mse: 0.000240, train_pearson_loss: 0.3406, test_mse: 0.000865, test_pearson_loss: 0.3556
learn rate: 0.001000
epoch: 1550, train_mse: 0.000239, train_pearson_loss: 0.3406, test_mse: 0.000885, test_pearson_loss: 0.3549
learn rate: 0.001000
epoch: 1560, train_mse: 0.000238, train_pearson_loss: 0.3400, test_mse: 0.000933, test_pearson_loss: 0.3557
learn rate: 0.001000
epoch: 1570, train_mse: 0.000239, train_pearson_loss: 0.3398, test_mse: 0.000936, test_pearson_loss: 0.3570
learn rate: 0.001000
epoch: 1580, train_mse: 0.000239, train_pearson_loss: 0.3398, test_mse: 0.000882, test_pearson_loss: 0.3580
learn rate: 0.001000
epoch: 1590, train_mse: 0.000239, train_pearson_loss: 0.3401, test_mse: 0.000913, test_pearson_loss: 0.3565
learn rate: 0.001000
epoch: 1600, train_mse: 0.000239, train_pearson_loss: 0.3400, test_mse: 0.000917, test_pearson_loss: 0.3574
learn rate: 0.001000
epoch: 1610, train_mse: 0.000237, train_pearson_loss: 0.3395, test_mse: 0.000943, test_pearson_loss: 0.3561
learn rate: 0.001000
epoch: 1620, train_mse: 0.000238, train_pearson_loss: 0.3395, test_mse: 0.000921, test_pearson_loss: 0.3552
learn rate: 0.001000
epoch: 1630, train_mse: 0.000237, train_pearson_loss: 0.3394, test_mse: 0.000909, test_pearson_loss: 0.3556
learn rate: 0.001000
epoch: 1640, train_mse: 0.000238, train_pearson_loss: 0.3395, test_mse: 0.000952, test_pearson_loss: 0.3573
learn rate: 0.001000
epoch: 1650, train_mse: 0.000237, train_pearson_loss: 0.3392, test_mse: 0.000900, test_pearson_loss: 0.3569
learn rate: 0.001000
epoch: 1660, train_mse: 0.000242, train_pearson_loss: 0.3399, test_mse: 0.000914, test_pearson_loss: 0.3630
learn rate: 0.001000
epoch: 1670, train_mse: 0.000240, train_pearson_loss: 0.3395, test_mse: 0.000881, test_pearson_loss: 0.3561
learn rate: 0.001000
epoch: 1680, train_mse: 0.000238, train_pearson_loss: 0.3392, test_mse: 0.000902, test_pearson_loss: 0.3567
learn rate: 0.001000
epoch: 1690, train_mse: 0.000238, train_pearson_loss: 0.3388, test_mse: 0.000884, test_pearson_loss: 0.3560
learn rate: 0.001000
epoch: 1700, train_mse: 0.000237, train_pearson_loss: 0.3385, test_mse: 0.000907, test_pearson_loss: 0.3569
learn rate: 0.001000
epoch: 1710, train_mse: 0.000247, train_pearson_loss: 0.3416, test_mse: 0.000929, test_pearson_loss: 0.3556
learn rate: 0.001000
epoch: 1720, train_mse: 0.000237, train_pearson_loss: 0.3386, test_mse: 0.000926, test_pearson_loss: 0.3554
learn rate: 0.001000
epoch: 1730, train_mse: 0.000241, train_pearson_loss: 0.3398, test_mse: 0.000935, test_pearson_loss: 0.3570
learn rate: 0.001000
epoch: 1740, train_mse: 0.000238, train_pearson_loss: 0.3388, test_mse: 0.000900, test_pearson_loss: 0.3564
learn rate: 0.001000
epoch: 1750, train_mse: 0.000237, train_pearson_loss: 0.3386, test_mse: 0.000918, test_pearson_loss: 0.3558
learn rate: 0.001000
epoch: 1760, train_mse: 0.000276, train_pearson_loss: 0.3463, test_mse: 0.000902, test_pearson_loss: 0.3550
learn rate: 0.001000
epoch: 1770, train_mse: 0.000238, train_pearson_loss: 0.3384, test_mse: 0.000903, test_pearson_loss: 0.3550
learn rate: 0.001000
epoch: 1780, train_mse: 0.000236, train_pearson_loss: 0.3382, test_mse: 0.000908, test_pearson_loss: 0.3551
learn rate: 0.001000
epoch: 1790, train_mse: 0.000237, train_pearson_loss: 0.3383, test_mse: 0.000934, test_pearson_loss: 0.3555
learn rate: 0.001000
epoch: 1800, train_mse: 0.000237, train_pearson_loss: 0.3383, test_mse: 0.000937, test_pearson_loss: 0.3552
learn rate: 0.001000
epoch: 1810, train_mse: 0.000236, train_pearson_loss: 0.3379, test_mse: 0.000918, test_pearson_loss: 0.3547
learn rate: 0.001000
epoch: 1820, train_mse: 0.000236, train_pearson_loss: 0.3379, test_mse: 0.000930, test_pearson_loss: 0.3560
learn rate: 0.001000
epoch: 1830, train_mse: 0.000239, train_pearson_loss: 0.3389, test_mse: 0.000911, test_pearson_loss: 0.3576
learn rate: 0.001000
epoch: 1840, train_mse: 0.000238, train_pearson_loss: 0.3384, test_mse: 0.000958, test_pearson_loss: 0.3575
learn rate: 0.001000
epoch: 1850, train_mse: 0.000236, train_pearson_loss: 0.3377, test_mse: 0.000923, test_pearson_loss: 0.3555
learn rate: 0.001000
epoch: 1860, train_mse: 0.000237, train_pearson_loss: 0.3378, test_mse: 0.000879, test_pearson_loss: 0.3545
learn rate: 0.001000
epoch: 1870, train_mse: 0.000235, train_pearson_loss: 0.3375, test_mse: 0.000942, test_pearson_loss: 0.3556
learn rate: 0.001000
epoch: 1880, train_mse: 0.000235, train_pearson_loss: 0.3374, test_mse: 0.000925, test_pearson_loss: 0.3554
learn rate: 0.001000
epoch: 1890, train_mse: 0.000236, train_pearson_loss: 0.3377, test_mse: 0.000967, test_pearson_loss: 0.3566
learn rate: 0.001000
epoch: 1900, train_mse: 0.000235, train_pearson_loss: 0.3372, test_mse: 0.000951, test_pearson_loss: 0.3560
learn rate: 0.001000
epoch: 1910, train_mse: 0.000235, train_pearson_loss: 0.3374, test_mse: 0.000925, test_pearson_loss: 0.3561
learn rate: 0.001000
epoch: 1920, train_mse: 0.000237, train_pearson_loss: 0.3374, test_mse: 0.000954, test_pearson_loss: 0.3561
learn rate: 0.001000
epoch: 1930, train_mse: 0.000237, train_pearson_loss: 0.3375, test_mse: 0.000905, test_pearson_loss: 0.3550
learn rate: 0.001000
epoch: 1940, train_mse: 0.000241, train_pearson_loss: 0.3384, test_mse: 0.000940, test_pearson_loss: 0.3553
learn rate: 0.001000
epoch: 1950, train_mse: 0.000236, train_pearson_loss: 0.3374, test_mse: 0.000948, test_pearson_loss: 0.3549
learn rate: 0.001000
epoch: 1960, train_mse: 0.000235, train_pearson_loss: 0.3374, test_mse: 0.000936, test_pearson_loss: 0.3550
learn rate: 0.001000
epoch: 1970, train_mse: 0.000234, train_pearson_loss: 0.3370, test_mse: 0.000935, test_pearson_loss: 0.3535
learn rate: 0.001000
epoch: 1980, train_mse: 0.000236, train_pearson_loss: 0.3371, test_mse: 0.000919, test_pearson_loss: 0.3563
learn rate: 0.001000
epoch: 1990, train_mse: 0.000235, train_pearson_loss: 0.3371, test_mse: 0.000919, test_pearson_loss: 0.3546
learn rate: 0.001000
Saving checkpoint to /gws/nopw/j04/eocis_chuk/shaerdan/models/model_pB_fK9CtFFc/checkpoint_epoch_2000...
epoch: 2000, train_mse: 0.000249, train_pearson_loss: 0.3415, test_mse: 0.000922, test_pearson_loss: 0.3587
learn rate: 0.001000
epoch: 2010, train_mse: 0.000234, train_pearson_loss: 0.3367, test_mse: 0.000936, test_pearson_loss: 0.3546
learn rate: 0.001000
epoch: 2020, train_mse: 0.000235, train_pearson_loss: 0.3370, test_mse: 0.000913, test_pearson_loss: 0.3554
learn rate: 0.001000
epoch: 2030, train_mse: 0.000237, train_pearson_loss: 0.3373, test_mse: 0.000985, test_pearson_loss: 0.3553
learn rate: 0.001000
epoch: 2040, train_mse: 0.000234, train_pearson_loss: 0.3367, test_mse: 0.000940, test_pearson_loss: 0.3565
learn rate: 0.001000
epoch: 2050, train_mse: 0.000234, train_pearson_loss: 0.3366, test_mse: 0.000909, test_pearson_loss: 0.3547
learn rate: 0.001000
epoch: 2060, train_mse: 0.000235, train_pearson_loss: 0.3366, test_mse: 0.000914, test_pearson_loss: 0.3549
learn rate: 0.001000
epoch: 2070, train_mse: 0.000234, train_pearson_loss: 0.3365, test_mse: 0.000916, test_pearson_loss: 0.3543
learn rate: 0.001000
epoch: 2080, train_mse: 0.000235, train_pearson_loss: 0.3364, test_mse: 0.000891, test_pearson_loss: 0.3563
learn rate: 0.001000
epoch: 2090, train_mse: 0.000234, train_pearson_loss: 0.3363, test_mse: 0.000900, test_pearson_loss: 0.3564
learn rate: 0.001000
epoch: 2100, train_mse: 0.000236, train_pearson_loss: 0.3371, test_mse: 0.000928, test_pearson_loss: 0.3548
learn rate: 0.001000
epoch: 2110, train_mse: 0.000239, train_pearson_loss: 0.3374, test_mse: 0.000915, test_pearson_loss: 0.3553
learn rate: 0.001000
epoch: 2120, train_mse: 0.000234, train_pearson_loss: 0.3362, test_mse: 0.000949, test_pearson_loss: 0.3551
learn rate: 0.001000
epoch: 2130, train_mse: 0.000234, train_pearson_loss: 0.3364, test_mse: 0.000917, test_pearson_loss: 0.3538
learn rate: 0.001000
epoch: 2140, train_mse: 0.000234, train_pearson_loss: 0.3360, test_mse: 0.000890, test_pearson_loss: 0.3554
learn rate: 0.001000
epoch: 2150, train_mse: 0.000236, train_pearson_loss: 0.3362, test_mse: 0.000918, test_pearson_loss: 0.3562
learn rate: 0.001000
epoch: 2160, train_mse: 0.000234, train_pearson_loss: 0.3359, test_mse: 0.000899, test_pearson_loss: 0.3563
learn rate: 0.001000
epoch: 2170, train_mse: 0.000242, train_pearson_loss: 0.3382, test_mse: 0.000954, test_pearson_loss: 0.3552
learn rate: 0.001000
epoch: 2180, train_mse: 0.000234, train_pearson_loss: 0.3361, test_mse: 0.000908, test_pearson_loss: 0.3554
learn rate: 0.001000
epoch: 2190, train_mse: 0.000234, train_pearson_loss: 0.3358, test_mse: 0.000948, test_pearson_loss: 0.3565
learn rate: 0.001000
epoch: 2200, train_mse: 0.000236, train_pearson_loss: 0.3365, test_mse: 0.000926, test_pearson_loss: 0.3552
learn rate: 0.001000
epoch: 2210, train_mse: 0.000235, train_pearson_loss: 0.3362, test_mse: 0.000911, test_pearson_loss: 0.3545
learn rate: 0.001000
epoch: 2220, train_mse: 0.000243, train_pearson_loss: 0.3386, test_mse: 0.000881, test_pearson_loss: 0.3528
learn rate: 0.001000
epoch: 2230, train_mse: 0.000233, train_pearson_loss: 0.3355, test_mse: 0.000914, test_pearson_loss: 0.3541
learn rate: 0.001000
epoch: 2240, train_mse: 0.000234, train_pearson_loss: 0.3355, test_mse: 0.000882, test_pearson_loss: 0.3546
learn rate: 0.001000
epoch: 2250, train_mse: 0.000238, train_pearson_loss: 0.3368, test_mse: 0.000916, test_pearson_loss: 0.3549
learn rate: 0.001000
epoch: 2260, train_mse: 0.000232, train_pearson_loss: 0.3352, test_mse: 0.000915, test_pearson_loss: 0.3541
learn rate: 0.001000
epoch: 2270, train_mse: 0.000234, train_pearson_loss: 0.3355, test_mse: 0.000921, test_pearson_loss: 0.3553
learn rate: 0.001000
epoch: 2280, train_mse: 0.000232, train_pearson_loss: 0.3350, test_mse: 0.000903, test_pearson_loss: 0.3546
learn rate: 0.001000
epoch: 2290, train_mse: 0.000233, train_pearson_loss: 0.3353, test_mse: 0.000939, test_pearson_loss: 0.3548
learn rate: 0.001000
epoch: 2300, train_mse: 0.000234, train_pearson_loss: 0.3353, test_mse: 0.000908, test_pearson_loss: 0.3547
learn rate: 0.001000
epoch: 2310, train_mse: 0.000236, train_pearson_loss: 0.3363, test_mse: 0.000939, test_pearson_loss: 0.3541
learn rate: 0.001000
epoch: 2320, train_mse: 0.000233, train_pearson_loss: 0.3349, test_mse: 0.000940, test_pearson_loss: 0.3536
learn rate: 0.001000
epoch: 2330, train_mse: 0.000245, train_pearson_loss: 0.3382, test_mse: 0.000926, test_pearson_loss: 0.3545
learn rate: 0.001000
epoch: 2340, train_mse: 0.000233, train_pearson_loss: 0.3350, test_mse: 0.000977, test_pearson_loss: 0.3545
learn rate: 0.001000
epoch: 2350, train_mse: 0.000237, train_pearson_loss: 0.3361, test_mse: 0.000923, test_pearson_loss: 0.3542
learn rate: 0.001000
epoch: 2360, train_mse: 0.000233, train_pearson_loss: 0.3350, test_mse: 0.000931, test_pearson_loss: 0.3559
learn rate: 0.001000
epoch: 2370, train_mse: 0.000233, train_pearson_loss: 0.3349, test_mse: 0.000923, test_pearson_loss: 0.3537
learn rate: 0.001000
epoch: 2380, train_mse: 0.000233, train_pearson_loss: 0.3350, test_mse: 0.000923, test_pearson_loss: 0.3553
learn rate: 0.001000
epoch: 2390, train_mse: 0.000234, train_pearson_loss: 0.3348, test_mse: 0.000894, test_pearson_loss: 0.3556
learn rate: 0.001000
epoch: 2400, train_mse: 0.000236, train_pearson_loss: 0.3358, test_mse: 0.000911, test_pearson_loss: 0.3581
learn rate: 0.001000
epoch: 2410, train_mse: 0.000235, train_pearson_loss: 0.3355, test_mse: 0.000925, test_pearson_loss: 0.3553
learn rate: 0.001000
epoch: 2420, train_mse: 0.000232, train_pearson_loss: 0.3345, test_mse: 0.000923, test_pearson_loss: 0.3558
learn rate: 0.001000
epoch: 2430, train_mse: 0.000235, train_pearson_loss: 0.3347, test_mse: 0.000898, test_pearson_loss: 0.3555
learn rate: 0.001000
epoch: 2440, train_mse: 0.000232, train_pearson_loss: 0.3342, test_mse: 0.000933, test_pearson_loss: 0.3543
learn rate: 0.001000
epoch: 2450, train_mse: 0.000233, train_pearson_loss: 0.3343, test_mse: 0.000928, test_pearson_loss: 0.3548
learn rate: 0.001000
epoch: 2460, train_mse: 0.000233, train_pearson_loss: 0.3347, test_mse: 0.000897, test_pearson_loss: 0.3540
learn rate: 0.001000
epoch: 2470, train_mse: 0.000233, train_pearson_loss: 0.3343, test_mse: 0.000957, test_pearson_loss: 0.3548
learn rate: 0.001000
epoch: 2480, train_mse: 0.000232, train_pearson_loss: 0.3340, test_mse: 0.000918, test_pearson_loss: 0.3536
learn rate: 0.001000
epoch: 2490, train_mse: 0.000233, train_pearson_loss: 0.3341, test_mse: 0.000958, test_pearson_loss: 0.3547
learn rate: 0.001000
Saving checkpoint to /gws/nopw/j04/eocis_chuk/shaerdan/models/model_pB_fK9CtFFc/checkpoint_epoch_2500...
epoch: 2500, train_mse: 0.000233, train_pearson_loss: 0.3340, test_mse: 0.000897, test_pearson_loss: 0.3538
learn rate: 0.001000
epoch: 2510, train_mse: 0.000234, train_pearson_loss: 0.3340, test_mse: 0.000910, test_pearson_loss: 0.3549
learn rate: 0.001000
epoch: 2520, train_mse: 0.000233, train_pearson_loss: 0.3343, test_mse: 0.000928, test_pearson_loss: 0.3551
learn rate: 0.001000
epoch: 2530, train_mse: 0.000232, train_pearson_loss: 0.3338, test_mse: 0.000922, test_pearson_loss: 0.3548
learn rate: 0.001000
epoch: 2540, train_mse: 0.000233, train_pearson_loss: 0.3337, test_mse: 0.000927, test_pearson_loss: 0.3548
learn rate: 0.001000
epoch: 2550, train_mse: 0.000233, train_pearson_loss: 0.3338, test_mse: 0.000919, test_pearson_loss: 0.3558
learn rate: 0.001000
epoch: 2560, train_mse: 0.000233, train_pearson_loss: 0.3331, test_mse: 0.000928, test_pearson_loss: 0.3548
learn rate: 0.001000
epoch: 2570, train_mse: 0.000243, train_pearson_loss: 0.3403, test_mse: 0.000932, test_pearson_loss: 0.3565
learn rate: 0.001000
epoch: 2580, train_mse: 0.000238, train_pearson_loss: 0.3346, test_mse: 0.000916, test_pearson_loss: 0.3543
learn rate: 0.001000
epoch: 2590, train_mse: 0.000250, train_pearson_loss: 0.3369, test_mse: 0.000930, test_pearson_loss: 0.3678
learn rate: 0.001000
