==========================================
Job ID: 64525393
Node: gpuhost[015-016]
Start time: Sun  1 Feb 23:36:19 GMT 2026
Working dir: /home/users/shaerdan/cae_tools_pB
==========================================
Sun Feb  1 23:36:19 2026       
+-----------------------------------------------------------------------------------------+
| NVIDIA-SMI 590.48.01              Driver Version: 590.48.01      CUDA Version: 13.1     |
+-----------------------------------------+------------------------+----------------------+
| GPU  Name                 Persistence-M | Bus-Id          Disp.A | Volatile Uncorr. ECC |
| Fan  Temp   Perf          Pwr:Usage/Cap |           Memory-Usage | GPU-Util  Compute M. |
|                                         |                        |               MIG M. |
|=========================================+========================+======================|
|   0  NVIDIA A100-SXM4-40GB          On  |   00000000:4D:00.0 Off |                    0 |
| N/A   33C    P0             60W /  400W |       0MiB /  40960MiB |      0%      Default |
|                                         |                        |             Disabled |
+-----------------------------------------+------------------------+----------------------+

+-----------------------------------------------------------------------------------------+
| Processes:                                                                              |
|  GPU   GI   CI              PID   Type   Process name                        GPU Memory |
|        ID   ID                                                               Usage      |
|=========================================================================================|
|  No running processes found                                                             |
+-----------------------------------------------------------------------------------------+
Total training files: 283
Sampling 283 files (1 fraction)
Training files selected: 283
Output Hash: 9NFbneet
Model will be saved to: /gws/nopw/j04/eocis_chuk/shaerdan/models/model_pB_9NFbneet
Training cases: 103577, Test cases: 9001
{'land_cover': 0.0, 'albedo_monthly_climatology_means': -0.01282203197479248, 'elevation': -45.0425910949707, 'era5_skt': 269.325439453125, 'sin_doy': 0.025747913867235184, 'cos_doy': -1.0, 'slope_magnitude': 0.0, 'slope_direction': -180.0, 'urban_area': 0.0, 'suburban_area': 0.0, 'pixel_st_hot_pattern': 272.7442932128906, 'pixel_st_cold_pattern': 251.3833770751953} {'land_cover': 21.0, 'albedo_monthly_climatology_means': 3.067500352859497, 'elevation': 1263.7564697265625, 'era5_skt': 312.96881103515625, 'sin_doy': 1.0, 'cos_doy': 0.9986740946769714, 'slope_magnitude': 1.9282455444335938, 'slope_direction': 179.9999542236328, 'urban_area': 1.0, 'suburban_area': 1.0, 'pixel_st_hot_pattern': 341.23455810546875, 'pixel_st_cold_pattern': 309.9613952636719} 250.26226806640625 368.8778076171875
Running on device: cuda
epoch: 0, train_mse: 0.014085, train_pearson_loss: 0.9234, test_mse: 0.002501, test_pearson_loss: 0.8166
learn rate: 0.001000
epoch: 10, train_mse: 0.000657, train_pearson_loss: 0.4841, test_mse: 0.000972, test_pearson_loss: 0.4351
learn rate: 0.001000
epoch: 20, train_mse: 0.000540, train_pearson_loss: 0.4324, test_mse: 0.001046, test_pearson_loss: 0.4101
learn rate: 0.001000
epoch: 30, train_mse: 0.000662, train_pearson_loss: 0.4785, test_mse: 0.001091, test_pearson_loss: 0.4312
learn rate: 0.001000
epoch: 40, train_mse: 0.000512, train_pearson_loss: 0.4270, test_mse: 0.000966, test_pearson_loss: 0.4023
learn rate: 0.001000
epoch: 50, train_mse: 0.000461, train_pearson_loss: 0.4067, test_mse: 0.000917, test_pearson_loss: 0.3927
learn rate: 0.001000
epoch: 60, train_mse: 0.000427, train_pearson_loss: 0.4004, test_mse: 0.000912, test_pearson_loss: 0.3837
learn rate: 0.001000
epoch: 70, train_mse: 0.000432, train_pearson_loss: 0.4028, test_mse: 0.000917, test_pearson_loss: 0.3872
learn rate: 0.001000
epoch: 80, train_mse: 0.000615, train_pearson_loss: 0.4837, test_mse: 0.000884, test_pearson_loss: 0.4272
learn rate: 0.001000
epoch: 90, train_mse: 0.000423, train_pearson_loss: 0.4121, test_mse: 0.000930, test_pearson_loss: 0.3950
learn rate: 0.001000
epoch: 100, train_mse: 0.000390, train_pearson_loss: 0.3962, test_mse: 0.000985, test_pearson_loss: 0.3864
learn rate: 0.001000
epoch: 110, train_mse: 0.000384, train_pearson_loss: 0.3947, test_mse: 0.000912, test_pearson_loss: 0.3827
learn rate: 0.001000
epoch: 120, train_mse: 0.000367, train_pearson_loss: 0.3889, test_mse: 0.000919, test_pearson_loss: 0.3784
learn rate: 0.001000
epoch: 130, train_mse: 0.000446, train_pearson_loss: 0.4137, test_mse: 0.000936, test_pearson_loss: 0.3912
learn rate: 0.001000
epoch: 140, train_mse: 0.000395, train_pearson_loss: 0.3995, test_mse: 0.000942, test_pearson_loss: 0.3834
learn rate: 0.001000
epoch: 150, train_mse: 0.000370, train_pearson_loss: 0.3898, test_mse: 0.000923, test_pearson_loss: 0.3840
learn rate: 0.001000
epoch: 160, train_mse: 0.000354, train_pearson_loss: 0.3860, test_mse: 0.000950, test_pearson_loss: 0.3814
learn rate: 0.001000
epoch: 170, train_mse: 0.000345, train_pearson_loss: 0.3844, test_mse: 0.000920, test_pearson_loss: 0.3753
learn rate: 0.001000
epoch: 180, train_mse: 0.000330, train_pearson_loss: 0.3818, test_mse: 0.000933, test_pearson_loss: 0.3732
learn rate: 0.001000
epoch: 190, train_mse: 0.000328, train_pearson_loss: 0.3809, test_mse: 0.000948, test_pearson_loss: 0.3716
learn rate: 0.001000
epoch: 200, train_mse: 0.000326, train_pearson_loss: 0.3796, test_mse: 0.000949, test_pearson_loss: 0.3706
learn rate: 0.001000
epoch: 210, train_mse: 0.000319, train_pearson_loss: 0.3777, test_mse: 0.000966, test_pearson_loss: 0.3722
learn rate: 0.001000
epoch: 220, train_mse: 0.000306, train_pearson_loss: 0.3754, test_mse: 0.000966, test_pearson_loss: 0.3706
learn rate: 0.001000
epoch: 230, train_mse: 0.000303, train_pearson_loss: 0.3743, test_mse: 0.000943, test_pearson_loss: 0.3704
learn rate: 0.001000
epoch: 240, train_mse: 0.000309, train_pearson_loss: 0.3739, test_mse: 0.000945, test_pearson_loss: 0.3705
learn rate: 0.001000
epoch: 250, train_mse: 0.000301, train_pearson_loss: 0.3735, test_mse: 0.000929, test_pearson_loss: 0.3754
learn rate: 0.001000
epoch: 260, train_mse: 0.000305, train_pearson_loss: 0.3733, test_mse: 0.000971, test_pearson_loss: 0.3752
learn rate: 0.001000
epoch: 270, train_mse: 0.000302, train_pearson_loss: 0.3731, test_mse: 0.000980, test_pearson_loss: 0.3702
learn rate: 0.001000
epoch: 280, train_mse: 0.000300, train_pearson_loss: 0.3722, test_mse: 0.000956, test_pearson_loss: 0.3716
learn rate: 0.001000
epoch: 290, train_mse: 0.000302, train_pearson_loss: 0.3722, test_mse: 0.000976, test_pearson_loss: 0.3678
learn rate: 0.001000
epoch: 300, train_mse: 0.000303, train_pearson_loss: 0.3723, test_mse: 0.000951, test_pearson_loss: 0.3675
learn rate: 0.001000
epoch: 310, train_mse: 0.000297, train_pearson_loss: 0.3710, test_mse: 0.000938, test_pearson_loss: 0.3729
learn rate: 0.001000
epoch: 320, train_mse: 0.000293, train_pearson_loss: 0.3703, test_mse: 0.000965, test_pearson_loss: 0.3653
learn rate: 0.001000
epoch: 330, train_mse: 0.000291, train_pearson_loss: 0.3701, test_mse: 0.000949, test_pearson_loss: 0.3684
learn rate: 0.001000
epoch: 340, train_mse: 0.000308, train_pearson_loss: 0.3749, test_mse: 0.000948, test_pearson_loss: 0.3681
learn rate: 0.001000
epoch: 350, train_mse: 0.000283, train_pearson_loss: 0.3684, test_mse: 0.000956, test_pearson_loss: 0.3697
learn rate: 0.001000
epoch: 360, train_mse: 0.000284, train_pearson_loss: 0.3682, test_mse: 0.000969, test_pearson_loss: 0.3669
learn rate: 0.001000
epoch: 370, train_mse: 0.000282, train_pearson_loss: 0.3674, test_mse: 0.000956, test_pearson_loss: 0.3672
learn rate: 0.001000
epoch: 380, train_mse: 0.000282, train_pearson_loss: 0.3670, test_mse: 0.000993, test_pearson_loss: 0.3669
learn rate: 0.001000
epoch: 390, train_mse: 0.000286, train_pearson_loss: 0.3674, test_mse: 0.000969, test_pearson_loss: 0.3662
learn rate: 0.001000
epoch: 400, train_mse: 0.000285, train_pearson_loss: 0.3671, test_mse: 0.001022, test_pearson_loss: 0.3674
learn rate: 0.001000
epoch: 410, train_mse: 0.000279, train_pearson_loss: 0.3660, test_mse: 0.000970, test_pearson_loss: 0.3698
learn rate: 0.001000
epoch: 420, train_mse: 0.000275, train_pearson_loss: 0.3648, test_mse: 0.000939, test_pearson_loss: 0.3649
learn rate: 0.001000
epoch: 430, train_mse: 0.000277, train_pearson_loss: 0.3647, test_mse: 0.001014, test_pearson_loss: 0.3673
learn rate: 0.001000
epoch: 440, train_mse: 0.000271, train_pearson_loss: 0.3637, test_mse: 0.000968, test_pearson_loss: 0.3643
learn rate: 0.001000
epoch: 450, train_mse: 0.000271, train_pearson_loss: 0.3633, test_mse: 0.001006, test_pearson_loss: 0.3706
learn rate: 0.001000
epoch: 460, train_mse: 0.000276, train_pearson_loss: 0.3634, test_mse: 0.000967, test_pearson_loss: 0.3654
learn rate: 0.001000
epoch: 470, train_mse: 0.000285, train_pearson_loss: 0.3650, test_mse: 0.000957, test_pearson_loss: 0.3667
learn rate: 0.001000
epoch: 480, train_mse: 0.000278, train_pearson_loss: 0.3638, test_mse: 0.000960, test_pearson_loss: 0.3667
learn rate: 0.001000
epoch: 490, train_mse: 0.000270, train_pearson_loss: 0.3622, test_mse: 0.001022, test_pearson_loss: 0.3641
learn rate: 0.001000
epoch: 500, train_mse: 0.000267, train_pearson_loss: 0.3617, test_mse: 0.000956, test_pearson_loss: 0.3637
learn rate: 0.001000
epoch: 510, train_mse: 0.000270, train_pearson_loss: 0.3613, test_mse: 0.000946, test_pearson_loss: 0.3639
learn rate: 0.001000
epoch: 520, train_mse: 0.000284, train_pearson_loss: 0.3641, test_mse: 0.000988, test_pearson_loss: 0.3667
learn rate: 0.001000
epoch: 530, train_mse: 0.000279, train_pearson_loss: 0.3623, test_mse: 0.000995, test_pearson_loss: 0.3651
learn rate: 0.001000
epoch: 540, train_mse: 0.000268, train_pearson_loss: 0.3608, test_mse: 0.000980, test_pearson_loss: 0.3673
learn rate: 0.001000
epoch: 550, train_mse: 0.000266, train_pearson_loss: 0.3600, test_mse: 0.000971, test_pearson_loss: 0.3643
learn rate: 0.001000
epoch: 560, train_mse: 0.000271, train_pearson_loss: 0.3602, test_mse: 0.000952, test_pearson_loss: 0.3633
learn rate: 0.001000
epoch: 570, train_mse: 0.000264, train_pearson_loss: 0.3592, test_mse: 0.000971, test_pearson_loss: 0.3644
learn rate: 0.001000
epoch: 580, train_mse: 0.000267, train_pearson_loss: 0.3609, test_mse: 0.000996, test_pearson_loss: 0.3641
learn rate: 0.001000
epoch: 590, train_mse: 0.000264, train_pearson_loss: 0.3586, test_mse: 0.001027, test_pearson_loss: 0.3648
learn rate: 0.001000
epoch: 600, train_mse: 0.000266, train_pearson_loss: 0.3590, test_mse: 0.000957, test_pearson_loss: 0.3619
learn rate: 0.001000
epoch: 610, train_mse: 0.000267, train_pearson_loss: 0.3588, test_mse: 0.000995, test_pearson_loss: 0.3660
learn rate: 0.001000
epoch: 620, train_mse: 0.000265, train_pearson_loss: 0.3585, test_mse: 0.001063, test_pearson_loss: 0.3654
learn rate: 0.001000
epoch: 630, train_mse: 0.000266, train_pearson_loss: 0.3585, test_mse: 0.001008, test_pearson_loss: 0.3648
learn rate: 0.001000
epoch: 640, train_mse: 0.000263, train_pearson_loss: 0.3580, test_mse: 0.001041, test_pearson_loss: 0.3664
learn rate: 0.001000
epoch: 650, train_mse: 0.000259, train_pearson_loss: 0.3572, test_mse: 0.001039, test_pearson_loss: 0.3643
learn rate: 0.001000
epoch: 660, train_mse: 0.000262, train_pearson_loss: 0.3573, test_mse: 0.001071, test_pearson_loss: 0.3661
learn rate: 0.001000
epoch: 670, train_mse: 0.000268, train_pearson_loss: 0.3578, test_mse: 0.001031, test_pearson_loss: 0.3683
learn rate: 0.001000
epoch: 680, train_mse: 0.000260, train_pearson_loss: 0.3567, test_mse: 0.001020, test_pearson_loss: 0.3623
learn rate: 0.001000
epoch: 690, train_mse: 0.000261, train_pearson_loss: 0.3568, test_mse: 0.001018, test_pearson_loss: 0.3632
learn rate: 0.001000
epoch: 700, train_mse: 0.000260, train_pearson_loss: 0.3563, test_mse: 0.001022, test_pearson_loss: 0.3628
learn rate: 0.001000
epoch: 710, train_mse: 0.000258, train_pearson_loss: 0.3561, test_mse: 0.000960, test_pearson_loss: 0.3637
learn rate: 0.001000
epoch: 720, train_mse: 0.000260, train_pearson_loss: 0.3563, test_mse: 0.000972, test_pearson_loss: 0.3639
learn rate: 0.001000
epoch: 730, train_mse: 0.000260, train_pearson_loss: 0.3561, test_mse: 0.001028, test_pearson_loss: 0.3626
learn rate: 0.001000
epoch: 740, train_mse: 0.000261, train_pearson_loss: 0.3561, test_mse: 0.000986, test_pearson_loss: 0.3632
learn rate: 0.001000
epoch: 750, train_mse: 0.000270, train_pearson_loss: 0.3570, test_mse: 0.000972, test_pearson_loss: 0.3641
learn rate: 0.001000
epoch: 760, train_mse: 0.000253, train_pearson_loss: 0.3548, test_mse: 0.000974, test_pearson_loss: 0.3643
learn rate: 0.001000
epoch: 770, train_mse: 0.000256, train_pearson_loss: 0.3547, test_mse: 0.000985, test_pearson_loss: 0.3622
learn rate: 0.001000
epoch: 780, train_mse: 0.000259, train_pearson_loss: 0.3552, test_mse: 0.000974, test_pearson_loss: 0.3630
learn rate: 0.001000
epoch: 790, train_mse: 0.000258, train_pearson_loss: 0.3546, test_mse: 0.000939, test_pearson_loss: 0.3624
learn rate: 0.001000
epoch: 800, train_mse: 0.000262, train_pearson_loss: 0.3551, test_mse: 0.000954, test_pearson_loss: 0.3622
learn rate: 0.001000
epoch: 810, train_mse: 0.000258, train_pearson_loss: 0.3544, test_mse: 0.000937, test_pearson_loss: 0.3614
learn rate: 0.001000
epoch: 820, train_mse: 0.000264, train_pearson_loss: 0.3554, test_mse: 0.000983, test_pearson_loss: 0.3632
learn rate: 0.001000
epoch: 830, train_mse: 0.000253, train_pearson_loss: 0.3538, test_mse: 0.000961, test_pearson_loss: 0.3623
learn rate: 0.001000
epoch: 840, train_mse: 0.000264, train_pearson_loss: 0.3551, test_mse: 0.000953, test_pearson_loss: 0.3655
learn rate: 0.001000
epoch: 850, train_mse: 0.000255, train_pearson_loss: 0.3537, test_mse: 0.000926, test_pearson_loss: 0.3628
learn rate: 0.001000
epoch: 860, train_mse: 0.000264, train_pearson_loss: 0.3553, test_mse: 0.000989, test_pearson_loss: 0.3642
learn rate: 0.001000
epoch: 870, train_mse: 0.000254, train_pearson_loss: 0.3537, test_mse: 0.000966, test_pearson_loss: 0.3621
learn rate: 0.001000
epoch: 880, train_mse: 0.000257, train_pearson_loss: 0.3540, test_mse: 0.001028, test_pearson_loss: 0.3620
learn rate: 0.001000
epoch: 890, train_mse: 0.000256, train_pearson_loss: 0.3536, test_mse: 0.001050, test_pearson_loss: 0.3628
learn rate: 0.001000
epoch: 900, train_mse: 0.000255, train_pearson_loss: 0.3533, test_mse: 0.001026, test_pearson_loss: 0.3632
learn rate: 0.001000
epoch: 910, train_mse: 0.000260, train_pearson_loss: 0.3538, test_mse: 0.001014, test_pearson_loss: 0.3623
learn rate: 0.001000
epoch: 920, train_mse: 0.000254, train_pearson_loss: 0.3529, test_mse: 0.000977, test_pearson_loss: 0.3622
learn rate: 0.001000
epoch: 930, train_mse: 0.000253, train_pearson_loss: 0.3525, test_mse: 0.000986, test_pearson_loss: 0.3644
learn rate: 0.001000
epoch: 940, train_mse: 0.000260, train_pearson_loss: 0.3534, test_mse: 0.000949, test_pearson_loss: 0.3622
learn rate: 0.001000
epoch: 950, train_mse: 0.000250, train_pearson_loss: 0.3521, test_mse: 0.000950, test_pearson_loss: 0.3601
learn rate: 0.001000
epoch: 960, train_mse: 0.000257, train_pearson_loss: 0.3530, test_mse: 0.000973, test_pearson_loss: 0.3632
learn rate: 0.001000
epoch: 970, train_mse: 0.000249, train_pearson_loss: 0.3516, test_mse: 0.000901, test_pearson_loss: 0.3623
learn rate: 0.001000
epoch: 980, train_mse: 0.000252, train_pearson_loss: 0.3517, test_mse: 0.000940, test_pearson_loss: 0.3608
learn rate: 0.001000
epoch: 990, train_mse: 0.000256, train_pearson_loss: 0.3521, test_mse: 0.000955, test_pearson_loss: 0.3616
learn rate: 0.001000
epoch: 1000, train_mse: 0.000253, train_pearson_loss: 0.3521, test_mse: 0.000994, test_pearson_loss: 0.3607
learn rate: 0.001000
epoch: 1010, train_mse: 0.000252, train_pearson_loss: 0.3515, test_mse: 0.000968, test_pearson_loss: 0.3596
learn rate: 0.001000
epoch: 1020, train_mse: 0.000253, train_pearson_loss: 0.3515, test_mse: 0.000966, test_pearson_loss: 0.3598
learn rate: 0.001000
epoch: 1030, train_mse: 0.000251, train_pearson_loss: 0.3512, test_mse: 0.000983, test_pearson_loss: 0.3600
learn rate: 0.001000
epoch: 1040, train_mse: 0.000260, train_pearson_loss: 0.3523, test_mse: 0.000934, test_pearson_loss: 0.3611
learn rate: 0.001000
epoch: 1050, train_mse: 0.000251, train_pearson_loss: 0.3514, test_mse: 0.000967, test_pearson_loss: 0.3609
learn rate: 0.001000
epoch: 1060, train_mse: 0.000251, train_pearson_loss: 0.3511, test_mse: 0.000974, test_pearson_loss: 0.3591
learn rate: 0.001000
epoch: 1070, train_mse: 0.000255, train_pearson_loss: 0.3517, test_mse: 0.000954, test_pearson_loss: 0.3632
learn rate: 0.001000
epoch: 1080, train_mse: 0.000252, train_pearson_loss: 0.3512, test_mse: 0.000956, test_pearson_loss: 0.3614
learn rate: 0.001000
epoch: 1090, train_mse: 0.000254, train_pearson_loss: 0.3514, test_mse: 0.000947, test_pearson_loss: 0.3601
learn rate: 0.001000
epoch: 1100, train_mse: 0.000252, train_pearson_loss: 0.3509, test_mse: 0.000946, test_pearson_loss: 0.3619
learn rate: 0.001000
epoch: 1110, train_mse: 0.000254, train_pearson_loss: 0.3513, test_mse: 0.000924, test_pearson_loss: 0.3633
learn rate: 0.001000
epoch: 1120, train_mse: 0.000257, train_pearson_loss: 0.3518, test_mse: 0.000983, test_pearson_loss: 0.3609
learn rate: 0.001000
epoch: 1130, train_mse: 0.000254, train_pearson_loss: 0.3515, test_mse: 0.000965, test_pearson_loss: 0.3590
learn rate: 0.001000
epoch: 1140, train_mse: 0.000259, train_pearson_loss: 0.3524, test_mse: 0.000920, test_pearson_loss: 0.3593
learn rate: 0.001000
epoch: 1150, train_mse: 0.000262, train_pearson_loss: 0.3525, test_mse: 0.000894, test_pearson_loss: 0.3613
learn rate: 0.001000
epoch: 1160, train_mse: 0.000247, train_pearson_loss: 0.3501, test_mse: 0.000940, test_pearson_loss: 0.3604
learn rate: 0.001000
epoch: 1170, train_mse: 0.000250, train_pearson_loss: 0.3502, test_mse: 0.000909, test_pearson_loss: 0.3630
learn rate: 0.001000
epoch: 1180, train_mse: 0.000248, train_pearson_loss: 0.3497, test_mse: 0.000933, test_pearson_loss: 0.3598
learn rate: 0.001000
epoch: 1190, train_mse: 0.000251, train_pearson_loss: 0.3498, test_mse: 0.000970, test_pearson_loss: 0.3606
learn rate: 0.001000
epoch: 1200, train_mse: 0.000252, train_pearson_loss: 0.3499, test_mse: 0.000964, test_pearson_loss: 0.3615
learn rate: 0.001000
epoch: 1210, train_mse: 0.000251, train_pearson_loss: 0.3498, test_mse: 0.000954, test_pearson_loss: 0.3608
learn rate: 0.001000
epoch: 1220, train_mse: 0.000253, train_pearson_loss: 0.3499, test_mse: 0.000960, test_pearson_loss: 0.3620
learn rate: 0.001000
epoch: 1230, train_mse: 0.000260, train_pearson_loss: 0.3515, test_mse: 0.000971, test_pearson_loss: 0.3628
learn rate: 0.001000
epoch: 1240, train_mse: 0.000251, train_pearson_loss: 0.3501, test_mse: 0.000933, test_pearson_loss: 0.3600
learn rate: 0.001000
epoch: 1250, train_mse: 0.000245, train_pearson_loss: 0.3489, test_mse: 0.000983, test_pearson_loss: 0.3607
learn rate: 0.001000
epoch: 1260, train_mse: 0.000252, train_pearson_loss: 0.3495, test_mse: 0.000957, test_pearson_loss: 0.3597
learn rate: 0.001000
epoch: 1270, train_mse: 0.000249, train_pearson_loss: 0.3492, test_mse: 0.000907, test_pearson_loss: 0.3597
learn rate: 0.001000
epoch: 1280, train_mse: 0.000249, train_pearson_loss: 0.3492, test_mse: 0.000986, test_pearson_loss: 0.3617
learn rate: 0.001000
epoch: 1290, train_mse: 0.000246, train_pearson_loss: 0.3485, test_mse: 0.000925, test_pearson_loss: 0.3598
learn rate: 0.001000
epoch: 1300, train_mse: 0.000246, train_pearson_loss: 0.3483, test_mse: 0.000918, test_pearson_loss: 0.3630
learn rate: 0.001000
epoch: 1310, train_mse: 0.000252, train_pearson_loss: 0.3493, test_mse: 0.000975, test_pearson_loss: 0.3576
learn rate: 0.001000
epoch: 1320, train_mse: 0.000250, train_pearson_loss: 0.3490, test_mse: 0.001004, test_pearson_loss: 0.3586
learn rate: 0.001000
epoch: 1330, train_mse: 0.000249, train_pearson_loss: 0.3487, test_mse: 0.000906, test_pearson_loss: 0.3599
learn rate: 0.001000
epoch: 1340, train_mse: 0.000248, train_pearson_loss: 0.3486, test_mse: 0.000914, test_pearson_loss: 0.3594
learn rate: 0.001000
epoch: 1350, train_mse: 0.000247, train_pearson_loss: 0.3482, test_mse: 0.000952, test_pearson_loss: 0.3597
learn rate: 0.001000
epoch: 1360, train_mse: 0.000253, train_pearson_loss: 0.3495, test_mse: 0.000987, test_pearson_loss: 0.3614
learn rate: 0.001000
epoch: 1370, train_mse: 0.000247, train_pearson_loss: 0.3481, test_mse: 0.000926, test_pearson_loss: 0.3609
learn rate: 0.001000
epoch: 1380, train_mse: 0.000249, train_pearson_loss: 0.3484, test_mse: 0.000945, test_pearson_loss: 0.3612
learn rate: 0.001000
epoch: 1390, train_mse: 0.000253, train_pearson_loss: 0.3491, test_mse: 0.000923, test_pearson_loss: 0.3607
learn rate: 0.001000
epoch: 1400, train_mse: 0.000246, train_pearson_loss: 0.3477, test_mse: 0.000906, test_pearson_loss: 0.3596
learn rate: 0.001000
epoch: 1410, train_mse: 0.000251, train_pearson_loss: 0.3482, test_mse: 0.000928, test_pearson_loss: 0.3609
learn rate: 0.001000
epoch: 1420, train_mse: 0.000261, train_pearson_loss: 0.3539, test_mse: 0.000901, test_pearson_loss: 0.3606
learn rate: 0.001000
epoch: 1430, train_mse: 0.000250, train_pearson_loss: 0.3481, test_mse: 0.000937, test_pearson_loss: 0.3624
learn rate: 0.001000
epoch: 1440, train_mse: 0.000260, train_pearson_loss: 0.3498, test_mse: 0.000947, test_pearson_loss: 0.3598
learn rate: 0.001000
epoch: 1450, train_mse: 0.000257, train_pearson_loss: 0.3497, test_mse: 0.000965, test_pearson_loss: 0.3601
learn rate: 0.001000
epoch: 1460, train_mse: 0.000244, train_pearson_loss: 0.3476, test_mse: 0.000952, test_pearson_loss: 0.3594
learn rate: 0.001000
epoch: 1470, train_mse: 0.000243, train_pearson_loss: 0.3470, test_mse: 0.000953, test_pearson_loss: 0.3598
learn rate: 0.001000
epoch: 1480, train_mse: 0.000244, train_pearson_loss: 0.3469, test_mse: 0.000904, test_pearson_loss: 0.3593
learn rate: 0.001000
epoch: 1490, train_mse: 0.000246, train_pearson_loss: 0.3471, test_mse: 0.000919, test_pearson_loss: 0.3593
learn rate: 0.001000
epoch: 1500, train_mse: 0.000252, train_pearson_loss: 0.3479, test_mse: 0.000947, test_pearson_loss: 0.3621
learn rate: 0.001000
epoch: 1510, train_mse: 0.000257, train_pearson_loss: 0.3488, test_mse: 0.000966, test_pearson_loss: 0.3627
learn rate: 0.001000
epoch: 1520, train_mse: 0.000250, train_pearson_loss: 0.3480, test_mse: 0.000949, test_pearson_loss: 0.3603
learn rate: 0.001000
epoch: 1530, train_mse: 0.000242, train_pearson_loss: 0.3465, test_mse: 0.000942, test_pearson_loss: 0.3586
learn rate: 0.001000
epoch: 1540, train_mse: 0.000243, train_pearson_loss: 0.3464, test_mse: 0.000927, test_pearson_loss: 0.3583
learn rate: 0.001000
epoch: 1550, train_mse: 0.000248, train_pearson_loss: 0.3467, test_mse: 0.000939, test_pearson_loss: 0.3574
learn rate: 0.001000
epoch: 1560, train_mse: 0.000247, train_pearson_loss: 0.3469, test_mse: 0.000974, test_pearson_loss: 0.3594
learn rate: 0.001000
epoch: 1570, train_mse: 0.000248, train_pearson_loss: 0.3471, test_mse: 0.000948, test_pearson_loss: 0.3597
learn rate: 0.001000
epoch: 1580, train_mse: 0.000247, train_pearson_loss: 0.3472, test_mse: 0.000947, test_pearson_loss: 0.3601
learn rate: 0.001000
epoch: 1590, train_mse: 0.000252, train_pearson_loss: 0.3480, test_mse: 0.000935, test_pearson_loss: 0.3593
learn rate: 0.001000
epoch: 1600, train_mse: 0.000246, train_pearson_loss: 0.3468, test_mse: 0.000940, test_pearson_loss: 0.3598
learn rate: 0.001000
epoch: 1610, train_mse: 0.000247, train_pearson_loss: 0.3468, test_mse: 0.000939, test_pearson_loss: 0.3581
learn rate: 0.001000
epoch: 1620, train_mse: 0.000256, train_pearson_loss: 0.3483, test_mse: 0.000941, test_pearson_loss: 0.3593
learn rate: 0.001000
epoch: 1630, train_mse: 0.000245, train_pearson_loss: 0.3467, test_mse: 0.000962, test_pearson_loss: 0.3592
learn rate: 0.001000
epoch: 1640, train_mse: 0.000247, train_pearson_loss: 0.3469, test_mse: 0.000930, test_pearson_loss: 0.3581
learn rate: 0.001000
epoch: 1650, train_mse: 0.000249, train_pearson_loss: 0.3468, test_mse: 0.000957, test_pearson_loss: 0.3585
learn rate: 0.001000
epoch: 1660, train_mse: 0.000252, train_pearson_loss: 0.3475, test_mse: 0.000916, test_pearson_loss: 0.3614
learn rate: 0.001000
epoch: 1670, train_mse: 0.000243, train_pearson_loss: 0.3460, test_mse: 0.000945, test_pearson_loss: 0.3587
learn rate: 0.001000
epoch: 1680, train_mse: 0.000242, train_pearson_loss: 0.3455, test_mse: 0.000954, test_pearson_loss: 0.3590
learn rate: 0.001000
epoch: 1690, train_mse: 0.000245, train_pearson_loss: 0.3460, test_mse: 0.000984, test_pearson_loss: 0.3579
learn rate: 0.001000
epoch: 1700, train_mse: 0.000242, train_pearson_loss: 0.3455, test_mse: 0.000993, test_pearson_loss: 0.3597
learn rate: 0.001000
epoch: 1710, train_mse: 0.000246, train_pearson_loss: 0.3459, test_mse: 0.000915, test_pearson_loss: 0.3587
learn rate: 0.001000
epoch: 1720, train_mse: 0.000244, train_pearson_loss: 0.3455, test_mse: 0.000948, test_pearson_loss: 0.3600
learn rate: 0.001000
epoch: 1730, train_mse: 0.000252, train_pearson_loss: 0.3469, test_mse: 0.000923, test_pearson_loss: 0.3616
learn rate: 0.001000
epoch: 1740, train_mse: 0.000243, train_pearson_loss: 0.3457, test_mse: 0.000945, test_pearson_loss: 0.3586
learn rate: 0.001000
epoch: 1750, train_mse: 0.000243, train_pearson_loss: 0.3453, test_mse: 0.000937, test_pearson_loss: 0.3577
learn rate: 0.001000
epoch: 1760, train_mse: 0.000244, train_pearson_loss: 0.3453, test_mse: 0.000978, test_pearson_loss: 0.3584
learn rate: 0.001000
epoch: 1770, train_mse: 0.000243, train_pearson_loss: 0.3454, test_mse: 0.000955, test_pearson_loss: 0.3573
learn rate: 0.001000
epoch: 1780, train_mse: 0.000242, train_pearson_loss: 0.3450, test_mse: 0.000929, test_pearson_loss: 0.3578
learn rate: 0.001000
epoch: 1790, train_mse: 0.000247, train_pearson_loss: 0.3458, test_mse: 0.000928, test_pearson_loss: 0.3586
learn rate: 0.001000
epoch: 1800, train_mse: 0.000247, train_pearson_loss: 0.3454, test_mse: 0.000994, test_pearson_loss: 0.3584
learn rate: 0.001000
epoch: 1810, train_mse: 0.000246, train_pearson_loss: 0.3456, test_mse: 0.000967, test_pearson_loss: 0.3600
learn rate: 0.001000
epoch: 1820, train_mse: 0.000243, train_pearson_loss: 0.3451, test_mse: 0.000901, test_pearson_loss: 0.3585
learn rate: 0.001000
epoch: 1830, train_mse: 0.000244, train_pearson_loss: 0.3451, test_mse: 0.000936, test_pearson_loss: 0.3601
learn rate: 0.001000
epoch: 1840, train_mse: 0.000244, train_pearson_loss: 0.3451, test_mse: 0.000958, test_pearson_loss: 0.3587
learn rate: 0.001000
epoch: 1850, train_mse: 0.000246, train_pearson_loss: 0.3453, test_mse: 0.000913, test_pearson_loss: 0.3587
learn rate: 0.001000
epoch: 1860, train_mse: 0.000256, train_pearson_loss: 0.3468, test_mse: 0.001011, test_pearson_loss: 0.3585
learn rate: 0.001000
epoch: 1870, train_mse: 0.000247, train_pearson_loss: 0.3460, test_mse: 0.000910, test_pearson_loss: 0.3609
learn rate: 0.001000
epoch: 1880, train_mse: 0.000249, train_pearson_loss: 0.3465, test_mse: 0.000958, test_pearson_loss: 0.3591
learn rate: 0.001000
epoch: 1890, train_mse: 0.000252, train_pearson_loss: 0.3466, test_mse: 0.001023, test_pearson_loss: 0.3583
learn rate: 0.001000
epoch: 1900, train_mse: 0.000245, train_pearson_loss: 0.3457, test_mse: 0.000948, test_pearson_loss: 0.3587
learn rate: 0.001000
epoch: 1910, train_mse: 0.000242, train_pearson_loss: 0.3449, test_mse: 0.000983, test_pearson_loss: 0.3588
learn rate: 0.001000
epoch: 1920, train_mse: 0.000246, train_pearson_loss: 0.3453, test_mse: 0.000955, test_pearson_loss: 0.3581
learn rate: 0.001000
epoch: 1930, train_mse: 0.000248, train_pearson_loss: 0.3455, test_mse: 0.000957, test_pearson_loss: 0.3569
learn rate: 0.001000
epoch: 1940, train_mse: 0.000250, train_pearson_loss: 0.3462, test_mse: 0.000937, test_pearson_loss: 0.3580
learn rate: 0.001000
epoch: 1950, train_mse: 0.000246, train_pearson_loss: 0.3456, test_mse: 0.000916, test_pearson_loss: 0.3601
learn rate: 0.001000
epoch: 1960, train_mse: 0.000250, train_pearson_loss: 0.3460, test_mse: 0.000930, test_pearson_loss: 0.3610
learn rate: 0.001000
epoch: 1970, train_mse: 0.000249, train_pearson_loss: 0.3461, test_mse: 0.000971, test_pearson_loss: 0.3590
learn rate: 0.001000
epoch: 1980, train_mse: 0.000249, train_pearson_loss: 0.3462, test_mse: 0.000939, test_pearson_loss: 0.3592
learn rate: 0.001000
epoch: 1990, train_mse: 0.000246, train_pearson_loss: 0.3458, test_mse: 0.000926, test_pearson_loss: 0.3587
learn rate: 0.001000
epoch: 2000, train_mse: 0.000242, train_pearson_loss: 0.3447, test_mse: 0.000955, test_pearson_loss: 0.3591
learn rate: 0.001000
epoch: 2010, train_mse: 0.000245, train_pearson_loss: 0.3448, test_mse: 0.000938, test_pearson_loss: 0.3625
learn rate: 0.001000
epoch: 2020, train_mse: 0.000245, train_pearson_loss: 0.3447, test_mse: 0.000941, test_pearson_loss: 0.3591
learn rate: 0.001000
epoch: 2030, train_mse: 0.000245, train_pearson_loss: 0.3446, test_mse: 0.000950, test_pearson_loss: 0.3586
learn rate: 0.001000
epoch: 2040, train_mse: 0.000245, train_pearson_loss: 0.3448, test_mse: 0.000950, test_pearson_loss: 0.3573
learn rate: 0.001000
epoch: 2050, train_mse: 0.000253, train_pearson_loss: 0.3462, test_mse: 0.000964, test_pearson_loss: 0.3578
learn rate: 0.001000
epoch: 2060, train_mse: 0.000246, train_pearson_loss: 0.3450, test_mse: 0.000942, test_pearson_loss: 0.3592
learn rate: 0.001000
epoch: 2070, train_mse: 0.000242, train_pearson_loss: 0.3441, test_mse: 0.000985, test_pearson_loss: 0.3596
learn rate: 0.001000
epoch: 2080, train_mse: 0.000241, train_pearson_loss: 0.3437, test_mse: 0.000971, test_pearson_loss: 0.3576
learn rate: 0.001000
epoch: 2090, train_mse: 0.000246, train_pearson_loss: 0.3444, test_mse: 0.000946, test_pearson_loss: 0.3574
learn rate: 0.001000
epoch: 2100, train_mse: 0.000242, train_pearson_loss: 0.3436, test_mse: 0.000962, test_pearson_loss: 0.3576
learn rate: 0.001000
epoch: 2110, train_mse: 0.000243, train_pearson_loss: 0.3438, test_mse: 0.000952, test_pearson_loss: 0.3571
learn rate: 0.001000
epoch: 2120, train_mse: 0.000246, train_pearson_loss: 0.3446, test_mse: 0.000910, test_pearson_loss: 0.3584
learn rate: 0.001000
epoch: 2130, train_mse: 0.000246, train_pearson_loss: 0.3446, test_mse: 0.000996, test_pearson_loss: 0.3582
learn rate: 0.001000
epoch: 2140, train_mse: 0.000267, train_pearson_loss: 0.3499, test_mse: 0.000957, test_pearson_loss: 0.3607
learn rate: 0.001000
epoch: 2150, train_mse: 0.000246, train_pearson_loss: 0.3448, test_mse: 0.000956, test_pearson_loss: 0.3592
learn rate: 0.001000
epoch: 2160, train_mse: 0.000240, train_pearson_loss: 0.3434, test_mse: 0.000951, test_pearson_loss: 0.3583
learn rate: 0.001000
epoch: 2170, train_mse: 0.000242, train_pearson_loss: 0.3435, test_mse: 0.000921, test_pearson_loss: 0.3582
learn rate: 0.001000
epoch: 2180, train_mse: 0.000255, train_pearson_loss: 0.3469, test_mse: 0.000904, test_pearson_loss: 0.3596
learn rate: 0.001000
epoch: 2190, train_mse: 0.000244, train_pearson_loss: 0.3436, test_mse: 0.000991, test_pearson_loss: 0.3598
learn rate: 0.001000
epoch: 2200, train_mse: 0.000248, train_pearson_loss: 0.3450, test_mse: 0.000945, test_pearson_loss: 0.3599
learn rate: 0.001000
epoch: 2210, train_mse: 0.000248, train_pearson_loss: 0.3448, test_mse: 0.000917, test_pearson_loss: 0.3598
learn rate: 0.001000
epoch: 2220, train_mse: 0.000242, train_pearson_loss: 0.3435, test_mse: 0.000965, test_pearson_loss: 0.3573
learn rate: 0.001000
epoch: 2230, train_mse: 0.000242, train_pearson_loss: 0.3436, test_mse: 0.000940, test_pearson_loss: 0.3573
learn rate: 0.001000
epoch: 2240, train_mse: 0.000252, train_pearson_loss: 0.3448, test_mse: 0.000913, test_pearson_loss: 0.3622
learn rate: 0.001000
epoch: 2250, train_mse: 0.000245, train_pearson_loss: 0.3441, test_mse: 0.000958, test_pearson_loss: 0.3586
learn rate: 0.001000
epoch: 2260, train_mse: 0.000244, train_pearson_loss: 0.3438, test_mse: 0.001022, test_pearson_loss: 0.3601
learn rate: 0.001000
epoch: 2270, train_mse: 0.000242, train_pearson_loss: 0.3437, test_mse: 0.000943, test_pearson_loss: 0.3590
learn rate: 0.001000
epoch: 2280, train_mse: 0.000253, train_pearson_loss: 0.3456, test_mse: 0.000960, test_pearson_loss: 0.3600
learn rate: 0.001000
epoch: 2290, train_mse: 0.000241, train_pearson_loss: 0.3430, test_mse: 0.000983, test_pearson_loss: 0.3592
learn rate: 0.001000
epoch: 2300, train_mse: 0.000245, train_pearson_loss: 0.3438, test_mse: 0.000989, test_pearson_loss: 0.3600
learn rate: 0.001000
epoch: 2310, train_mse: 0.000244, train_pearson_loss: 0.3438, test_mse: 0.000939, test_pearson_loss: 0.3581
learn rate: 0.001000
epoch: 2320, train_mse: 0.000244, train_pearson_loss: 0.3438, test_mse: 0.000953, test_pearson_loss: 0.3599
learn rate: 0.001000
epoch: 2330, train_mse: 0.000245, train_pearson_loss: 0.3439, test_mse: 0.000965, test_pearson_loss: 0.3609
learn rate: 0.001000
epoch: 2340, train_mse: 0.000245, train_pearson_loss: 0.3439, test_mse: 0.000945, test_pearson_loss: 0.3590
learn rate: 0.001000
epoch: 2350, train_mse: 0.000249, train_pearson_loss: 0.3443, test_mse: 0.000924, test_pearson_loss: 0.3589
learn rate: 0.001000
epoch: 2360, train_mse: 0.000245, train_pearson_loss: 0.3438, test_mse: 0.001036, test_pearson_loss: 0.3596
learn rate: 0.001000
epoch: 2370, train_mse: 0.000262, train_pearson_loss: 0.3471, test_mse: 0.000969, test_pearson_loss: 0.3577
learn rate: 0.001000
epoch: 2380, train_mse: 0.000249, train_pearson_loss: 0.3446, test_mse: 0.000962, test_pearson_loss: 0.3581
learn rate: 0.001000
epoch: 2390, train_mse: 0.000241, train_pearson_loss: 0.3432, test_mse: 0.000955, test_pearson_loss: 0.3599
learn rate: 0.001000
epoch: 2400, train_mse: 0.000243, train_pearson_loss: 0.3433, test_mse: 0.000967, test_pearson_loss: 0.3591
learn rate: 0.001000
epoch: 2410, train_mse: 0.000238, train_pearson_loss: 0.3423, test_mse: 0.000962, test_pearson_loss: 0.3586
learn rate: 0.001000
epoch: 2420, train_mse: 0.000249, train_pearson_loss: 0.3441, test_mse: 0.000979, test_pearson_loss: 0.3624
learn rate: 0.001000
epoch: 2430, train_mse: 0.000247, train_pearson_loss: 0.3434, test_mse: 0.000949, test_pearson_loss: 0.3576
learn rate: 0.001000
epoch: 2440, train_mse: 0.000247, train_pearson_loss: 0.3443, test_mse: 0.000973, test_pearson_loss: 0.3587
learn rate: 0.001000
epoch: 2450, train_mse: 0.000245, train_pearson_loss: 0.3437, test_mse: 0.001019, test_pearson_loss: 0.3601
learn rate: 0.001000
epoch: 2460, train_mse: 0.000244, train_pearson_loss: 0.3431, test_mse: 0.000997, test_pearson_loss: 0.3579
learn rate: 0.001000
epoch: 2470, train_mse: 0.000251, train_pearson_loss: 0.3440, test_mse: 0.000931, test_pearson_loss: 0.3605
learn rate: 0.001000
epoch: 2480, train_mse: 0.000245, train_pearson_loss: 0.3437, test_mse: 0.000904, test_pearson_loss: 0.3592
learn rate: 0.001000
epoch: 2490, train_mse: 0.000251, train_pearson_loss: 0.3442, test_mse: 0.001000, test_pearson_loss: 0.3577
learn rate: 0.001000
epoch: 2500, train_mse: 0.000247, train_pearson_loss: 0.3434, test_mse: 0.000942, test_pearson_loss: 0.3582
learn rate: 0.001000
epoch: 2510, train_mse: 0.000249, train_pearson_loss: 0.3439, test_mse: 0.000931, test_pearson_loss: 0.3575
learn rate: 0.001000
epoch: 2520, train_mse: 0.000247, train_pearson_loss: 0.3442, test_mse: 0.000965, test_pearson_loss: 0.3580
learn rate: 0.001000
epoch: 2530, train_mse: 0.000241, train_pearson_loss: 0.3424, test_mse: 0.000955, test_pearson_loss: 0.3621
learn rate: 0.001000
epoch: 2540, train_mse: 0.000248, train_pearson_loss: 0.3440, test_mse: 0.000939, test_pearson_loss: 0.3594
learn rate: 0.001000
epoch: 2550, train_mse: 0.000246, train_pearson_loss: 0.3429, test_mse: 0.000917, test_pearson_loss: 0.3590
learn rate: 0.001000
