===========================================
Job ID: 2437715  |  Node: gpuhost007
Start: Sat 21 Feb 15:19:11 GMT 2026  |  Target: 3500 epochs
===========================================
Fresh run: /gws/nopw/j04/eocis_chuk/shaerdan/models/model_pB_standard_aug_ff1bc219
Loading preprocessed data...
Loading preprocessed data from /gws/nopw/j04/eocis_chuk/shaerdan/preprocessed_v8/train_v8_clean.pt...
Loaded 102966 samples
Input shape: torch.Size([102966, 12, 100, 100])
Output shape: torch.Size([102966, 1, 100, 100])
Loading preprocessed data from /gws/nopw/j04/eocis_chuk/shaerdan/preprocessed_v8/test_v8_clean.pt...
Loaded 8866 samples
Input shape: torch.Size([8866, 12, 100, 100])
Output shape: torch.Size([8866, 1, 100, 100])
Training cases: 102966, Test cases: 8866
Input shape: (12, 100, 100), Output shape: (1, 100, 100)
Running on device: cuda
Scheduler: T_max=3500 (total), already done=0, this job=3500
epoch: 0, train_mse: 0.009597, train_pearson_loss: 0.8051, test_mse: 0.001484, test_pearson_loss: 0.6054, ema_test: 0.001484, ema_ratio: 0.155
learn rate: 0.000300
  ★ New best smoothed test MSE 0.001484 at epoch 0 → saving /gws/nopw/j04/eocis_chuk/shaerdan/models/model_pB_standard_aug_ff1bc219/checkpoint_best_test_mse
epoch: 10, train_mse: 0.000559, train_pearson_loss: 0.4299, test_mse: 0.000950, test_pearson_loss: 0.4018, ema_test: 0.001324, ema_ratio: 0.618
learn rate: 0.000300
  ★ New best smoothed test MSE 0.001324 at epoch 10 → saving /gws/nopw/j04/eocis_chuk/shaerdan/models/model_pB_standard_aug_ff1bc219/checkpoint_best_test_mse
epoch: 20, train_mse: 0.000530, train_pearson_loss: 0.3988, test_mse: 0.000765, test_pearson_loss: 0.3920, ema_test: 0.001156, ema_ratio: 0.866
learn rate: 0.000300
  ★ New best smoothed test MSE 0.001156 at epoch 20 → saving /gws/nopw/j04/eocis_chuk/shaerdan/models/model_pB_standard_aug_ff1bc219/checkpoint_best_test_mse
epoch: 30, train_mse: 0.000492, train_pearson_loss: 0.3831, test_mse: 0.000737, test_pearson_loss: 0.3796, ema_test: 0.001031, ema_ratio: 1.055
learn rate: 0.000300
  ★ New best smoothed test MSE 0.001031 at epoch 30 → saving /gws/nopw/j04/eocis_chuk/shaerdan/models/model_pB_standard_aug_ff1bc219/checkpoint_best_test_mse
epoch: 40, train_mse: 0.000539, train_pearson_loss: 0.4047, test_mse: 0.000891, test_pearson_loss: 0.3991, ema_test: 0.000989, ema_ratio: 1.235
learn rate: 0.000300
  ★ New best smoothed test MSE 0.000989 at epoch 40 → saving /gws/nopw/j04/eocis_chuk/shaerdan/models/model_pB_standard_aug_ff1bc219/checkpoint_best_test_mse
epoch: 50, train_mse: 0.000503, train_pearson_loss: 0.3841, test_mse: 0.000770, test_pearson_loss: 0.3857, ema_test: 0.000923, ema_ratio: 1.324
learn rate: 0.000300
  ★ New best smoothed test MSE 0.000923 at epoch 50 → saving /gws/nopw/j04/eocis_chuk/shaerdan/models/model_pB_standard_aug_ff1bc219/checkpoint_best_test_mse
  ★ New best EMA ratio 1.324 at epoch 50 → saving /gws/nopw/j04/eocis_chuk/shaerdan/models/model_pB_standard_aug_ff1bc219/checkpoint_best_ratio
epoch: 60, train_mse: 0.000473, train_pearson_loss: 0.3755, test_mse: 0.000863, test_pearson_loss: 0.3748, ema_test: 0.000905, ema_ratio: 1.474
learn rate: 0.000300
  ★ New best smoothed test MSE 0.000905 at epoch 60 → saving /gws/nopw/j04/eocis_chuk/shaerdan/models/model_pB_standard_aug_ff1bc219/checkpoint_best_test_mse
epoch: 70, train_mse: 0.000450, train_pearson_loss: 0.3709, test_mse: 0.000605, test_pearson_loss: 0.3752, ema_test: 0.000815, ema_ratio: 1.435
learn rate: 0.000300
  ★ New best smoothed test MSE 0.000815 at epoch 70 → saving /gws/nopw/j04/eocis_chuk/shaerdan/models/model_pB_standard_aug_ff1bc219/checkpoint_best_test_mse
epoch: 80, train_mse: 0.000437, train_pearson_loss: 0.3666, test_mse: 0.000551, test_pearson_loss: 0.3704, ema_test: 0.000736, ema_ratio: 1.383
learn rate: 0.000300
  ★ New best smoothed test MSE 0.000736 at epoch 80 → saving /gws/nopw/j04/eocis_chuk/shaerdan/models/model_pB_standard_aug_ff1bc219/checkpoint_best_test_mse
epoch: 90, train_mse: 0.000408, train_pearson_loss: 0.3588, test_mse: 0.000631, test_pearson_loss: 0.3609, ema_test: 0.000704, ema_ratio: 1.432
learn rate: 0.000300
  ★ New best smoothed test MSE 0.000704 at epoch 90 → saving /gws/nopw/j04/eocis_chuk/shaerdan/models/model_pB_standard_aug_ff1bc219/checkpoint_best_test_mse
epoch: 100, train_mse: 0.000396, train_pearson_loss: 0.3570, test_mse: 0.000586, test_pearson_loss: 0.3598, ema_test: 0.000669, ema_ratio: 1.446
learn rate: 0.000299
  ★ New best smoothed test MSE 0.000669 at epoch 100 → saving /gws/nopw/j04/eocis_chuk/shaerdan/models/model_pB_standard_aug_ff1bc219/checkpoint_best_test_mse
epoch: 110, train_mse: 0.000386, train_pearson_loss: 0.3529, test_mse: 0.000554, test_pearson_loss: 0.3593, ema_test: 0.000634, ema_ratio: 1.442
learn rate: 0.000299
  ★ New best smoothed test MSE 0.000634 at epoch 110 → saving /gws/nopw/j04/eocis_chuk/shaerdan/models/model_pB_standard_aug_ff1bc219/checkpoint_best_test_mse
epoch: 120, train_mse: 0.000367, train_pearson_loss: 0.3480, test_mse: 0.000580, test_pearson_loss: 0.3566, ema_test: 0.000618, ema_ratio: 1.483
learn rate: 0.000299
  ★ New best smoothed test MSE 0.000618 at epoch 120 → saving /gws/nopw/j04/eocis_chuk/shaerdan/models/model_pB_standard_aug_ff1bc219/checkpoint_best_test_mse
epoch: 130, train_mse: 0.000354, train_pearson_loss: 0.3440, test_mse: 0.000545, test_pearson_loss: 0.3576, ema_test: 0.000596, ema_ratio: 1.501
learn rate: 0.000299
  ★ New best smoothed test MSE 0.000596 at epoch 130 → saving /gws/nopw/j04/eocis_chuk/shaerdan/models/model_pB_standard_aug_ff1bc219/checkpoint_best_test_mse
epoch: 140, train_mse: 0.000344, train_pearson_loss: 0.3416, test_mse: 0.000630, test_pearson_loss: 0.3569, ema_test: 0.000606, ema_ratio: 1.601
learn rate: 0.000299
epoch: 150, train_mse: 0.000334, train_pearson_loss: 0.3398, test_mse: 0.000608, test_pearson_loss: 0.3524, ema_test: 0.000607, ema_ratio: 1.667
learn rate: 0.000299
epoch: 160, train_mse: 0.000326, train_pearson_loss: 0.3378, test_mse: 0.000593, test_pearson_loss: 0.3564, ema_test: 0.000603, ema_ratio: 1.712
learn rate: 0.000298
epoch: 170, train_mse: 0.000320, train_pearson_loss: 0.3361, test_mse: 0.000580, test_pearson_loss: 0.3511, ema_test: 0.000596, ema_ratio: 1.743
learn rate: 0.000298
  ★ New best smoothed test MSE 0.000596 at epoch 170 → saving /gws/nopw/j04/eocis_chuk/shaerdan/models/model_pB_standard_aug_ff1bc219/checkpoint_best_test_mse
epoch: 180, train_mse: 0.000314, train_pearson_loss: 0.3343, test_mse: 0.000608, test_pearson_loss: 0.3509, ema_test: 0.000600, ema_ratio: 1.801
learn rate: 0.000298
epoch: 190, train_mse: 0.000303, train_pearson_loss: 0.3329, test_mse: 0.000621, test_pearson_loss: 0.3507, ema_test: 0.000606, ema_ratio: 1.876
learn rate: 0.000298
epoch: 200, train_mse: 0.000299, train_pearson_loss: 0.3310, test_mse: 0.000663, test_pearson_loss: 0.3482, ema_test: 0.000623, ema_ratio: 1.977
learn rate: 0.000298
epoch: 210, train_mse: 0.000293, train_pearson_loss: 0.3300, test_mse: 0.000604, test_pearson_loss: 0.3518, ema_test: 0.000617, ema_ratio: 2.003
learn rate: 0.000297
epoch: 220, train_mse: 0.000285, train_pearson_loss: 0.3280, test_mse: 0.000647, test_pearson_loss: 0.3477, ema_test: 0.000626, ema_ratio: 2.083
learn rate: 0.000297
epoch: 230, train_mse: 0.000280, train_pearson_loss: 0.3267, test_mse: 0.000597, test_pearson_loss: 0.3491, ema_test: 0.000618, ema_ratio: 2.097
learn rate: 0.000297
epoch: 240, train_mse: 0.000276, train_pearson_loss: 0.3254, test_mse: 0.000684, test_pearson_loss: 0.3504, ema_test: 0.000638, ema_ratio: 2.212
learn rate: 0.000297
epoch: 250, train_mse: 0.000278, train_pearson_loss: 0.3254, test_mse: 0.000592, test_pearson_loss: 0.3467, ema_test: 0.000624, ema_ratio: 2.188
learn rate: 0.000296
epoch: 260, train_mse: 0.000276, train_pearson_loss: 0.3246, test_mse: 0.000615, test_pearson_loss: 0.3484, ema_test: 0.000621, ema_ratio: 2.200
learn rate: 0.000296
epoch: 270, train_mse: 0.000262, train_pearson_loss: 0.3213, test_mse: 0.000625, test_pearson_loss: 0.3445, ema_test: 0.000622, ema_ratio: 2.255
learn rate: 0.000296
epoch: 280, train_mse: 0.000258, train_pearson_loss: 0.3204, test_mse: 0.000591, test_pearson_loss: 0.3439, ema_test: 0.000613, ema_ratio: 2.266
learn rate: 0.000295
epoch: 290, train_mse: 0.000262, train_pearson_loss: 0.3206, test_mse: 0.000592, test_pearson_loss: 0.3473, ema_test: 0.000607, ema_ratio: 2.263
learn rate: 0.000295
epoch: 300, train_mse: 0.000249, train_pearson_loss: 0.3180, test_mse: 0.000596, test_pearson_loss: 0.3465, ema_test: 0.000603, ema_ratio: 2.303
learn rate: 0.000295
epoch: 310, train_mse: 0.000250, train_pearson_loss: 0.3176, test_mse: 0.000589, test_pearson_loss: 0.3431, ema_test: 0.000599, ema_ratio: 2.319
learn rate: 0.000294
epoch: 320, train_mse: 0.000245, train_pearson_loss: 0.3157, test_mse: 0.000587, test_pearson_loss: 0.3424, ema_test: 0.000595, ema_ratio: 2.342
learn rate: 0.000294
  ★ New best smoothed test MSE 0.000595 at epoch 320 → saving /gws/nopw/j04/eocis_chuk/shaerdan/models/model_pB_standard_aug_ff1bc219/checkpoint_best_test_mse
epoch: 330, train_mse: 0.000248, train_pearson_loss: 0.3165, test_mse: 0.000636, test_pearson_loss: 0.3451, ema_test: 0.000608, ema_ratio: 2.408
learn rate: 0.000294
epoch: 340, train_mse: 0.000239, train_pearson_loss: 0.3133, test_mse: 0.000644, test_pearson_loss: 0.3428, ema_test: 0.000619, ema_ratio: 2.493
learn rate: 0.000293
epoch: 350, train_mse: 0.000237, train_pearson_loss: 0.3134, test_mse: 0.000571, test_pearson_loss: 0.3405, ema_test: 0.000604, ema_ratio: 2.466
learn rate: 0.000293
epoch: 360, train_mse: 0.000236, train_pearson_loss: 0.3117, test_mse: 0.000613, test_pearson_loss: 0.3421, ema_test: 0.000607, ema_ratio: 2.505
learn rate: 0.000292
epoch: 370, train_mse: 0.000234, train_pearson_loss: 0.3112, test_mse: 0.000648, test_pearson_loss: 0.3425, ema_test: 0.000619, ema_ratio: 2.584
learn rate: 0.000292
epoch: 380, train_mse: 0.000232, train_pearson_loss: 0.3100, test_mse: 0.000590, test_pearson_loss: 0.3425, ema_test: 0.000610, ema_ratio: 2.571
learn rate: 0.000292
epoch: 390, train_mse: 0.000227, train_pearson_loss: 0.3084, test_mse: 0.000580, test_pearson_loss: 0.3398, ema_test: 0.000601, ema_ratio: 2.567
learn rate: 0.000291
epoch: 400, train_mse: 0.000222, train_pearson_loss: 0.3063, test_mse: 0.000575, test_pearson_loss: 0.3408, ema_test: 0.000593, ema_ratio: 2.574
learn rate: 0.000291
  ★ New best smoothed test MSE 0.000593 at epoch 400 → saving /gws/nopw/j04/eocis_chuk/shaerdan/models/model_pB_standard_aug_ff1bc219/checkpoint_best_test_mse
epoch: 410, train_mse: 0.000222, train_pearson_loss: 0.3061, test_mse: 0.000557, test_pearson_loss: 0.3408, ema_test: 0.000583, ema_ratio: 2.554
learn rate: 0.000290
  ★ New best smoothed test MSE 0.000583 at epoch 410 → saving /gws/nopw/j04/eocis_chuk/shaerdan/models/model_pB_standard_aug_ff1bc219/checkpoint_best_test_mse
epoch: 420, train_mse: 0.000218, train_pearson_loss: 0.3041, test_mse: 0.000551, test_pearson_loss: 0.3387, ema_test: 0.000573, ema_ratio: 2.546
learn rate: 0.000290
  ★ New best smoothed test MSE 0.000573 at epoch 420 → saving /gws/nopw/j04/eocis_chuk/shaerdan/models/model_pB_standard_aug_ff1bc219/checkpoint_best_test_mse
epoch: 430, train_mse: 0.000221, train_pearson_loss: 0.3047, test_mse: 0.000577, test_pearson_loss: 0.3415, ema_test: 0.000574, ema_ratio: 2.567
learn rate: 0.000289
epoch: 440, train_mse: 0.000219, train_pearson_loss: 0.3036, test_mse: 0.000593, test_pearson_loss: 0.3413, ema_test: 0.000580, ema_ratio: 2.609
learn rate: 0.000289
epoch: 450, train_mse: 0.000214, train_pearson_loss: 0.3017, test_mse: 0.000590, test_pearson_loss: 0.3402, ema_test: 0.000583, ema_ratio: 2.654
learn rate: 0.000288
epoch: 460, train_mse: 0.000214, train_pearson_loss: 0.3008, test_mse: 0.000567, test_pearson_loss: 0.3396, ema_test: 0.000578, ema_ratio: 2.654
learn rate: 0.000288
epoch: 470, train_mse: 0.000210, train_pearson_loss: 0.2992, test_mse: 0.000566, test_pearson_loss: 0.3416, ema_test: 0.000575, ema_ratio: 2.666
learn rate: 0.000287
epoch: 480, train_mse: 0.000211, train_pearson_loss: 0.2993, test_mse: 0.000579, test_pearson_loss: 0.3409, ema_test: 0.000576, ema_ratio: 2.689
learn rate: 0.000287
epoch: 490, train_mse: 0.000208, train_pearson_loss: 0.2977, test_mse: 0.000580, test_pearson_loss: 0.3425, ema_test: 0.000577, ema_ratio: 2.717
learn rate: 0.000286
Saving checkpoint to /gws/nopw/j04/eocis_chuk/shaerdan/models/model_pB_standard_aug_ff1bc219/checkpoint_epoch_500...
epoch: 500, train_mse: 0.000206, train_pearson_loss: 0.2966, test_mse: 0.000570, test_pearson_loss: 0.3378, ema_test: 0.000575, ema_ratio: 2.732
learn rate: 0.000286
epoch: 510, train_mse: 0.000206, train_pearson_loss: 0.2957, test_mse: 0.000589, test_pearson_loss: 0.3385, ema_test: 0.000579, ema_ratio: 2.771
learn rate: 0.000285
epoch: 520, train_mse: 0.000206, train_pearson_loss: 0.2948, test_mse: 0.000580, test_pearson_loss: 0.3387, ema_test: 0.000580, ema_ratio: 2.784
learn rate: 0.000284
epoch: 530, train_mse: 0.000203, train_pearson_loss: 0.2938, test_mse: 0.000588, test_pearson_loss: 0.3412, ema_test: 0.000582, ema_ratio: 2.815
learn rate: 0.000284
epoch: 540, train_mse: 0.000207, train_pearson_loss: 0.2944, test_mse: 0.000586, test_pearson_loss: 0.3403, ema_test: 0.000583, ema_ratio: 2.821
learn rate: 0.000283
