==========================================
Job ID: 1270737
Node: gpuhost004
Start time: Wed 18 Feb 02:53:27 GMT 2026
Working dir: /home/users/shaerdan/cae_tools_pB
==========================================
Wed Feb 18 02:53:27 2026       
+-----------------------------------------------------------------------------------------+
| NVIDIA-SMI 590.48.01              Driver Version: 590.48.01      CUDA Version: 13.1     |
+-----------------------------------------+------------------------+----------------------+
| GPU  Name                 Persistence-M | Bus-Id          Disp.A | Volatile Uncorr. ECC |
| Fan  Temp   Perf          Pwr:Usage/Cap |           Memory-Usage | GPU-Util  Compute M. |
|                                         |                        |               MIG M. |
|=========================================+========================+======================|
|   0  NVIDIA A100-SXM4-40GB          On  |   00000000:41:00.0 Off |                    0 |
| N/A   31C    P0             52W /  400W |       0MiB /  40960MiB |      0%      Default |
|                                         |                        |             Disabled |
+-----------------------------------------+------------------------+----------------------+

+-----------------------------------------------------------------------------------------+
| Processes:                                                                              |
|  GPU   GI   CI              PID   Type   Process name                        GPU Memory |
|        ID   ID                                                               Usage      |
|=========================================================================================|
|  No running processes found                                                             |
+-----------------------------------------------------------------------------------------+
==========================================
Experiment D: FULL COMBINATION
Model: /gws/nopw/j04/eocis_chuk/shaerdan/models/model_pB_add_skipdrop_nolrelu_BOF5zs4K
Epochs: 3500
Skip mode: add
Skip dropout: 0.3
Latent activation: none
==========================================
Loading preprocessed data...
Loading preprocessed data from /gws/nopw/j04/eocis_chuk/shaerdan/preprocessed_v8/train_v8.pt...
Loaded 103577 samples
Input shape: torch.Size([103577, 12, 100, 100])
Output shape: torch.Size([103577, 1, 100, 100])
Loading preprocessed data from /gws/nopw/j04/eocis_chuk/shaerdan/preprocessed_v8/test_v8.pt...
Loaded 9001 samples
Input shape: torch.Size([9001, 12, 100, 100])
Output shape: torch.Size([9001, 1, 100, 100])
Training cases: 103577, Test cases: 9001
Input shape: (12, 100, 100), Output shape: (1, 100, 100)
Running on device: cuda
epoch: 0, train_mse: 0.011393, train_pearson_loss: 0.9461, test_mse: 0.003047, test_pearson_loss: 0.7901
learn rate: 0.001000
epoch: 10, train_mse: 0.000835, train_pearson_loss: 0.6214, test_mse: 0.001533, test_pearson_loss: 0.5137
learn rate: 0.001000
epoch: 20, train_mse: 0.000677, train_pearson_loss: 0.5386, test_mse: 0.001237, test_pearson_loss: 0.4392
learn rate: 0.001000
epoch: 30, train_mse: 0.000629, train_pearson_loss: 0.5110, test_mse: 0.001792, test_pearson_loss: 0.4240
learn rate: 0.001000
epoch: 40, train_mse: 0.000569, train_pearson_loss: 0.4837, test_mse: 0.001326, test_pearson_loss: 0.4132
learn rate: 0.001000
epoch: 50, train_mse: 0.000581, train_pearson_loss: 0.4810, test_mse: 0.001114, test_pearson_loss: 0.4118
learn rate: 0.001000
epoch: 60, train_mse: 0.000512, train_pearson_loss: 0.4567, test_mse: 0.001382, test_pearson_loss: 0.4081
learn rate: 0.001000
epoch: 70, train_mse: 0.000508, train_pearson_loss: 0.4759, test_mse: 0.001144, test_pearson_loss: 0.3945
learn rate: 0.001000
epoch: 80, train_mse: 0.000474, train_pearson_loss: 0.4464, test_mse: 0.001074, test_pearson_loss: 0.3913
learn rate: 0.001000
epoch: 90, train_mse: 0.000459, train_pearson_loss: 0.4466, test_mse: 0.001063, test_pearson_loss: 0.3927
learn rate: 0.001000
epoch: 100, train_mse: 0.000447, train_pearson_loss: 0.4425, test_mse: 0.001397, test_pearson_loss: 0.4008
learn rate: 0.001000
epoch: 110, train_mse: 0.000427, train_pearson_loss: 0.4310, test_mse: 0.001114, test_pearson_loss: 0.3896
learn rate: 0.001000
epoch: 120, train_mse: 0.000415, train_pearson_loss: 0.4335, test_mse: 0.001082, test_pearson_loss: 0.3894
learn rate: 0.001000
epoch: 130, train_mse: 0.000417, train_pearson_loss: 0.4338, test_mse: 0.001031, test_pearson_loss: 0.3863
learn rate: 0.001000
epoch: 140, train_mse: 0.000411, train_pearson_loss: 0.4484, test_mse: 0.001042, test_pearson_loss: 0.3854
learn rate: 0.001000
epoch: 150, train_mse: 0.000415, train_pearson_loss: 0.4297, test_mse: 0.000979, test_pearson_loss: 0.3864
learn rate: 0.001000
epoch: 160, train_mse: 0.000412, train_pearson_loss: 0.4337, test_mse: 0.001019, test_pearson_loss: 0.3906
learn rate: 0.001000
epoch: 170, train_mse: 0.000405, train_pearson_loss: 0.4403, test_mse: 0.001046, test_pearson_loss: 0.3842
learn rate: 0.001000
epoch: 180, train_mse: 0.000405, train_pearson_loss: 0.4425, test_mse: 0.001197, test_pearson_loss: 0.3862
learn rate: 0.001000
epoch: 190, train_mse: 0.000402, train_pearson_loss: 0.4324, test_mse: 0.000989, test_pearson_loss: 0.3856
learn rate: 0.001000
epoch: 200, train_mse: 0.000382, train_pearson_loss: 0.4261, test_mse: 0.001043, test_pearson_loss: 0.3802
learn rate: 0.001000
epoch: 210, train_mse: 0.000357, train_pearson_loss: 0.4153, test_mse: 0.000975, test_pearson_loss: 0.3831
learn rate: 0.001000
epoch: 220, train_mse: 0.000371, train_pearson_loss: 0.4350, test_mse: 0.001058, test_pearson_loss: 0.3805
learn rate: 0.001000
epoch: 230, train_mse: 0.000359, train_pearson_loss: 0.4279, test_mse: 0.000970, test_pearson_loss: 0.3792
learn rate: 0.001000
epoch: 240, train_mse: 0.000362, train_pearson_loss: 0.4314, test_mse: 0.001090, test_pearson_loss: 0.3803
learn rate: 0.001000
epoch: 250, train_mse: 0.000354, train_pearson_loss: 0.4236, test_mse: 0.001077, test_pearson_loss: 0.3824
learn rate: 0.001000
epoch: 260, train_mse: 0.000354, train_pearson_loss: 0.4266, test_mse: 0.000996, test_pearson_loss: 0.3780
learn rate: 0.001000
epoch: 270, train_mse: 0.000350, train_pearson_loss: 0.4195, test_mse: 0.001216, test_pearson_loss: 0.3850
learn rate: 0.001000
epoch: 280, train_mse: 0.000343, train_pearson_loss: 0.4155, test_mse: 0.000955, test_pearson_loss: 0.3759
learn rate: 0.001000
epoch: 290, train_mse: 0.000343, train_pearson_loss: 0.4195, test_mse: 0.000960, test_pearson_loss: 0.3759
learn rate: 0.001000
epoch: 300, train_mse: 0.000341, train_pearson_loss: 0.4130, test_mse: 0.001006, test_pearson_loss: 0.3795
learn rate: 0.001000
epoch: 310, train_mse: 0.000336, train_pearson_loss: 0.4187, test_mse: 0.001053, test_pearson_loss: 0.3787
learn rate: 0.001000
epoch: 320, train_mse: 0.000331, train_pearson_loss: 0.4114, test_mse: 0.001038, test_pearson_loss: 0.3763
learn rate: 0.001000
epoch: 330, train_mse: 0.000344, train_pearson_loss: 0.4224, test_mse: 0.001041, test_pearson_loss: 0.3769
learn rate: 0.001000
epoch: 340, train_mse: 0.000327, train_pearson_loss: 0.4158, test_mse: 0.001046, test_pearson_loss: 0.3751
learn rate: 0.001000
epoch: 350, train_mse: 0.000337, train_pearson_loss: 0.4236, test_mse: 0.001074, test_pearson_loss: 0.3759
learn rate: 0.001000
epoch: 360, train_mse: 0.000335, train_pearson_loss: 0.4293, test_mse: 0.001100, test_pearson_loss: 0.3872
learn rate: 0.001000
epoch: 370, train_mse: 0.000323, train_pearson_loss: 0.4179, test_mse: 0.001004, test_pearson_loss: 0.3721
learn rate: 0.001000
epoch: 380, train_mse: 0.000322, train_pearson_loss: 0.4163, test_mse: 0.000980, test_pearson_loss: 0.3702
learn rate: 0.001000
epoch: 390, train_mse: 0.000312, train_pearson_loss: 0.4041, test_mse: 0.000955, test_pearson_loss: 0.3722
learn rate: 0.001000
epoch: 400, train_mse: 0.000324, train_pearson_loss: 0.4268, test_mse: 0.000996, test_pearson_loss: 0.3748
learn rate: 0.001000
epoch: 410, train_mse: 0.000313, train_pearson_loss: 0.4092, test_mse: 0.000954, test_pearson_loss: 0.3706
learn rate: 0.001000
epoch: 420, train_mse: 0.000313, train_pearson_loss: 0.4150, test_mse: 0.000975, test_pearson_loss: 0.3735
learn rate: 0.001000
epoch: 430, train_mse: 0.000308, train_pearson_loss: 0.4105, test_mse: 0.000965, test_pearson_loss: 0.3721
learn rate: 0.001000
epoch: 440, train_mse: 0.000317, train_pearson_loss: 0.4081, test_mse: 0.000958, test_pearson_loss: 0.3725
learn rate: 0.001000
epoch: 450, train_mse: 0.000315, train_pearson_loss: 0.4241, test_mse: 0.000938, test_pearson_loss: 0.3703
learn rate: 0.001000
epoch: 460, train_mse: 0.000321, train_pearson_loss: 0.4032, test_mse: 0.001053, test_pearson_loss: 0.3741
learn rate: 0.001000
epoch: 470, train_mse: 0.000305, train_pearson_loss: 0.4066, test_mse: 0.001027, test_pearson_loss: 0.3738
learn rate: 0.001000
epoch: 480, train_mse: 0.000305, train_pearson_loss: 0.4069, test_mse: 0.000970, test_pearson_loss: 0.3714
learn rate: 0.001000
epoch: 490, train_mse: 0.000302, train_pearson_loss: 0.4031, test_mse: 0.000918, test_pearson_loss: 0.3697
learn rate: 0.001000
Saving checkpoint to /gws/nopw/j04/eocis_chuk/shaerdan/models/model_pB_add_skipdrop_nolrelu_BOF5zs4K/checkpoint_epoch_500...
epoch: 500, train_mse: 0.000300, train_pearson_loss: 0.4074, test_mse: 0.001058, test_pearson_loss: 0.3735
learn rate: 0.001000
epoch: 510, train_mse: 0.000308, train_pearson_loss: 0.4143, test_mse: 0.001014, test_pearson_loss: 0.3744
learn rate: 0.001000
epoch: 520, train_mse: 0.000319, train_pearson_loss: 0.4169, test_mse: 0.000953, test_pearson_loss: 0.3717
learn rate: 0.001000
epoch: 530, train_mse: 0.000303, train_pearson_loss: 0.4071, test_mse: 0.000990, test_pearson_loss: 0.3706
learn rate: 0.001000
epoch: 540, train_mse: 0.000294, train_pearson_loss: 0.4017, test_mse: 0.000950, test_pearson_loss: 0.3694
learn rate: 0.001000
epoch: 550, train_mse: 0.000301, train_pearson_loss: 0.4047, test_mse: 0.000970, test_pearson_loss: 0.3727
learn rate: 0.001000
epoch: 560, train_mse: 0.000298, train_pearson_loss: 0.4085, test_mse: 0.000982, test_pearson_loss: 0.3702
learn rate: 0.001000
epoch: 570, train_mse: 0.000310, train_pearson_loss: 0.4179, test_mse: 0.001037, test_pearson_loss: 0.3830
learn rate: 0.001000
epoch: 580, train_mse: 0.000298, train_pearson_loss: 0.4124, test_mse: 0.000957, test_pearson_loss: 0.3700
learn rate: 0.001000
epoch: 590, train_mse: 0.000295, train_pearson_loss: 0.3956, test_mse: 0.001001, test_pearson_loss: 0.3703
learn rate: 0.001000
epoch: 600, train_mse: 0.000311, train_pearson_loss: 0.4130, test_mse: 0.000990, test_pearson_loss: 0.3712
learn rate: 0.001000
epoch: 610, train_mse: 0.000292, train_pearson_loss: 0.4025, test_mse: 0.001046, test_pearson_loss: 0.3762
learn rate: 0.001000
epoch: 620, train_mse: 0.000300, train_pearson_loss: 0.4095, test_mse: 0.001039, test_pearson_loss: 0.3757
learn rate: 0.001000
epoch: 630, train_mse: 0.000299, train_pearson_loss: 0.4108, test_mse: 0.000968, test_pearson_loss: 0.3684
learn rate: 0.001000
epoch: 640, train_mse: 0.000284, train_pearson_loss: 0.3926, test_mse: 0.001034, test_pearson_loss: 0.3724
learn rate: 0.001000
epoch: 650, train_mse: 0.000286, train_pearson_loss: 0.3972, test_mse: 0.000977, test_pearson_loss: 0.3680
learn rate: 0.001000
epoch: 660, train_mse: 0.000285, train_pearson_loss: 0.3928, test_mse: 0.001011, test_pearson_loss: 0.3685
learn rate: 0.001000
epoch: 670, train_mse: 0.000300, train_pearson_loss: 0.3987, test_mse: 0.000996, test_pearson_loss: 0.3701
learn rate: 0.001000
epoch: 680, train_mse: 0.000297, train_pearson_loss: 0.4113, test_mse: 0.000965, test_pearson_loss: 0.3692
learn rate: 0.001000
epoch: 690, train_mse: 0.000294, train_pearson_loss: 0.4125, test_mse: 0.001015, test_pearson_loss: 0.3694
learn rate: 0.001000
epoch: 700, train_mse: 0.000299, train_pearson_loss: 0.4196, test_mse: 0.001039, test_pearson_loss: 0.3697
learn rate: 0.001000
epoch: 710, train_mse: 0.000287, train_pearson_loss: 0.4049, test_mse: 0.001129, test_pearson_loss: 0.3804
learn rate: 0.001000
epoch: 720, train_mse: 0.000285, train_pearson_loss: 0.4027, test_mse: 0.000950, test_pearson_loss: 0.3689
learn rate: 0.001000
epoch: 730, train_mse: 0.000282, train_pearson_loss: 0.3949, test_mse: 0.000944, test_pearson_loss: 0.3677
learn rate: 0.001000
epoch: 740, train_mse: 0.000305, train_pearson_loss: 0.4210, test_mse: 0.001045, test_pearson_loss: 0.3724
learn rate: 0.001000
epoch: 750, train_mse: 0.000279, train_pearson_loss: 0.3919, test_mse: 0.000958, test_pearson_loss: 0.3690
learn rate: 0.001000
epoch: 760, train_mse: 0.000287, train_pearson_loss: 0.4085, test_mse: 0.000982, test_pearson_loss: 0.3692
learn rate: 0.001000
epoch: 770, train_mse: 0.000284, train_pearson_loss: 0.3998, test_mse: 0.001014, test_pearson_loss: 0.3671
learn rate: 0.001000
epoch: 780, train_mse: 0.000292, train_pearson_loss: 0.4115, test_mse: 0.000962, test_pearson_loss: 0.3710
learn rate: 0.001000
epoch: 790, train_mse: 0.000281, train_pearson_loss: 0.3936, test_mse: 0.001000, test_pearson_loss: 0.3683
learn rate: 0.001000
epoch: 800, train_mse: 0.000283, train_pearson_loss: 0.3961, test_mse: 0.000997, test_pearson_loss: 0.3662
learn rate: 0.001000
epoch: 810, train_mse: 0.000282, train_pearson_loss: 0.3939, test_mse: 0.000983, test_pearson_loss: 0.3681
learn rate: 0.001000
epoch: 820, train_mse: 0.000282, train_pearson_loss: 0.3998, test_mse: 0.000939, test_pearson_loss: 0.3647
learn rate: 0.001000
epoch: 830, train_mse: 0.000282, train_pearson_loss: 0.3967, test_mse: 0.001017, test_pearson_loss: 0.3681
learn rate: 0.001000
epoch: 840, train_mse: 0.000285, train_pearson_loss: 0.4022, test_mse: 0.001136, test_pearson_loss: 0.3721
learn rate: 0.001000
epoch: 850, train_mse: 0.000280, train_pearson_loss: 0.3950, test_mse: 0.001005, test_pearson_loss: 0.3694
learn rate: 0.001000
epoch: 860, train_mse: 0.000282, train_pearson_loss: 0.4031, test_mse: 0.000970, test_pearson_loss: 0.3657
learn rate: 0.001000
epoch: 870, train_mse: 0.000303, train_pearson_loss: 0.4213, test_mse: 0.001059, test_pearson_loss: 0.3718
learn rate: 0.001000
epoch: 880, train_mse: 0.000286, train_pearson_loss: 0.4153, test_mse: 0.000973, test_pearson_loss: 0.3676
learn rate: 0.001000
epoch: 890, train_mse: 0.000283, train_pearson_loss: 0.4057, test_mse: 0.001000, test_pearson_loss: 0.3685
learn rate: 0.001000
epoch: 900, train_mse: 0.000281, train_pearson_loss: 0.3957, test_mse: 0.000984, test_pearson_loss: 0.3677
learn rate: 0.001000
epoch: 910, train_mse: 0.000278, train_pearson_loss: 0.3941, test_mse: 0.000985, test_pearson_loss: 0.3705
learn rate: 0.001000
epoch: 920, train_mse: 0.000286, train_pearson_loss: 0.4055, test_mse: 0.000991, test_pearson_loss: 0.3661
learn rate: 0.001000
epoch: 930, train_mse: 0.000277, train_pearson_loss: 0.3899, test_mse: 0.001026, test_pearson_loss: 0.3683
learn rate: 0.001000
epoch: 940, train_mse: 0.000283, train_pearson_loss: 0.4065, test_mse: 0.001043, test_pearson_loss: 0.3689
learn rate: 0.001000
epoch: 950, train_mse: 0.000279, train_pearson_loss: 0.4014, test_mse: 0.001027, test_pearson_loss: 0.3674
learn rate: 0.001000
epoch: 960, train_mse: 0.000282, train_pearson_loss: 0.4026, test_mse: 0.001007, test_pearson_loss: 0.3655
learn rate: 0.001000
epoch: 970, train_mse: 0.000282, train_pearson_loss: 0.4046, test_mse: 0.001006, test_pearson_loss: 0.3695
learn rate: 0.001000
epoch: 980, train_mse: 0.000278, train_pearson_loss: 0.3986, test_mse: 0.001002, test_pearson_loss: 0.3664
learn rate: 0.001000
epoch: 990, train_mse: 0.000275, train_pearson_loss: 0.3925, test_mse: 0.000999, test_pearson_loss: 0.3668
learn rate: 0.001000
Saving checkpoint to /gws/nopw/j04/eocis_chuk/shaerdan/models/model_pB_add_skipdrop_nolrelu_BOF5zs4K/checkpoint_epoch_1000...
epoch: 1000, train_mse: 0.000273, train_pearson_loss: 0.3908, test_mse: 0.001091, test_pearson_loss: 0.3708
learn rate: 0.001000
epoch: 1010, train_mse: 0.000279, train_pearson_loss: 0.4010, test_mse: 0.001026, test_pearson_loss: 0.3698
learn rate: 0.001000
epoch: 1020, train_mse: 0.000277, train_pearson_loss: 0.3915, test_mse: 0.001034, test_pearson_loss: 0.3693
learn rate: 0.001000
epoch: 1030, train_mse: 0.000272, train_pearson_loss: 0.3895, test_mse: 0.001042, test_pearson_loss: 0.3677
learn rate: 0.001000
epoch: 1040, train_mse: 0.000277, train_pearson_loss: 0.3975, test_mse: 0.000965, test_pearson_loss: 0.3683
learn rate: 0.001000
epoch: 1050, train_mse: 0.000280, train_pearson_loss: 0.3967, test_mse: 0.000987, test_pearson_loss: 0.3645
learn rate: 0.001000
epoch: 1060, train_mse: 0.000274, train_pearson_loss: 0.3911, test_mse: 0.000961, test_pearson_loss: 0.3660
learn rate: 0.001000
epoch: 1070, train_mse: 0.000274, train_pearson_loss: 0.3930, test_mse: 0.001013, test_pearson_loss: 0.3648
learn rate: 0.001000
epoch: 1080, train_mse: 0.000272, train_pearson_loss: 0.3908, test_mse: 0.000957, test_pearson_loss: 0.3620
learn rate: 0.001000
epoch: 1090, train_mse: 0.000279, train_pearson_loss: 0.4013, test_mse: 0.000996, test_pearson_loss: 0.3687
learn rate: 0.001000
epoch: 1100, train_mse: 0.000278, train_pearson_loss: 0.4017, test_mse: 0.000956, test_pearson_loss: 0.3672
learn rate: 0.001000
epoch: 1110, train_mse: 0.000273, train_pearson_loss: 0.3957, test_mse: 0.001021, test_pearson_loss: 0.3650
learn rate: 0.001000
epoch: 1120, train_mse: 0.000274, train_pearson_loss: 0.3930, test_mse: 0.000968, test_pearson_loss: 0.3641
learn rate: 0.001000
epoch: 1130, train_mse: 0.000275, train_pearson_loss: 0.3878, test_mse: 0.000993, test_pearson_loss: 0.3654
learn rate: 0.001000
epoch: 1140, train_mse: 0.000279, train_pearson_loss: 0.4019, test_mse: 0.000999, test_pearson_loss: 0.3658
learn rate: 0.001000
epoch: 1150, train_mse: 0.000281, train_pearson_loss: 0.3907, test_mse: 0.001013, test_pearson_loss: 0.3672
learn rate: 0.001000
epoch: 1160, train_mse: 0.000278, train_pearson_loss: 0.4031, test_mse: 0.001023, test_pearson_loss: 0.3687
learn rate: 0.001000
epoch: 1170, train_mse: 0.000276, train_pearson_loss: 0.3939, test_mse: 0.001003, test_pearson_loss: 0.3680
learn rate: 0.001000
epoch: 1180, train_mse: 0.000275, train_pearson_loss: 0.3979, test_mse: 0.001028, test_pearson_loss: 0.3680
learn rate: 0.001000
epoch: 1190, train_mse: 0.000275, train_pearson_loss: 0.3973, test_mse: 0.000968, test_pearson_loss: 0.3639
learn rate: 0.001000
epoch: 1200, train_mse: 0.000271, train_pearson_loss: 0.3832, test_mse: 0.001008, test_pearson_loss: 0.3645
learn rate: 0.001000
epoch: 1210, train_mse: 0.000275, train_pearson_loss: 0.3914, test_mse: 0.001019, test_pearson_loss: 0.3648
learn rate: 0.001000
epoch: 1220, train_mse: 0.000281, train_pearson_loss: 0.4095, test_mse: 0.000979, test_pearson_loss: 0.3670
learn rate: 0.001000
epoch: 1230, train_mse: 0.000277, train_pearson_loss: 0.3990, test_mse: 0.000999, test_pearson_loss: 0.3655
learn rate: 0.001000
epoch: 1240, train_mse: 0.000275, train_pearson_loss: 0.3955, test_mse: 0.001014, test_pearson_loss: 0.3693
learn rate: 0.001000
epoch: 1250, train_mse: 0.000271, train_pearson_loss: 0.3862, test_mse: 0.000975, test_pearson_loss: 0.3653
learn rate: 0.001000
epoch: 1260, train_mse: 0.000271, train_pearson_loss: 0.3880, test_mse: 0.000940, test_pearson_loss: 0.3635
learn rate: 0.001000
epoch: 1270, train_mse: 0.000278, train_pearson_loss: 0.4057, test_mse: 0.000950, test_pearson_loss: 0.3664
learn rate: 0.001000
epoch: 1280, train_mse: 0.000274, train_pearson_loss: 0.3977, test_mse: 0.001009, test_pearson_loss: 0.3642
learn rate: 0.001000
epoch: 1290, train_mse: 0.000284, train_pearson_loss: 0.4122, test_mse: 0.000989, test_pearson_loss: 0.3689
learn rate: 0.001000
epoch: 1300, train_mse: 0.000272, train_pearson_loss: 0.3884, test_mse: 0.001016, test_pearson_loss: 0.3684
learn rate: 0.001000
epoch: 1310, train_mse: 0.000279, train_pearson_loss: 0.4007, test_mse: 0.001064, test_pearson_loss: 0.3664
learn rate: 0.001000
epoch: 1320, train_mse: 0.000272, train_pearson_loss: 0.3944, test_mse: 0.001018, test_pearson_loss: 0.3638
learn rate: 0.001000
epoch: 1330, train_mse: 0.000281, train_pearson_loss: 0.3989, test_mse: 0.001024, test_pearson_loss: 0.3647
learn rate: 0.001000
epoch: 1340, train_mse: 0.000274, train_pearson_loss: 0.3954, test_mse: 0.000978, test_pearson_loss: 0.3645
learn rate: 0.001000
epoch: 1350, train_mse: 0.000266, train_pearson_loss: 0.3811, test_mse: 0.001017, test_pearson_loss: 0.3644
learn rate: 0.001000
epoch: 1360, train_mse: 0.000268, train_pearson_loss: 0.3828, test_mse: 0.001028, test_pearson_loss: 0.3673
learn rate: 0.001000
epoch: 1370, train_mse: 0.000275, train_pearson_loss: 0.4035, test_mse: 0.000975, test_pearson_loss: 0.3638
learn rate: 0.001000
epoch: 1380, train_mse: 0.000264, train_pearson_loss: 0.3779, test_mse: 0.000985, test_pearson_loss: 0.3646
learn rate: 0.001000
epoch: 1390, train_mse: 0.000268, train_pearson_loss: 0.3887, test_mse: 0.001034, test_pearson_loss: 0.3667
learn rate: 0.001000
epoch: 1400, train_mse: 0.000267, train_pearson_loss: 0.3817, test_mse: 0.001004, test_pearson_loss: 0.3636
learn rate: 0.001000
epoch: 1410, train_mse: 0.000273, train_pearson_loss: 0.3921, test_mse: 0.000974, test_pearson_loss: 0.3652
learn rate: 0.001000
epoch: 1420, train_mse: 0.000268, train_pearson_loss: 0.3871, test_mse: 0.000999, test_pearson_loss: 0.3648
learn rate: 0.001000
epoch: 1430, train_mse: 0.000279, train_pearson_loss: 0.4018, test_mse: 0.001008, test_pearson_loss: 0.3639
learn rate: 0.001000
epoch: 1440, train_mse: 0.000273, train_pearson_loss: 0.3921, test_mse: 0.000984, test_pearson_loss: 0.3665
learn rate: 0.001000
epoch: 1450, train_mse: 0.000269, train_pearson_loss: 0.3883, test_mse: 0.000941, test_pearson_loss: 0.3624
learn rate: 0.001000
epoch: 1460, train_mse: 0.000271, train_pearson_loss: 0.3946, test_mse: 0.001040, test_pearson_loss: 0.3649
learn rate: 0.001000
epoch: 1470, train_mse: 0.000274, train_pearson_loss: 0.3964, test_mse: 0.001011, test_pearson_loss: 0.3638
learn rate: 0.001000
epoch: 1480, train_mse: 0.000267, train_pearson_loss: 0.3897, test_mse: 0.000997, test_pearson_loss: 0.3636
learn rate: 0.001000
epoch: 1490, train_mse: 0.000273, train_pearson_loss: 0.3976, test_mse: 0.000996, test_pearson_loss: 0.3653
learn rate: 0.001000
Saving checkpoint to /gws/nopw/j04/eocis_chuk/shaerdan/models/model_pB_add_skipdrop_nolrelu_BOF5zs4K/checkpoint_epoch_1500...
epoch: 1500, train_mse: 0.000272, train_pearson_loss: 0.3911, test_mse: 0.000968, test_pearson_loss: 0.3624
learn rate: 0.001000
epoch: 1510, train_mse: 0.000270, train_pearson_loss: 0.3914, test_mse: 0.000998, test_pearson_loss: 0.3635
learn rate: 0.001000
epoch: 1520, train_mse: 0.000271, train_pearson_loss: 0.3937, test_mse: 0.000993, test_pearson_loss: 0.3626
learn rate: 0.001000
epoch: 1530, train_mse: 0.000268, train_pearson_loss: 0.3880, test_mse: 0.000993, test_pearson_loss: 0.3646
learn rate: 0.001000
epoch: 1540, train_mse: 0.000261, train_pearson_loss: 0.3786, test_mse: 0.000985, test_pearson_loss: 0.3622
learn rate: 0.001000
epoch: 1550, train_mse: 0.000264, train_pearson_loss: 0.3757, test_mse: 0.000959, test_pearson_loss: 0.3622
learn rate: 0.001000
epoch: 1560, train_mse: 0.000270, train_pearson_loss: 0.3871, test_mse: 0.001007, test_pearson_loss: 0.3692
learn rate: 0.001000
epoch: 1570, train_mse: 0.000267, train_pearson_loss: 0.3861, test_mse: 0.000972, test_pearson_loss: 0.3614
learn rate: 0.001000
epoch: 1580, train_mse: 0.000266, train_pearson_loss: 0.3860, test_mse: 0.000964, test_pearson_loss: 0.3647
learn rate: 0.001000
epoch: 1590, train_mse: 0.000265, train_pearson_loss: 0.3803, test_mse: 0.001077, test_pearson_loss: 0.3672
learn rate: 0.001000
epoch: 1600, train_mse: 0.000260, train_pearson_loss: 0.3750, test_mse: 0.001004, test_pearson_loss: 0.3618
learn rate: 0.001000
epoch: 1610, train_mse: 0.000265, train_pearson_loss: 0.3804, test_mse: 0.000958, test_pearson_loss: 0.3644
learn rate: 0.001000
epoch: 1620, train_mse: 0.000277, train_pearson_loss: 0.4028, test_mse: 0.000954, test_pearson_loss: 0.3620
learn rate: 0.001000
epoch: 1630, train_mse: 0.000267, train_pearson_loss: 0.3870, test_mse: 0.000980, test_pearson_loss: 0.3620
learn rate: 0.001000
epoch: 1640, train_mse: 0.000267, train_pearson_loss: 0.3893, test_mse: 0.001029, test_pearson_loss: 0.3657
learn rate: 0.001000
epoch: 1650, train_mse: 0.000265, train_pearson_loss: 0.3847, test_mse: 0.000955, test_pearson_loss: 0.3618
learn rate: 0.001000
epoch: 1660, train_mse: 0.000267, train_pearson_loss: 0.3824, test_mse: 0.001030, test_pearson_loss: 0.3650
learn rate: 0.001000
epoch: 1670, train_mse: 0.000267, train_pearson_loss: 0.3850, test_mse: 0.000966, test_pearson_loss: 0.3620
learn rate: 0.001000
epoch: 1680, train_mse: 0.000274, train_pearson_loss: 0.4003, test_mse: 0.001015, test_pearson_loss: 0.3650
learn rate: 0.001000
epoch: 1690, train_mse: 0.000261, train_pearson_loss: 0.3743, test_mse: 0.000957, test_pearson_loss: 0.3614
learn rate: 0.001000
epoch: 1700, train_mse: 0.000268, train_pearson_loss: 0.3976, test_mse: 0.000959, test_pearson_loss: 0.3616
learn rate: 0.001000
epoch: 1710, train_mse: 0.000263, train_pearson_loss: 0.3801, test_mse: 0.000934, test_pearson_loss: 0.3601
learn rate: 0.001000
epoch: 1720, train_mse: 0.000266, train_pearson_loss: 0.3914, test_mse: 0.000998, test_pearson_loss: 0.3613
learn rate: 0.001000
