===========================================
Job ID: 2673446  |  Node: gpuhost007
Start: Mon 23 Feb 00:38:41 GMT 2026  |  Target: 3500 epochs
===========================================
Fresh run: /gws/nopw/j04/eocis_chuk/shaerdan/models/model_pB_standard_aug_zscore_rm_coldpattern_pearson_56fb1e44
Loading preprocessed data...
Loading preprocessed data from /gws/nopw/j04/eocis_chuk/shaerdan/preprocessed_v8/train_v8_zscore_rm_coldpattern.pt...
Loaded 102644 samples
Input shape: torch.Size([102644, 11, 100, 100])
Output shape: torch.Size([102644, 1, 100, 100])
Loading preprocessed data from /gws/nopw/j04/eocis_chuk/shaerdan/preprocessed_v8/test_v8_zscore_rm_coldpattern.pt...
Loaded 8732 samples
Input shape: torch.Size([8732, 11, 100, 100])
Output shape: torch.Size([8732, 1, 100, 100])
Training cases: 102644, Test cases: 8732
Input shape: (11, 100, 100), Output shape: (1, 100, 100)
Running on device: cuda
Scheduler: T_max=3500 (total), already done=0, this job=3500
epoch: 0, train_mse: 0.009918, train_pearson_loss: 0.7537, test_mse: 0.000767, test_pearson_loss: 0.5536, ema_test: 0.000767, ema_ratio: 0.077
learn rate: 0.000300
  ★ New best smoothed test MSE 0.000767 at epoch 0 → saving /gws/nopw/j04/eocis_chuk/shaerdan/models/model_pB_standard_aug_zscore_rm_coldpattern_pearson_56fb1e44/checkpoint_best_test_mse
epoch: 10, train_mse: 0.004893, train_pearson_loss: 0.4878, test_mse: 0.000632, test_pearson_loss: 0.4238, ema_test: 0.000726, ema_ratio: 0.093
learn rate: 0.000300
  ★ New best smoothed test MSE 0.000726 at epoch 10 → saving /gws/nopw/j04/eocis_chuk/shaerdan/models/model_pB_standard_aug_zscore_rm_coldpattern_pearson_56fb1e44/checkpoint_best_test_mse
epoch: 20, train_mse: 0.000582, train_pearson_loss: 0.3896, test_mse: 0.000639, test_pearson_loss: 0.3798, ema_test: 0.000700, ema_ratio: 0.394
learn rate: 0.000300
  ★ New best smoothed test MSE 0.000700 at epoch 20 → saving /gws/nopw/j04/eocis_chuk/shaerdan/models/model_pB_standard_aug_zscore_rm_coldpattern_pearson_56fb1e44/checkpoint_best_test_mse
