===========================================
Job ID: 2593025  |  Node: gpuhost005
Start: Sun 22 Feb 15:49:57 GMT 2026  |  Target: 3500 epochs
===========================================
Fresh run: /gws/nopw/j04/eocis_chuk/shaerdan/models/model_pB_standard_aug_zscore_797c8922
Loading preprocessed data...
Loading preprocessed data from /gws/nopw/j04/eocis_chuk/shaerdan/preprocessed_v8/train_v8_zscore.pt...
Loaded 102644 samples
Input shape: torch.Size([102644, 12, 100, 100])
Output shape: torch.Size([102644, 1, 100, 100])
Loading preprocessed data from /gws/nopw/j04/eocis_chuk/shaerdan/preprocessed_v8/test_v8_zscore.pt...
Loaded 8732 samples
Input shape: torch.Size([8732, 12, 100, 100])
Output shape: torch.Size([8732, 1, 100, 100])
Training cases: 102644, Test cases: 8732
Input shape: (12, 100, 100), Output shape: (1, 100, 100)
Running on device: cuda
Scheduler: T_max=3500 (total), already done=0, this job=3500
epoch: 0, train_mse: 0.017201, train_pearson_loss: 0.7857, test_mse: 0.001075, test_pearson_loss: 0.5773, ema_test: 0.001075, ema_ratio: 0.062
learn rate: 0.000300
  ★ New best smoothed test MSE 0.001075 at epoch 0 → saving /gws/nopw/j04/eocis_chuk/shaerdan/models/model_pB_standard_aug_zscore_797c8922/checkpoint_best_test_mse
epoch: 10, train_mse: 0.000632, train_pearson_loss: 0.4164, test_mse: 0.000918, test_pearson_loss: 0.3908, ema_test: 0.001028, ema_ratio: 0.480
learn rate: 0.000300
  ★ New best smoothed test MSE 0.001028 at epoch 10 → saving /gws/nopw/j04/eocis_chuk/shaerdan/models/model_pB_standard_aug_zscore_797c8922/checkpoint_best_test_mse
epoch: 20, train_mse: 0.000569, train_pearson_loss: 0.3856, test_mse: 0.000572, test_pearson_loss: 0.3777, ema_test: 0.000891, ema_ratio: 0.638
learn rate: 0.000300
  ★ New best smoothed test MSE 0.000891 at epoch 20 → saving /gws/nopw/j04/eocis_chuk/shaerdan/models/model_pB_standard_aug_zscore_797c8922/checkpoint_best_test_mse
epoch: 30, train_mse: 0.000525, train_pearson_loss: 0.3705, test_mse: 0.000675, test_pearson_loss: 0.3631, ema_test: 0.000826, ema_ratio: 0.832
learn rate: 0.000300
  ★ New best smoothed test MSE 0.000826 at epoch 30 → saving /gws/nopw/j04/eocis_chuk/shaerdan/models/model_pB_standard_aug_zscore_797c8922/checkpoint_best_test_mse
epoch: 40, train_mse: 0.000498, train_pearson_loss: 0.3631, test_mse: 0.000581, test_pearson_loss: 0.3538, ema_test: 0.000753, ema_ratio: 0.932
learn rate: 0.000300
  ★ New best smoothed test MSE 0.000753 at epoch 40 → saving /gws/nopw/j04/eocis_chuk/shaerdan/models/model_pB_standard_aug_zscore_797c8922/checkpoint_best_test_mse
epoch: 50, train_mse: 0.000467, train_pearson_loss: 0.3541, test_mse: 0.000588, test_pearson_loss: 0.3526, ema_test: 0.000703, ema_ratio: 1.030
learn rate: 0.000300
  ★ New best smoothed test MSE 0.000703 at epoch 50 → saving /gws/nopw/j04/eocis_chuk/shaerdan/models/model_pB_standard_aug_zscore_797c8922/checkpoint_best_test_mse
  ★ New best EMA ratio 1.030 at epoch 50 → saving /gws/nopw/j04/eocis_chuk/shaerdan/models/model_pB_standard_aug_zscore_797c8922/checkpoint_best_ratio
epoch: 60, train_mse: 0.000443, train_pearson_loss: 0.3477, test_mse: 0.000684, test_pearson_loss: 0.3494, ema_test: 0.000698, ema_ratio: 1.184
learn rate: 0.000300
  ★ New best smoothed test MSE 0.000698 at epoch 60 → saving /gws/nopw/j04/eocis_chuk/shaerdan/models/model_pB_standard_aug_zscore_797c8922/checkpoint_best_test_mse
epoch: 70, train_mse: 0.000419, train_pearson_loss: 0.3421, test_mse: 0.000629, test_pearson_loss: 0.3507, ema_test: 0.000677, ema_ratio: 1.279
learn rate: 0.000300
  ★ New best smoothed test MSE 0.000677 at epoch 70 → saving /gws/nopw/j04/eocis_chuk/shaerdan/models/model_pB_standard_aug_zscore_797c8922/checkpoint_best_test_mse
epoch: 80, train_mse: 0.000402, train_pearson_loss: 0.3385, test_mse: 0.000752, test_pearson_loss: 0.3486, ema_test: 0.000700, ema_ratio: 1.457
learn rate: 0.000300
epoch: 90, train_mse: 0.000381, train_pearson_loss: 0.3351, test_mse: 0.000646, test_pearson_loss: 0.3458, ema_test: 0.000684, ema_ratio: 1.529
learn rate: 0.000300
epoch: 100, train_mse: 0.000367, train_pearson_loss: 0.3321, test_mse: 0.000570, test_pearson_loss: 0.3389, ema_test: 0.000650, ema_ratio: 1.537
learn rate: 0.000299
  ★ New best smoothed test MSE 0.000650 at epoch 100 → saving /gws/nopw/j04/eocis_chuk/shaerdan/models/model_pB_standard_aug_zscore_797c8922/checkpoint_best_test_mse
epoch: 110, train_mse: 0.000352, train_pearson_loss: 0.3284, test_mse: 0.000579, test_pearson_loss: 0.3445, ema_test: 0.000628, ema_ratio: 1.569
learn rate: 0.000299
  ★ New best smoothed test MSE 0.000628 at epoch 110 → saving /gws/nopw/j04/eocis_chuk/shaerdan/models/model_pB_standard_aug_zscore_797c8922/checkpoint_best_test_mse
epoch: 120, train_mse: 0.000340, train_pearson_loss: 0.3255, test_mse: 0.000632, test_pearson_loss: 0.3414, ema_test: 0.000629, ema_ratio: 1.656
learn rate: 0.000299
epoch: 130, train_mse: 0.000329, train_pearson_loss: 0.3228, test_mse: 0.000530, test_pearson_loss: 0.3438, ema_test: 0.000600, ema_ratio: 1.642
learn rate: 0.000299
  ★ New best smoothed test MSE 0.000600 at epoch 130 → saving /gws/nopw/j04/eocis_chuk/shaerdan/models/model_pB_standard_aug_zscore_797c8922/checkpoint_best_test_mse
epoch: 140, train_mse: 0.000316, train_pearson_loss: 0.3199, test_mse: 0.000619, test_pearson_loss: 0.3438, ema_test: 0.000606, ema_ratio: 1.737
learn rate: 0.000299
epoch: 150, train_mse: 0.000309, train_pearson_loss: 0.3176, test_mse: 0.000585, test_pearson_loss: 0.3367, ema_test: 0.000599, ema_ratio: 1.784
learn rate: 0.000299
  ★ New best smoothed test MSE 0.000599 at epoch 150 → saving /gws/nopw/j04/eocis_chuk/shaerdan/models/model_pB_standard_aug_zscore_797c8922/checkpoint_best_test_mse
epoch: 160, train_mse: 0.000299, train_pearson_loss: 0.3154, test_mse: 0.000538, test_pearson_loss: 0.3390, ema_test: 0.000581, ema_ratio: 1.788
learn rate: 0.000298
  ★ New best smoothed test MSE 0.000581 at epoch 160 → saving /gws/nopw/j04/eocis_chuk/shaerdan/models/model_pB_standard_aug_zscore_797c8922/checkpoint_best_test_mse
epoch: 170, train_mse: 0.000293, train_pearson_loss: 0.3128, test_mse: 0.000607, test_pearson_loss: 0.3343, ema_test: 0.000589, ema_ratio: 1.874
learn rate: 0.000298
epoch: 180, train_mse: 0.000289, train_pearson_loss: 0.3110, test_mse: 0.000620, test_pearson_loss: 0.3403, ema_test: 0.000598, ema_ratio: 1.955
learn rate: 0.000298
epoch: 190, train_mse: 0.000280, train_pearson_loss: 0.3084, test_mse: 0.000555, test_pearson_loss: 0.3368, ema_test: 0.000585, ema_ratio: 1.962
learn rate: 0.000298
epoch: 200, train_mse: 0.000278, train_pearson_loss: 0.3070, test_mse: 0.000607, test_pearson_loss: 0.3323, ema_test: 0.000592, ema_ratio: 2.030
learn rate: 0.000298
epoch: 210, train_mse: 0.000272, train_pearson_loss: 0.3049, test_mse: 0.000615, test_pearson_loss: 0.3359, ema_test: 0.000599, ema_ratio: 2.098
learn rate: 0.000297
epoch: 220, train_mse: 0.000269, train_pearson_loss: 0.3030, test_mse: 0.000636, test_pearson_loss: 0.3369, ema_test: 0.000610, ema_ratio: 2.178
learn rate: 0.000297
epoch: 230, train_mse: 0.000266, train_pearson_loss: 0.3015, test_mse: 0.000616, test_pearson_loss: 0.3343, ema_test: 0.000611, ema_ratio: 2.218
learn rate: 0.000297
