==========================================
Job ID: 686083
Node: gpuhost009
Start time: Mon 16 Feb 02:31:15 GMT 2026
Working dir: /home/users/shaerdan/cae_tools_pB
==========================================
Mon Feb 16 02:31:15 2026       
+-----------------------------------------------------------------------------------------+
| NVIDIA-SMI 590.48.01              Driver Version: 590.48.01      CUDA Version: 13.1     |
+-----------------------------------------+------------------------+----------------------+
| GPU  Name                 Persistence-M | Bus-Id          Disp.A | Volatile Uncorr. ECC |
| Fan  Temp   Perf          Pwr:Usage/Cap |           Memory-Usage | GPU-Util  Compute M. |
|                                         |                        |               MIG M. |
|=========================================+========================+======================|
|   0  NVIDIA A100-SXM4-40GB          On  |   00000000:C1:00.0 Off |                    0 |
| N/A   28C    P0             52W /  400W |       0MiB /  40960MiB |      0%      Default |
|                                         |                        |             Disabled |
+-----------------------------------------+------------------------+----------------------+

+-----------------------------------------------------------------------------------------+
| Processes:                                                                              |
|  GPU   GI   CI              PID   Type   Process name                        GPU Memory |
|        ID   ID                                                               Usage      |
|=========================================================================================|
|  No running processes found                                                             |
+-----------------------------------------------------------------------------------------+
==========================================
Experiment: CONV BOTTLENECK
Model: /gws/nopw/j04/eocis_chuk/shaerdan/models/model_pB_conv_noattn_UqsksJ2l
Epochs: 3500
==========================================
Loading preprocessed data...
Loading preprocessed data from /gws/nopw/j04/eocis_chuk/shaerdan/preprocessed_v8/train_v8.pt...
Loaded 103577 samples
Input shape: torch.Size([103577, 12, 100, 100])
Output shape: torch.Size([103577, 1, 100, 100])
Loading preprocessed data from /gws/nopw/j04/eocis_chuk/shaerdan/preprocessed_v8/test_v8.pt...
Loaded 9001 samples
Input shape: torch.Size([9001, 12, 100, 100])
Output shape: torch.Size([9001, 1, 100, 100])
Training cases: 103577, Test cases: 9001
Input shape: (12, 100, 100), Output shape: (1, 100, 100)
Running on device: cuda
epoch: 0, train_mse: 0.014917, train_pearson_loss: 0.9367, test_mse: 0.002444, test_pearson_loss: 0.7985
learn rate: 0.001000
epoch: 10, train_mse: 0.000607, train_pearson_loss: 0.4747, test_mse: 0.001031, test_pearson_loss: 0.4312
learn rate: 0.001000
epoch: 20, train_mse: 0.000507, train_pearson_loss: 0.4273, test_mse: 0.001015, test_pearson_loss: 0.4015
learn rate: 0.001000
epoch: 30, train_mse: 0.000466, train_pearson_loss: 0.4079, test_mse: 0.001030, test_pearson_loss: 0.3938
learn rate: 0.001000
epoch: 40, train_mse: 0.000417, train_pearson_loss: 0.3948, test_mse: 0.001005, test_pearson_loss: 0.3868
learn rate: 0.001000
epoch: 50, train_mse: 0.001019, train_pearson_loss: 0.5414, test_mse: 0.000995, test_pearson_loss: 0.4569
learn rate: 0.001000
epoch: 60, train_mse: 0.000458, train_pearson_loss: 0.4112, test_mse: 0.000992, test_pearson_loss: 0.3944
learn rate: 0.001000
epoch: 70, train_mse: 0.000417, train_pearson_loss: 0.3968, test_mse: 0.000942, test_pearson_loss: 0.3874
learn rate: 0.001000
epoch: 80, train_mse: 0.000383, train_pearson_loss: 0.3876, test_mse: 0.001015, test_pearson_loss: 0.3797
learn rate: 0.001000
epoch: 90, train_mse: 0.000361, train_pearson_loss: 0.3824, test_mse: 0.000990, test_pearson_loss: 0.3776
learn rate: 0.001000
epoch: 100, train_mse: 0.000346, train_pearson_loss: 0.3779, test_mse: 0.001058, test_pearson_loss: 0.3794
learn rate: 0.001000
epoch: 110, train_mse: 0.000337, train_pearson_loss: 0.3782, test_mse: 0.000971, test_pearson_loss: 0.3760
learn rate: 0.001000
epoch: 120, train_mse: 0.000318, train_pearson_loss: 0.3728, test_mse: 0.001008, test_pearson_loss: 0.3722
learn rate: 0.001000
epoch: 130, train_mse: 0.000334, train_pearson_loss: 0.3750, test_mse: 0.000957, test_pearson_loss: 0.3689
learn rate: 0.001000
epoch: 140, train_mse: 0.000304, train_pearson_loss: 0.3694, test_mse: 0.000911, test_pearson_loss: 0.3733
learn rate: 0.001000
epoch: 150, train_mse: 0.000296, train_pearson_loss: 0.3671, test_mse: 0.000922, test_pearson_loss: 0.3653
learn rate: 0.001000
epoch: 160, train_mse: 0.000293, train_pearson_loss: 0.3658, test_mse: 0.000949, test_pearson_loss: 0.3654
learn rate: 0.001000
epoch: 170, train_mse: 0.000288, train_pearson_loss: 0.3663, test_mse: 0.000881, test_pearson_loss: 0.3646
learn rate: 0.001000
epoch: 180, train_mse: 0.000306, train_pearson_loss: 0.3669, test_mse: 0.000945, test_pearson_loss: 0.3713
learn rate: 0.001000
epoch: 190, train_mse: 0.000285, train_pearson_loss: 0.3635, test_mse: 0.000932, test_pearson_loss: 0.3642
learn rate: 0.001000
epoch: 200, train_mse: 0.000284, train_pearson_loss: 0.3622, test_mse: 0.000934, test_pearson_loss: 0.3659
learn rate: 0.001000
epoch: 210, train_mse: 0.000275, train_pearson_loss: 0.3606, test_mse: 0.000914, test_pearson_loss: 0.3674
learn rate: 0.001000
epoch: 220, train_mse: 0.000274, train_pearson_loss: 0.3599, test_mse: 0.000948, test_pearson_loss: 0.3639
learn rate: 0.001000
epoch: 230, train_mse: 0.000282, train_pearson_loss: 0.3608, test_mse: 0.000911, test_pearson_loss: 0.3650
learn rate: 0.001000
epoch: 240, train_mse: 0.000278, train_pearson_loss: 0.3595, test_mse: 0.000882, test_pearson_loss: 0.3618
learn rate: 0.001000
epoch: 250, train_mse: 0.000270, train_pearson_loss: 0.3573, test_mse: 0.000896, test_pearson_loss: 0.3619
learn rate: 0.001000
epoch: 260, train_mse: 0.000266, train_pearson_loss: 0.3561, test_mse: 0.000934, test_pearson_loss: 0.3622
learn rate: 0.001000
epoch: 270, train_mse: 0.000266, train_pearson_loss: 0.3550, test_mse: 0.000930, test_pearson_loss: 0.3619
learn rate: 0.001000
epoch: 280, train_mse: 0.000263, train_pearson_loss: 0.3539, test_mse: 0.000922, test_pearson_loss: 0.3649
learn rate: 0.001000
epoch: 290, train_mse: 0.000261, train_pearson_loss: 0.3532, test_mse: 0.000918, test_pearson_loss: 0.3623
learn rate: 0.001000
epoch: 300, train_mse: 0.000257, train_pearson_loss: 0.3520, test_mse: 0.000913, test_pearson_loss: 0.3599
learn rate: 0.001000
epoch: 310, train_mse: 0.000258, train_pearson_loss: 0.3512, test_mse: 0.000975, test_pearson_loss: 0.3634
learn rate: 0.001000
epoch: 320, train_mse: 0.000268, train_pearson_loss: 0.3524, test_mse: 0.000953, test_pearson_loss: 0.3624
learn rate: 0.001000
epoch: 330, train_mse: 0.000263, train_pearson_loss: 0.3511, test_mse: 0.000931, test_pearson_loss: 0.3629
learn rate: 0.001000
epoch: 340, train_mse: 0.000261, train_pearson_loss: 0.3557, test_mse: 0.000930, test_pearson_loss: 0.3630
learn rate: 0.001000
epoch: 350, train_mse: 0.000250, train_pearson_loss: 0.3469, test_mse: 0.000950, test_pearson_loss: 0.3600
learn rate: 0.001000
epoch: 360, train_mse: 0.000251, train_pearson_loss: 0.3465, test_mse: 0.000949, test_pearson_loss: 0.3599
learn rate: 0.001000
epoch: 370, train_mse: 0.000270, train_pearson_loss: 0.3520, test_mse: 0.000963, test_pearson_loss: 0.3602
learn rate: 0.001000
epoch: 380, train_mse: 0.000249, train_pearson_loss: 0.3445, test_mse: 0.000966, test_pearson_loss: 0.3632
learn rate: 0.001000
epoch: 390, train_mse: 0.000249, train_pearson_loss: 0.3455, test_mse: 0.000935, test_pearson_loss: 0.3606
learn rate: 0.001000
epoch: 400, train_mse: 0.000307, train_pearson_loss: 0.3589, test_mse: 0.000907, test_pearson_loss: 0.3634
learn rate: 0.001000
epoch: 410, train_mse: 0.000315, train_pearson_loss: 0.3595, test_mse: 0.000993, test_pearson_loss: 0.3685
learn rate: 0.001000
epoch: 420, train_mse: 0.000250, train_pearson_loss: 0.3426, test_mse: 0.000968, test_pearson_loss: 0.3625
learn rate: 0.001000
epoch: 430, train_mse: 0.000249, train_pearson_loss: 0.3413, test_mse: 0.000927, test_pearson_loss: 0.3621
learn rate: 0.001000
epoch: 440, train_mse: 0.000246, train_pearson_loss: 0.3399, test_mse: 0.000931, test_pearson_loss: 0.3632
learn rate: 0.001000
epoch: 450, train_mse: 0.000242, train_pearson_loss: 0.3372, test_mse: 0.000944, test_pearson_loss: 0.3596
learn rate: 0.001000
epoch: 460, train_mse: 0.000242, train_pearson_loss: 0.3373, test_mse: 0.000958, test_pearson_loss: 0.3610
learn rate: 0.001000
epoch: 470, train_mse: 0.000242, train_pearson_loss: 0.3353, test_mse: 0.000944, test_pearson_loss: 0.3647
learn rate: 0.001000
epoch: 480, train_mse: 0.000240, train_pearson_loss: 0.3342, test_mse: 0.000976, test_pearson_loss: 0.3660
learn rate: 0.001000
epoch: 490, train_mse: 0.000285, train_pearson_loss: 0.3496, test_mse: 0.000960, test_pearson_loss: 0.3644
learn rate: 0.001000
Saving checkpoint to /gws/nopw/j04/eocis_chuk/shaerdan/models/model_pB_conv_noattn_UqsksJ2l/checkpoint_epoch_500...
epoch: 500, train_mse: 0.000246, train_pearson_loss: 0.3354, test_mse: 0.000948, test_pearson_loss: 0.3626
learn rate: 0.001000
epoch: 510, train_mse: 0.000238, train_pearson_loss: 0.3318, test_mse: 0.000952, test_pearson_loss: 0.3623
learn rate: 0.001000
epoch: 520, train_mse: 0.000238, train_pearson_loss: 0.3326, test_mse: 0.000959, test_pearson_loss: 0.3637
learn rate: 0.001000
epoch: 530, train_mse: 0.000237, train_pearson_loss: 0.3307, test_mse: 0.000920, test_pearson_loss: 0.3633
learn rate: 0.001000
epoch: 540, train_mse: 0.000235, train_pearson_loss: 0.3294, test_mse: 0.000944, test_pearson_loss: 0.3628
learn rate: 0.001000
epoch: 550, train_mse: 0.000234, train_pearson_loss: 0.3277, test_mse: 0.000966, test_pearson_loss: 0.3657
learn rate: 0.001000
epoch: 560, train_mse: 0.000231, train_pearson_loss: 0.3263, test_mse: 0.000939, test_pearson_loss: 0.3628
learn rate: 0.001000
epoch: 570, train_mse: 0.000236, train_pearson_loss: 0.3273, test_mse: 0.000955, test_pearson_loss: 0.3623
learn rate: 0.001000
epoch: 580, train_mse: 0.000232, train_pearson_loss: 0.3249, test_mse: 0.000985, test_pearson_loss: 0.3640
learn rate: 0.001000
epoch: 590, train_mse: 0.000252, train_pearson_loss: 0.3329, test_mse: 0.000954, test_pearson_loss: 0.3638
learn rate: 0.001000
epoch: 600, train_mse: 0.000229, train_pearson_loss: 0.3227, test_mse: 0.000947, test_pearson_loss: 0.3649
learn rate: 0.001000
epoch: 610, train_mse: 0.000228, train_pearson_loss: 0.3224, test_mse: 0.000943, test_pearson_loss: 0.3648
learn rate: 0.001000
epoch: 620, train_mse: 0.000290, train_pearson_loss: 0.3429, test_mse: 0.000921, test_pearson_loss: 0.3659
learn rate: 0.001000
epoch: 630, train_mse: 0.000228, train_pearson_loss: 0.3207, test_mse: 0.000946, test_pearson_loss: 0.3630
learn rate: 0.001000
epoch: 640, train_mse: 0.000224, train_pearson_loss: 0.3192, test_mse: 0.000944, test_pearson_loss: 0.3629
learn rate: 0.001000
epoch: 650, train_mse: 0.000244, train_pearson_loss: 0.3264, test_mse: 0.001021, test_pearson_loss: 0.3671
learn rate: 0.001000
epoch: 660, train_mse: 0.000257, train_pearson_loss: 0.3391, test_mse: 0.001077, test_pearson_loss: 0.3699
learn rate: 0.001000
epoch: 670, train_mse: 0.000229, train_pearson_loss: 0.3220, test_mse: 0.000974, test_pearson_loss: 0.3645
learn rate: 0.001000
epoch: 680, train_mse: 0.000226, train_pearson_loss: 0.3200, test_mse: 0.000959, test_pearson_loss: 0.3647
learn rate: 0.001000
epoch: 690, train_mse: 0.000238, train_pearson_loss: 0.3253, test_mse: 0.000954, test_pearson_loss: 0.3616
learn rate: 0.001000
epoch: 700, train_mse: 0.000226, train_pearson_loss: 0.3185, test_mse: 0.000955, test_pearson_loss: 0.3649
learn rate: 0.001000
epoch: 710, train_mse: 0.000225, train_pearson_loss: 0.3172, test_mse: 0.000956, test_pearson_loss: 0.3633
learn rate: 0.001000
epoch: 720, train_mse: 0.000222, train_pearson_loss: 0.3159, test_mse: 0.000958, test_pearson_loss: 0.3631
learn rate: 0.001000
epoch: 730, train_mse: 0.000223, train_pearson_loss: 0.3148, test_mse: 0.000960, test_pearson_loss: 0.3631
learn rate: 0.001000
epoch: 740, train_mse: 0.000222, train_pearson_loss: 0.3152, test_mse: 0.000956, test_pearson_loss: 0.3682
learn rate: 0.001000
epoch: 750, train_mse: 0.000223, train_pearson_loss: 0.3168, test_mse: 0.000968, test_pearson_loss: 0.3635
learn rate: 0.001000
epoch: 760, train_mse: 0.000227, train_pearson_loss: 0.3180, test_mse: 0.000975, test_pearson_loss: 0.3630
learn rate: 0.001000
epoch: 770, train_mse: 0.000221, train_pearson_loss: 0.3141, test_mse: 0.000949, test_pearson_loss: 0.3631
learn rate: 0.001000
epoch: 780, train_mse: 0.000218, train_pearson_loss: 0.3118, test_mse: 0.000948, test_pearson_loss: 0.3634
learn rate: 0.001000
epoch: 790, train_mse: 0.000219, train_pearson_loss: 0.3121, test_mse: 0.000955, test_pearson_loss: 0.3614
learn rate: 0.001000
epoch: 800, train_mse: 0.000216, train_pearson_loss: 0.3099, test_mse: 0.000962, test_pearson_loss: 0.3636
learn rate: 0.001000
epoch: 810, train_mse: 0.000222, train_pearson_loss: 0.3135, test_mse: 0.000955, test_pearson_loss: 0.3614
learn rate: 0.001000
epoch: 820, train_mse: 0.000217, train_pearson_loss: 0.3117, test_mse: 0.000931, test_pearson_loss: 0.3629
learn rate: 0.001000
epoch: 830, train_mse: 0.000218, train_pearson_loss: 0.3104, test_mse: 0.000962, test_pearson_loss: 0.3639
learn rate: 0.001000
epoch: 840, train_mse: 0.000215, train_pearson_loss: 0.3078, test_mse: 0.000952, test_pearson_loss: 0.3612
learn rate: 0.001000
epoch: 850, train_mse: 0.000214, train_pearson_loss: 0.3070, test_mse: 0.000945, test_pearson_loss: 0.3620
learn rate: 0.001000
epoch: 860, train_mse: 0.000219, train_pearson_loss: 0.3096, test_mse: 0.000953, test_pearson_loss: 0.3627
learn rate: 0.001000
epoch: 870, train_mse: 0.000213, train_pearson_loss: 0.3062, test_mse: 0.000975, test_pearson_loss: 0.3639
learn rate: 0.001000
epoch: 880, train_mse: 0.000226, train_pearson_loss: 0.3130, test_mse: 0.000978, test_pearson_loss: 0.3628
learn rate: 0.001000
epoch: 890, train_mse: 0.000215, train_pearson_loss: 0.3082, test_mse: 0.000954, test_pearson_loss: 0.3622
learn rate: 0.001000
epoch: 900, train_mse: 0.000218, train_pearson_loss: 0.3069, test_mse: 0.000951, test_pearson_loss: 0.3628
learn rate: 0.001000
epoch: 910, train_mse: 0.000217, train_pearson_loss: 0.3073, test_mse: 0.000952, test_pearson_loss: 0.3624
learn rate: 0.001000
epoch: 920, train_mse: 0.000226, train_pearson_loss: 0.3111, test_mse: 0.001023, test_pearson_loss: 0.3623
learn rate: 0.001000
epoch: 930, train_mse: 0.000217, train_pearson_loss: 0.3081, test_mse: 0.000961, test_pearson_loss: 0.3651
learn rate: 0.001000
epoch: 940, train_mse: 0.000223, train_pearson_loss: 0.3111, test_mse: 0.000941, test_pearson_loss: 0.3608
learn rate: 0.001000
epoch: 950, train_mse: 0.000216, train_pearson_loss: 0.3067, test_mse: 0.000986, test_pearson_loss: 0.3656
learn rate: 0.001000
epoch: 960, train_mse: 0.000212, train_pearson_loss: 0.3036, test_mse: 0.000932, test_pearson_loss: 0.3638
learn rate: 0.001000
epoch: 970, train_mse: 0.000212, train_pearson_loss: 0.3033, test_mse: 0.000969, test_pearson_loss: 0.3623
learn rate: 0.001000
epoch: 980, train_mse: 0.000219, train_pearson_loss: 0.3063, test_mse: 0.000965, test_pearson_loss: 0.3621
learn rate: 0.001000
epoch: 990, train_mse: 0.000306, train_pearson_loss: 0.3489, test_mse: 0.001063, test_pearson_loss: 0.3670
learn rate: 0.001000
Saving checkpoint to /gws/nopw/j04/eocis_chuk/shaerdan/models/model_pB_conv_noattn_UqsksJ2l/checkpoint_epoch_1000...
epoch: 1000, train_mse: 0.000215, train_pearson_loss: 0.3055, test_mse: 0.000963, test_pearson_loss: 0.3623
learn rate: 0.001000
epoch: 1010, train_mse: 0.000214, train_pearson_loss: 0.3044, test_mse: 0.000959, test_pearson_loss: 0.3638
learn rate: 0.001000
epoch: 1020, train_mse: 0.000229, train_pearson_loss: 0.3090, test_mse: 0.001005, test_pearson_loss: 0.3623
learn rate: 0.001000
epoch: 1030, train_mse: 0.000211, train_pearson_loss: 0.3018, test_mse: 0.000953, test_pearson_loss: 0.3612
learn rate: 0.001000
epoch: 1040, train_mse: 0.000210, train_pearson_loss: 0.3012, test_mse: 0.000985, test_pearson_loss: 0.3623
learn rate: 0.001000
epoch: 1050, train_mse: 0.000210, train_pearson_loss: 0.3012, test_mse: 0.000964, test_pearson_loss: 0.3632
learn rate: 0.001000
epoch: 1060, train_mse: 0.000219, train_pearson_loss: 0.3064, test_mse: 0.000946, test_pearson_loss: 0.3624
learn rate: 0.001000
epoch: 1070, train_mse: 0.000214, train_pearson_loss: 0.3032, test_mse: 0.000986, test_pearson_loss: 0.3626
learn rate: 0.001000
epoch: 1080, train_mse: 0.000212, train_pearson_loss: 0.3009, test_mse: 0.000962, test_pearson_loss: 0.3612
learn rate: 0.001000
epoch: 1090, train_mse: 0.000211, train_pearson_loss: 0.3011, test_mse: 0.000975, test_pearson_loss: 0.3612
learn rate: 0.001000
epoch: 1100, train_mse: 0.000208, train_pearson_loss: 0.2992, test_mse: 0.000980, test_pearson_loss: 0.3617
learn rate: 0.001000
epoch: 1110, train_mse: 0.000206, train_pearson_loss: 0.2983, test_mse: 0.000969, test_pearson_loss: 0.3610
learn rate: 0.001000
epoch: 1120, train_mse: 0.000219, train_pearson_loss: 0.3037, test_mse: 0.000942, test_pearson_loss: 0.3633
learn rate: 0.001000
epoch: 1130, train_mse: 0.000209, train_pearson_loss: 0.2992, test_mse: 0.000989, test_pearson_loss: 0.3646
learn rate: 0.001000
epoch: 1140, train_mse: 0.000208, train_pearson_loss: 0.2979, test_mse: 0.000942, test_pearson_loss: 0.3637
learn rate: 0.001000
epoch: 1150, train_mse: 0.000210, train_pearson_loss: 0.2992, test_mse: 0.000965, test_pearson_loss: 0.3618
learn rate: 0.001000
epoch: 1160, train_mse: 0.000229, train_pearson_loss: 0.3062, test_mse: 0.001021, test_pearson_loss: 0.3684
learn rate: 0.001000
epoch: 1170, train_mse: 0.000209, train_pearson_loss: 0.2974, test_mse: 0.000936, test_pearson_loss: 0.3642
learn rate: 0.001000
epoch: 1180, train_mse: 0.000211, train_pearson_loss: 0.2994, test_mse: 0.000959, test_pearson_loss: 0.3621
learn rate: 0.001000
epoch: 1190, train_mse: 0.000205, train_pearson_loss: 0.2963, test_mse: 0.000966, test_pearson_loss: 0.3619
learn rate: 0.001000
