==========================================
Job ID: 749865
Node: gpuhost004
Start time: Mon 16 Feb 17:13:58 GMT 2026
Working dir: /home/users/shaerdan/cae_tools_pB
==========================================
Mon Feb 16 17:13:58 2026       
+-----------------------------------------------------------------------------------------+
| NVIDIA-SMI 590.48.01              Driver Version: 590.48.01      CUDA Version: 13.1     |
+-----------------------------------------+------------------------+----------------------+
| GPU  Name                 Persistence-M | Bus-Id          Disp.A | Volatile Uncorr. ECC |
| Fan  Temp   Perf          Pwr:Usage/Cap |           Memory-Usage | GPU-Util  Compute M. |
|                                         |                        |               MIG M. |
|=========================================+========================+======================|
|   0  NVIDIA A100-SXM4-40GB          On  |   00000000:01:00.0 Off |                    0 |
| N/A   33C    P0             53W /  400W |       0MiB /  40960MiB |      0%      Default |
|                                         |                        |             Disabled |
+-----------------------------------------+------------------------+----------------------+

+-----------------------------------------------------------------------------------------+
| Processes:                                                                              |
|  GPU   GI   CI              PID   Type   Process name                        GPU Memory |
|        ID   ID                                                               Usage      |
|=========================================================================================|
|  No running processes found                                                             |
+-----------------------------------------------------------------------------------------+
==========================================
Experiment: CONV BOTTLENECK
Model: /gws/nopw/j04/eocis_chuk/shaerdan/models/model_pB_conv_noattn_bFrNCtAS
Epochs: 3500
==========================================
Loading preprocessed data...
Loading preprocessed data from /gws/nopw/j04/eocis_chuk/shaerdan/preprocessed_v8/train_v8.pt...
Loaded 103577 samples
Input shape: torch.Size([103577, 12, 100, 100])
Output shape: torch.Size([103577, 1, 100, 100])
Loading preprocessed data from /gws/nopw/j04/eocis_chuk/shaerdan/preprocessed_v8/test_v8.pt...
Loaded 9001 samples
Input shape: torch.Size([9001, 12, 100, 100])
Output shape: torch.Size([9001, 1, 100, 100])
Training cases: 103577, Test cases: 9001
Input shape: (12, 100, 100), Output shape: (1, 100, 100)
Running on device: cuda
epoch: 0, train_mse: 0.013495, train_pearson_loss: 0.9387, test_mse: 0.002207, test_pearson_loss: 0.8084
learn rate: 0.001000
epoch: 10, train_mse: 0.000623, train_pearson_loss: 0.4791, test_mse: 0.001114, test_pearson_loss: 0.4354
learn rate: 0.001000
epoch: 20, train_mse: 0.000526, train_pearson_loss: 0.4286, test_mse: 0.000990, test_pearson_loss: 0.4039
learn rate: 0.001000
epoch: 30, train_mse: 0.000464, train_pearson_loss: 0.4048, test_mse: 0.000890, test_pearson_loss: 0.4039
learn rate: 0.001000
epoch: 40, train_mse: 0.000427, train_pearson_loss: 0.3929, test_mse: 0.000914, test_pearson_loss: 0.3942
learn rate: 0.001000
epoch: 50, train_mse: 0.000391, train_pearson_loss: 0.3849, test_mse: 0.001051, test_pearson_loss: 0.3915
learn rate: 0.001000
epoch: 60, train_mse: 0.000363, train_pearson_loss: 0.3771, test_mse: 0.000926, test_pearson_loss: 0.3841
learn rate: 0.001000
epoch: 70, train_mse: 0.000344, train_pearson_loss: 0.3717, test_mse: 0.000932, test_pearson_loss: 0.3847
learn rate: 0.001000
epoch: 80, train_mse: 0.000316, train_pearson_loss: 0.3646, test_mse: 0.000956, test_pearson_loss: 0.3835
learn rate: 0.001000
epoch: 90, train_mse: 0.000304, train_pearson_loss: 0.3605, test_mse: 0.000948, test_pearson_loss: 0.3813
learn rate: 0.001000
epoch: 100, train_mse: 0.000293, train_pearson_loss: 0.3555, test_mse: 0.000979, test_pearson_loss: 0.3834
learn rate: 0.001000
epoch: 110, train_mse: 0.000275, train_pearson_loss: 0.3483, test_mse: 0.001021, test_pearson_loss: 0.3851
learn rate: 0.001000
epoch: 120, train_mse: 0.000268, train_pearson_loss: 0.3443, test_mse: 0.000953, test_pearson_loss: 0.3839
learn rate: 0.001000
epoch: 130, train_mse: 0.000257, train_pearson_loss: 0.3392, test_mse: 0.001123, test_pearson_loss: 0.4022
learn rate: 0.001000
epoch: 140, train_mse: 0.000278, train_pearson_loss: 0.3573, test_mse: 0.000921, test_pearson_loss: 0.3869
learn rate: 0.001000
epoch: 150, train_mse: 0.000252, train_pearson_loss: 0.3377, test_mse: 0.000918, test_pearson_loss: 0.3860
learn rate: 0.001000
epoch: 160, train_mse: 0.000247, train_pearson_loss: 0.3329, test_mse: 0.000950, test_pearson_loss: 0.3815
learn rate: 0.001000
epoch: 170, train_mse: 0.000241, train_pearson_loss: 0.3293, test_mse: 0.000981, test_pearson_loss: 0.3844
learn rate: 0.001000
epoch: 180, train_mse: 0.000241, train_pearson_loss: 0.3277, test_mse: 0.001045, test_pearson_loss: 0.3863
learn rate: 0.001000
epoch: 190, train_mse: 0.000234, train_pearson_loss: 0.3234, test_mse: 0.000959, test_pearson_loss: 0.3827
learn rate: 0.001000
epoch: 200, train_mse: 0.000232, train_pearson_loss: 0.3210, test_mse: 0.001031, test_pearson_loss: 0.3847
learn rate: 0.001000
epoch: 210, train_mse: 0.000230, train_pearson_loss: 0.3194, test_mse: 0.000947, test_pearson_loss: 0.3903
learn rate: 0.001000
epoch: 220, train_mse: 0.000229, train_pearson_loss: 0.3169, test_mse: 0.000950, test_pearson_loss: 0.3890
learn rate: 0.001000
epoch: 230, train_mse: 0.000225, train_pearson_loss: 0.3148, test_mse: 0.000950, test_pearson_loss: 0.3827
learn rate: 0.001000
epoch: 240, train_mse: 0.000225, train_pearson_loss: 0.3135, test_mse: 0.000955, test_pearson_loss: 0.3816
learn rate: 0.001000
epoch: 250, train_mse: 0.000225, train_pearson_loss: 0.3128, test_mse: 0.000936, test_pearson_loss: 0.3844
learn rate: 0.001000
epoch: 260, train_mse: 0.000222, train_pearson_loss: 0.3106, test_mse: 0.000976, test_pearson_loss: 0.3871
learn rate: 0.001000
epoch: 270, train_mse: 0.000219, train_pearson_loss: 0.3095, test_mse: 0.000944, test_pearson_loss: 0.3802
learn rate: 0.001000
epoch: 280, train_mse: 0.000219, train_pearson_loss: 0.3090, test_mse: 0.000957, test_pearson_loss: 0.3817
learn rate: 0.001000
epoch: 290, train_mse: 0.000216, train_pearson_loss: 0.3059, test_mse: 0.000935, test_pearson_loss: 0.3815
learn rate: 0.001000
epoch: 300, train_mse: 0.000214, train_pearson_loss: 0.3048, test_mse: 0.000949, test_pearson_loss: 0.3822
learn rate: 0.001000
epoch: 310, train_mse: 0.000215, train_pearson_loss: 0.3039, test_mse: 0.000969, test_pearson_loss: 0.3831
learn rate: 0.001000
epoch: 320, train_mse: 0.000214, train_pearson_loss: 0.3038, test_mse: 0.000998, test_pearson_loss: 0.3850
learn rate: 0.001000
epoch: 330, train_mse: 0.000212, train_pearson_loss: 0.3019, test_mse: 0.000962, test_pearson_loss: 0.3824
learn rate: 0.001000
epoch: 340, train_mse: 0.000212, train_pearson_loss: 0.3010, test_mse: 0.000944, test_pearson_loss: 0.3823
learn rate: 0.001000
epoch: 350, train_mse: 0.000214, train_pearson_loss: 0.3026, test_mse: 0.000934, test_pearson_loss: 0.3839
learn rate: 0.001000
epoch: 360, train_mse: 0.000210, train_pearson_loss: 0.2993, test_mse: 0.000920, test_pearson_loss: 0.3824
learn rate: 0.001000
epoch: 370, train_mse: 0.000212, train_pearson_loss: 0.2999, test_mse: 0.000936, test_pearson_loss: 0.3833
learn rate: 0.001000
epoch: 380, train_mse: 0.000210, train_pearson_loss: 0.2987, test_mse: 0.000941, test_pearson_loss: 0.3866
learn rate: 0.001000
epoch: 390, train_mse: 0.000210, train_pearson_loss: 0.2981, test_mse: 0.000937, test_pearson_loss: 0.3826
learn rate: 0.001000
epoch: 400, train_mse: 0.000209, train_pearson_loss: 0.2972, test_mse: 0.000920, test_pearson_loss: 0.3784
learn rate: 0.001000
epoch: 410, train_mse: 0.000208, train_pearson_loss: 0.2965, test_mse: 0.000921, test_pearson_loss: 0.3809
learn rate: 0.001000
epoch: 420, train_mse: 0.000207, train_pearson_loss: 0.2957, test_mse: 0.000952, test_pearson_loss: 0.3839
learn rate: 0.001000
epoch: 430, train_mse: 0.000206, train_pearson_loss: 0.2947, test_mse: 0.000932, test_pearson_loss: 0.3822
learn rate: 0.001000
epoch: 440, train_mse: 0.000205, train_pearson_loss: 0.2944, test_mse: 0.000962, test_pearson_loss: 0.3841
learn rate: 0.001000
epoch: 450, train_mse: 0.000207, train_pearson_loss: 0.2949, test_mse: 0.000942, test_pearson_loss: 0.3843
learn rate: 0.001000
epoch: 460, train_mse: 0.000214, train_pearson_loss: 0.2988, test_mse: 0.000951, test_pearson_loss: 0.3796
learn rate: 0.001000
epoch: 470, train_mse: 0.000204, train_pearson_loss: 0.2930, test_mse: 0.000888, test_pearson_loss: 0.3798
learn rate: 0.001000
epoch: 480, train_mse: 0.000209, train_pearson_loss: 0.2951, test_mse: 0.000915, test_pearson_loss: 0.3861
learn rate: 0.001000
epoch: 490, train_mse: 0.000204, train_pearson_loss: 0.2920, test_mse: 0.000985, test_pearson_loss: 0.3825
learn rate: 0.001000
Saving checkpoint to /gws/nopw/j04/eocis_chuk/shaerdan/models/model_pB_conv_noattn_bFrNCtAS/checkpoint_epoch_500...
epoch: 500, train_mse: 0.000204, train_pearson_loss: 0.2918, test_mse: 0.000933, test_pearson_loss: 0.3812
learn rate: 0.001000
epoch: 510, train_mse: 0.000203, train_pearson_loss: 0.2912, test_mse: 0.000915, test_pearson_loss: 0.3844
learn rate: 0.001000
epoch: 520, train_mse: 0.000203, train_pearson_loss: 0.2909, test_mse: 0.000954, test_pearson_loss: 0.3795
learn rate: 0.001000
epoch: 530, train_mse: 0.000202, train_pearson_loss: 0.2903, test_mse: 0.000930, test_pearson_loss: 0.3803
learn rate: 0.001000
epoch: 540, train_mse: 0.000201, train_pearson_loss: 0.2897, test_mse: 0.000958, test_pearson_loss: 0.3813
learn rate: 0.001000
epoch: 550, train_mse: 0.000201, train_pearson_loss: 0.2894, test_mse: 0.000913, test_pearson_loss: 0.3805
learn rate: 0.001000
epoch: 560, train_mse: 0.000206, train_pearson_loss: 0.2906, test_mse: 0.000961, test_pearson_loss: 0.3939
learn rate: 0.001000
epoch: 570, train_mse: 0.000201, train_pearson_loss: 0.2891, test_mse: 0.000912, test_pearson_loss: 0.3845
learn rate: 0.001000
epoch: 580, train_mse: 0.000201, train_pearson_loss: 0.2885, test_mse: 0.000932, test_pearson_loss: 0.3794
learn rate: 0.001000
epoch: 590, train_mse: 0.000200, train_pearson_loss: 0.2881, test_mse: 0.000964, test_pearson_loss: 0.3821
learn rate: 0.001000
epoch: 600, train_mse: 0.000201, train_pearson_loss: 0.2883, test_mse: 0.000922, test_pearson_loss: 0.3790
learn rate: 0.001000
epoch: 610, train_mse: 0.000199, train_pearson_loss: 0.2874, test_mse: 0.000954, test_pearson_loss: 0.3818
learn rate: 0.001000
epoch: 620, train_mse: 0.000200, train_pearson_loss: 0.2875, test_mse: 0.000974, test_pearson_loss: 0.3838
learn rate: 0.001000
epoch: 630, train_mse: 0.000202, train_pearson_loss: 0.2876, test_mse: 0.000948, test_pearson_loss: 0.3812
learn rate: 0.001000
epoch: 640, train_mse: 0.000203, train_pearson_loss: 0.2883, test_mse: 0.000921, test_pearson_loss: 0.3780
learn rate: 0.001000
epoch: 650, train_mse: 0.000199, train_pearson_loss: 0.2865, test_mse: 0.000933, test_pearson_loss: 0.3800
learn rate: 0.001000
epoch: 660, train_mse: 0.000200, train_pearson_loss: 0.2866, test_mse: 0.000940, test_pearson_loss: 0.3800
learn rate: 0.001000
epoch: 670, train_mse: 0.000199, train_pearson_loss: 0.2862, test_mse: 0.000921, test_pearson_loss: 0.3825
learn rate: 0.001000
epoch: 680, train_mse: 0.000199, train_pearson_loss: 0.2861, test_mse: 0.000949, test_pearson_loss: 0.3819
learn rate: 0.001000
epoch: 690, train_mse: 0.000198, train_pearson_loss: 0.2855, test_mse: 0.000920, test_pearson_loss: 0.3798
learn rate: 0.001000
epoch: 700, train_mse: 0.000213, train_pearson_loss: 0.2934, test_mse: 0.000934, test_pearson_loss: 0.3834
learn rate: 0.001000
epoch: 710, train_mse: 0.000198, train_pearson_loss: 0.2851, test_mse: 0.000967, test_pearson_loss: 0.3808
learn rate: 0.001000
epoch: 720, train_mse: 0.000199, train_pearson_loss: 0.2852, test_mse: 0.000916, test_pearson_loss: 0.3815
learn rate: 0.001000
epoch: 730, train_mse: 0.000197, train_pearson_loss: 0.2843, test_mse: 0.000958, test_pearson_loss: 0.3799
learn rate: 0.001000
epoch: 740, train_mse: 0.000200, train_pearson_loss: 0.2860, test_mse: 0.000931, test_pearson_loss: 0.3816
learn rate: 0.001000
epoch: 750, train_mse: 0.000198, train_pearson_loss: 0.2840, test_mse: 0.000958, test_pearson_loss: 0.3808
learn rate: 0.001000
epoch: 760, train_mse: 0.000198, train_pearson_loss: 0.2842, test_mse: 0.000984, test_pearson_loss: 0.3829
learn rate: 0.001000
epoch: 770, train_mse: 0.000198, train_pearson_loss: 0.2840, test_mse: 0.000944, test_pearson_loss: 0.3804
learn rate: 0.001000
epoch: 780, train_mse: 0.000196, train_pearson_loss: 0.2832, test_mse: 0.000938, test_pearson_loss: 0.3806
learn rate: 0.001000
epoch: 790, train_mse: 0.000198, train_pearson_loss: 0.2835, test_mse: 0.000960, test_pearson_loss: 0.3801
learn rate: 0.001000
epoch: 800, train_mse: 0.000196, train_pearson_loss: 0.2829, test_mse: 0.000940, test_pearson_loss: 0.3785
learn rate: 0.001000
epoch: 810, train_mse: 0.000197, train_pearson_loss: 0.2833, test_mse: 0.000933, test_pearson_loss: 0.3788
learn rate: 0.001000
epoch: 820, train_mse: 0.000195, train_pearson_loss: 0.2823, test_mse: 0.000950, test_pearson_loss: 0.3811
learn rate: 0.001000
epoch: 830, train_mse: 0.000196, train_pearson_loss: 0.2824, test_mse: 0.000921, test_pearson_loss: 0.3805
learn rate: 0.001000
epoch: 840, train_mse: 0.000195, train_pearson_loss: 0.2821, test_mse: 0.000929, test_pearson_loss: 0.3795
learn rate: 0.001000
epoch: 850, train_mse: 0.000198, train_pearson_loss: 0.2830, test_mse: 0.000959, test_pearson_loss: 0.3836
learn rate: 0.001000
epoch: 860, train_mse: 0.000196, train_pearson_loss: 0.2821, test_mse: 0.000960, test_pearson_loss: 0.3792
learn rate: 0.001000
epoch: 870, train_mse: 0.000195, train_pearson_loss: 0.2815, test_mse: 0.000933, test_pearson_loss: 0.3794
learn rate: 0.001000
epoch: 880, train_mse: 0.000194, train_pearson_loss: 0.2813, test_mse: 0.000936, test_pearson_loss: 0.3795
learn rate: 0.001000
epoch: 890, train_mse: 0.000195, train_pearson_loss: 0.2812, test_mse: 0.000953, test_pearson_loss: 0.3798
learn rate: 0.001000
epoch: 900, train_mse: 0.000195, train_pearson_loss: 0.2808, test_mse: 0.000924, test_pearson_loss: 0.3811
learn rate: 0.001000
epoch: 910, train_mse: 0.000195, train_pearson_loss: 0.2807, test_mse: 0.000951, test_pearson_loss: 0.3820
learn rate: 0.001000
epoch: 920, train_mse: 0.000195, train_pearson_loss: 0.2810, test_mse: 0.000947, test_pearson_loss: 0.3786
learn rate: 0.001000
epoch: 930, train_mse: 0.000196, train_pearson_loss: 0.2812, test_mse: 0.000942, test_pearson_loss: 0.3798
learn rate: 0.001000
epoch: 940, train_mse: 0.000196, train_pearson_loss: 0.2807, test_mse: 0.000959, test_pearson_loss: 0.4014
learn rate: 0.001000
epoch: 950, train_mse: 0.000195, train_pearson_loss: 0.2807, test_mse: 0.000970, test_pearson_loss: 0.3813
learn rate: 0.001000
epoch: 960, train_mse: 0.000195, train_pearson_loss: 0.2803, test_mse: 0.000927, test_pearson_loss: 0.3788
learn rate: 0.001000
epoch: 970, train_mse: 0.000193, train_pearson_loss: 0.2798, test_mse: 0.000943, test_pearson_loss: 0.3790
learn rate: 0.001000
epoch: 980, train_mse: 0.000195, train_pearson_loss: 0.2801, test_mse: 0.000923, test_pearson_loss: 0.3819
learn rate: 0.001000
epoch: 990, train_mse: 0.000194, train_pearson_loss: 0.2800, test_mse: 0.000951, test_pearson_loss: 0.3806
learn rate: 0.001000
Saving checkpoint to /gws/nopw/j04/eocis_chuk/shaerdan/models/model_pB_conv_noattn_bFrNCtAS/checkpoint_epoch_1000...
epoch: 1000, train_mse: 0.000194, train_pearson_loss: 0.2796, test_mse: 0.000950, test_pearson_loss: 0.3802
learn rate: 0.001000
epoch: 1010, train_mse: 0.000193, train_pearson_loss: 0.2791, test_mse: 0.000940, test_pearson_loss: 0.3790
learn rate: 0.001000
epoch: 1020, train_mse: 0.000194, train_pearson_loss: 0.2793, test_mse: 0.000989, test_pearson_loss: 0.3792
learn rate: 0.001000
epoch: 1030, train_mse: 0.000197, train_pearson_loss: 0.2812, test_mse: 0.000931, test_pearson_loss: 0.3805
learn rate: 0.001000
epoch: 1040, train_mse: 0.000194, train_pearson_loss: 0.2791, test_mse: 0.000948, test_pearson_loss: 0.3812
learn rate: 0.001000
epoch: 1050, train_mse: 0.000193, train_pearson_loss: 0.2788, test_mse: 0.000946, test_pearson_loss: 0.3796
learn rate: 0.001000
epoch: 1060, train_mse: 0.000193, train_pearson_loss: 0.2788, test_mse: 0.000931, test_pearson_loss: 0.3800
learn rate: 0.001000
epoch: 1070, train_mse: 0.000192, train_pearson_loss: 0.2785, test_mse: 0.000928, test_pearson_loss: 0.3798
learn rate: 0.001000
epoch: 1080, train_mse: 0.000193, train_pearson_loss: 0.2783, test_mse: 0.000969, test_pearson_loss: 0.3812
learn rate: 0.001000
epoch: 1090, train_mse: 0.000196, train_pearson_loss: 0.2803, test_mse: 0.000940, test_pearson_loss: 0.3781
learn rate: 0.001000
epoch: 1100, train_mse: 0.000193, train_pearson_loss: 0.2779, test_mse: 0.000951, test_pearson_loss: 0.3799
learn rate: 0.001000
epoch: 1110, train_mse: 0.000193, train_pearson_loss: 0.2780, test_mse: 0.000946, test_pearson_loss: 0.3821
learn rate: 0.001000
epoch: 1120, train_mse: 0.000193, train_pearson_loss: 0.2783, test_mse: 0.000933, test_pearson_loss: 0.3790
learn rate: 0.001000
epoch: 1130, train_mse: 0.000192, train_pearson_loss: 0.2776, test_mse: 0.000947, test_pearson_loss: 0.3809
learn rate: 0.001000
epoch: 1140, train_mse: 0.000193, train_pearson_loss: 0.2778, test_mse: 0.000944, test_pearson_loss: 0.3783
learn rate: 0.001000
epoch: 1150, train_mse: 0.000193, train_pearson_loss: 0.2780, test_mse: 0.000946, test_pearson_loss: 0.3798
learn rate: 0.001000
epoch: 1160, train_mse: 0.000192, train_pearson_loss: 0.2774, test_mse: 0.000958, test_pearson_loss: 0.3797
learn rate: 0.001000
epoch: 1170, train_mse: 0.000192, train_pearson_loss: 0.2772, test_mse: 0.000940, test_pearson_loss: 0.3793
learn rate: 0.001000
epoch: 1180, train_mse: 0.000191, train_pearson_loss: 0.2769, test_mse: 0.000947, test_pearson_loss: 0.3778
learn rate: 0.001000
epoch: 1190, train_mse: 0.000191, train_pearson_loss: 0.2769, test_mse: 0.000952, test_pearson_loss: 0.3812
learn rate: 0.001000
epoch: 1200, train_mse: 0.000195, train_pearson_loss: 0.2782, test_mse: 0.000932, test_pearson_loss: 0.3781
learn rate: 0.001000
epoch: 1210, train_mse: 0.000194, train_pearson_loss: 0.2782, test_mse: 0.000945, test_pearson_loss: 0.3820
learn rate: 0.001000
epoch: 1220, train_mse: 0.000192, train_pearson_loss: 0.2766, test_mse: 0.000953, test_pearson_loss: 0.3782
learn rate: 0.001000
epoch: 1230, train_mse: 0.000191, train_pearson_loss: 0.2763, test_mse: 0.000934, test_pearson_loss: 0.3796
learn rate: 0.001000
epoch: 1240, train_mse: 0.000193, train_pearson_loss: 0.2767, test_mse: 0.000933, test_pearson_loss: 0.3791
learn rate: 0.001000
epoch: 1250, train_mse: 0.000190, train_pearson_loss: 0.2763, test_mse: 0.000957, test_pearson_loss: 0.3784
learn rate: 0.001000
epoch: 1260, train_mse: 0.000192, train_pearson_loss: 0.2765, test_mse: 0.000957, test_pearson_loss: 0.3830
learn rate: 0.001000
epoch: 1270, train_mse: 0.000191, train_pearson_loss: 0.2761, test_mse: 0.000945, test_pearson_loss: 0.3775
learn rate: 0.001000
epoch: 1280, train_mse: 0.000193, train_pearson_loss: 0.2768, test_mse: 0.000958, test_pearson_loss: 0.3785
learn rate: 0.001000
epoch: 1290, train_mse: 0.000192, train_pearson_loss: 0.2763, test_mse: 0.000935, test_pearson_loss: 0.3795
learn rate: 0.001000
epoch: 1300, train_mse: 0.000191, train_pearson_loss: 0.2760, test_mse: 0.000932, test_pearson_loss: 0.3786
learn rate: 0.001000
epoch: 1310, train_mse: 0.000190, train_pearson_loss: 0.2757, test_mse: 0.000926, test_pearson_loss: 0.3798
learn rate: 0.001000
epoch: 1320, train_mse: 0.000191, train_pearson_loss: 0.2755, test_mse: 0.000939, test_pearson_loss: 0.3787
learn rate: 0.001000
epoch: 1330, train_mse: 0.000190, train_pearson_loss: 0.2754, test_mse: 0.000945, test_pearson_loss: 0.3801
learn rate: 0.001000
epoch: 1340, train_mse: 0.000191, train_pearson_loss: 0.2755, test_mse: 0.000916, test_pearson_loss: 0.3773
learn rate: 0.001000
epoch: 1350, train_mse: 0.000191, train_pearson_loss: 0.2755, test_mse: 0.000962, test_pearson_loss: 0.3826
learn rate: 0.001000
epoch: 1360, train_mse: 0.000190, train_pearson_loss: 0.2754, test_mse: 0.000960, test_pearson_loss: 0.3803
learn rate: 0.001000
epoch: 1370, train_mse: 0.000192, train_pearson_loss: 0.2755, test_mse: 0.000964, test_pearson_loss: 0.3794
learn rate: 0.001000
epoch: 1380, train_mse: 0.000190, train_pearson_loss: 0.2750, test_mse: 0.000920, test_pearson_loss: 0.3771
learn rate: 0.001000
epoch: 1390, train_mse: 0.000191, train_pearson_loss: 0.2756, test_mse: 0.000923, test_pearson_loss: 0.3801
learn rate: 0.001000
epoch: 1400, train_mse: 0.000191, train_pearson_loss: 0.2750, test_mse: 0.000939, test_pearson_loss: 0.3784
learn rate: 0.001000
epoch: 1410, train_mse: 0.000190, train_pearson_loss: 0.2750, test_mse: 0.000924, test_pearson_loss: 0.3806
learn rate: 0.001000
epoch: 1420, train_mse: 0.000191, train_pearson_loss: 0.2748, test_mse: 0.000943, test_pearson_loss: 0.3797
learn rate: 0.001000
epoch: 1430, train_mse: 0.000190, train_pearson_loss: 0.2752, test_mse: 0.000957, test_pearson_loss: 0.3788
learn rate: 0.001000
epoch: 1440, train_mse: 0.000190, train_pearson_loss: 0.2747, test_mse: 0.000921, test_pearson_loss: 0.3794
learn rate: 0.001000
epoch: 1450, train_mse: 0.000192, train_pearson_loss: 0.2749, test_mse: 0.000960, test_pearson_loss: 0.3791
learn rate: 0.001000
epoch: 1460, train_mse: 0.000192, train_pearson_loss: 0.2759, test_mse: 0.000960, test_pearson_loss: 0.3780
learn rate: 0.001000
epoch: 1470, train_mse: 0.000189, train_pearson_loss: 0.2742, test_mse: 0.000923, test_pearson_loss: 0.3777
learn rate: 0.001000
epoch: 1480, train_mse: 0.000190, train_pearson_loss: 0.2743, test_mse: 0.000920, test_pearson_loss: 0.3781
learn rate: 0.001000
epoch: 1490, train_mse: 0.000191, train_pearson_loss: 0.2746, test_mse: 0.000930, test_pearson_loss: 0.3804
learn rate: 0.001000
Saving checkpoint to /gws/nopw/j04/eocis_chuk/shaerdan/models/model_pB_conv_noattn_bFrNCtAS/checkpoint_epoch_1500...
epoch: 1500, train_mse: 0.000190, train_pearson_loss: 0.2742, test_mse: 0.000929, test_pearson_loss: 0.3803
learn rate: 0.001000
epoch: 1510, train_mse: 0.000190, train_pearson_loss: 0.2742, test_mse: 0.000969, test_pearson_loss: 0.3790
learn rate: 0.001000
epoch: 1520, train_mse: 0.000189, train_pearson_loss: 0.2736, test_mse: 0.000940, test_pearson_loss: 0.3776
learn rate: 0.001000
epoch: 1530, train_mse: 0.000189, train_pearson_loss: 0.2737, test_mse: 0.000939, test_pearson_loss: 0.3776
learn rate: 0.001000
epoch: 1540, train_mse: 0.000189, train_pearson_loss: 0.2735, test_mse: 0.000960, test_pearson_loss: 0.3792
learn rate: 0.001000
epoch: 1550, train_mse: 0.000189, train_pearson_loss: 0.2735, test_mse: 0.000950, test_pearson_loss: 0.3807
learn rate: 0.001000
epoch: 1560, train_mse: 0.000190, train_pearson_loss: 0.2737, test_mse: 0.000929, test_pearson_loss: 0.3788
learn rate: 0.001000
epoch: 1570, train_mse: 0.000189, train_pearson_loss: 0.2735, test_mse: 0.000952, test_pearson_loss: 0.3783
learn rate: 0.001000
epoch: 1580, train_mse: 0.000190, train_pearson_loss: 0.2741, test_mse: 0.000981, test_pearson_loss: 0.3782
learn rate: 0.001000
epoch: 1590, train_mse: 0.000189, train_pearson_loss: 0.2731, test_mse: 0.000934, test_pearson_loss: 0.3789
learn rate: 0.001000
epoch: 1600, train_mse: 0.000190, train_pearson_loss: 0.2737, test_mse: 0.000954, test_pearson_loss: 0.3781
learn rate: 0.001000
epoch: 1610, train_mse: 0.000189, train_pearson_loss: 0.2734, test_mse: 0.000928, test_pearson_loss: 0.3808
learn rate: 0.001000
epoch: 1620, train_mse: 0.000189, train_pearson_loss: 0.2733, test_mse: 0.000931, test_pearson_loss: 0.3776
learn rate: 0.001000
epoch: 1630, train_mse: 0.000189, train_pearson_loss: 0.2729, test_mse: 0.000952, test_pearson_loss: 0.3789
learn rate: 0.001000
epoch: 1640, train_mse: 0.000189, train_pearson_loss: 0.2735, test_mse: 0.000968, test_pearson_loss: 0.3814
learn rate: 0.001000
epoch: 1650, train_mse: 0.000193, train_pearson_loss: 0.2757, test_mse: 0.000947, test_pearson_loss: 0.3786
learn rate: 0.001000
epoch: 1660, train_mse: 0.000189, train_pearson_loss: 0.2729, test_mse: 0.000960, test_pearson_loss: 0.3783
learn rate: 0.001000
epoch: 1670, train_mse: 0.000189, train_pearson_loss: 0.2731, test_mse: 0.000913, test_pearson_loss: 0.3790
learn rate: 0.001000
epoch: 1680, train_mse: 0.000188, train_pearson_loss: 0.2729, test_mse: 0.000948, test_pearson_loss: 0.3790
learn rate: 0.001000
epoch: 1690, train_mse: 0.000190, train_pearson_loss: 0.2736, test_mse: 0.000966, test_pearson_loss: 0.3797
learn rate: 0.001000
epoch: 1700, train_mse: 0.000188, train_pearson_loss: 0.2724, test_mse: 0.000940, test_pearson_loss: 0.3797
learn rate: 0.001000
epoch: 1710, train_mse: 0.000188, train_pearson_loss: 0.2724, test_mse: 0.000923, test_pearson_loss: 0.3789
learn rate: 0.001000
epoch: 1720, train_mse: 0.000189, train_pearson_loss: 0.2726, test_mse: 0.000919, test_pearson_loss: 0.3787
learn rate: 0.001000
epoch: 1730, train_mse: 0.000189, train_pearson_loss: 0.2728, test_mse: 0.000964, test_pearson_loss: 0.3790
learn rate: 0.001000
epoch: 1740, train_mse: 0.000189, train_pearson_loss: 0.2726, test_mse: 0.000939, test_pearson_loss: 0.3773
learn rate: 0.001000
epoch: 1750, train_mse: 0.000189, train_pearson_loss: 0.2734, test_mse: 0.000972, test_pearson_loss: 0.3803
learn rate: 0.001000
epoch: 1760, train_mse: 0.000188, train_pearson_loss: 0.2723, test_mse: 0.000953, test_pearson_loss: 0.3799
learn rate: 0.001000
epoch: 1770, train_mse: 0.000188, train_pearson_loss: 0.2719, test_mse: 0.000945, test_pearson_loss: 0.3780
learn rate: 0.001000
epoch: 1780, train_mse: 0.000188, train_pearson_loss: 0.2721, test_mse: 0.000951, test_pearson_loss: 0.3803
learn rate: 0.001000
epoch: 1790, train_mse: 0.000187, train_pearson_loss: 0.2718, test_mse: 0.000956, test_pearson_loss: 0.3781
learn rate: 0.001000
epoch: 1800, train_mse: 0.000193, train_pearson_loss: 0.2754, test_mse: 0.000947, test_pearson_loss: 0.3801
learn rate: 0.001000
epoch: 1810, train_mse: 0.000188, train_pearson_loss: 0.2726, test_mse: 0.000951, test_pearson_loss: 0.3791
learn rate: 0.001000
epoch: 1820, train_mse: 0.000188, train_pearson_loss: 0.2718, test_mse: 0.000934, test_pearson_loss: 0.3805
learn rate: 0.001000
epoch: 1830, train_mse: 0.000187, train_pearson_loss: 0.2719, test_mse: 0.000931, test_pearson_loss: 0.3780
learn rate: 0.001000
epoch: 1840, train_mse: 0.000187, train_pearson_loss: 0.2720, test_mse: 0.000952, test_pearson_loss: 0.3789
learn rate: 0.001000
epoch: 1850, train_mse: 0.000189, train_pearson_loss: 0.2722, test_mse: 0.000941, test_pearson_loss: 0.3819
learn rate: 0.001000
epoch: 1860, train_mse: 0.000187, train_pearson_loss: 0.2716, test_mse: 0.000934, test_pearson_loss: 0.3783
learn rate: 0.001000
epoch: 1870, train_mse: 0.000188, train_pearson_loss: 0.2714, test_mse: 0.000939, test_pearson_loss: 0.3796
learn rate: 0.001000
epoch: 1880, train_mse: 0.000188, train_pearson_loss: 0.2717, test_mse: 0.000930, test_pearson_loss: 0.3798
learn rate: 0.001000
epoch: 1890, train_mse: 0.000188, train_pearson_loss: 0.2716, test_mse: 0.000937, test_pearson_loss: 0.3807
learn rate: 0.001000
epoch: 1900, train_mse: 0.000188, train_pearson_loss: 0.2718, test_mse: 0.000949, test_pearson_loss: 0.3794
learn rate: 0.001000
epoch: 1910, train_mse: 0.000187, train_pearson_loss: 0.2712, test_mse: 0.000942, test_pearson_loss: 0.3776
learn rate: 0.001000
epoch: 1920, train_mse: 0.000188, train_pearson_loss: 0.2717, test_mse: 0.000951, test_pearson_loss: 0.3771
learn rate: 0.001000
epoch: 1930, train_mse: 0.000188, train_pearson_loss: 0.2712, test_mse: 0.000931, test_pearson_loss: 0.3790
learn rate: 0.001000
epoch: 1940, train_mse: 0.000187, train_pearson_loss: 0.2708, test_mse: 0.000940, test_pearson_loss: 0.3791
learn rate: 0.001000
epoch: 1950, train_mse: 0.000187, train_pearson_loss: 0.2708, test_mse: 0.000925, test_pearson_loss: 0.3807
learn rate: 0.001000
epoch: 1960, train_mse: 0.000187, train_pearson_loss: 0.2711, test_mse: 0.000929, test_pearson_loss: 0.3775
learn rate: 0.001000
epoch: 1970, train_mse: 0.000187, train_pearson_loss: 0.2709, test_mse: 0.000921, test_pearson_loss: 0.3806
learn rate: 0.001000
epoch: 1980, train_mse: 0.000188, train_pearson_loss: 0.2711, test_mse: 0.000927, test_pearson_loss: 0.3806
learn rate: 0.001000
epoch: 1990, train_mse: 0.000188, train_pearson_loss: 0.2710, test_mse: 0.000940, test_pearson_loss: 0.3798
learn rate: 0.001000
Saving checkpoint to /gws/nopw/j04/eocis_chuk/shaerdan/models/model_pB_conv_noattn_bFrNCtAS/checkpoint_epoch_2000...
epoch: 2000, train_mse: 0.000187, train_pearson_loss: 0.2710, test_mse: 0.000928, test_pearson_loss: 0.3798
learn rate: 0.001000
epoch: 2010, train_mse: 0.000188, train_pearson_loss: 0.2711, test_mse: 0.000912, test_pearson_loss: 0.3790
learn rate: 0.001000
epoch: 2020, train_mse: 0.000187, train_pearson_loss: 0.2703, test_mse: 0.000934, test_pearson_loss: 0.3788
learn rate: 0.001000
epoch: 2030, train_mse: 0.000187, train_pearson_loss: 0.2706, test_mse: 0.000927, test_pearson_loss: 0.3778
learn rate: 0.001000
epoch: 2040, train_mse: 0.000187, train_pearson_loss: 0.2706, test_mse: 0.000929, test_pearson_loss: 0.3784
learn rate: 0.001000
epoch: 2050, train_mse: 0.000187, train_pearson_loss: 0.2708, test_mse: 0.000941, test_pearson_loss: 0.3802
learn rate: 0.001000
epoch: 2060, train_mse: 0.000189, train_pearson_loss: 0.2715, test_mse: 0.000959, test_pearson_loss: 0.3800
learn rate: 0.001000
epoch: 2070, train_mse: 0.000187, train_pearson_loss: 0.2702, test_mse: 0.000978, test_pearson_loss: 0.3791
learn rate: 0.001000
epoch: 2080, train_mse: 0.000186, train_pearson_loss: 0.2701, test_mse: 0.000946, test_pearson_loss: 0.3791
learn rate: 0.001000
epoch: 2090, train_mse: 0.000187, train_pearson_loss: 0.2706, test_mse: 0.000988, test_pearson_loss: 0.3796
learn rate: 0.001000
