===========================================
Job ID: 2665312  |  Node: gpuhost003
Start time: Sun 22 Feb 21:11:51 GMT 2026
Architecture: flow_matching (Euler steps: 4)
===========================================
Fresh training, model folder: /gws/nopw/j04/eocis_chuk/shaerdan/models/model_pB_flow_zscore_rm_coldpattern_3332a651
Total target epochs: 3500
Epochs this job: 250
===========================================
Loading preprocessed data...
Loading preprocessed data from /gws/nopw/j04/eocis_chuk/shaerdan/preprocessed_v8/train_v8_zscore_rm_coldpattern.pt...
Loaded 102644 samples
Input shape: torch.Size([102644, 11, 100, 100])
Output shape: torch.Size([102644, 1, 100, 100])
Loading preprocessed data from /gws/nopw/j04/eocis_chuk/shaerdan/preprocessed_v8/test_v8_zscore_rm_coldpattern.pt...
Loaded 8732 samples
Input shape: torch.Size([8732, 11, 100, 100])
Output shape: torch.Size([8732, 1, 100, 100])
Training cases: 102644, Test cases: 8732
Input shape: (11, 100, 100), Output shape: (1, 100, 100)
Flow Matching UNet: 14,886,681 parameters
Inference steps: 4
Running on device: cuda
Scheduler: T_max=3500 (total), already done=0, this job=3500
epoch: 0, train_velocity_mse: 0.113219, test_velocity_mse: 0.029091, test_output_mse: 0.005194, test_pearson_loss: 0.7084, ema_test: 0.005194, ema_ratio: 0.046
learn rate: 0.000300
  ★ New best smoothed test MSE 0.005194 at epoch 0 → saving /gws/nopw/j04/eocis_chuk/shaerdan/models/model_pB_flow_zscore_rm_coldpattern_3332a651/checkpoint_best_test_mse
epoch: 10, train_velocity_mse: 0.017828, test_velocity_mse: 0.014142, test_output_mse: 0.000808, test_pearson_loss: 0.5580, ema_test: 0.003878, ema_ratio: 0.046
learn rate: 0.000300
  ★ New best smoothed test MSE 0.003878 at epoch 10 → saving /gws/nopw/j04/eocis_chuk/shaerdan/models/model_pB_flow_zscore_rm_coldpattern_3332a651/checkpoint_best_test_mse
