===========================================
Job ID: 2437721  |  Node: gpuhost007
Start time: Sat 21 Feb 15:19:50 GMT 2026
Architecture: flow_matching (Euler steps: 4)
===========================================
Fresh training, model folder: /gws/nopw/j04/eocis_chuk/shaerdan/models/model_pB_flow_02786f5c
Total target epochs: 3500
Epochs this job: 250
===========================================
Loading preprocessed data...
Loading preprocessed data from /gws/nopw/j04/eocis_chuk/shaerdan/preprocessed_v8/train_v8_clean.pt...
Loaded 102966 samples
Input shape: torch.Size([102966, 12, 100, 100])
Output shape: torch.Size([102966, 1, 100, 100])
Loading preprocessed data from /gws/nopw/j04/eocis_chuk/shaerdan/preprocessed_v8/test_v8_clean.pt...
Loaded 8866 samples
Input shape: torch.Size([8866, 12, 100, 100])
Output shape: torch.Size([8866, 1, 100, 100])
Training cases: 102966, Test cases: 8866
Input shape: (12, 100, 100), Output shape: (1, 100, 100)
Flow Matching UNet: 14,887,323 parameters
Inference steps: 4
Running on device: cuda
Scheduler: T_max=3500 (total), already done=0, this job=3500
epoch: 0, train_velocity_mse: 0.128650, test_velocity_mse: 0.028939, test_output_mse: 0.002026, test_pearson_loss: 0.7803, ema_test: 0.002026, ema_ratio: 0.016
learn rate: 0.000300
  ★ New best smoothed test MSE 0.002026 at epoch 0 → saving /gws/nopw/j04/eocis_chuk/shaerdan/models/model_pB_flow_02786f5c/checkpoint_best_test_mse
epoch: 10, train_velocity_mse: 0.016330, test_velocity_mse: 0.014750, test_output_mse: 0.000971, test_pearson_loss: 0.5812, ema_test: 0.001709, ema_ratio: 0.029
learn rate: 0.000300
  ★ New best smoothed test MSE 0.001709 at epoch 10 → saving /gws/nopw/j04/eocis_chuk/shaerdan/models/model_pB_flow_02786f5c/checkpoint_best_test_mse
epoch: 20, train_velocity_mse: 0.014736, test_velocity_mse: 0.013195, test_output_mse: 0.000988, test_pearson_loss: 0.4853, ema_test: 0.001493, ema_ratio: 0.040
learn rate: 0.000300
  ★ New best smoothed test MSE 0.001493 at epoch 20 → saving /gws/nopw/j04/eocis_chuk/shaerdan/models/model_pB_flow_02786f5c/checkpoint_best_test_mse
epoch: 30, train_velocity_mse: 0.013768, test_velocity_mse: 0.012243, test_output_mse: 0.000876, test_pearson_loss: 0.4600, ema_test: 0.001308, ema_ratio: 0.047
learn rate: 0.000300
  ★ New best smoothed test MSE 0.001308 at epoch 30 → saving /gws/nopw/j04/eocis_chuk/shaerdan/models/model_pB_flow_02786f5c/checkpoint_best_test_mse
epoch: 40, train_velocity_mse: 0.013077, test_velocity_mse: 0.011658, test_output_mse: 0.000844, test_pearson_loss: 0.4749, ema_test: 0.001169, ema_ratio: 0.052
learn rate: 0.000300
  ★ New best smoothed test MSE 0.001169 at epoch 40 → saving /gws/nopw/j04/eocis_chuk/shaerdan/models/model_pB_flow_02786f5c/checkpoint_best_test_mse
Saving checkpoint to /gws/nopw/j04/eocis_chuk/shaerdan/models/model_pB_flow_02786f5c/checkpoint_epoch_50...
epoch: 50, train_velocity_mse: 0.012764, test_velocity_mse: 0.011075, test_output_mse: 0.000854, test_pearson_loss: 0.4838, ema_test: 0.001074, ema_ratio: 0.057
learn rate: 0.000300
  ★ New best smoothed test MSE 0.001074 at epoch 50 → saving /gws/nopw/j04/eocis_chuk/shaerdan/models/model_pB_flow_02786f5c/checkpoint_best_test_mse
epoch: 60, train_velocity_mse: 0.012340, test_velocity_mse: 0.013273, test_output_mse: 0.001145, test_pearson_loss: 0.5445, ema_test: 0.001096, ema_ratio: 0.068
learn rate: 0.000300
epoch: 70, train_velocity_mse: 0.012346, test_velocity_mse: 0.011481, test_output_mse: 0.001190, test_pearson_loss: 0.4196, ema_test: 0.001124, ema_ratio: 0.076
learn rate: 0.000300
epoch: 80, train_velocity_mse: 0.012144, test_velocity_mse: 0.011377, test_output_mse: 0.000995, test_pearson_loss: 0.4349, ema_test: 0.001085, ema_ratio: 0.078
learn rate: 0.000300
epoch: 90, train_velocity_mse: 0.012099, test_velocity_mse: 0.011559, test_output_mse: 0.000856, test_pearson_loss: 0.4219, ema_test: 0.001016, ema_ratio: 0.076
learn rate: 0.000300
  ★ New best smoothed test MSE 0.001016 at epoch 90 → saving /gws/nopw/j04/eocis_chuk/shaerdan/models/model_pB_flow_02786f5c/checkpoint_best_test_mse
Saving checkpoint to /gws/nopw/j04/eocis_chuk/shaerdan/models/model_pB_flow_02786f5c/checkpoint_epoch_100...
epoch: 100, train_velocity_mse: 0.011442, test_velocity_mse: 0.010869, test_output_mse: 0.000770, test_pearson_loss: 0.4059, ema_test: 0.000943, ema_ratio: 0.073
learn rate: 0.000299
  ★ New best smoothed test MSE 0.000943 at epoch 100 → saving /gws/nopw/j04/eocis_chuk/shaerdan/models/model_pB_flow_02786f5c/checkpoint_best_test_mse
epoch: 110, train_velocity_mse: 0.011439, test_velocity_mse: 0.011735, test_output_mse: 0.001013, test_pearson_loss: 0.3867, ema_test: 0.000964, ema_ratio: 0.078
learn rate: 0.000299
epoch: 120, train_velocity_mse: 0.011438, test_velocity_mse: 0.011537, test_output_mse: 0.001328, test_pearson_loss: 0.3962, ema_test: 0.001073, ema_ratio: 0.089
learn rate: 0.000299
epoch: 130, train_velocity_mse: 0.011215, test_velocity_mse: 0.010487, test_output_mse: 0.000746, test_pearson_loss: 0.4360, ema_test: 0.000975, ema_ratio: 0.082
learn rate: 0.000299
epoch: 140, train_velocity_mse: 0.010965, test_velocity_mse: 0.010669, test_output_mse: 0.000723, test_pearson_loss: 0.3968, ema_test: 0.000899, ema_ratio: 0.078
learn rate: 0.000299
  ★ New best smoothed test MSE 0.000899 at epoch 140 → saving /gws/nopw/j04/eocis_chuk/shaerdan/models/model_pB_flow_02786f5c/checkpoint_best_test_mse
Saving checkpoint to /gws/nopw/j04/eocis_chuk/shaerdan/models/model_pB_flow_02786f5c/checkpoint_epoch_150...
epoch: 150, train_velocity_mse: 0.011674, test_velocity_mse: 0.012275, test_output_mse: 0.000777, test_pearson_loss: 0.3846, ema_test: 0.000863, ema_ratio: 0.074
learn rate: 0.000299
  ★ New best smoothed test MSE 0.000863 at epoch 150 → saving /gws/nopw/j04/eocis_chuk/shaerdan/models/model_pB_flow_02786f5c/checkpoint_best_test_mse
epoch: 160, train_velocity_mse: 0.011087, test_velocity_mse: 0.011253, test_output_mse: 0.000694, test_pearson_loss: 0.3742, ema_test: 0.000812, ema_ratio: 0.071
learn rate: 0.000298
  ★ New best smoothed test MSE 0.000812 at epoch 160 → saving /gws/nopw/j04/eocis_chuk/shaerdan/models/model_pB_flow_02786f5c/checkpoint_best_test_mse
epoch: 170, train_velocity_mse: 0.011173, test_velocity_mse: 0.010353, test_output_mse: 0.000640, test_pearson_loss: 0.3793, ema_test: 0.000760, ema_ratio: 0.067
learn rate: 0.000298
  ★ New best smoothed test MSE 0.000760 at epoch 170 → saving /gws/nopw/j04/eocis_chuk/shaerdan/models/model_pB_flow_02786f5c/checkpoint_best_test_mse
epoch: 180, train_velocity_mse: 0.010988, test_velocity_mse: 0.009807, test_output_mse: 0.000616, test_pearson_loss: 0.3940, ema_test: 0.000717, ema_ratio: 0.064
learn rate: 0.000298
  ★ New best smoothed test MSE 0.000717 at epoch 180 → saving /gws/nopw/j04/eocis_chuk/shaerdan/models/model_pB_flow_02786f5c/checkpoint_best_test_mse
epoch: 190, train_velocity_mse: 0.010897, test_velocity_mse: 0.010420, test_output_mse: 0.002107, test_pearson_loss: 0.4444, ema_test: 0.001134, ema_ratio: 0.102
learn rate: 0.000298
Saving checkpoint to /gws/nopw/j04/eocis_chuk/shaerdan/models/model_pB_flow_02786f5c/checkpoint_epoch_200...
epoch: 200, train_velocity_mse: 0.011067, test_velocity_mse: 0.011485, test_output_mse: 0.000650, test_pearson_loss: 0.3729, ema_test: 0.000989, ema_ratio: 0.089
learn rate: 0.000298
epoch: 210, train_velocity_mse: 0.011184, test_velocity_mse: 0.011443, test_output_mse: 0.000721, test_pearson_loss: 0.3616, ema_test: 0.000908, ema_ratio: 0.082
learn rate: 0.000297
epoch: 220, train_velocity_mse: 0.010895, test_velocity_mse: 0.009900, test_output_mse: 0.000596, test_pearson_loss: 0.3729, ema_test: 0.000815, ema_ratio: 0.074
learn rate: 0.000297
epoch: 230, train_velocity_mse: 0.010762, test_velocity_mse: 0.009667, test_output_mse: 0.000611, test_pearson_loss: 0.3740, ema_test: 0.000753, ema_ratio: 0.069
learn rate: 0.000297
epoch: 240, train_velocity_mse: 0.010808, test_velocity_mse: 0.010440, test_output_mse: 0.000579, test_pearson_loss: 0.3645, ema_test: 0.000701, ema_ratio: 0.064
learn rate: 0.000297
  ★ New best smoothed test MSE 0.000701 at epoch 240 → saving /gws/nopw/j04/eocis_chuk/shaerdan/models/model_pB_flow_02786f5c/checkpoint_best_test_mse
Saving checkpoint to /gws/nopw/j04/eocis_chuk/shaerdan/models/model_pB_flow_02786f5c/checkpoint_epoch_250...
epoch: 250, train_velocity_mse: 0.010471, test_velocity_mse: 0.009927, test_output_mse: 0.000616, test_pearson_loss: 0.3620, ema_test: 0.000676, ema_ratio: 0.063
learn rate: 0.000296
  ★ New best smoothed test MSE 0.000676 at epoch 250 → saving /gws/nopw/j04/eocis_chuk/shaerdan/models/model_pB_flow_02786f5c/checkpoint_best_test_mse
epoch: 260, train_velocity_mse: 0.010566, test_velocity_mse: 0.010432, test_output_mse: 0.000587, test_pearson_loss: 0.3524, ema_test: 0.000649, ema_ratio: 0.060
learn rate: 0.000296
  ★ New best smoothed test MSE 0.000649 at epoch 260 → saving /gws/nopw/j04/eocis_chuk/shaerdan/models/model_pB_flow_02786f5c/checkpoint_best_test_mse
epoch: 270, train_velocity_mse: 0.010710, test_velocity_mse: 0.011760, test_output_mse: 0.000782, test_pearson_loss: 0.3962, ema_test: 0.000689, ema_ratio: 0.064
learn rate: 0.000296
epoch: 280, train_velocity_mse: 0.010809, test_velocity_mse: 0.010591, test_output_mse: 0.000571, test_pearson_loss: 0.3544, ema_test: 0.000654, ema_ratio: 0.061
learn rate: 0.000295
epoch: 290, train_velocity_mse: 0.010636, test_velocity_mse: 0.010137, test_output_mse: 0.000619, test_pearson_loss: 0.3916, ema_test: 0.000643, ema_ratio: 0.060
learn rate: 0.000295
  ★ New best smoothed test MSE 0.000643 at epoch 290 → saving /gws/nopw/j04/eocis_chuk/shaerdan/models/model_pB_flow_02786f5c/checkpoint_best_test_mse
Saving checkpoint to /gws/nopw/j04/eocis_chuk/shaerdan/models/model_pB_flow_02786f5c/checkpoint_epoch_300...
epoch: 300, train_velocity_mse: 0.010658, test_velocity_mse: 0.009735, test_output_mse: 0.000592, test_pearson_loss: 0.3517, ema_test: 0.000628, ema_ratio: 0.059
learn rate: 0.000295
  ★ New best smoothed test MSE 0.000628 at epoch 300 → saving /gws/nopw/j04/eocis_chuk/shaerdan/models/model_pB_flow_02786f5c/checkpoint_best_test_mse
epoch: 310, train_velocity_mse: 0.010463, test_velocity_mse: 0.011079, test_output_mse: 0.000616, test_pearson_loss: 0.3576, ema_test: 0.000624, ema_ratio: 0.059
learn rate: 0.000294
  ★ New best smoothed test MSE 0.000624 at epoch 310 → saving /gws/nopw/j04/eocis_chuk/shaerdan/models/model_pB_flow_02786f5c/checkpoint_best_test_mse
epoch: 320, train_velocity_mse: 0.010482, test_velocity_mse: 0.010233, test_output_mse: 0.000613, test_pearson_loss: 0.3849, ema_test: 0.000621, ema_ratio: 0.059
learn rate: 0.000294
  ★ New best smoothed test MSE 0.000621 at epoch 320 → saving /gws/nopw/j04/eocis_chuk/shaerdan/models/model_pB_flow_02786f5c/checkpoint_best_test_mse
epoch: 330, train_velocity_mse: 0.010523, test_velocity_mse: 0.010972, test_output_mse: 0.000571, test_pearson_loss: 0.3547, ema_test: 0.000606, ema_ratio: 0.057
learn rate: 0.000294
  ★ New best smoothed test MSE 0.000606 at epoch 330 → saving /gws/nopw/j04/eocis_chuk/shaerdan/models/model_pB_flow_02786f5c/checkpoint_best_test_mse
epoch: 340, train_velocity_mse: 0.010179, test_velocity_mse: 0.009947, test_output_mse: 0.000540, test_pearson_loss: 0.3511, ema_test: 0.000586, ema_ratio: 0.056
learn rate: 0.000293
  ★ New best smoothed test MSE 0.000586 at epoch 340 → saving /gws/nopw/j04/eocis_chuk/shaerdan/models/model_pB_flow_02786f5c/checkpoint_best_test_mse
Saving checkpoint to /gws/nopw/j04/eocis_chuk/shaerdan/models/model_pB_flow_02786f5c/checkpoint_epoch_350...
epoch: 350, train_velocity_mse: 0.010412, test_velocity_mse: 0.010811, test_output_mse: 0.000558, test_pearson_loss: 0.3675, ema_test: 0.000578, ema_ratio: 0.055
learn rate: 0.000293
  ★ New best smoothed test MSE 0.000578 at epoch 350 → saving /gws/nopw/j04/eocis_chuk/shaerdan/models/model_pB_flow_02786f5c/checkpoint_best_test_mse
epoch: 360, train_velocity_mse: 0.010025, test_velocity_mse: 0.010318, test_output_mse: 0.000582, test_pearson_loss: 0.3631, ema_test: 0.000579, ema_ratio: 0.056
learn rate: 0.000292
epoch: 370, train_velocity_mse: 0.010089, test_velocity_mse: 0.009666, test_output_mse: 0.000562, test_pearson_loss: 0.3503, ema_test: 0.000574, ema_ratio: 0.056
learn rate: 0.000292
  ★ New best smoothed test MSE 0.000574 at epoch 370 → saving /gws/nopw/j04/eocis_chuk/shaerdan/models/model_pB_flow_02786f5c/checkpoint_best_test_mse
epoch: 380, train_velocity_mse: 0.010461, test_velocity_mse: 0.012228, test_output_mse: 0.000622, test_pearson_loss: 0.4402, ema_test: 0.000588, ema_ratio: 0.057
learn rate: 0.000292
epoch: 390, train_velocity_mse: 0.010214, test_velocity_mse: 0.010470, test_output_mse: 0.000527, test_pearson_loss: 0.3436, ema_test: 0.000570, ema_ratio: 0.055
learn rate: 0.000291
  ★ New best smoothed test MSE 0.000570 at epoch 390 → saving /gws/nopw/j04/eocis_chuk/shaerdan/models/model_pB_flow_02786f5c/checkpoint_best_test_mse
Saving checkpoint to /gws/nopw/j04/eocis_chuk/shaerdan/models/model_pB_flow_02786f5c/checkpoint_epoch_400...
epoch: 400, train_velocity_mse: 0.010199, test_velocity_mse: 0.011038, test_output_mse: 0.000553, test_pearson_loss: 0.3441, ema_test: 0.000565, ema_ratio: 0.055
learn rate: 0.000291
  ★ New best smoothed test MSE 0.000565 at epoch 400 → saving /gws/nopw/j04/eocis_chuk/shaerdan/models/model_pB_flow_02786f5c/checkpoint_best_test_mse
epoch: 410, train_velocity_mse: 0.010141, test_velocity_mse: 0.010079, test_output_mse: 0.000586, test_pearson_loss: 0.3731, ema_test: 0.000571, ema_ratio: 0.056
learn rate: 0.000290
epoch: 420, train_velocity_mse: 0.010550, test_velocity_mse: 0.010288, test_output_mse: 0.000577, test_pearson_loss: 0.3910, ema_test: 0.000573, ema_ratio: 0.055
learn rate: 0.000290
epoch: 430, train_velocity_mse: 0.010002, test_velocity_mse: 0.010195, test_output_mse: 0.000694, test_pearson_loss: 0.3490, ema_test: 0.000609, ema_ratio: 0.060
learn rate: 0.000289
epoch: 440, train_velocity_mse: 0.010462, test_velocity_mse: 0.011088, test_output_mse: 0.000618, test_pearson_loss: 0.3604, ema_test: 0.000612, ema_ratio: 0.059
learn rate: 0.000289
