==========================================
Job ID: 1514525
Node: gpuhost003
Start time: Thu 19 Feb 01:50:46 GMT 2026
Working dir: /home/users/shaerdan/cae_tools_pB
==========================================
Thu Feb 19 01:50:46 2026       
+-----------------------------------------------------------------------------------------+
| NVIDIA-SMI 590.48.01              Driver Version: 590.48.01      CUDA Version: 13.1     |
+-----------------------------------------+------------------------+----------------------+
| GPU  Name                 Persistence-M | Bus-Id          Disp.A | Volatile Uncorr. ECC |
| Fan  Temp   Perf          Pwr:Usage/Cap |           Memory-Usage | GPU-Util  Compute M. |
|                                         |                        |               MIG M. |
|=========================================+========================+======================|
|   0  NVIDIA A100-SXM4-40GB          On  |   00000000:01:00.0 Off |                    0 |
| N/A   32C    P0             53W /  400W |       0MiB /  40960MiB |      0%      Default |
|                                         |                        |             Disabled |
+-----------------------------------------+------------------------+----------------------+

+-----------------------------------------------------------------------------------------+
| Processes:                                                                              |
|  GPU   GI   CI              PID   Type   Process name                        GPU Memory |
|        ID   ID                                                               Usage      |
|=========================================================================================|
|  No running processes found                                                             |
+-----------------------------------------------------------------------------------------+
===========================================
Experiment: FLOW MATCHING UNET
Model: /gws/nopw/j04/eocis_chuk/shaerdan/models/model_pB_flow_kaThLzzv
Epochs: 3500
Architecture: flow_matching
Base channels: 64
Flow steps: 4
Augmentation: ON
===========================================
Loading preprocessed data...
Loading preprocessed data from /gws/nopw/j04/eocis_chuk/shaerdan/preprocessed_v8/train_v8.pt...
Loaded 103577 samples
Input shape: torch.Size([103577, 12, 100, 100])
Output shape: torch.Size([103577, 1, 100, 100])
Loading preprocessed data from /gws/nopw/j04/eocis_chuk/shaerdan/preprocessed_v8/test_v8.pt...
Loaded 9001 samples
Input shape: torch.Size([9001, 12, 100, 100])
Output shape: torch.Size([9001, 1, 100, 100])
Training cases: 103577, Test cases: 9001
Input shape: (12, 100, 100), Output shape: (1, 100, 100)
Flow Matching UNet: 14,887,323 parameters
Inference steps: 4
Running on device: cuda
epoch: 0, train_velocity_mse: 0.153492, test_output_mse: 0.003367, test_pearson_loss: 0.7472
learn rate: 0.001000
epoch: 10, train_velocity_mse: 0.017300, test_output_mse: 0.002229, test_pearson_loss: 0.5027
learn rate: 0.001000
epoch: 20, train_velocity_mse: 0.014730, test_output_mse: 0.001415, test_pearson_loss: 0.4911
learn rate: 0.001000
epoch: 30, train_velocity_mse: 612241.217072, test_output_mse: 162083.432292, test_pearson_loss: 0.9930
learn rate: 0.001000
epoch: 40, train_velocity_mse: 1.470800, test_output_mse: 0.583730, test_pearson_loss: 0.9939
learn rate: 0.001000
epoch: 50, train_velocity_mse: 0.772397, test_output_mse: 0.215791, test_pearson_loss: 0.9917
learn rate: 0.001000
epoch: 60, train_velocity_mse: 0.477589, test_output_mse: 0.125928, test_pearson_loss: 0.9911
learn rate: 0.001000
epoch: 70, train_velocity_mse: 0.827867, test_output_mse: 0.260535, test_pearson_loss: 0.9832
learn rate: 0.001000
epoch: 80, train_velocity_mse: 0.162471, test_output_mse: 0.045955, test_pearson_loss: 0.9602
learn rate: 0.001000
epoch: 90, train_velocity_mse: 0.078992, test_output_mse: 0.006116, test_pearson_loss: 0.9421
learn rate: 0.001000
epoch: 100, train_velocity_mse: 467595.143190, test_output_mse: 20811242723.555557, test_pearson_loss: 1.0062
learn rate: 0.001000
epoch: 110, train_velocity_mse: 1.362343, test_output_mse: 0.456643, test_pearson_loss: 0.9396
learn rate: 0.001000
epoch: 120, train_velocity_mse: 0.613028, test_output_mse: 0.073845, test_pearson_loss: 0.9815
learn rate: 0.001000
epoch: 130, train_velocity_mse: 0.355703, test_output_mse: 0.039378, test_pearson_loss: 0.9710
learn rate: 0.001000
epoch: 140, train_velocity_mse: 10.441348, test_output_mse: 0.011673, test_pearson_loss: 0.9960
learn rate: 0.001000
epoch: 150, train_velocity_mse: 0.112353, test_output_mse: 0.004674, test_pearson_loss: 0.9467
learn rate: 0.001000
epoch: 160, train_velocity_mse: 5.000516, test_output_mse: 1.197722, test_pearson_loss: 0.9816
learn rate: 0.001000
epoch: 170, train_velocity_mse: 1.856377, test_output_mse: 0.199741, test_pearson_loss: 0.9532
learn rate: 0.001000
epoch: 180, train_velocity_mse: 1.104118, test_output_mse: 0.125978, test_pearson_loss: 0.9373
learn rate: 0.001000
