===========================================
Job ID: 2437720  |  Node: gpuhost007
Start time: Sat 21 Feb 15:19:50 GMT 2026
Architecture: flow_matching (Euler steps: 4)
===========================================
Fresh training, model folder: /gws/nopw/j04/eocis_chuk/shaerdan/models/model_pB_flow_da2864c8
Total target epochs: 3500
Epochs this job: 250
===========================================
Loading preprocessed data...
Loading preprocessed data from /gws/nopw/j04/eocis_chuk/shaerdan/preprocessed_v8/train_v8_clean.pt...
Loaded 102966 samples
Input shape: torch.Size([102966, 12, 100, 100])
Output shape: torch.Size([102966, 1, 100, 100])
Loading preprocessed data from /gws/nopw/j04/eocis_chuk/shaerdan/preprocessed_v8/test_v8_clean.pt...
Loaded 8866 samples
Input shape: torch.Size([8866, 12, 100, 100])
Output shape: torch.Size([8866, 1, 100, 100])
Training cases: 102966, Test cases: 8866
Input shape: (12, 100, 100), Output shape: (1, 100, 100)
Flow Matching UNet: 14,887,323 parameters
Inference steps: 4
Running on device: cuda
Scheduler: T_max=3500 (total), already done=0, this job=3500
epoch: 0, train_velocity_mse: 0.117110, test_velocity_mse: 0.033140, test_output_mse: 0.005458, test_pearson_loss: 0.7169, ema_test: 0.005458, ema_ratio: 0.047
learn rate: 0.000300
  ★ New best smoothed test MSE 0.005458 at epoch 0 → saving /gws/nopw/j04/eocis_chuk/shaerdan/models/model_pB_flow_da2864c8/checkpoint_best_test_mse
epoch: 10, train_velocity_mse: 0.016603, test_velocity_mse: 0.015050, test_output_mse: 0.001197, test_pearson_loss: 0.5574, ema_test: 0.004180, ema_ratio: 0.054
learn rate: 0.000300
  ★ New best smoothed test MSE 0.004180 at epoch 10 → saving /gws/nopw/j04/eocis_chuk/shaerdan/models/model_pB_flow_da2864c8/checkpoint_best_test_mse
epoch: 20, train_velocity_mse: 0.014581, test_velocity_mse: 0.013164, test_output_mse: 0.000974, test_pearson_loss: 0.5433, ema_test: 0.003218, ema_ratio: 0.058
learn rate: 0.000300
  ★ New best smoothed test MSE 0.003218 at epoch 20 → saving /gws/nopw/j04/eocis_chuk/shaerdan/models/model_pB_flow_da2864c8/checkpoint_best_test_mse
epoch: 30, train_velocity_mse: 0.013743, test_velocity_mse: 0.011256, test_output_mse: 0.000865, test_pearson_loss: 0.4761, ema_test: 0.002512, ema_ratio: 0.059
learn rate: 0.000300
  ★ New best smoothed test MSE 0.002512 at epoch 30 → saving /gws/nopw/j04/eocis_chuk/shaerdan/models/model_pB_flow_da2864c8/checkpoint_best_test_mse
epoch: 40, train_velocity_mse: 0.013113, test_velocity_mse: 0.011499, test_output_mse: 0.001114, test_pearson_loss: 0.5099, ema_test: 0.002093, ema_ratio: 0.067
learn rate: 0.000300
  ★ New best smoothed test MSE 0.002093 at epoch 40 → saving /gws/nopw/j04/eocis_chuk/shaerdan/models/model_pB_flow_da2864c8/checkpoint_best_test_mse
Saving checkpoint to /gws/nopw/j04/eocis_chuk/shaerdan/models/model_pB_flow_da2864c8/checkpoint_epoch_50...
epoch: 50, train_velocity_mse: 0.012774, test_velocity_mse: 0.011828, test_output_mse: 0.000968, test_pearson_loss: 0.4666, ema_test: 0.001755, ema_ratio: 0.070
learn rate: 0.000300
  ★ New best smoothed test MSE 0.001755 at epoch 50 → saving /gws/nopw/j04/eocis_chuk/shaerdan/models/model_pB_flow_da2864c8/checkpoint_best_test_mse
epoch: 60, train_velocity_mse: 0.012769, test_velocity_mse: 0.011761, test_output_mse: 0.001357, test_pearson_loss: 0.4502, ema_test: 0.001636, ema_ratio: 0.081
learn rate: 0.000300
  ★ New best smoothed test MSE 0.001636 at epoch 60 → saving /gws/nopw/j04/eocis_chuk/shaerdan/models/model_pB_flow_da2864c8/checkpoint_best_test_mse
epoch: 70, train_velocity_mse: 0.012498, test_velocity_mse: 0.010742, test_output_mse: 0.000864, test_pearson_loss: 0.4344, ema_test: 0.001404, ema_ratio: 0.077
learn rate: 0.000300
  ★ New best smoothed test MSE 0.001404 at epoch 70 → saving /gws/nopw/j04/eocis_chuk/shaerdan/models/model_pB_flow_da2864c8/checkpoint_best_test_mse
epoch: 80, train_velocity_mse: 0.012382, test_velocity_mse: 0.012273, test_output_mse: 0.001171, test_pearson_loss: 0.5509, ema_test: 0.001334, ema_ratio: 0.082
learn rate: 0.000300
  ★ New best smoothed test MSE 0.001334 at epoch 80 → saving /gws/nopw/j04/eocis_chuk/shaerdan/models/model_pB_flow_da2864c8/checkpoint_best_test_mse
epoch: 90, train_velocity_mse: 0.012221, test_velocity_mse: 0.012094, test_output_mse: 0.000811, test_pearson_loss: 0.4140, ema_test: 0.001177, ema_ratio: 0.078
learn rate: 0.000300
  ★ New best smoothed test MSE 0.001177 at epoch 90 → saving /gws/nopw/j04/eocis_chuk/shaerdan/models/model_pB_flow_da2864c8/checkpoint_best_test_mse
Saving checkpoint to /gws/nopw/j04/eocis_chuk/shaerdan/models/model_pB_flow_da2864c8/checkpoint_epoch_100...
epoch: 100, train_velocity_mse: 0.012143, test_velocity_mse: 0.012664, test_output_mse: 0.001054, test_pearson_loss: 0.4527, ema_test: 0.001140, ema_ratio: 0.080
learn rate: 0.000299
  ★ New best smoothed test MSE 0.001140 at epoch 100 → saving /gws/nopw/j04/eocis_chuk/shaerdan/models/model_pB_flow_da2864c8/checkpoint_best_test_mse
epoch: 110, train_velocity_mse: 0.011630, test_velocity_mse: 0.011926, test_output_mse: 0.001252, test_pearson_loss: 0.4179, ema_test: 0.001174, ema_ratio: 0.089
learn rate: 0.000299
epoch: 120, train_velocity_mse: 0.011874, test_velocity_mse: 0.011390, test_output_mse: 0.000759, test_pearson_loss: 0.4667, ema_test: 0.001049, ema_ratio: 0.081
learn rate: 0.000299
  ★ New best smoothed test MSE 0.001049 at epoch 120 → saving /gws/nopw/j04/eocis_chuk/shaerdan/models/model_pB_flow_da2864c8/checkpoint_best_test_mse
epoch: 130, train_velocity_mse: 0.011763, test_velocity_mse: 0.011394, test_output_mse: 0.000688, test_pearson_loss: 0.4120, ema_test: 0.000941, ema_ratio: 0.074
learn rate: 0.000299
  ★ New best smoothed test MSE 0.000941 at epoch 130 → saving /gws/nopw/j04/eocis_chuk/shaerdan/models/model_pB_flow_da2864c8/checkpoint_best_test_mse
epoch: 140, train_velocity_mse: 0.011601, test_velocity_mse: 0.011482, test_output_mse: 0.000669, test_pearson_loss: 0.4064, ema_test: 0.000859, ema_ratio: 0.069
learn rate: 0.000299
  ★ New best smoothed test MSE 0.000859 at epoch 140 → saving /gws/nopw/j04/eocis_chuk/shaerdan/models/model_pB_flow_da2864c8/checkpoint_best_test_mse
Saving checkpoint to /gws/nopw/j04/eocis_chuk/shaerdan/models/model_pB_flow_da2864c8/checkpoint_epoch_150...
epoch: 150, train_velocity_mse: 0.012016, test_velocity_mse: 0.012711, test_output_mse: 0.000732, test_pearson_loss: 0.4900, ema_test: 0.000821, ema_ratio: 0.067
learn rate: 0.000299
  ★ New best smoothed test MSE 0.000821 at epoch 150 → saving /gws/nopw/j04/eocis_chuk/shaerdan/models/model_pB_flow_da2864c8/checkpoint_best_test_mse
epoch: 160, train_velocity_mse: 0.011354, test_velocity_mse: 0.011768, test_output_mse: 0.000637, test_pearson_loss: 0.3922, ema_test: 0.000766, ema_ratio: 0.064
learn rate: 0.000298
  ★ New best smoothed test MSE 0.000766 at epoch 160 → saving /gws/nopw/j04/eocis_chuk/shaerdan/models/model_pB_flow_da2864c8/checkpoint_best_test_mse
epoch: 170, train_velocity_mse: 0.011296, test_velocity_mse: 0.010427, test_output_mse: 0.000616, test_pearson_loss: 0.3902, ema_test: 0.000721, ema_ratio: 0.061
learn rate: 0.000298
  ★ New best smoothed test MSE 0.000721 at epoch 170 → saving /gws/nopw/j04/eocis_chuk/shaerdan/models/model_pB_flow_da2864c8/checkpoint_best_test_mse
epoch: 180, train_velocity_mse: 0.010960, test_velocity_mse: 0.010524, test_output_mse: 0.000697, test_pearson_loss: 0.3849, ema_test: 0.000714, ema_ratio: 0.062
learn rate: 0.000298
  ★ New best smoothed test MSE 0.000714 at epoch 180 → saving /gws/nopw/j04/eocis_chuk/shaerdan/models/model_pB_flow_da2864c8/checkpoint_best_test_mse
epoch: 190, train_velocity_mse: 0.011000, test_velocity_mse: 0.010432, test_output_mse: 0.000757, test_pearson_loss: 0.3939, ema_test: 0.000727, ema_ratio: 0.064
learn rate: 0.000298
Saving checkpoint to /gws/nopw/j04/eocis_chuk/shaerdan/models/model_pB_flow_da2864c8/checkpoint_epoch_200...
epoch: 200, train_velocity_mse: 0.011195, test_velocity_mse: 0.009969, test_output_mse: 0.000643, test_pearson_loss: 0.3992, ema_test: 0.000702, ema_ratio: 0.062
learn rate: 0.000298
  ★ New best smoothed test MSE 0.000702 at epoch 200 → saving /gws/nopw/j04/eocis_chuk/shaerdan/models/model_pB_flow_da2864c8/checkpoint_best_test_mse
epoch: 210, train_velocity_mse: 0.010748, test_velocity_mse: 0.010021, test_output_mse: 0.000610, test_pearson_loss: 0.3844, ema_test: 0.000674, ema_ratio: 0.060
learn rate: 0.000297
  ★ New best smoothed test MSE 0.000674 at epoch 210 → saving /gws/nopw/j04/eocis_chuk/shaerdan/models/model_pB_flow_da2864c8/checkpoint_best_test_mse
epoch: 220, train_velocity_mse: 0.011299, test_velocity_mse: 0.009695, test_output_mse: 0.000635, test_pearson_loss: 0.3997, ema_test: 0.000663, ema_ratio: 0.059
learn rate: 0.000297
  ★ New best smoothed test MSE 0.000663 at epoch 220 → saving /gws/nopw/j04/eocis_chuk/shaerdan/models/model_pB_flow_da2864c8/checkpoint_best_test_mse
epoch: 230, train_velocity_mse: 0.011036, test_velocity_mse: 0.011444, test_output_mse: 0.000729, test_pearson_loss: 0.3853, ema_test: 0.000682, ema_ratio: 0.061
learn rate: 0.000297
epoch: 240, train_velocity_mse: 0.010876, test_velocity_mse: 0.010692, test_output_mse: 0.000570, test_pearson_loss: 0.3947, ema_test: 0.000649, ema_ratio: 0.059
learn rate: 0.000297
  ★ New best smoothed test MSE 0.000649 at epoch 240 → saving /gws/nopw/j04/eocis_chuk/shaerdan/models/model_pB_flow_da2864c8/checkpoint_best_test_mse
Saving checkpoint to /gws/nopw/j04/eocis_chuk/shaerdan/models/model_pB_flow_da2864c8/checkpoint_epoch_250...
epoch: 250, train_velocity_mse: 0.011008, test_velocity_mse: 0.010667, test_output_mse: 0.000908, test_pearson_loss: 0.3987, ema_test: 0.000727, ema_ratio: 0.066
learn rate: 0.000296
epoch: 260, train_velocity_mse: 0.010880, test_velocity_mse: 0.010485, test_output_mse: 0.000579, test_pearson_loss: 0.3741, ema_test: 0.000682, ema_ratio: 0.062
learn rate: 0.000296
epoch: 270, train_velocity_mse: 0.010717, test_velocity_mse: 0.010775, test_output_mse: 0.000698, test_pearson_loss: 0.3761, ema_test: 0.000687, ema_ratio: 0.063
learn rate: 0.000296
epoch: 280, train_velocity_mse: 0.010433, test_velocity_mse: 0.010131, test_output_mse: 0.000613, test_pearson_loss: 0.3746, ema_test: 0.000665, ema_ratio: 0.062
learn rate: 0.000295
epoch: 290, train_velocity_mse: 0.010716, test_velocity_mse: 0.010500, test_output_mse: 0.000802, test_pearson_loss: 0.3694, ema_test: 0.000706, ema_ratio: 0.066
learn rate: 0.000295
Saving checkpoint to /gws/nopw/j04/eocis_chuk/shaerdan/models/model_pB_flow_da2864c8/checkpoint_epoch_300...
epoch: 300, train_velocity_mse: 0.010870, test_velocity_mse: 0.010789, test_output_mse: 0.000683, test_pearson_loss: 0.3702, ema_test: 0.000699, ema_ratio: 0.065
learn rate: 0.000295
epoch: 310, train_velocity_mse: 0.010504, test_velocity_mse: 0.011151, test_output_mse: 0.000586, test_pearson_loss: 0.3702, ema_test: 0.000665, ema_ratio: 0.062
learn rate: 0.000294
epoch: 320, train_velocity_mse: 0.010706, test_velocity_mse: 0.009657, test_output_mse: 0.000613, test_pearson_loss: 0.3787, ema_test: 0.000650, ema_ratio: 0.061
learn rate: 0.000294
epoch: 330, train_velocity_mse: 0.010386, test_velocity_mse: 0.010758, test_output_mse: 0.000577, test_pearson_loss: 0.3746, ema_test: 0.000628, ema_ratio: 0.059
learn rate: 0.000294
  ★ New best smoothed test MSE 0.000628 at epoch 330 → saving /gws/nopw/j04/eocis_chuk/shaerdan/models/model_pB_flow_da2864c8/checkpoint_best_test_mse
epoch: 340, train_velocity_mse: 0.010755, test_velocity_mse: 0.010062, test_output_mse: 0.000576, test_pearson_loss: 0.3603, ema_test: 0.000612, ema_ratio: 0.057
learn rate: 0.000293
  ★ New best smoothed test MSE 0.000612 at epoch 340 → saving /gws/nopw/j04/eocis_chuk/shaerdan/models/model_pB_flow_da2864c8/checkpoint_best_test_mse
Saving checkpoint to /gws/nopw/j04/eocis_chuk/shaerdan/models/model_pB_flow_da2864c8/checkpoint_epoch_350...
epoch: 350, train_velocity_mse: 0.010806, test_velocity_mse: 0.010851, test_output_mse: 0.000572, test_pearson_loss: 0.3662, ema_test: 0.000600, ema_ratio: 0.056
learn rate: 0.000293
  ★ New best smoothed test MSE 0.000600 at epoch 350 → saving /gws/nopw/j04/eocis_chuk/shaerdan/models/model_pB_flow_da2864c8/checkpoint_best_test_mse
epoch: 360, train_velocity_mse: 0.010661, test_velocity_mse: 0.011144, test_output_mse: 0.000679, test_pearson_loss: 0.4550, ema_test: 0.000624, ema_ratio: 0.058
learn rate: 0.000292
epoch: 370, train_velocity_mse: 0.011107, test_velocity_mse: 0.010739, test_output_mse: 0.000594, test_pearson_loss: 0.3933, ema_test: 0.000615, ema_ratio: 0.057
learn rate: 0.000292
epoch: 380, train_velocity_mse: 0.010581, test_velocity_mse: 0.010908, test_output_mse: 0.000579, test_pearson_loss: 0.3632, ema_test: 0.000604, ema_ratio: 0.056
learn rate: 0.000292
epoch: 390, train_velocity_mse: 0.010342, test_velocity_mse: 0.010607, test_output_mse: 0.000546, test_pearson_loss: 0.3581, ema_test: 0.000587, ema_ratio: 0.055
learn rate: 0.000291
  ★ New best smoothed test MSE 0.000587 at epoch 390 → saving /gws/nopw/j04/eocis_chuk/shaerdan/models/model_pB_flow_da2864c8/checkpoint_best_test_mse
Saving checkpoint to /gws/nopw/j04/eocis_chuk/shaerdan/models/model_pB_flow_da2864c8/checkpoint_epoch_400...
epoch: 400, train_velocity_mse: 0.010653, test_velocity_mse: 0.011289, test_output_mse: 0.000614, test_pearson_loss: 0.4014, ema_test: 0.000595, ema_ratio: 0.056
learn rate: 0.000291
epoch: 410, train_velocity_mse: 0.010537, test_velocity_mse: 0.010923, test_output_mse: 0.000594, test_pearson_loss: 0.3836, ema_test: 0.000595, ema_ratio: 0.056
learn rate: 0.000290
epoch: 420, train_velocity_mse: 0.010340, test_velocity_mse: 0.011884, test_output_mse: 0.000631, test_pearson_loss: 0.4369, ema_test: 0.000606, ema_ratio: 0.058
learn rate: 0.000290
epoch: 430, train_velocity_mse: 0.010506, test_velocity_mse: 0.010818, test_output_mse: 0.000597, test_pearson_loss: 0.3583, ema_test: 0.000603, ema_ratio: 0.057
learn rate: 0.000289
epoch: 440, train_velocity_mse: 0.010534, test_velocity_mse: 0.011105, test_output_mse: 0.000602, test_pearson_loss: 0.3637, ema_test: 0.000603, ema_ratio: 0.057
learn rate: 0.000289
