==========================================
Job ID: 1290920
Node: gpuhost004
Start time: Wed 18 Feb 06:03:49 GMT 2026
Working dir: /home/users/shaerdan/cae_tools_pB
==========================================
Wed Feb 18 06:03:49 2026       
+-----------------------------------------------------------------------------------------+
| NVIDIA-SMI 590.48.01              Driver Version: 590.48.01      CUDA Version: 13.1     |
+-----------------------------------------+------------------------+----------------------+
| GPU  Name                 Persistence-M | Bus-Id          Disp.A | Volatile Uncorr. ECC |
| Fan  Temp   Perf          Pwr:Usage/Cap |           Memory-Usage | GPU-Util  Compute M. |
|                                         |                        |               MIG M. |
|=========================================+========================+======================|
|   0  NVIDIA A100-SXM4-40GB          On  |   00000000:81:00.0 Off |                    0 |
| N/A   28C    P0             55W /  400W |       0MiB /  40960MiB |      0%      Default |
|                                         |                        |             Disabled |
+-----------------------------------------+------------------------+----------------------+

+-----------------------------------------------------------------------------------------+
| Processes:                                                                              |
|  GPU   GI   CI              PID   Type   Process name                        GPU Memory |
|        ID   ID                                                               Usage      |
|=========================================================================================|
|  No running processes found                                                             |
+-----------------------------------------------------------------------------------------+
===========================================
Experiment: RESIDUAL DELTA LEARNING
Model: /gws/nopw/j04/eocis_chuk/shaerdan/models/model_pB_residual_IT7rjCHe
Epochs: 3500
Output activation: tanh
Latent activation: none
Skip mode: add
Predict delta: yes (ERA5 added back at scoring)
===========================================
Loading preprocessed data...
Loading preprocessed data from /gws/nopw/j04/eocis_chuk/shaerdan/preprocessed_v8/train_v8_delta.pt...
Loaded 103577 samples
Input shape: torch.Size([103577, 12, 100, 100])
Output shape: torch.Size([103577, 1, 100, 100])
Loading preprocessed data from /gws/nopw/j04/eocis_chuk/shaerdan/preprocessed_v8/test_v8_delta.pt...
Loaded 9001 samples
Input shape: torch.Size([9001, 12, 100, 100])
Output shape: torch.Size([9001, 1, 100, 100])
Training cases: 103577, Test cases: 9001
Input shape: (12, 100, 100), Output shape: (1, 100, 100)
Running on device: cuda
epoch: 0, train_mse: 0.067952, train_pearson_loss: 0.9367, test_mse: 0.012506, test_pearson_loss: 0.8153
learn rate: 0.001000
epoch: 10, train_mse: 0.003304, train_pearson_loss: 0.5254, test_mse: 0.005756, test_pearson_loss: 0.4674
learn rate: 0.001000
epoch: 20, train_mse: 0.002956, train_pearson_loss: 0.4880, test_mse: 0.005230, test_pearson_loss: 0.4561
learn rate: 0.001000
epoch: 30, train_mse: 0.002397, train_pearson_loss: 0.4317, test_mse: 0.005115, test_pearson_loss: 0.4256
learn rate: 0.001000
epoch: 40, train_mse: 0.002207, train_pearson_loss: 0.4156, test_mse: 0.005028, test_pearson_loss: 0.4077
learn rate: 0.001000
epoch: 50, train_mse: 0.002084, train_pearson_loss: 0.4046, test_mse: 0.005103, test_pearson_loss: 0.4003
learn rate: 0.001000
epoch: 60, train_mse: 0.002011, train_pearson_loss: 0.3980, test_mse: 0.004906, test_pearson_loss: 0.4031
learn rate: 0.001000
epoch: 70, train_mse: 0.001879, train_pearson_loss: 0.4020, test_mse: 0.004828, test_pearson_loss: 0.3956
learn rate: 0.001000
epoch: 80, train_mse: 0.001797, train_pearson_loss: 0.3912, test_mse: 0.004945, test_pearson_loss: 0.3897
learn rate: 0.001000
epoch: 90, train_mse: 0.001701, train_pearson_loss: 0.3862, test_mse: 0.005313, test_pearson_loss: 0.3904
learn rate: 0.001000
epoch: 100, train_mse: 0.001655, train_pearson_loss: 0.3834, test_mse: 0.004940, test_pearson_loss: 0.3877
learn rate: 0.001000
epoch: 110, train_mse: 0.001589, train_pearson_loss: 0.3822, test_mse: 0.004963, test_pearson_loss: 0.3835
learn rate: 0.001000
epoch: 120, train_mse: 0.001662, train_pearson_loss: 0.3833, test_mse: 0.005882, test_pearson_loss: 0.4059
learn rate: 0.001000
epoch: 130, train_mse: 0.001625, train_pearson_loss: 0.3921, test_mse: 0.004691, test_pearson_loss: 0.3938
learn rate: 0.001000
epoch: 140, train_mse: 0.001594, train_pearson_loss: 0.3822, test_mse: 0.004956, test_pearson_loss: 0.3852
learn rate: 0.001000
epoch: 150, train_mse: 0.001485, train_pearson_loss: 0.3767, test_mse: 0.005022, test_pearson_loss: 0.3804
learn rate: 0.001000
epoch: 160, train_mse: 0.001483, train_pearson_loss: 0.3747, test_mse: 0.004733, test_pearson_loss: 0.3780
learn rate: 0.001000
epoch: 170, train_mse: 0.001507, train_pearson_loss: 0.3925, test_mse: 0.004794, test_pearson_loss: 0.3887
learn rate: 0.001000
epoch: 180, train_mse: 0.001435, train_pearson_loss: 0.3771, test_mse: 0.004773, test_pearson_loss: 0.3817
learn rate: 0.001000
epoch: 190, train_mse: 0.001425, train_pearson_loss: 0.3731, test_mse: 0.004865, test_pearson_loss: 0.3782
learn rate: 0.001000
epoch: 200, train_mse: 0.001452, train_pearson_loss: 0.3711, test_mse: 0.004761, test_pearson_loss: 0.3768
learn rate: 0.001000
epoch: 210, train_mse: 0.001380, train_pearson_loss: 0.3687, test_mse: 0.004913, test_pearson_loss: 0.3770
learn rate: 0.001000
epoch: 220, train_mse: 0.001393, train_pearson_loss: 0.3703, test_mse: 0.004687, test_pearson_loss: 0.3780
learn rate: 0.001000
epoch: 230, train_mse: 0.001352, train_pearson_loss: 0.3675, test_mse: 0.004768, test_pearson_loss: 0.3772
learn rate: 0.001000
epoch: 240, train_mse: 0.001353, train_pearson_loss: 0.3664, test_mse: 0.004898, test_pearson_loss: 0.3777
learn rate: 0.001000
epoch: 250, train_mse: 0.001331, train_pearson_loss: 0.3649, test_mse: 0.004746, test_pearson_loss: 0.3755
learn rate: 0.001000
epoch: 260, train_mse: 0.001359, train_pearson_loss: 0.3745, test_mse: 0.004936, test_pearson_loss: 0.3808
learn rate: 0.001000
epoch: 270, train_mse: 0.001365, train_pearson_loss: 0.3673, test_mse: 0.004908, test_pearson_loss: 0.3742
learn rate: 0.001000
epoch: 280, train_mse: 0.001321, train_pearson_loss: 0.3639, test_mse: 0.004794, test_pearson_loss: 0.3742
learn rate: 0.001000
epoch: 290, train_mse: 0.001319, train_pearson_loss: 0.3630, test_mse: 0.004911, test_pearson_loss: 0.3739
learn rate: 0.001000
epoch: 300, train_mse: 0.001304, train_pearson_loss: 0.3622, test_mse: 0.004582, test_pearson_loss: 0.3735
learn rate: 0.001000
epoch: 310, train_mse: 0.001296, train_pearson_loss: 0.3617, test_mse: 0.004752, test_pearson_loss: 0.3722
learn rate: 0.001000
epoch: 320, train_mse: 0.001307, train_pearson_loss: 0.3624, test_mse: 0.004928, test_pearson_loss: 0.3722
learn rate: 0.001000
epoch: 330, train_mse: 0.001282, train_pearson_loss: 0.3601, test_mse: 0.004751, test_pearson_loss: 0.3701
learn rate: 0.001000
epoch: 340, train_mse: 0.001274, train_pearson_loss: 0.3592, test_mse: 0.004890, test_pearson_loss: 0.3708
learn rate: 0.001000
epoch: 350, train_mse: 0.001279, train_pearson_loss: 0.3597, test_mse: 0.004871, test_pearson_loss: 0.3715
learn rate: 0.001000
epoch: 360, train_mse: 0.001313, train_pearson_loss: 0.3604, test_mse: 0.004883, test_pearson_loss: 0.3711
learn rate: 0.001000
epoch: 370, train_mse: 0.001265, train_pearson_loss: 0.3580, test_mse: 0.004948, test_pearson_loss: 0.3705
learn rate: 0.001000
epoch: 380, train_mse: 0.002051, train_pearson_loss: 0.4223, test_mse: 0.004769, test_pearson_loss: 0.3936
learn rate: 0.001000
epoch: 390, train_mse: 0.001262, train_pearson_loss: 0.3581, test_mse: 0.004755, test_pearson_loss: 0.3700
learn rate: 0.001000
epoch: 400, train_mse: 0.001254, train_pearson_loss: 0.3568, test_mse: 0.004790, test_pearson_loss: 0.3687
learn rate: 0.001000
epoch: 410, train_mse: 0.001257, train_pearson_loss: 0.3565, test_mse: 0.004709, test_pearson_loss: 0.3692
learn rate: 0.001000
epoch: 420, train_mse: 0.001262, train_pearson_loss: 0.3562, test_mse: 0.004828, test_pearson_loss: 0.3686
learn rate: 0.001000
epoch: 430, train_mse: 0.001242, train_pearson_loss: 0.3551, test_mse: 0.004690, test_pearson_loss: 0.3682
learn rate: 0.001000
epoch: 440, train_mse: 0.001262, train_pearson_loss: 0.3554, test_mse: 0.004664, test_pearson_loss: 0.3697
learn rate: 0.001000
epoch: 450, train_mse: 0.001241, train_pearson_loss: 0.3542, test_mse: 0.004543, test_pearson_loss: 0.3674
learn rate: 0.001000
epoch: 460, train_mse: 0.001247, train_pearson_loss: 0.3614, test_mse: 0.004582, test_pearson_loss: 0.3713
learn rate: 0.001000
epoch: 470, train_mse: 0.001242, train_pearson_loss: 0.3563, test_mse: 0.004863, test_pearson_loss: 0.3713
learn rate: 0.001000
epoch: 480, train_mse: 0.001234, train_pearson_loss: 0.3537, test_mse: 0.004695, test_pearson_loss: 0.3658
learn rate: 0.001000
epoch: 490, train_mse: 0.001263, train_pearson_loss: 0.3548, test_mse: 0.004739, test_pearson_loss: 0.3670
learn rate: 0.001000
Saving checkpoint to /gws/nopw/j04/eocis_chuk/shaerdan/models/model_pB_residual_IT7rjCHe/checkpoint_epoch_500...
epoch: 500, train_mse: 0.001249, train_pearson_loss: 0.3568, test_mse: 0.004716, test_pearson_loss: 0.3671
learn rate: 0.001000
epoch: 510, train_mse: 0.001341, train_pearson_loss: 0.3809, test_mse: 0.004668, test_pearson_loss: 0.3841
learn rate: 0.001000
epoch: 520, train_mse: 0.001262, train_pearson_loss: 0.3654, test_mse: 0.004706, test_pearson_loss: 0.3733
learn rate: 0.001000
epoch: 530, train_mse: 0.001239, train_pearson_loss: 0.3576, test_mse: 0.004833, test_pearson_loss: 0.3707
learn rate: 0.001000
epoch: 540, train_mse: 0.001233, train_pearson_loss: 0.3585, test_mse: 0.004602, test_pearson_loss: 0.3709
learn rate: 0.001000
epoch: 550, train_mse: 0.001224, train_pearson_loss: 0.3519, test_mse: 0.004774, test_pearson_loss: 0.3661
learn rate: 0.001000
epoch: 560, train_mse: 0.001217, train_pearson_loss: 0.3509, test_mse: 0.004831, test_pearson_loss: 0.3664
learn rate: 0.001000
epoch: 570, train_mse: 0.001217, train_pearson_loss: 0.3507, test_mse: 0.004801, test_pearson_loss: 0.3652
learn rate: 0.001000
epoch: 580, train_mse: 0.001229, train_pearson_loss: 0.3503, test_mse: 0.004777, test_pearson_loss: 0.3667
learn rate: 0.001000
epoch: 590, train_mse: 0.001219, train_pearson_loss: 0.3501, test_mse: 0.004697, test_pearson_loss: 0.3685
learn rate: 0.001000
epoch: 600, train_mse: 0.001221, train_pearson_loss: 0.3501, test_mse: 0.004813, test_pearson_loss: 0.3660
learn rate: 0.001000
epoch: 610, train_mse: 0.001218, train_pearson_loss: 0.3496, test_mse: 0.004858, test_pearson_loss: 0.3671
learn rate: 0.001000
epoch: 620, train_mse: 0.001608, train_pearson_loss: 0.3819, test_mse: 0.005107, test_pearson_loss: 0.3750
learn rate: 0.001000
epoch: 630, train_mse: 0.001203, train_pearson_loss: 0.3487, test_mse: 0.004924, test_pearson_loss: 0.3664
learn rate: 0.001000
epoch: 640, train_mse: 0.001208, train_pearson_loss: 0.3485, test_mse: 0.004682, test_pearson_loss: 0.3640
learn rate: 0.001000
epoch: 650, train_mse: 0.001204, train_pearson_loss: 0.3482, test_mse: 0.004784, test_pearson_loss: 0.3669
learn rate: 0.001000
epoch: 660, train_mse: 0.001203, train_pearson_loss: 0.3478, test_mse: 0.004824, test_pearson_loss: 0.3653
learn rate: 0.001000
epoch: 670, train_mse: 0.001199, train_pearson_loss: 0.3478, test_mse: 0.004881, test_pearson_loss: 0.3646
learn rate: 0.001000
epoch: 680, train_mse: 0.001195, train_pearson_loss: 0.3471, test_mse: 0.004600, test_pearson_loss: 0.3646
learn rate: 0.001000
epoch: 690, train_mse: 0.001199, train_pearson_loss: 0.3471, test_mse: 0.004734, test_pearson_loss: 0.3658
learn rate: 0.001000
epoch: 700, train_mse: 0.001347, train_pearson_loss: 0.3674, test_mse: 0.004755, test_pearson_loss: 0.3694
learn rate: 0.001000
epoch: 710, train_mse: 0.001195, train_pearson_loss: 0.3469, test_mse: 0.004676, test_pearson_loss: 0.3650
learn rate: 0.001000
epoch: 720, train_mse: 0.001193, train_pearson_loss: 0.3465, test_mse: 0.004875, test_pearson_loss: 0.3635
learn rate: 0.001000
epoch: 730, train_mse: 0.001201, train_pearson_loss: 0.3466, test_mse: 0.004709, test_pearson_loss: 0.3663
learn rate: 0.001000
epoch: 740, train_mse: 0.001186, train_pearson_loss: 0.3461, test_mse: 0.004862, test_pearson_loss: 0.3632
learn rate: 0.001000
epoch: 750, train_mse: 0.001198, train_pearson_loss: 0.3471, test_mse: 0.004736, test_pearson_loss: 0.3636
learn rate: 0.001000
epoch: 760, train_mse: 0.001186, train_pearson_loss: 0.3458, test_mse: 0.004692, test_pearson_loss: 0.3652
learn rate: 0.001000
epoch: 770, train_mse: 0.001183, train_pearson_loss: 0.3456, test_mse: 0.004703, test_pearson_loss: 0.3648
learn rate: 0.001000
epoch: 780, train_mse: 0.001183, train_pearson_loss: 0.3452, test_mse: 0.004800, test_pearson_loss: 0.3642
learn rate: 0.001000
epoch: 790, train_mse: 0.001222, train_pearson_loss: 0.3468, test_mse: 0.005041, test_pearson_loss: 0.3749
learn rate: 0.001000
epoch: 800, train_mse: 0.001180, train_pearson_loss: 0.3451, test_mse: 0.004666, test_pearson_loss: 0.3621
learn rate: 0.001000
epoch: 810, train_mse: 0.001182, train_pearson_loss: 0.3450, test_mse: 0.004734, test_pearson_loss: 0.3623
learn rate: 0.001000
epoch: 820, train_mse: 0.001184, train_pearson_loss: 0.3446, test_mse: 0.004714, test_pearson_loss: 0.3631
learn rate: 0.001000
epoch: 830, train_mse: 0.001179, train_pearson_loss: 0.3442, test_mse: 0.004683, test_pearson_loss: 0.3626
learn rate: 0.001000
epoch: 840, train_mse: 0.001177, train_pearson_loss: 0.3447, test_mse: 0.004695, test_pearson_loss: 0.3639
learn rate: 0.001000
epoch: 850, train_mse: 0.001204, train_pearson_loss: 0.3451, test_mse: 0.004912, test_pearson_loss: 0.3647
learn rate: 0.001000
epoch: 860, train_mse: 0.001178, train_pearson_loss: 0.3440, test_mse: 0.004909, test_pearson_loss: 0.3640
learn rate: 0.001000
epoch: 870, train_mse: 0.001175, train_pearson_loss: 0.3436, test_mse: 0.004759, test_pearson_loss: 0.3623
learn rate: 0.001000
epoch: 880, train_mse: 0.001175, train_pearson_loss: 0.3435, test_mse: 0.004751, test_pearson_loss: 0.3633
learn rate: 0.001000
epoch: 890, train_mse: 0.001180, train_pearson_loss: 0.3436, test_mse: 0.004704, test_pearson_loss: 0.3643
learn rate: 0.001000
epoch: 900, train_mse: 0.001172, train_pearson_loss: 0.3434, test_mse: 0.004799, test_pearson_loss: 0.3635
learn rate: 0.001000
epoch: 910, train_mse: 0.001174, train_pearson_loss: 0.3435, test_mse: 0.004798, test_pearson_loss: 0.3620
learn rate: 0.001000
epoch: 920, train_mse: 0.001174, train_pearson_loss: 0.3437, test_mse: 0.004662, test_pearson_loss: 0.3633
learn rate: 0.001000
epoch: 930, train_mse: 0.001168, train_pearson_loss: 0.3429, test_mse: 0.004654, test_pearson_loss: 0.3634
learn rate: 0.001000
epoch: 940, train_mse: 0.001171, train_pearson_loss: 0.3428, test_mse: 0.004782, test_pearson_loss: 0.3622
learn rate: 0.001000
epoch: 950, train_mse: 0.001168, train_pearson_loss: 0.3425, test_mse: 0.004789, test_pearson_loss: 0.3615
learn rate: 0.001000
epoch: 960, train_mse: 0.001195, train_pearson_loss: 0.3497, test_mse: 0.004724, test_pearson_loss: 0.3646
learn rate: 0.001000
epoch: 970, train_mse: 0.001172, train_pearson_loss: 0.3427, test_mse: 0.004837, test_pearson_loss: 0.3622
learn rate: 0.001000
epoch: 980, train_mse: 0.001167, train_pearson_loss: 0.3422, test_mse: 0.004656, test_pearson_loss: 0.3616
learn rate: 0.001000
epoch: 990, train_mse: 0.001164, train_pearson_loss: 0.3420, test_mse: 0.004805, test_pearson_loss: 0.3629
learn rate: 0.001000
Saving checkpoint to /gws/nopw/j04/eocis_chuk/shaerdan/models/model_pB_residual_IT7rjCHe/checkpoint_epoch_1000...
epoch: 1000, train_mse: 0.001169, train_pearson_loss: 0.3419, test_mse: 0.004841, test_pearson_loss: 0.3652
learn rate: 0.001000
epoch: 1010, train_mse: 0.001166, train_pearson_loss: 0.3416, test_mse: 0.004823, test_pearson_loss: 0.3616
learn rate: 0.001000
epoch: 1020, train_mse: 0.001174, train_pearson_loss: 0.3427, test_mse: 0.004755, test_pearson_loss: 0.3622
learn rate: 0.001000
epoch: 1030, train_mse: 0.001165, train_pearson_loss: 0.3419, test_mse: 0.004846, test_pearson_loss: 0.3626
learn rate: 0.001000
epoch: 1040, train_mse: 0.001166, train_pearson_loss: 0.3414, test_mse: 0.004829, test_pearson_loss: 0.3635
learn rate: 0.001000
epoch: 1050, train_mse: 0.001163, train_pearson_loss: 0.3413, test_mse: 0.004900, test_pearson_loss: 0.3626
learn rate: 0.001000
epoch: 1060, train_mse: 0.001163, train_pearson_loss: 0.3415, test_mse: 0.004877, test_pearson_loss: 0.3620
learn rate: 0.001000
epoch: 1070, train_mse: 0.001161, train_pearson_loss: 0.3411, test_mse: 0.005014, test_pearson_loss: 0.3635
learn rate: 0.001000
epoch: 1080, train_mse: 0.001160, train_pearson_loss: 0.3410, test_mse: 0.004811, test_pearson_loss: 0.3623
learn rate: 0.001000
epoch: 1090, train_mse: 0.001161, train_pearson_loss: 0.3415, test_mse: 0.004881, test_pearson_loss: 0.3626
learn rate: 0.001000
epoch: 1100, train_mse: 0.001165, train_pearson_loss: 0.3410, test_mse: 0.004863, test_pearson_loss: 0.3613
learn rate: 0.001000
epoch: 1110, train_mse: 0.001158, train_pearson_loss: 0.3407, test_mse: 0.004847, test_pearson_loss: 0.3629
learn rate: 0.001000
epoch: 1120, train_mse: 0.001155, train_pearson_loss: 0.3404, test_mse: 0.004753, test_pearson_loss: 0.3623
learn rate: 0.001000
epoch: 1130, train_mse: 0.001155, train_pearson_loss: 0.3402, test_mse: 0.004963, test_pearson_loss: 0.3624
learn rate: 0.001000
epoch: 1140, train_mse: 0.001157, train_pearson_loss: 0.3408, test_mse: 0.004805, test_pearson_loss: 0.3611
learn rate: 0.001000
epoch: 1150, train_mse: 0.001162, train_pearson_loss: 0.3406, test_mse: 0.004885, test_pearson_loss: 0.3635
learn rate: 0.001000
epoch: 1160, train_mse: 0.001158, train_pearson_loss: 0.3403, test_mse: 0.004885, test_pearson_loss: 0.3631
learn rate: 0.001000
epoch: 1170, train_mse: 0.001156, train_pearson_loss: 0.3404, test_mse: 0.004855, test_pearson_loss: 0.3609
learn rate: 0.001000
epoch: 1180, train_mse: 0.001154, train_pearson_loss: 0.3398, test_mse: 0.004948, test_pearson_loss: 0.3613
learn rate: 0.001000
epoch: 1190, train_mse: 0.001153, train_pearson_loss: 0.3396, test_mse: 0.004840, test_pearson_loss: 0.3619
learn rate: 0.001000
epoch: 1200, train_mse: 0.001157, train_pearson_loss: 0.3398, test_mse: 0.004902, test_pearson_loss: 0.3620
learn rate: 0.001000
epoch: 1210, train_mse: 0.001153, train_pearson_loss: 0.3394, test_mse: 0.004862, test_pearson_loss: 0.3625
learn rate: 0.001000
epoch: 1220, train_mse: 0.001151, train_pearson_loss: 0.3392, test_mse: 0.004671, test_pearson_loss: 0.3625
learn rate: 0.001000
epoch: 1230, train_mse: 0.001149, train_pearson_loss: 0.3392, test_mse: 0.004774, test_pearson_loss: 0.3613
learn rate: 0.001000
epoch: 1240, train_mse: 0.001155, train_pearson_loss: 0.3394, test_mse: 0.004865, test_pearson_loss: 0.3612
learn rate: 0.001000
epoch: 1250, train_mse: 0.001149, train_pearson_loss: 0.3389, test_mse: 0.004750, test_pearson_loss: 0.3603
learn rate: 0.001000
epoch: 1260, train_mse: 0.001151, train_pearson_loss: 0.3391, test_mse: 0.004725, test_pearson_loss: 0.3608
learn rate: 0.001000
epoch: 1270, train_mse: 0.001159, train_pearson_loss: 0.3394, test_mse: 0.004732, test_pearson_loss: 0.3627
learn rate: 0.001000
epoch: 1280, train_mse: 0.001285, train_pearson_loss: 0.3553, test_mse: 0.004895, test_pearson_loss: 0.3666
learn rate: 0.001000
epoch: 1290, train_mse: 0.001156, train_pearson_loss: 0.3391, test_mse: 0.004789, test_pearson_loss: 0.3615
learn rate: 0.001000
epoch: 1300, train_mse: 0.001153, train_pearson_loss: 0.3390, test_mse: 0.004798, test_pearson_loss: 0.3612
learn rate: 0.001000
epoch: 1310, train_mse: 0.001168, train_pearson_loss: 0.3395, test_mse: 0.004702, test_pearson_loss: 0.3613
learn rate: 0.001000
epoch: 1320, train_mse: 0.001147, train_pearson_loss: 0.3383, test_mse: 0.004845, test_pearson_loss: 0.3613
learn rate: 0.001000
epoch: 1330, train_mse: 0.001146, train_pearson_loss: 0.3385, test_mse: 0.004757, test_pearson_loss: 0.3613
learn rate: 0.001000
epoch: 1340, train_mse: 0.001159, train_pearson_loss: 0.3401, test_mse: 0.004710, test_pearson_loss: 0.3625
learn rate: 0.001000
