==========================================
Job ID: 683577
Node: gpuhost003
Start time: Mon 16 Feb 02:04:13 GMT 2026
Working dir: /home/users/shaerdan/cae_tools_pB
==========================================
Mon Feb 16 02:04:13 2026       
+-----------------------------------------------------------------------------------------+
| NVIDIA-SMI 590.48.01              Driver Version: 590.48.01      CUDA Version: 13.1     |
+-----------------------------------------+------------------------+----------------------+
| GPU  Name                 Persistence-M | Bus-Id          Disp.A | Volatile Uncorr. ECC |
| Fan  Temp   Perf          Pwr:Usage/Cap |           Memory-Usage | GPU-Util  Compute M. |
|                                         |                        |               MIG M. |
|=========================================+========================+======================|
|   0  NVIDIA A100-SXM4-40GB          On  |   00000000:81:00.0 Off |                    0 |
| N/A   29C    P0             56W /  400W |       0MiB /  40960MiB |      0%      Default |
|                                         |                        |             Disabled |
+-----------------------------------------+------------------------+----------------------+

+-----------------------------------------------------------------------------------------+
| Processes:                                                                              |
|  GPU   GI   CI              PID   Type   Process name                        GPU Memory |
|        ID   ID                                                               Usage      |
|=========================================================================================|
|  No running processes found                                                             |
+-----------------------------------------------------------------------------------------+
==========================================
Experiment: FC BOTTLENECK, NO ATTENTION
Model: /gws/nopw/j04/eocis_chuk/shaerdan/models/model_pB_noattn_3CzljY0c
Epochs: 3500
==========================================
Loading preprocessed data...
Loading preprocessed data from /gws/nopw/j04/eocis_chuk/shaerdan/preprocessed_v8/train_v8.pt...
Loaded 103577 samples
Input shape: torch.Size([103577, 12, 100, 100])
Output shape: torch.Size([103577, 1, 100, 100])
Loading preprocessed data from /gws/nopw/j04/eocis_chuk/shaerdan/preprocessed_v8/test_v8.pt...
Loaded 9001 samples
Input shape: torch.Size([9001, 12, 100, 100])
Output shape: torch.Size([9001, 1, 100, 100])
Training cases: 103577, Test cases: 9001
Input shape: (12, 100, 100), Output shape: (1, 100, 100)
Running on device: cuda
epoch: 0, train_mse: 0.015376, train_pearson_loss: 0.9381, test_mse: 0.002458, test_pearson_loss: 0.8624
learn rate: 0.001000
epoch: 10, train_mse: 0.000734, train_pearson_loss: 0.5105, test_mse: 0.001008, test_pearson_loss: 0.4530
learn rate: 0.001000
epoch: 20, train_mse: 0.000567, train_pearson_loss: 0.4468, test_mse: 0.001025, test_pearson_loss: 0.4285
learn rate: 0.001000
epoch: 30, train_mse: 0.000507, train_pearson_loss: 0.4161, test_mse: 0.000988, test_pearson_loss: 0.4098
learn rate: 0.001000
epoch: 40, train_mse: 0.000461, train_pearson_loss: 0.4019, test_mse: 0.000962, test_pearson_loss: 0.3953
learn rate: 0.001000
epoch: 50, train_mse: 0.000438, train_pearson_loss: 0.3968, test_mse: 0.000870, test_pearson_loss: 0.3896
learn rate: 0.001000
epoch: 60, train_mse: 0.000411, train_pearson_loss: 0.3899, test_mse: 0.000951, test_pearson_loss: 0.3875
learn rate: 0.001000
epoch: 70, train_mse: 0.000381, train_pearson_loss: 0.3834, test_mse: 0.000957, test_pearson_loss: 0.3830
learn rate: 0.001000
epoch: 80, train_mse: 0.000360, train_pearson_loss: 0.3801, test_mse: 0.000905, test_pearson_loss: 0.3842
learn rate: 0.001000
epoch: 90, train_mse: 0.000334, train_pearson_loss: 0.3746, test_mse: 0.000999, test_pearson_loss: 0.3784
learn rate: 0.001000
epoch: 100, train_mse: 0.000320, train_pearson_loss: 0.3716, test_mse: 0.000994, test_pearson_loss: 0.3779
learn rate: 0.001000
epoch: 110, train_mse: 0.000306, train_pearson_loss: 0.3701, test_mse: 0.000907, test_pearson_loss: 0.3722
learn rate: 0.001000
epoch: 120, train_mse: 0.000298, train_pearson_loss: 0.3675, test_mse: 0.000937, test_pearson_loss: 0.3679
learn rate: 0.001000
epoch: 130, train_mse: 0.000284, train_pearson_loss: 0.3641, test_mse: 0.000928, test_pearson_loss: 0.3686
learn rate: 0.001000
epoch: 140, train_mse: 0.000280, train_pearson_loss: 0.3610, test_mse: 0.000933, test_pearson_loss: 0.3668
learn rate: 0.001000
epoch: 150, train_mse: 0.000280, train_pearson_loss: 0.3589, test_mse: 0.001028, test_pearson_loss: 0.3827
learn rate: 0.001000
epoch: 160, train_mse: 0.000267, train_pearson_loss: 0.3543, test_mse: 0.000938, test_pearson_loss: 0.3729
learn rate: 0.001000
epoch: 170, train_mse: 0.000253, train_pearson_loss: 0.3460, test_mse: 0.000905, test_pearson_loss: 0.3675
learn rate: 0.001000
epoch: 180, train_mse: 0.000248, train_pearson_loss: 0.3416, test_mse: 0.000963, test_pearson_loss: 0.3674
learn rate: 0.001000
epoch: 190, train_mse: 0.000357, train_pearson_loss: 0.4019, test_mse: 0.000943, test_pearson_loss: 0.3907
learn rate: 0.001000
epoch: 200, train_mse: 0.000250, train_pearson_loss: 0.3444, test_mse: 0.000914, test_pearson_loss: 0.3697
learn rate: 0.001000
epoch: 210, train_mse: 0.000244, train_pearson_loss: 0.3360, test_mse: 0.000878, test_pearson_loss: 0.3654
learn rate: 0.001000
epoch: 220, train_mse: 0.000236, train_pearson_loss: 0.3305, test_mse: 0.000932, test_pearson_loss: 0.3629
learn rate: 0.001000
epoch: 230, train_mse: 0.000233, train_pearson_loss: 0.3283, test_mse: 0.000899, test_pearson_loss: 0.3636
learn rate: 0.001000
epoch: 240, train_mse: 0.000234, train_pearson_loss: 0.3259, test_mse: 0.000940, test_pearson_loss: 0.3669
learn rate: 0.001000
epoch: 250, train_mse: 0.000229, train_pearson_loss: 0.3220, test_mse: 0.000906, test_pearson_loss: 0.3667
learn rate: 0.001000
epoch: 260, train_mse: 0.000226, train_pearson_loss: 0.3196, test_mse: 0.000895, test_pearson_loss: 0.3635
learn rate: 0.001000
epoch: 270, train_mse: 0.000225, train_pearson_loss: 0.3176, test_mse: 0.000875, test_pearson_loss: 0.3661
learn rate: 0.001000
epoch: 280, train_mse: 0.000226, train_pearson_loss: 0.3158, test_mse: 0.001002, test_pearson_loss: 0.3756
learn rate: 0.001000
epoch: 290, train_mse: 0.000223, train_pearson_loss: 0.3153, test_mse: 0.000891, test_pearson_loss: 0.3628
learn rate: 0.001000
epoch: 300, train_mse: 0.000220, train_pearson_loss: 0.3118, test_mse: 0.000901, test_pearson_loss: 0.3614
learn rate: 0.001000
epoch: 310, train_mse: 0.000219, train_pearson_loss: 0.3099, test_mse: 0.000903, test_pearson_loss: 0.3610
learn rate: 0.001000
epoch: 320, train_mse: 0.000216, train_pearson_loss: 0.3078, test_mse: 0.000918, test_pearson_loss: 0.3620
learn rate: 0.001000
epoch: 330, train_mse: 0.000215, train_pearson_loss: 0.3059, test_mse: 0.000864, test_pearson_loss: 0.3630
learn rate: 0.001000
epoch: 340, train_mse: 0.000216, train_pearson_loss: 0.3048, test_mse: 0.000900, test_pearson_loss: 0.3641
learn rate: 0.001000
epoch: 350, train_mse: 0.000212, train_pearson_loss: 0.3025, test_mse: 0.000921, test_pearson_loss: 0.3620
learn rate: 0.001000
epoch: 360, train_mse: 0.000212, train_pearson_loss: 0.3011, test_mse: 0.000934, test_pearson_loss: 0.3622
learn rate: 0.001000
epoch: 370, train_mse: 0.000229, train_pearson_loss: 0.3242, test_mse: 0.000918, test_pearson_loss: 0.3662
learn rate: 0.001000
epoch: 380, train_mse: 0.000210, train_pearson_loss: 0.3017, test_mse: 0.000884, test_pearson_loss: 0.3610
learn rate: 0.001000
epoch: 390, train_mse: 0.000210, train_pearson_loss: 0.2989, test_mse: 0.000926, test_pearson_loss: 0.3606
learn rate: 0.001000
epoch: 400, train_mse: 0.000210, train_pearson_loss: 0.2985, test_mse: 0.000901, test_pearson_loss: 0.3608
learn rate: 0.001000
epoch: 410, train_mse: 0.000208, train_pearson_loss: 0.2968, test_mse: 0.000911, test_pearson_loss: 0.3605
learn rate: 0.001000
epoch: 420, train_mse: 0.000209, train_pearson_loss: 0.2969, test_mse: 0.000905, test_pearson_loss: 0.3599
learn rate: 0.001000
epoch: 430, train_mse: 0.000204, train_pearson_loss: 0.2927, test_mse: 0.000897, test_pearson_loss: 0.3593
learn rate: 0.001000
epoch: 440, train_mse: 0.000203, train_pearson_loss: 0.2914, test_mse: 0.000909, test_pearson_loss: 0.3621
learn rate: 0.001000
epoch: 450, train_mse: 0.000202, train_pearson_loss: 0.2901, test_mse: 0.000916, test_pearson_loss: 0.3597
learn rate: 0.001000
epoch: 460, train_mse: 0.000203, train_pearson_loss: 0.2885, test_mse: 0.000909, test_pearson_loss: 0.3606
learn rate: 0.001000
epoch: 470, train_mse: 0.000199, train_pearson_loss: 0.2866, test_mse: 0.000915, test_pearson_loss: 0.3622
learn rate: 0.001000
epoch: 480, train_mse: 0.000199, train_pearson_loss: 0.2856, test_mse: 0.000942, test_pearson_loss: 0.3610
learn rate: 0.001000
epoch: 490, train_mse: 0.000199, train_pearson_loss: 0.2848, test_mse: 0.000902, test_pearson_loss: 0.3601
learn rate: 0.001000
Saving checkpoint to /gws/nopw/j04/eocis_chuk/shaerdan/models/model_pB_noattn_3CzljY0c/checkpoint_epoch_500...
epoch: 500, train_mse: 0.000197, train_pearson_loss: 0.2828, test_mse: 0.000934, test_pearson_loss: 0.3607
learn rate: 0.001000
epoch: 510, train_mse: 0.000197, train_pearson_loss: 0.2813, test_mse: 0.000903, test_pearson_loss: 0.3606
learn rate: 0.001000
epoch: 520, train_mse: 0.000196, train_pearson_loss: 0.2798, test_mse: 0.000920, test_pearson_loss: 0.3619
learn rate: 0.001000
epoch: 530, train_mse: 0.000193, train_pearson_loss: 0.2775, test_mse: 0.000890, test_pearson_loss: 0.3598
learn rate: 0.001000
epoch: 540, train_mse: 0.000193, train_pearson_loss: 0.2771, test_mse: 0.000935, test_pearson_loss: 0.3614
learn rate: 0.001000
epoch: 550, train_mse: 0.000195, train_pearson_loss: 0.2766, test_mse: 0.000916, test_pearson_loss: 0.3619
learn rate: 0.001000
epoch: 560, train_mse: 0.000191, train_pearson_loss: 0.2734, test_mse: 0.000918, test_pearson_loss: 0.3608
learn rate: 0.001000
epoch: 570, train_mse: 0.000189, train_pearson_loss: 0.2721, test_mse: 0.000901, test_pearson_loss: 0.3604
learn rate: 0.001000
epoch: 580, train_mse: 0.000191, train_pearson_loss: 0.2705, test_mse: 0.000930, test_pearson_loss: 0.3610
learn rate: 0.001000
epoch: 590, train_mse: 0.000192, train_pearson_loss: 0.2777, test_mse: 0.000943, test_pearson_loss: 0.3609
learn rate: 0.001000
epoch: 600, train_mse: 0.000189, train_pearson_loss: 0.2708, test_mse: 0.000913, test_pearson_loss: 0.3628
learn rate: 0.001000
epoch: 610, train_mse: 0.000186, train_pearson_loss: 0.2685, test_mse: 0.000941, test_pearson_loss: 0.3622
learn rate: 0.001000
epoch: 620, train_mse: 0.000184, train_pearson_loss: 0.2660, test_mse: 0.000921, test_pearson_loss: 0.3643
learn rate: 0.001000
epoch: 630, train_mse: 0.000185, train_pearson_loss: 0.2652, test_mse: 0.000922, test_pearson_loss: 0.3617
learn rate: 0.001000
epoch: 640, train_mse: 0.000187, train_pearson_loss: 0.2667, test_mse: 0.000945, test_pearson_loss: 0.3610
learn rate: 0.001000
epoch: 650, train_mse: 0.000181, train_pearson_loss: 0.2617, test_mse: 0.000924, test_pearson_loss: 0.3595
learn rate: 0.001000
epoch: 660, train_mse: 0.000181, train_pearson_loss: 0.2601, test_mse: 0.000941, test_pearson_loss: 0.3619
learn rate: 0.001000
epoch: 670, train_mse: 0.000184, train_pearson_loss: 0.2673, test_mse: 0.000928, test_pearson_loss: 0.3640
learn rate: 0.001000
epoch: 680, train_mse: 0.000181, train_pearson_loss: 0.2611, test_mse: 0.000910, test_pearson_loss: 0.3631
learn rate: 0.001000
epoch: 690, train_mse: 0.000178, train_pearson_loss: 0.2581, test_mse: 0.000914, test_pearson_loss: 0.3630
learn rate: 0.001000
epoch: 700, train_mse: 0.000177, train_pearson_loss: 0.2566, test_mse: 0.000900, test_pearson_loss: 0.3638
learn rate: 0.001000
epoch: 710, train_mse: 0.000177, train_pearson_loss: 0.2553, test_mse: 0.000913, test_pearson_loss: 0.3641
learn rate: 0.001000
epoch: 720, train_mse: 0.000176, train_pearson_loss: 0.2541, test_mse: 0.000917, test_pearson_loss: 0.3625
learn rate: 0.001000
epoch: 730, train_mse: 0.000176, train_pearson_loss: 0.2546, test_mse: 0.000907, test_pearson_loss: 0.3635
learn rate: 0.001000
epoch: 740, train_mse: 0.000175, train_pearson_loss: 0.2522, test_mse: 0.000905, test_pearson_loss: 0.3620
learn rate: 0.001000
epoch: 750, train_mse: 0.000173, train_pearson_loss: 0.2505, test_mse: 0.000928, test_pearson_loss: 0.3740
learn rate: 0.001000
epoch: 760, train_mse: 0.000175, train_pearson_loss: 0.2506, test_mse: 0.000934, test_pearson_loss: 0.3614
learn rate: 0.001000
epoch: 770, train_mse: 0.000172, train_pearson_loss: 0.2487, test_mse: 0.000901, test_pearson_loss: 0.3623
learn rate: 0.001000
epoch: 780, train_mse: 0.000172, train_pearson_loss: 0.2479, test_mse: 0.000906, test_pearson_loss: 0.3623
learn rate: 0.001000
epoch: 790, train_mse: 0.000172, train_pearson_loss: 0.2489, test_mse: 0.000895, test_pearson_loss: 0.3626
learn rate: 0.001000
epoch: 800, train_mse: 0.000170, train_pearson_loss: 0.2456, test_mse: 0.000912, test_pearson_loss: 0.3658
learn rate: 0.001000
epoch: 810, train_mse: 0.000168, train_pearson_loss: 0.2444, test_mse: 0.000906, test_pearson_loss: 0.3628
learn rate: 0.001000
epoch: 820, train_mse: 0.000174, train_pearson_loss: 0.2543, test_mse: 0.000925, test_pearson_loss: 0.3634
learn rate: 0.001000
epoch: 830, train_mse: 0.000170, train_pearson_loss: 0.2458, test_mse: 0.000936, test_pearson_loss: 0.3631
learn rate: 0.001000
epoch: 840, train_mse: 0.000169, train_pearson_loss: 0.2438, test_mse: 0.000915, test_pearson_loss: 0.3619
learn rate: 0.001000
epoch: 850, train_mse: 0.000173, train_pearson_loss: 0.2456, test_mse: 0.000916, test_pearson_loss: 0.3623
learn rate: 0.001000
epoch: 860, train_mse: 0.000166, train_pearson_loss: 0.2414, test_mse: 0.000907, test_pearson_loss: 0.3628
learn rate: 0.001000
epoch: 870, train_mse: 0.000167, train_pearson_loss: 0.2409, test_mse: 0.000911, test_pearson_loss: 0.3651
learn rate: 0.001000
epoch: 880, train_mse: 0.000165, train_pearson_loss: 0.2394, test_mse: 0.000932, test_pearson_loss: 0.3637
learn rate: 0.001000
epoch: 890, train_mse: 0.000171, train_pearson_loss: 0.2450, test_mse: 0.000919, test_pearson_loss: 0.3636
learn rate: 0.001000
epoch: 900, train_mse: 0.000165, train_pearson_loss: 0.2386, test_mse: 0.000940, test_pearson_loss: 0.3641
learn rate: 0.001000
epoch: 910, train_mse: 0.000163, train_pearson_loss: 0.2372, test_mse: 0.000922, test_pearson_loss: 0.3635
learn rate: 0.001000
epoch: 920, train_mse: 0.000162, train_pearson_loss: 0.2365, test_mse: 0.000913, test_pearson_loss: 0.3634
learn rate: 0.001000
epoch: 930, train_mse: 0.000163, train_pearson_loss: 0.2374, test_mse: 0.000951, test_pearson_loss: 0.3634
learn rate: 0.001000
epoch: 940, train_mse: 0.000162, train_pearson_loss: 0.2353, test_mse: 0.000935, test_pearson_loss: 0.3632
learn rate: 0.001000
epoch: 950, train_mse: 0.000162, train_pearson_loss: 0.2345, test_mse: 0.000932, test_pearson_loss: 0.3653
learn rate: 0.001000
epoch: 960, train_mse: 0.000165, train_pearson_loss: 0.2369, test_mse: 0.000920, test_pearson_loss: 0.3685
learn rate: 0.001000
epoch: 970, train_mse: 0.000161, train_pearson_loss: 0.2336, test_mse: 0.000944, test_pearson_loss: 0.3636
learn rate: 0.001000
epoch: 980, train_mse: 0.000162, train_pearson_loss: 0.2345, test_mse: 0.000922, test_pearson_loss: 0.3646
learn rate: 0.001000
epoch: 990, train_mse: 0.000160, train_pearson_loss: 0.2323, test_mse: 0.000931, test_pearson_loss: 0.3640
learn rate: 0.001000
Saving checkpoint to /gws/nopw/j04/eocis_chuk/shaerdan/models/model_pB_noattn_3CzljY0c/checkpoint_epoch_1000...
epoch: 1000, train_mse: 0.000162, train_pearson_loss: 0.2337, test_mse: 0.000918, test_pearson_loss: 0.3649
learn rate: 0.001000
epoch: 1010, train_mse: 0.000193, train_pearson_loss: 0.2694, test_mse: 0.000968, test_pearson_loss: 0.3683
learn rate: 0.001000
epoch: 1020, train_mse: 0.000159, train_pearson_loss: 0.2326, test_mse: 0.000930, test_pearson_loss: 0.3638
learn rate: 0.001000
epoch: 1030, train_mse: 0.000158, train_pearson_loss: 0.2310, test_mse: 0.000969, test_pearson_loss: 0.3648
learn rate: 0.001000
epoch: 1040, train_mse: 0.000159, train_pearson_loss: 0.2302, test_mse: 0.000938, test_pearson_loss: 0.3640
learn rate: 0.001000
epoch: 1050, train_mse: 0.000157, train_pearson_loss: 0.2294, test_mse: 0.000927, test_pearson_loss: 0.3630
learn rate: 0.001000
epoch: 1060, train_mse: 0.000157, train_pearson_loss: 0.2289, test_mse: 0.000924, test_pearson_loss: 0.3649
learn rate: 0.001000
epoch: 1070, train_mse: 0.000157, train_pearson_loss: 0.2282, test_mse: 0.000935, test_pearson_loss: 0.3648
learn rate: 0.001000
epoch: 1080, train_mse: 0.000156, train_pearson_loss: 0.2273, test_mse: 0.000921, test_pearson_loss: 0.3664
learn rate: 0.001000
epoch: 1090, train_mse: 0.000156, train_pearson_loss: 0.2271, test_mse: 0.000920, test_pearson_loss: 0.3670
learn rate: 0.001000
epoch: 1100, train_mse: 0.000164, train_pearson_loss: 0.2344, test_mse: 0.000905, test_pearson_loss: 0.3645
learn rate: 0.001000
epoch: 1110, train_mse: 0.000155, train_pearson_loss: 0.2265, test_mse: 0.000920, test_pearson_loss: 0.3637
learn rate: 0.001000
epoch: 1120, train_mse: 0.000155, train_pearson_loss: 0.2258, test_mse: 0.000900, test_pearson_loss: 0.3645
learn rate: 0.001000
epoch: 1130, train_mse: 0.000154, train_pearson_loss: 0.2251, test_mse: 0.000923, test_pearson_loss: 0.3669
learn rate: 0.001000
epoch: 1140, train_mse: 0.000154, train_pearson_loss: 0.2244, test_mse: 0.000937, test_pearson_loss: 0.3643
learn rate: 0.001000
epoch: 1150, train_mse: 0.000154, train_pearson_loss: 0.2244, test_mse: 0.000943, test_pearson_loss: 0.3656
learn rate: 0.001000
epoch: 1160, train_mse: 0.000153, train_pearson_loss: 0.2238, test_mse: 0.000928, test_pearson_loss: 0.3653
learn rate: 0.001000
epoch: 1170, train_mse: 0.000153, train_pearson_loss: 0.2235, test_mse: 0.000896, test_pearson_loss: 0.3657
learn rate: 0.001000
epoch: 1180, train_mse: 0.000152, train_pearson_loss: 0.2228, test_mse: 0.000913, test_pearson_loss: 0.3655
learn rate: 0.001000
epoch: 1190, train_mse: 0.000152, train_pearson_loss: 0.2222, test_mse: 0.000914, test_pearson_loss: 0.3671
learn rate: 0.001000
epoch: 1200, train_mse: 0.000152, train_pearson_loss: 0.2219, test_mse: 0.000953, test_pearson_loss: 0.3655
learn rate: 0.001000
epoch: 1210, train_mse: 0.000151, train_pearson_loss: 0.2215, test_mse: 0.000927, test_pearson_loss: 0.3667
learn rate: 0.001000
epoch: 1220, train_mse: 0.000153, train_pearson_loss: 0.2218, test_mse: 0.000918, test_pearson_loss: 0.3652
learn rate: 0.001000
epoch: 1230, train_mse: 0.000154, train_pearson_loss: 0.2224, test_mse: 0.000928, test_pearson_loss: 0.3646
learn rate: 0.001000
epoch: 1240, train_mse: 0.000152, train_pearson_loss: 0.2207, test_mse: 0.000915, test_pearson_loss: 0.3684
learn rate: 0.001000
epoch: 1250, train_mse: 0.000152, train_pearson_loss: 0.2206, test_mse: 0.000929, test_pearson_loss: 0.3647
learn rate: 0.001000
epoch: 1260, train_mse: 0.000151, train_pearson_loss: 0.2201, test_mse: 0.000914, test_pearson_loss: 0.3657
learn rate: 0.001000
epoch: 1270, train_mse: 0.000151, train_pearson_loss: 0.2210, test_mse: 0.000923, test_pearson_loss: 0.3651
learn rate: 0.001000
epoch: 1280, train_mse: 0.000150, train_pearson_loss: 0.2189, test_mse: 0.000943, test_pearson_loss: 0.3653
learn rate: 0.001000
epoch: 1290, train_mse: 0.000151, train_pearson_loss: 0.2188, test_mse: 0.000929, test_pearson_loss: 0.3657
learn rate: 0.001000
epoch: 1300, train_mse: 0.000150, train_pearson_loss: 0.2195, test_mse: 0.000911, test_pearson_loss: 0.3648
learn rate: 0.001000
epoch: 1310, train_mse: 0.000149, train_pearson_loss: 0.2183, test_mse: 0.000922, test_pearson_loss: 0.3652
learn rate: 0.001000
epoch: 1320, train_mse: 0.000150, train_pearson_loss: 0.2179, test_mse: 0.000908, test_pearson_loss: 0.3659
learn rate: 0.001000
epoch: 1330, train_mse: 0.000149, train_pearson_loss: 0.2174, test_mse: 0.000919, test_pearson_loss: 0.3666
learn rate: 0.001000
epoch: 1340, train_mse: 0.000149, train_pearson_loss: 0.2181, test_mse: 0.000923, test_pearson_loss: 0.3647
learn rate: 0.001000
epoch: 1350, train_mse: 0.000149, train_pearson_loss: 0.2170, test_mse: 0.000935, test_pearson_loss: 0.3673
learn rate: 0.001000
epoch: 1360, train_mse: 0.000149, train_pearson_loss: 0.2173, test_mse: 0.000921, test_pearson_loss: 0.3642
learn rate: 0.001000
epoch: 1370, train_mse: 0.000148, train_pearson_loss: 0.2166, test_mse: 0.000918, test_pearson_loss: 0.3656
learn rate: 0.001000
epoch: 1380, train_mse: 0.000149, train_pearson_loss: 0.2170, test_mse: 0.000917, test_pearson_loss: 0.3648
learn rate: 0.001000
epoch: 1390, train_mse: 0.000147, train_pearson_loss: 0.2156, test_mse: 0.000918, test_pearson_loss: 0.3655
learn rate: 0.001000
epoch: 1400, train_mse: 0.000149, train_pearson_loss: 0.2159, test_mse: 0.000922, test_pearson_loss: 0.3673
learn rate: 0.001000
epoch: 1410, train_mse: 0.000147, train_pearson_loss: 0.2151, test_mse: 0.000918, test_pearson_loss: 0.3650
learn rate: 0.001000
epoch: 1420, train_mse: 0.000147, train_pearson_loss: 0.2149, test_mse: 0.000917, test_pearson_loss: 0.3657
learn rate: 0.001000
epoch: 1430, train_mse: 0.000148, train_pearson_loss: 0.2151, test_mse: 0.000940, test_pearson_loss: 0.3646
learn rate: 0.001000
epoch: 1440, train_mse: 0.000147, train_pearson_loss: 0.2143, test_mse: 0.000928, test_pearson_loss: 0.3675
learn rate: 0.001000
epoch: 1450, train_mse: 0.000147, train_pearson_loss: 0.2141, test_mse: 0.000926, test_pearson_loss: 0.3673
learn rate: 0.001000
epoch: 1460, train_mse: 0.000146, train_pearson_loss: 0.2136, test_mse: 0.000923, test_pearson_loss: 0.3681
learn rate: 0.001000
epoch: 1470, train_mse: 0.000146, train_pearson_loss: 0.2135, test_mse: 0.000931, test_pearson_loss: 0.3662
learn rate: 0.001000
epoch: 1480, train_mse: 0.000147, train_pearson_loss: 0.2136, test_mse: 0.000932, test_pearson_loss: 0.3659
learn rate: 0.001000
epoch: 1490, train_mse: 0.000152, train_pearson_loss: 0.2185, test_mse: 0.000955, test_pearson_loss: 0.3664
learn rate: 0.001000
Saving checkpoint to /gws/nopw/j04/eocis_chuk/shaerdan/models/model_pB_noattn_3CzljY0c/checkpoint_epoch_1500...
epoch: 1500, train_mse: 0.000145, train_pearson_loss: 0.2128, test_mse: 0.000955, test_pearson_loss: 0.3657
learn rate: 0.001000
epoch: 1510, train_mse: 0.000146, train_pearson_loss: 0.2132, test_mse: 0.000921, test_pearson_loss: 0.3663
learn rate: 0.001000
epoch: 1520, train_mse: 0.000146, train_pearson_loss: 0.2125, test_mse: 0.000932, test_pearson_loss: 0.3656
learn rate: 0.001000
epoch: 1530, train_mse: 0.000146, train_pearson_loss: 0.2127, test_mse: 0.000934, test_pearson_loss: 0.3666
learn rate: 0.001000
epoch: 1540, train_mse: 0.000145, train_pearson_loss: 0.2120, test_mse: 0.000934, test_pearson_loss: 0.3653
learn rate: 0.001000
epoch: 1550, train_mse: 0.000145, train_pearson_loss: 0.2117, test_mse: 0.000927, test_pearson_loss: 0.3662
learn rate: 0.001000
epoch: 1560, train_mse: 0.000144, train_pearson_loss: 0.2113, test_mse: 0.000960, test_pearson_loss: 0.3677
learn rate: 0.001000
epoch: 1570, train_mse: 0.000145, train_pearson_loss: 0.2112, test_mse: 0.000946, test_pearson_loss: 0.3677
learn rate: 0.001000
epoch: 1580, train_mse: 0.000145, train_pearson_loss: 0.2110, test_mse: 0.000952, test_pearson_loss: 0.3672
learn rate: 0.001000
epoch: 1590, train_mse: 0.000143, train_pearson_loss: 0.2105, test_mse: 0.000932, test_pearson_loss: 0.3671
learn rate: 0.001000
epoch: 1600, train_mse: 0.000143, train_pearson_loss: 0.2100, test_mse: 0.000939, test_pearson_loss: 0.3670
learn rate: 0.001000
epoch: 1610, train_mse: 0.000143, train_pearson_loss: 0.2101, test_mse: 0.000941, test_pearson_loss: 0.3670
learn rate: 0.001000
epoch: 1620, train_mse: 0.000144, train_pearson_loss: 0.2102, test_mse: 0.000927, test_pearson_loss: 0.3686
learn rate: 0.001000
epoch: 1630, train_mse: 0.000143, train_pearson_loss: 0.2097, test_mse: 0.000907, test_pearson_loss: 0.3667
learn rate: 0.001000
epoch: 1640, train_mse: 0.000143, train_pearson_loss: 0.2096, test_mse: 0.000924, test_pearson_loss: 0.3673
learn rate: 0.001000
epoch: 1650, train_mse: 0.000143, train_pearson_loss: 0.2092, test_mse: 0.000934, test_pearson_loss: 0.3673
learn rate: 0.001000
epoch: 1660, train_mse: 0.000143, train_pearson_loss: 0.2093, test_mse: 0.000923, test_pearson_loss: 0.3669
learn rate: 0.001000
epoch: 1670, train_mse: 0.000143, train_pearson_loss: 0.2088, test_mse: 0.000936, test_pearson_loss: 0.3678
learn rate: 0.001000
epoch: 1680, train_mse: 0.000142, train_pearson_loss: 0.2088, test_mse: 0.000915, test_pearson_loss: 0.3672
learn rate: 0.001000
epoch: 1690, train_mse: 0.000144, train_pearson_loss: 0.2088, test_mse: 0.000946, test_pearson_loss: 0.3665
learn rate: 0.001000
epoch: 1700, train_mse: 0.000142, train_pearson_loss: 0.2082, test_mse: 0.000942, test_pearson_loss: 0.3665
learn rate: 0.001000
epoch: 1710, train_mse: 0.000141, train_pearson_loss: 0.2082, test_mse: 0.000918, test_pearson_loss: 0.3671
learn rate: 0.001000
epoch: 1720, train_mse: 0.000142, train_pearson_loss: 0.2080, test_mse: 0.000931, test_pearson_loss: 0.3668
learn rate: 0.001000
epoch: 1730, train_mse: 0.000141, train_pearson_loss: 0.2074, test_mse: 0.000936, test_pearson_loss: 0.3672
learn rate: 0.001000
epoch: 1740, train_mse: 0.000143, train_pearson_loss: 0.2092, test_mse: 0.000968, test_pearson_loss: 0.3694
learn rate: 0.001000
epoch: 1750, train_mse: 0.000141, train_pearson_loss: 0.2074, test_mse: 0.000929, test_pearson_loss: 0.3667
learn rate: 0.001000
epoch: 1760, train_mse: 0.000164, train_pearson_loss: 0.2451, test_mse: 0.000919, test_pearson_loss: 0.3734
learn rate: 0.001000
epoch: 1770, train_mse: 0.000147, train_pearson_loss: 0.2165, test_mse: 0.000922, test_pearson_loss: 0.3674
learn rate: 0.001000
epoch: 1780, train_mse: 0.000144, train_pearson_loss: 0.2119, test_mse: 0.000943, test_pearson_loss: 0.3666
learn rate: 0.001000
epoch: 1790, train_mse: 0.000143, train_pearson_loss: 0.2100, test_mse: 0.000917, test_pearson_loss: 0.3655
learn rate: 0.001000
epoch: 1800, train_mse: 0.000143, train_pearson_loss: 0.2093, test_mse: 0.000914, test_pearson_loss: 0.3658
learn rate: 0.001000
epoch: 1810, train_mse: 0.000142, train_pearson_loss: 0.2086, test_mse: 0.000928, test_pearson_loss: 0.3662
learn rate: 0.001000
epoch: 1820, train_mse: 0.000143, train_pearson_loss: 0.2080, test_mse: 0.000914, test_pearson_loss: 0.3654
learn rate: 0.001000
epoch: 1830, train_mse: 0.000141, train_pearson_loss: 0.2074, test_mse: 0.000912, test_pearson_loss: 0.3660
learn rate: 0.001000
epoch: 1840, train_mse: 0.000141, train_pearson_loss: 0.2070, test_mse: 0.000933, test_pearson_loss: 0.3657
learn rate: 0.001000
epoch: 1850, train_mse: 0.000142, train_pearson_loss: 0.2068, test_mse: 0.000944, test_pearson_loss: 0.3691
learn rate: 0.001000
epoch: 1860, train_mse: 0.000141, train_pearson_loss: 0.2064, test_mse: 0.000920, test_pearson_loss: 0.3668
learn rate: 0.001000
epoch: 1870, train_mse: 0.000141, train_pearson_loss: 0.2064, test_mse: 0.000925, test_pearson_loss: 0.3660
learn rate: 0.001000
epoch: 1880, train_mse: 0.000141, train_pearson_loss: 0.2059, test_mse: 0.000917, test_pearson_loss: 0.3667
learn rate: 0.001000
epoch: 1890, train_mse: 0.000140, train_pearson_loss: 0.2058, test_mse: 0.000902, test_pearson_loss: 0.3662
learn rate: 0.001000
epoch: 1900, train_mse: 0.000140, train_pearson_loss: 0.2057, test_mse: 0.000922, test_pearson_loss: 0.3651
learn rate: 0.001000
epoch: 1910, train_mse: 0.000151, train_pearson_loss: 0.2229, test_mse: 0.000916, test_pearson_loss: 0.3659
learn rate: 0.001000
epoch: 1920, train_mse: 0.000142, train_pearson_loss: 0.2095, test_mse: 0.000924, test_pearson_loss: 0.3679
learn rate: 0.001000
epoch: 1930, train_mse: 0.000142, train_pearson_loss: 0.2077, test_mse: 0.000905, test_pearson_loss: 0.3676
learn rate: 0.001000
epoch: 1940, train_mse: 0.000141, train_pearson_loss: 0.2068, test_mse: 0.000923, test_pearson_loss: 0.3673
learn rate: 0.001000
epoch: 1950, train_mse: 0.000141, train_pearson_loss: 0.2065, test_mse: 0.000906, test_pearson_loss: 0.3669
learn rate: 0.001000
epoch: 1960, train_mse: 0.000140, train_pearson_loss: 0.2058, test_mse: 0.000918, test_pearson_loss: 0.3690
learn rate: 0.001000
epoch: 1970, train_mse: 0.000139, train_pearson_loss: 0.2053, test_mse: 0.000915, test_pearson_loss: 0.3676
learn rate: 0.001000
epoch: 1980, train_mse: 0.000139, train_pearson_loss: 0.2052, test_mse: 0.000913, test_pearson_loss: 0.3662
learn rate: 0.001000
epoch: 1990, train_mse: 0.000139, train_pearson_loss: 0.2049, test_mse: 0.000920, test_pearson_loss: 0.3670
learn rate: 0.001000
Saving checkpoint to /gws/nopw/j04/eocis_chuk/shaerdan/models/model_pB_noattn_3CzljY0c/checkpoint_epoch_2000...
epoch: 2000, train_mse: 0.000140, train_pearson_loss: 0.2047, test_mse: 0.000918, test_pearson_loss: 0.3677
learn rate: 0.001000
epoch: 2010, train_mse: 0.000140, train_pearson_loss: 0.2046, test_mse: 0.000926, test_pearson_loss: 0.3665
learn rate: 0.001000
epoch: 2020, train_mse: 0.000138, train_pearson_loss: 0.2041, test_mse: 0.000911, test_pearson_loss: 0.3664
learn rate: 0.001000
epoch: 2030, train_mse: 0.000138, train_pearson_loss: 0.2038, test_mse: 0.000940, test_pearson_loss: 0.3675
learn rate: 0.001000
epoch: 2040, train_mse: 0.000139, train_pearson_loss: 0.2038, test_mse: 0.000938, test_pearson_loss: 0.3678
learn rate: 0.001000
epoch: 2050, train_mse: 0.000138, train_pearson_loss: 0.2036, test_mse: 0.000920, test_pearson_loss: 0.3671
learn rate: 0.001000
epoch: 2060, train_mse: 0.000138, train_pearson_loss: 0.2035, test_mse: 0.000905, test_pearson_loss: 0.3663
learn rate: 0.001000
epoch: 2070, train_mse: 0.000140, train_pearson_loss: 0.2095, test_mse: 0.000925, test_pearson_loss: 0.3677
learn rate: 0.001000
epoch: 2080, train_mse: 0.000139, train_pearson_loss: 0.2045, test_mse: 0.000943, test_pearson_loss: 0.3663
learn rate: 0.001000
epoch: 2090, train_mse: 0.000139, train_pearson_loss: 0.2038, test_mse: 0.000932, test_pearson_loss: 0.3664
learn rate: 0.001000
epoch: 2100, train_mse: 0.000138, train_pearson_loss: 0.2033, test_mse: 0.000928, test_pearson_loss: 0.3661
learn rate: 0.001000
epoch: 2110, train_mse: 0.000138, train_pearson_loss: 0.2032, test_mse: 0.000928, test_pearson_loss: 0.3658
learn rate: 0.001000
epoch: 2120, train_mse: 0.000138, train_pearson_loss: 0.2032, test_mse: 0.000918, test_pearson_loss: 0.3681
learn rate: 0.001000
epoch: 2130, train_mse: 0.000138, train_pearson_loss: 0.2031, test_mse: 0.000930, test_pearson_loss: 0.3668
learn rate: 0.001000
epoch: 2140, train_mse: 0.000138, train_pearson_loss: 0.2025, test_mse: 0.000933, test_pearson_loss: 0.3666
learn rate: 0.001000
epoch: 2150, train_mse: 0.000139, train_pearson_loss: 0.2024, test_mse: 0.000941, test_pearson_loss: 0.3662
learn rate: 0.001000
epoch: 2160, train_mse: 0.000139, train_pearson_loss: 0.2033, test_mse: 0.000927, test_pearson_loss: 0.3665
learn rate: 0.001000
epoch: 2170, train_mse: 0.000137, train_pearson_loss: 0.2023, test_mse: 0.000928, test_pearson_loss: 0.3654
learn rate: 0.001000
epoch: 2180, train_mse: 0.000138, train_pearson_loss: 0.2033, test_mse: 0.000956, test_pearson_loss: 0.3662
learn rate: 0.001000
epoch: 2190, train_mse: 0.000137, train_pearson_loss: 0.2018, test_mse: 0.000940, test_pearson_loss: 0.3652
learn rate: 0.001000
epoch: 2200, train_mse: 0.000137, train_pearson_loss: 0.2016, test_mse: 0.000929, test_pearson_loss: 0.3674
learn rate: 0.001000
epoch: 2210, train_mse: 0.000138, train_pearson_loss: 0.2015, test_mse: 0.000919, test_pearson_loss: 0.3667
learn rate: 0.001000
epoch: 2220, train_mse: 0.000137, train_pearson_loss: 0.2015, test_mse: 0.000941, test_pearson_loss: 0.3683
learn rate: 0.001000
epoch: 2230, train_mse: 0.000138, train_pearson_loss: 0.2014, test_mse: 0.000957, test_pearson_loss: 0.3664
learn rate: 0.001000
epoch: 2240, train_mse: 0.000136, train_pearson_loss: 0.2010, test_mse: 0.000946, test_pearson_loss: 0.3664
learn rate: 0.001000
epoch: 2250, train_mse: 0.000137, train_pearson_loss: 0.2012, test_mse: 0.000935, test_pearson_loss: 0.3682
learn rate: 0.001000
epoch: 2260, train_mse: 0.000136, train_pearson_loss: 0.2008, test_mse: 0.000942, test_pearson_loss: 0.3666
learn rate: 0.001000
epoch: 2270, train_mse: 0.000136, train_pearson_loss: 0.2006, test_mse: 0.000909, test_pearson_loss: 0.3689
learn rate: 0.001000
epoch: 2280, train_mse: 0.000136, train_pearson_loss: 0.2006, test_mse: 0.000932, test_pearson_loss: 0.3671
learn rate: 0.001000
epoch: 2290, train_mse: 0.000137, train_pearson_loss: 0.2004, test_mse: 0.000921, test_pearson_loss: 0.3686
learn rate: 0.001000
epoch: 2300, train_mse: 0.000138, train_pearson_loss: 0.2011, test_mse: 0.000904, test_pearson_loss: 0.3654
learn rate: 0.001000
epoch: 2310, train_mse: 0.000136, train_pearson_loss: 0.2002, test_mse: 0.000943, test_pearson_loss: 0.3676
learn rate: 0.001000
epoch: 2320, train_mse: 0.000136, train_pearson_loss: 0.2003, test_mse: 0.000937, test_pearson_loss: 0.3667
learn rate: 0.001000
epoch: 2330, train_mse: 0.000136, train_pearson_loss: 0.1999, test_mse: 0.000945, test_pearson_loss: 0.3667
learn rate: 0.001000
epoch: 2340, train_mse: 0.000135, train_pearson_loss: 0.1997, test_mse: 0.000922, test_pearson_loss: 0.3687
learn rate: 0.001000
epoch: 2350, train_mse: 0.000136, train_pearson_loss: 0.2000, test_mse: 0.000946, test_pearson_loss: 0.3662
learn rate: 0.001000
epoch: 2360, train_mse: 0.000136, train_pearson_loss: 0.1998, test_mse: 0.000958, test_pearson_loss: 0.3663
learn rate: 0.001000
epoch: 2370, train_mse: 0.000136, train_pearson_loss: 0.1997, test_mse: 0.000921, test_pearson_loss: 0.3672
learn rate: 0.001000
epoch: 2380, train_mse: 0.000135, train_pearson_loss: 0.1993, test_mse: 0.000925, test_pearson_loss: 0.3667
learn rate: 0.001000
epoch: 2390, train_mse: 0.000135, train_pearson_loss: 0.1993, test_mse: 0.000945, test_pearson_loss: 0.3679
learn rate: 0.001000
epoch: 2400, train_mse: 0.000136, train_pearson_loss: 0.1994, test_mse: 0.000945, test_pearson_loss: 0.3681
learn rate: 0.001000
epoch: 2410, train_mse: 0.000135, train_pearson_loss: 0.1991, test_mse: 0.000965, test_pearson_loss: 0.3680
learn rate: 0.001000
epoch: 2420, train_mse: 0.000135, train_pearson_loss: 0.1990, test_mse: 0.000929, test_pearson_loss: 0.3669
learn rate: 0.001000
epoch: 2430, train_mse: 0.000135, train_pearson_loss: 0.1990, test_mse: 0.000918, test_pearson_loss: 0.3666
learn rate: 0.001000
epoch: 2440, train_mse: 0.000135, train_pearson_loss: 0.1990, test_mse: 0.000918, test_pearson_loss: 0.3675
learn rate: 0.001000
epoch: 2450, train_mse: 0.000134, train_pearson_loss: 0.1987, test_mse: 0.000924, test_pearson_loss: 0.3657
learn rate: 0.001000
epoch: 2460, train_mse: 0.000136, train_pearson_loss: 0.1997, test_mse: 0.000928, test_pearson_loss: 0.3687
learn rate: 0.001000
epoch: 2470, train_mse: 0.000135, train_pearson_loss: 0.1985, test_mse: 0.000917, test_pearson_loss: 0.3665
learn rate: 0.001000
epoch: 2480, train_mse: 0.000134, train_pearson_loss: 0.1981, test_mse: 0.000925, test_pearson_loss: 0.3679
learn rate: 0.001000
epoch: 2490, train_mse: 0.000135, train_pearson_loss: 0.1985, test_mse: 0.000956, test_pearson_loss: 0.3667
learn rate: 0.001000
Saving checkpoint to /gws/nopw/j04/eocis_chuk/shaerdan/models/model_pB_noattn_3CzljY0c/checkpoint_epoch_2500...
epoch: 2500, train_mse: 0.000135, train_pearson_loss: 0.1986, test_mse: 0.000924, test_pearson_loss: 0.3676
learn rate: 0.001000
epoch: 2510, train_mse: 0.000134, train_pearson_loss: 0.1982, test_mse: 0.000953, test_pearson_loss: 0.3668
learn rate: 0.001000
epoch: 2520, train_mse: 0.000134, train_pearson_loss: 0.1979, test_mse: 0.000947, test_pearson_loss: 0.3656
learn rate: 0.001000
epoch: 2530, train_mse: 0.000134, train_pearson_loss: 0.1979, test_mse: 0.000951, test_pearson_loss: 0.3675
learn rate: 0.001000
epoch: 2540, train_mse: 0.000135, train_pearson_loss: 0.1980, test_mse: 0.000939, test_pearson_loss: 0.3666
learn rate: 0.001000
epoch: 2550, train_mse: 0.000134, train_pearson_loss: 0.1978, test_mse: 0.000948, test_pearson_loss: 0.3677
learn rate: 0.001000
epoch: 2560, train_mse: 0.000134, train_pearson_loss: 0.1976, test_mse: 0.000927, test_pearson_loss: 0.3666
learn rate: 0.001000
epoch: 2570, train_mse: 0.000134, train_pearson_loss: 0.1975, test_mse: 0.000949, test_pearson_loss: 0.3655
learn rate: 0.001000
epoch: 2580, train_mse: 0.000134, train_pearson_loss: 0.1974, test_mse: 0.000945, test_pearson_loss: 0.3673
learn rate: 0.001000
epoch: 2590, train_mse: 0.000134, train_pearson_loss: 0.1973, test_mse: 0.000925, test_pearson_loss: 0.3673
learn rate: 0.001000
epoch: 2600, train_mse: 0.000137, train_pearson_loss: 0.2010, test_mse: 0.000954, test_pearson_loss: 0.3672
learn rate: 0.001000
epoch: 2610, train_mse: 0.000134, train_pearson_loss: 0.1972, test_mse: 0.000935, test_pearson_loss: 0.3673
learn rate: 0.001000
epoch: 2620, train_mse: 0.000133, train_pearson_loss: 0.1972, test_mse: 0.000921, test_pearson_loss: 0.3676
learn rate: 0.001000
epoch: 2630, train_mse: 0.000134, train_pearson_loss: 0.1977, test_mse: 0.000932, test_pearson_loss: 0.3687
learn rate: 0.001000
epoch: 2640, train_mse: 0.000133, train_pearson_loss: 0.1968, test_mse: 0.000918, test_pearson_loss: 0.3665
learn rate: 0.001000
epoch: 2650, train_mse: 0.000133, train_pearson_loss: 0.1968, test_mse: 0.000931, test_pearson_loss: 0.3686
learn rate: 0.001000
epoch: 2660, train_mse: 0.000133, train_pearson_loss: 0.1968, test_mse: 0.000932, test_pearson_loss: 0.3684
learn rate: 0.001000
epoch: 2670, train_mse: 0.000134, train_pearson_loss: 0.1966, test_mse: 0.000927, test_pearson_loss: 0.3676
learn rate: 0.001000
epoch: 2680, train_mse: 0.000134, train_pearson_loss: 0.1965, test_mse: 0.000925, test_pearson_loss: 0.3665
learn rate: 0.001000
epoch: 2690, train_mse: 0.000133, train_pearson_loss: 0.1963, test_mse: 0.000919, test_pearson_loss: 0.3676
learn rate: 0.001000
epoch: 2700, train_mse: 0.000133, train_pearson_loss: 0.1964, test_mse: 0.000897, test_pearson_loss: 0.3679
learn rate: 0.001000
epoch: 2710, train_mse: 0.000133, train_pearson_loss: 0.1962, test_mse: 0.000934, test_pearson_loss: 0.3676
learn rate: 0.001000
epoch: 2720, train_mse: 0.000133, train_pearson_loss: 0.1962, test_mse: 0.000930, test_pearson_loss: 0.3667
learn rate: 0.001000
epoch: 2730, train_mse: 0.000133, train_pearson_loss: 0.1961, test_mse: 0.000929, test_pearson_loss: 0.3675
learn rate: 0.001000
epoch: 2740, train_mse: 0.000133, train_pearson_loss: 0.1960, test_mse: 0.000904, test_pearson_loss: 0.3676
learn rate: 0.001000
epoch: 2750, train_mse: 0.000132, train_pearson_loss: 0.1958, test_mse: 0.000927, test_pearson_loss: 0.3672
learn rate: 0.001000
epoch: 2760, train_mse: 0.000133, train_pearson_loss: 0.1960, test_mse: 0.000939, test_pearson_loss: 0.3664
learn rate: 0.001000
epoch: 2770, train_mse: 0.000133, train_pearson_loss: 0.1959, test_mse: 0.000934, test_pearson_loss: 0.3681
learn rate: 0.001000
epoch: 2780, train_mse: 0.000133, train_pearson_loss: 0.1957, test_mse: 0.000941, test_pearson_loss: 0.3687
learn rate: 0.001000
epoch: 2790, train_mse: 0.000133, train_pearson_loss: 0.1954, test_mse: 0.000928, test_pearson_loss: 0.3680
learn rate: 0.001000
epoch: 2800, train_mse: 0.000133, train_pearson_loss: 0.1955, test_mse: 0.000927, test_pearson_loss: 0.3676
learn rate: 0.001000
epoch: 2810, train_mse: 0.000133, train_pearson_loss: 0.1956, test_mse: 0.000941, test_pearson_loss: 0.3694
learn rate: 0.001000
epoch: 2820, train_mse: 0.000132, train_pearson_loss: 0.1953, test_mse: 0.000943, test_pearson_loss: 0.3669
learn rate: 0.001000
epoch: 2830, train_mse: 0.000132, train_pearson_loss: 0.1952, test_mse: 0.000923, test_pearson_loss: 0.3689
learn rate: 0.001000
epoch: 2840, train_mse: 0.000132, train_pearson_loss: 0.1951, test_mse: 0.000955, test_pearson_loss: 0.3675
learn rate: 0.001000
epoch: 2850, train_mse: 0.000132, train_pearson_loss: 0.1952, test_mse: 0.000921, test_pearson_loss: 0.3679
learn rate: 0.001000
epoch: 2860, train_mse: 0.000132, train_pearson_loss: 0.1950, test_mse: 0.000933, test_pearson_loss: 0.3668
learn rate: 0.001000
epoch: 2870, train_mse: 0.000132, train_pearson_loss: 0.1948, test_mse: 0.000924, test_pearson_loss: 0.3666
learn rate: 0.001000
epoch: 2880, train_mse: 0.000133, train_pearson_loss: 0.1949, test_mse: 0.000931, test_pearson_loss: 0.3691
learn rate: 0.001000
epoch: 2890, train_mse: 0.000132, train_pearson_loss: 0.1948, test_mse: 0.000921, test_pearson_loss: 0.3675
learn rate: 0.001000
epoch: 2900, train_mse: 0.000132, train_pearson_loss: 0.1947, test_mse: 0.000943, test_pearson_loss: 0.3671
learn rate: 0.001000
epoch: 2910, train_mse: 0.000132, train_pearson_loss: 0.1947, test_mse: 0.000916, test_pearson_loss: 0.3679
learn rate: 0.001000
epoch: 2920, train_mse: 0.000131, train_pearson_loss: 0.1945, test_mse: 0.000936, test_pearson_loss: 0.3673
learn rate: 0.001000
epoch: 2930, train_mse: 0.000132, train_pearson_loss: 0.1946, test_mse: 0.000924, test_pearson_loss: 0.3661
learn rate: 0.001000
epoch: 2940, train_mse: 0.000131, train_pearson_loss: 0.1944, test_mse: 0.000944, test_pearson_loss: 0.3680
learn rate: 0.001000
epoch: 2950, train_mse: 0.000131, train_pearson_loss: 0.1941, test_mse: 0.000978, test_pearson_loss: 0.3671
learn rate: 0.001000
