/home/users/shaerdan/cae_tools_pB/src/cae_tools/models/preprocessed_dataset.py:39: FutureWarning: You are using `torch.load` with `weights_only=False` (the current default value), which uses the default pickle module implicitly. It is possible to construct malicious pickle data which will execute arbitrary code during unpickling (See https://github.com/pytorch/pytorch/blob/main/SECURITY.md#untrusted-models for more details). In a future release, the default value for `weights_only` will be flipped to `True`. This limits the functions that could be executed during unpickling. Arbitrary objects will no longer be allowed to be loaded via this mode unless they are explicitly allowlisted by the user via `torch.serialization.add_safe_globals`. We recommend you start setting `weights_only=True` for any use case where you don't have full control of the loaded file. Please open an issue on GitHub for any issues related to this experimental feature.
  data = torch.load(pt_path)
/gws/nopw/j04/eocis_chuk/shaerdan/envs/pyt_cae_tools/lib/python3.8/site-packages/torchvision/models/_utils.py:208: UserWarning: The parameter 'pretrained' is deprecated since 0.13 and may be removed in the future, please use 'weights' instead.
  warnings.warn(
/gws/nopw/j04/eocis_chuk/shaerdan/envs/pyt_cae_tools/lib/python3.8/site-packages/torchvision/models/_utils.py:223: UserWarning: Arguments other than a weight enum or `None` for 'weights' are deprecated since 0.13 and may be removed in the future. The current behavior is equivalent to passing `weights=VGG19_Weights.IMAGENET1K_V1`. You can also use `weights=VGG19_Weights.DEFAULT` to get the most up-to-date weights.
  warnings.warn(msg)
Traceback (most recent call last):
  File "/gws/nopw/j04/eocis_chuk/shaerdan/envs/pyt_cae_tools/bin/train_cae", line 8, in <module>
    sys.exit(main())
  File "/home/users/shaerdan/cae_tools_pB/src/cae_tools/cli/train_cae.py", line 153, in main
    mt.train_from_datasets(train_ds, test_ds, model_path=args.model_folder,
  File "/home/users/shaerdan/cae_tools_pB/src/cae_tools/models/unet.py", line 931, in train_from_datasets
    train_loss, train_pearson_loss, train_bias_loss, train_d_loss = self.__train_epoch_from_loader(train_loader, device)
  File "/home/users/shaerdan/cae_tools_pB/src/cae_tools/models/unet.py", line 484, in __train_epoch_from_loader
    for i, (low_res, high_res, labels) in enumerate(data_loader):
  File "/gws/nopw/j04/eocis_chuk/shaerdan/envs/pyt_cae_tools/lib/python3.8/site-packages/torch/utils/data/dataloader.py", line 630, in __next__
    data = self._next_data()
  File "/gws/nopw/j04/eocis_chuk/shaerdan/envs/pyt_cae_tools/lib/python3.8/site-packages/torch/utils/data/dataloader.py", line 673, in _next_data
    data = self._dataset_fetcher.fetch(index)  # may raise StopIteration
  File "/gws/nopw/j04/eocis_chuk/shaerdan/envs/pyt_cae_tools/lib/python3.8/site-packages/torch/utils/data/_utils/fetch.py", line 52, in fetch
    data = [self.dataset[idx] for idx in possibly_batched_index]
  File "/gws/nopw/j04/eocis_chuk/shaerdan/envs/pyt_cae_tools/lib/python3.8/site-packages/torch/utils/data/_utils/fetch.py", line 52, in <listcomp>
    data = [self.dataset[idx] for idx in possibly_batched_index]
  File "/home/users/shaerdan/cae_tools_pB/src/cae_tools/models/preprocessed_dataset.py", line 114, in __getitem__
    out = self.outputs[index]
IndexError: index 103253 is out of bounds for dimension 0 with size 102966
