==========================================
Job ID: 2288414
Node: gpuhost003
Start time: Fri 20 Feb 18:22:12 GMT 2026
Working dir: /home/users/shaerdan/cae_tools_pB
==========================================
Fri Feb 20 18:22:12 2026       
+-----------------------------------------------------------------------------------------+
| NVIDIA-SMI 590.48.01              Driver Version: 590.48.01      CUDA Version: 13.1     |
+-----------------------------------------+------------------------+----------------------+
| GPU  Name                 Persistence-M | Bus-Id          Disp.A | Volatile Uncorr. ECC |
| Fan  Temp   Perf          Pwr:Usage/Cap |           Memory-Usage | GPU-Util  Compute M. |
|                                         |                        |               MIG M. |
|=========================================+========================+======================|
|   0  NVIDIA A100-SXM4-40GB          On  |   00000000:C1:00.0 Off |                    0 |
| N/A   29C    P0             53W /  400W |       0MiB /  40960MiB |      0%      Default |
|                                         |                        |             Disabled |
+-----------------------------------------+------------------------+----------------------+

+-----------------------------------------------------------------------------------------+
| Processes:                                                                              |
|  GPU   GI   CI              PID   Type   Process name                        GPU Memory |
|        ID   ID                                                               Usage      |
|=========================================================================================|
|  No running processes found                                                             |
+-----------------------------------------------------------------------------------------+
===========================================
Experiment: STANDARD RESIDUAL UNET + AUGMENTATION
Model: /gws/nopw/j04/eocis_chuk/shaerdan/models/model_pB_standard_aug_Fwg3Ikcx
Epochs: 3500
Architecture: standard
Base channels: 64
Output activation: none (unconstrained)
Augmentation: ON (H-flip + V-flip with slope_dir correction)
===========================================
Loading preprocessed data...
Loading preprocessed data from /gws/nopw/j04/eocis_chuk/shaerdan/preprocessed_v8/train_v8_clean.pt...
===========================================
Training complete: /gws/nopw/j04/eocis_chuk/shaerdan/models/model_pB_standard_aug_Fwg3Ikcx
===========================================
