==========================================
Job ID: 1455591
Node: gpuhost004
Start time: Wed 18 Feb 19:31:41 GMT 2026
Working dir: /home/users/shaerdan/cae_tools_pB
==========================================
Wed Feb 18 19:31:41 2026       
+-----------------------------------------------------------------------------------------+
| NVIDIA-SMI 590.48.01              Driver Version: 590.48.01      CUDA Version: 13.1     |
+-----------------------------------------+------------------------+----------------------+
| GPU  Name                 Persistence-M | Bus-Id          Disp.A | Volatile Uncorr. ECC |
| Fan  Temp   Perf          Pwr:Usage/Cap |           Memory-Usage | GPU-Util  Compute M. |
|                                         |                        |               MIG M. |
|=========================================+========================+======================|
|   0  NVIDIA A100-SXM4-40GB          On  |   00000000:41:00.0 Off |                    0 |
| N/A   29C    P0             52W /  400W |       0MiB /  40960MiB |      0%      Default |
|                                         |                        |             Disabled |
+-----------------------------------------+------------------------+----------------------+

+-----------------------------------------------------------------------------------------+
| Processes:                                                                              |
|  GPU   GI   CI              PID   Type   Process name                        GPU Memory |
|        ID   ID                                                               Usage      |
|=========================================================================================|
|  No running processes found                                                             |
+-----------------------------------------------------------------------------------------+
===========================================
Experiment: STANDARD RESIDUAL UNET
Model: /gws/nopw/j04/eocis_chuk/shaerdan/models/model_pB_standard_BdDPlZOg
Epochs: 3500
Architecture: standard
Base channels: 64
Output activation: none (unconstrained)
===========================================
Loading preprocessed data...
Loading preprocessed data from /gws/nopw/j04/eocis_chuk/shaerdan/preprocessed_v8/train_v8.pt...
Loaded 103577 samples
Input shape: torch.Size([103577, 12, 100, 100])
Output shape: torch.Size([103577, 1, 100, 100])
Loading preprocessed data from /gws/nopw/j04/eocis_chuk/shaerdan/preprocessed_v8/test_v8.pt...
Loaded 9001 samples
Input shape: torch.Size([9001, 12, 100, 100])
Output shape: torch.Size([9001, 1, 100, 100])
Training cases: 103577, Test cases: 9001
Input shape: (12, 100, 100), Output shape: (1, 100, 100)
Running on device: cuda
epoch: 0, train_mse: 0.052499, train_pearson_loss: 0.7958, test_mse: 0.002062, test_pearson_loss: 0.6044
learn rate: 0.001000
epoch: 10, train_mse: 0.000909, train_pearson_loss: 0.4312, test_mse: 0.001907, test_pearson_loss: 0.4114
learn rate: 0.001000
epoch: 20, train_mse: 0.000719, train_pearson_loss: 0.3861, test_mse: 0.001487, test_pearson_loss: 0.3919
learn rate: 0.001000
epoch: 30, train_mse: 0.000653, train_pearson_loss: 0.3716, test_mse: 0.001453, test_pearson_loss: 0.3863
learn rate: 0.001000
epoch: 40, train_mse: 1.333920, train_pearson_loss: 1.0172, test_mse: 0.909960, test_pearson_loss: 1.0141
learn rate: 0.001000
epoch: 50, train_mse: 0.285138, train_pearson_loss: 0.9752, test_mse: 0.146491, test_pearson_loss: 0.9661
learn rate: 0.001000
epoch: 60, train_mse: 0.110183, train_pearson_loss: 0.9641, test_mse: 0.037495, test_pearson_loss: 0.9466
learn rate: 0.001000
epoch: 70, train_mse: 0.047765, train_pearson_loss: 0.9549, test_mse: 0.013948, test_pearson_loss: 0.9391
learn rate: 0.001000
epoch: 80, train_mse: 0.023142, train_pearson_loss: 0.9311, test_mse: 0.008550, test_pearson_loss: 0.9146
learn rate: 0.001000
epoch: 90, train_mse: 0.015396, train_pearson_loss: 0.9200, test_mse: 0.030178, test_pearson_loss: 0.9189
learn rate: 0.001000
epoch: 100, train_mse: 0.007043, train_pearson_loss: 0.8850, test_mse: 0.003488, test_pearson_loss: 0.8456
learn rate: 0.001000
epoch: 110, train_mse: 0.003679, train_pearson_loss: 0.8392, test_mse: 0.005777, test_pearson_loss: 0.8342
learn rate: 0.001000
epoch: 120, train_mse: 0.002341, train_pearson_loss: 0.7655, test_mse: 0.004088, test_pearson_loss: 0.7984
learn rate: 0.001000
epoch: 130, train_mse: 0.612205, train_pearson_loss: 1.0000, test_mse: 0.288339, test_pearson_loss: 1.0021
learn rate: 0.001000
epoch: 140, train_mse: 0.139890, train_pearson_loss: 0.9880, test_mse: 0.063512, test_pearson_loss: 0.9790
learn rate: 0.001000
epoch: 150, train_mse: 0.047854, train_pearson_loss: 0.9749, test_mse: 0.020732, test_pearson_loss: 0.9664
learn rate: 0.001000
epoch: 160, train_mse: 0.019746, train_pearson_loss: 0.9530, test_mse: 0.008255, test_pearson_loss: 0.9233
learn rate: 0.001000
epoch: 170, train_mse: 0.008881, train_pearson_loss: 0.9201, test_mse: 0.004280, test_pearson_loss: 0.8658
learn rate: 0.001000
epoch: 180, train_mse: 0.013096, train_pearson_loss: 0.9170, test_mse: 0.004300, test_pearson_loss: 0.9037
learn rate: 0.001000
epoch: 190, train_mse: 12651.150652, train_pearson_loss: 1.0084, test_mse: 1.029404, test_pearson_loss: 1.0607
learn rate: 0.001000
epoch: 200, train_mse: 0.133288, train_pearson_loss: 1.0136, test_mse: 0.057829, test_pearson_loss: 1.0116
learn rate: 0.001000
epoch: 210, train_mse: 0.050168, train_pearson_loss: 1.0037, test_mse: 0.018872, test_pearson_loss: 0.9968
learn rate: 0.001000
epoch: 220, train_mse: 0.024123, train_pearson_loss: 0.9948, test_mse: 0.008512, test_pearson_loss: 0.9976
learn rate: 0.001000
epoch: 230, train_mse: 0.010926, train_pearson_loss: 0.9481, test_mse: 0.004297, test_pearson_loss: 0.9095
learn rate: 0.001000
epoch: 240, train_mse: 0.005489, train_pearson_loss: 0.8820, test_mse: 0.002986, test_pearson_loss: 0.7970
learn rate: 0.001000
epoch: 250, train_mse: 0.003136, train_pearson_loss: 0.8152, test_mse: 0.002473, test_pearson_loss: 0.7091
learn rate: 0.001000
epoch: 260, train_mse: 0.001688, train_pearson_loss: 0.7027, test_mse: 0.001894, test_pearson_loss: 0.6531
learn rate: 0.001000
epoch: 270, train_mse: 1.124497, train_pearson_loss: 0.9731, test_mse: 0.206151, test_pearson_loss: 0.9707
learn rate: 0.001000
epoch: 280, train_mse: 0.208422, train_pearson_loss: 0.9548, test_mse: 0.053682, test_pearson_loss: 0.9495
learn rate: 0.001000
epoch: 290, train_mse: 0.072238, train_pearson_loss: 0.9493, test_mse: 0.029312, test_pearson_loss: 0.9179
learn rate: 0.001000
epoch: 300, train_mse: 0.550690, train_pearson_loss: 0.9921, test_mse: 0.186198, test_pearson_loss: 0.9855
learn rate: 0.001000
epoch: 310, train_mse: 0.185138, train_pearson_loss: 0.9852, test_mse: 0.059940, test_pearson_loss: 0.9858
learn rate: 0.001000
epoch: 320, train_mse: 0.067766, train_pearson_loss: 0.9799, test_mse: 0.026135, test_pearson_loss: 0.9664
learn rate: 0.001000
epoch: 330, train_mse: 0.024131, train_pearson_loss: 0.9542, test_mse: 0.008769, test_pearson_loss: 0.9324
learn rate: 0.001000
epoch: 340, train_mse: 0.072505, train_pearson_loss: 0.9610, test_mse: 0.012715, test_pearson_loss: 0.8967
learn rate: 0.001000
epoch: 350, train_mse: 0.031619, train_pearson_loss: 0.9146, test_mse: 0.004865, test_pearson_loss: 0.8324
learn rate: 0.001000
epoch: 360, train_mse: 0.022878, train_pearson_loss: 0.8712, test_mse: 0.004717, test_pearson_loss: 0.8262
learn rate: 0.001000
epoch: 370, train_mse: 0.897348, train_pearson_loss: 0.9757, test_mse: 0.230610, test_pearson_loss: 0.9578
learn rate: 0.001000
epoch: 380, train_mse: 0.185993, train_pearson_loss: 0.9769, test_mse: 0.054267, test_pearson_loss: 0.9828
learn rate: 0.001000
