==========================================
Job ID: 1874403
Node: gpuhost004
Start time: Thu 19 Feb 11:55:47 GMT 2026
Working dir: /home/users/shaerdan/cae_tools_pB
==========================================
Thu Feb 19 11:55:47 2026       
+-----------------------------------------------------------------------------------------+
| NVIDIA-SMI 590.48.01              Driver Version: 590.48.01      CUDA Version: 13.1     |
+-----------------------------------------+------------------------+----------------------+
| GPU  Name                 Persistence-M | Bus-Id          Disp.A | Volatile Uncorr. ECC |
| Fan  Temp   Perf          Pwr:Usage/Cap |           Memory-Usage | GPU-Util  Compute M. |
|                                         |                        |               MIG M. |
|=========================================+========================+======================|
|   0  NVIDIA A100-SXM4-40GB          On  |   00000000:41:00.0 Off |                    0 |
| N/A   33C    P0             52W /  400W |       0MiB /  40960MiB |      0%      Default |
|                                         |                        |             Disabled |
+-----------------------------------------+------------------------+----------------------+

+-----------------------------------------------------------------------------------------+
| Processes:                                                                              |
|  GPU   GI   CI              PID   Type   Process name                        GPU Memory |
|        ID   ID                                                               Usage      |
|=========================================================================================|
|  No running processes found                                                             |
+-----------------------------------------------------------------------------------------+
===========================================
Experiment: STANDARD RESIDUAL UNET + AUGMENTATION
Model: /gws/nopw/j04/eocis_chuk/shaerdan/models/model_pB_standard_aug_ix0PB0rn
Epochs: 3500
Architecture: standard
Base channels: 64
Output activation: none (unconstrained)
Augmentation: ON (H-flip + V-flip with slope_dir correction)
===========================================
Loading preprocessed data...
Loading preprocessed data from /gws/nopw/j04/eocis_chuk/shaerdan/preprocessed_v8/train_v8.pt...
Loaded 103577 samples
Input shape: torch.Size([103577, 12, 100, 100])
Output shape: torch.Size([103577, 1, 100, 100])
Loading preprocessed data from /gws/nopw/j04/eocis_chuk/shaerdan/preprocessed_v8/test_v8.pt...
Loaded 9001 samples
Input shape: torch.Size([9001, 12, 100, 100])
Output shape: torch.Size([9001, 1, 100, 100])
Training cases: 103577, Test cases: 9001
Input shape: (12, 100, 100), Output shape: (1, 100, 100)
Running on device: cuda
epoch: 0, train_mse: 0.019411, train_pearson_loss: 0.7612, test_mse: 0.003182, test_pearson_loss: 0.5390
learn rate: 0.000300
epoch: 10, train_mse: 0.000732, train_pearson_loss: 0.4086, test_mse: 0.001401, test_pearson_loss: 0.3949
learn rate: 0.000301
epoch: 20, train_mse: 0.000659, train_pearson_loss: 0.3811, test_mse: 0.001308, test_pearson_loss: 0.3919
learn rate: 0.000303
epoch: 30, train_mse: 0.000605, train_pearson_loss: 0.3685, test_mse: 0.001533, test_pearson_loss: 0.3832
learn rate: 0.000307
epoch: 40, train_mse: 0.000569, train_pearson_loss: 0.3609, test_mse: 0.001265, test_pearson_loss: 0.3723
learn rate: 0.000312
epoch: 50, train_mse: 0.000522, train_pearson_loss: 0.3566, test_mse: 0.001137, test_pearson_loss: 0.3673
learn rate: 0.000318
epoch: 60, train_mse: 0.000507, train_pearson_loss: 0.3527, test_mse: 0.000959, test_pearson_loss: 0.3749
learn rate: 0.000325
epoch: 70, train_mse: 0.000477, train_pearson_loss: 0.3481, test_mse: 0.001026, test_pearson_loss: 0.3712
learn rate: 0.000334
epoch: 80, train_mse: 0.000452, train_pearson_loss: 0.3439, test_mse: 0.000936, test_pearson_loss: 0.3604
learn rate: 0.000344
epoch: 90, train_mse: 0.000426, train_pearson_loss: 0.3401, test_mse: 0.000930, test_pearson_loss: 0.3583
learn rate: 0.000356
epoch: 100, train_mse: 0.000413, train_pearson_loss: 0.3364, test_mse: 0.001138, test_pearson_loss: 0.3568
learn rate: 0.000368
