==========================================
Job ID: 2359678
Node: gpuhost004
Start time: Fri 20 Feb 20:41:51 GMT 2026
Working dir: /home/users/shaerdan/cae_tools_pB
==========================================
Fri Feb 20 20:41:51 2026       
+-----------------------------------------------------------------------------------------+
| NVIDIA-SMI 590.48.01              Driver Version: 590.48.01      CUDA Version: 13.1     |
+-----------------------------------------+------------------------+----------------------+
| GPU  Name                 Persistence-M | Bus-Id          Disp.A | Volatile Uncorr. ECC |
| Fan  Temp   Perf          Pwr:Usage/Cap |           Memory-Usage | GPU-Util  Compute M. |
|                                         |                        |               MIG M. |
|=========================================+========================+======================|
|   0  NVIDIA A100-SXM4-40GB          On  |   00000000:41:00.0 Off |                    0 |
| N/A   31C    P0             52W /  400W |       0MiB /  40960MiB |      0%      Default |
|                                         |                        |             Disabled |
+-----------------------------------------+------------------------+----------------------+

+-----------------------------------------------------------------------------------------+
| Processes:                                                                              |
|  GPU   GI   CI              PID   Type   Process name                        GPU Memory |
|        ID   ID                                                               Usage      |
|=========================================================================================|
|  No running processes found                                                             |
+-----------------------------------------------------------------------------------------+
===========================================
Experiment: STANDARD RESIDUAL UNET + AUGMENTATION
Model: /gws/nopw/j04/eocis_chuk/shaerdan/models/model_pB_standard_aug_VgdIuc7c
Epochs: 3500
Architecture: standard
Base channels: 64
Output activation: none (unconstrained)
Augmentation: ON (H-flip + V-flip with slope_dir correction)
===========================================
Loading preprocessed data...
Loading preprocessed data from /gws/nopw/j04/eocis_chuk/shaerdan/preprocessed_v8/train_v8_clean.pt...
Loaded 103577 samples
Input shape: torch.Size([102966, 12, 100, 100])
Output shape: torch.Size([102966, 1, 100, 100])
Loading preprocessed data from /gws/nopw/j04/eocis_chuk/shaerdan/preprocessed_v8/test_v8_clean.pt...
Loaded 9001 samples
Input shape: torch.Size([8866, 12, 100, 100])
Output shape: torch.Size([8866, 1, 100, 100])
Training cases: 103577, Test cases: 9001
Input shape: (12, 100, 100), Output shape: (1, 100, 100)
Running on device: cuda
===========================================
Training complete: /gws/nopw/j04/eocis_chuk/shaerdan/models/model_pB_standard_aug_VgdIuc7c
===========================================
