==========================================
Job ID: 2593744
Node: host1038
Start time: Sun 22 Feb 16:11:29 GMT 2026
==========================================

Step 1: Preprocessing training data (zscore filter)...
Found 283 netCDF files
Case dimension: box
Spatial dimensions: 100 x 100
Input channels: 10
Counting total boxes...
Total boxes: 103577
Pre-allocating tensors...
  Inputs: 103577 x 10 x 100 x 100 = 41.4 GB
  Outputs: 103577 x 1 x 100 x 100 = 4.1 GB
Loading data...
  Processed 20/283 files (21030/103577 boxes)
  Processed 40/283 files (32788/103577 boxes)
  Processed 60/283 files (39073/103577 boxes)
  Processed 80/283 files (44758/103577 boxes)
  Processed 100/283 files (50328/103577 boxes)
  Processed 120/283 files (55943/103577 boxes)
  Processed 140/283 files (60077/103577 boxes)
  Processed 160/283 files (65113/103577 boxes)
  Processed 180/283 files (69759/103577 boxes)
  Processed 200/283 files (74782/103577 boxes)
  Processed 220/283 files (79557/103577 boxes)
  Processed 240/283 files (83427/103577 boxes)
  Processed 260/283 files (92007/103577 boxes)
  Processed 280/283 files (103532/103577 boxes)
  Processed 283/283 files (103577/103577 boxes)

Z-score filtering (delta = LST - ERA5):
  Population: mean=3.56K, std=3.07K
  Threshold: z < -3.0 => delta < -5.66K
  Only cold outliers removed (z < threshold, warm extremes preserved)
  Removed: 933 boxes (0.90%)
  Remaining: 102644 boxes

Computing normalization statistics...
  land_cover: [0.0000, 21.0000]
  albedo_monthly_climatology_means: [-0.0128, 3.0675]
  elevation: [-45.0426, 1263.7565]
  era5_skt: [269.3254, 312.9688]
  sin_doy: [0.0429, 1.0000]
  cos_doy: [-1.0000, 0.9963]
  slope_magnitude: [0.0000, 1.9282]
  slope_direction: [-180.0000, 180.0000]
  urban_area: [0.0000, 1.0000]
  suburban_area: [0.0000, 1.0000]
  ST_slices: [261.4631, 368.8778]
Normalizing data...
  Output normalized to [0, 1] (sigmoid mode)
Saving to /gws/nopw/j04/eocis_chuk/shaerdan/preprocessed_v8/train_v8_zscore_rm_warmcoldpattern.pt...
Done! Output file size: 45.16 GB
Samples: 102644
Metadata written to /gws/nopw/j04/eocis_chuk/shaerdan/preprocessed_v8/train_v8_zscore_rm_warmcoldpattern_meta.json

NOTE: This file's normalisation_parameters should be used for test/validation data

Step 2: Preprocessing test data (zscore filter using train stats)...
Found 202 netCDF files
Case dimension: box
Spatial dimensions: 100 x 100
Input channels: 10
Counting total boxes...
Total boxes: 9001
Pre-allocating tensors...
  Inputs: 9001 x 10 x 100 x 100 = 3.6 GB
  Outputs: 9001 x 1 x 100 x 100 = 0.4 GB
Loading data...
  Processed 20/202 files (2371/9001 boxes)
  Processed 40/202 files (2964/9001 boxes)
  Processed 60/202 files (3489/9001 boxes)
  Processed 80/202 files (4098/9001 boxes)
  Processed 100/202 files (4520/9001 boxes)
  Processed 120/202 files (4976/9001 boxes)
  Processed 140/202 files (5532/9001 boxes)
  Processed 160/202 files (6183/9001 boxes)
  Processed 180/202 files (7064/9001 boxes)
  Processed 200/202 files (8899/9001 boxes)
  Processed 202/202 files (9001/9001 boxes)

Z-score filtering (delta = LST - ERA5):
  Using TRAINING distribution: mean=3.56K, std=3.07K
  Threshold: z < -3.0 => delta < -5.66K
  Only cold outliers removed (z < threshold, warm extremes preserved)
  Removed: 269 boxes (2.99%)
  Remaining: 8732 boxes

Loading normalisation parameters from /gws/nopw/j04/eocis_chuk/shaerdan/preprocessed_v8/train_v8_zscore_rm_warmcoldpattern.pt...
Using external normalisation parameters:
  land_cover: [0.0000, 21.0000]
  albedo_monthly_climatology_means: [-0.0128, 3.0675]
  elevation: [-45.0426, 1263.7565]
  era5_skt: [269.3254, 312.9688]
  sin_doy: [0.0429, 1.0000]
  cos_doy: [-1.0000, 0.9963]
  slope_magnitude: [0.0000, 1.9282]
  slope_direction: [-180.0000, 180.0000]
  urban_area: [0.0000, 1.0000]
  suburban_area: [0.0000, 1.0000]
  ST_slices: [261.4631, 368.8778]
This dataset's actual ranges (for reference):
  land_cover: [0.0000, 21.0000]
  albedo_monthly_climatology_means: [0.0145, 2.8215]
  elevation: [-28.5000, 1167.9639]
  era5_skt: [274.6618, 307.6614]
  sin_doy: [0.0772, 0.9994]
  cos_doy: [-0.9976, 0.9881]
  slope_magnitude: [0.0000, 1.7453]
  slope_direction: [-180.0000, 179.9999]
  urban_area: [0.0000, 1.0000]
  suburban_area: [0.0000, 1.0000]
  ST_slices: [269.7962, 343.3452]
Normalizing data...
  Output normalized to [0, 1] (sigmoid mode)
Saving to /gws/nopw/j04/eocis_chuk/shaerdan/preprocessed_v8/test_v8_zscore_rm_warmcoldpattern.pt...
Done! Output file size: 3.84 GB
Samples: 8732
Metadata written to /gws/nopw/j04/eocis_chuk/shaerdan/preprocessed_v8/test_v8_zscore_rm_warmcoldpattern_meta.json

NOTE: Data normalized using parameters from /gws/nopw/j04/eocis_chuk/shaerdan/preprocessed_v8/train_v8_zscore_rm_warmcoldpattern.pt

Step 3: Preprocessing validation data (zscore filter using train stats)...
Error: No netCDF files found

==========================================
Preprocessing complete!

Output files:
-rw-rw-r-- 1 shaerdan gws_eocis_chuk 4.3G Feb 20 21:19 /gws/nopw/j04/eocis_chuk/shaerdan/preprocessed_v8/test_v8_clean.pt
-rw-rw-r-- 1 shaerdan gws_eocis_chuk 4.4G Feb  2 16:04 /gws/nopw/j04/eocis_chuk/shaerdan/preprocessed_v8/test_v8.pt
-rw-rw-r-- 1 shaerdan gws_eocis_chuk 4.3G Feb 22 12:17 /gws/nopw/j04/eocis_chuk/shaerdan/preprocessed_v8/test_v8_zscore.pt
-rw-rw-r-- 1 shaerdan gws_eocis_chuk    0 Feb 22 16:50 /gws/nopw/j04/eocis_chuk/shaerdan/preprocessed_v8/test_v8_zscore_rm_coldpattern.pt
-rw-rw-r-- 1 shaerdan gws_eocis_chuk 3.6G Feb 22 16:49 /gws/nopw/j04/eocis_chuk/shaerdan/preprocessed_v8/test_v8_zscore_rm_warmcoldpattern.pt
-rw-rw-r-- 1 shaerdan gws_eocis_chuk  50G Feb 20 21:18 /gws/nopw/j04/eocis_chuk/shaerdan/preprocessed_v8/train_v8_clean.pt
-rw-rw-r-- 1 shaerdan gws_eocis_chuk  51G Feb  2 15:58 /gws/nopw/j04/eocis_chuk/shaerdan/preprocessed_v8/train_v8.pt
-rw-rw-r-- 1 shaerdan gws_eocis_chuk  50G Feb 22 12:13 /gws/nopw/j04/eocis_chuk/shaerdan/preprocessed_v8/train_v8_zscore.pt
-rw-rw-r-- 1 shaerdan gws_eocis_chuk  46G Feb 22 16:46 /gws/nopw/j04/eocis_chuk/shaerdan/preprocessed_v8/train_v8_zscore_rm_coldpattern.pt
-rw-rw-r-- 1 shaerdan gws_eocis_chuk  43G Feb 22 16:46 /gws/nopw/j04/eocis_chuk/shaerdan/preprocessed_v8/train_v8_zscore_rm_warmcoldpattern.pt

IMPORTANT: All files are normalized using TRAINING data statistics.
End time: Sun 22 Feb 16:50:11 GMT 2026
==========================================
