Loading training data...
Input variables: ['land_cover', 'albedo_monthly_climatology_means', 'elevation', 'era5_skt', 'sin_doy', 'cos_doy', 'slope_magnitude', 'slope_direction', 'urban_area', 'suburban_area', 'pixel_st_hot_pattern', 'pixel_st_cold_pattern']
Normalized: True
Norm params keys: ['min_inputs', 'max_inputs', 'min_output', 'max_output']
ERA5 channel index: 3

ERA5 (normalized=True):
  min=0.0000, max=1.0000
  mean=0.5693, std=0.1835
  median=0.5668

Output means:
  min=0.0682, max=0.6105
  mean=0.4002

ERA5 histogram (20 bins):
  [0.000 - 0.050]:      2 
  [0.050 - 0.100]:     61 
  [0.100 - 0.150]:    495 ##
  [0.150 - 0.200]:   1223 ######
  [0.200 - 0.250]:   2360 ############
  [0.250 - 0.300]:   3703 ###################
  [0.300 - 0.350]:   5731 ##############################
  [0.350 - 0.400]:   7331 ######################################
  [0.400 - 0.450]:   8423 ############################################
  [0.450 - 0.500]:   9087 ###############################################
  [0.500 - 0.550]:   9508 #################################################
  [0.550 - 0.600]:   9110 ###############################################
  [0.600 - 0.650]:   8981 ###############################################
  [0.650 - 0.700]:   9542 ##################################################
  [0.700 - 0.750]:   7820 ########################################
  [0.750 - 0.800]:   8839 ##############################################
  [0.800 - 0.850]:   5131 ##########################
  [0.850 - 0.900]:   4121 #####################
  [0.900 - 0.950]:   1397 #######
  [0.950 - 1.000]:    712 ###

Fine histogram around 0.45-0.65:
  [0.4500 - 0.4600]:  1884 #######################################
  [0.4600 - 0.4700]:  1697 ###################################
  [0.4700 - 0.4800]:  1706 ###################################
  [0.4800 - 0.4900]:  1807 #####################################
  [0.4900 - 0.5000]:  1993 #########################################
  [0.5000 - 0.5100]:  1952 ########################################
  [0.5100 - 0.5200]:  1913 #######################################
  [0.5200 - 0.5300]:  1807 #####################################
  [0.5300 - 0.5400]:  1787 #####################################
  [0.5400 - 0.5500]:  2048 ##########################################
  [0.5500 - 0.5600]:  2394 ##################################################
  [0.5600 - 0.5700]:  2100 ###########################################
  [0.5700 - 0.5800]:  1806 #####################################
  [0.5800 - 0.5900]:  1434 #############################
  [0.5900 - 0.6000]:  1377 ############################
  [0.6000 - 0.6100]:  1646 ##################################
  [0.6100 - 0.6200]:  1706 ###################################
  [0.6200 - 0.6300]:  1727 ####################################
  [0.6300 - 0.6400]:  1824 ######################################
  [0.6400 - 0.6500]:  2078 ###########################################

Correlation ERA5 vs output mean: r=0.9629

ERA5 bin -> mean output:
  ERA5 [0.000-0.050]: n=    2, out_mean=0.1510, out_std=0.0015
  ERA5 [0.050-0.100]: n=   61, out_mean=0.1936, out_std=0.0058
  ERA5 [0.100-0.150]: n=  495, out_mean=0.2005, out_std=0.0144
  ERA5 [0.150-0.200]: n= 1223, out_mean=0.2243, out_std=0.0165
  ERA5 [0.200-0.250]: n= 2360, out_mean=0.2491, out_std=0.0178
  ERA5 [0.250-0.300]: n= 3703, out_mean=0.2717, out_std=0.0181
  ERA5 [0.300-0.350]: n= 5731, out_mean=0.2901, out_std=0.0290
  ERA5 [0.350-0.400]: n= 7331, out_mean=0.3145, out_std=0.0261
  ERA5 [0.400-0.450]: n= 8423, out_mean=0.3394, out_std=0.0299
  ERA5 [0.450-0.500]: n= 9087, out_mean=0.3612, out_std=0.0277
  ERA5 [0.500-0.550]: n= 9508, out_mean=0.3824, out_std=0.0213
  ERA5 [0.550-0.600]: n= 9110, out_mean=0.4014, out_std=0.0220
  ERA5 [0.600-0.650]: n= 8981, out_mean=0.4246, out_std=0.0262
  ERA5 [0.650-0.700]: n= 9542, out_mean=0.4501, out_std=0.0205
  ERA5 [0.700-0.750]: n= 7820, out_mean=0.4699, out_std=0.0198
  ERA5 [0.750-0.800]: n= 8839, out_mean=0.4872, out_std=0.0198
  ERA5 [0.800-0.850]: n= 5131, out_mean=0.5105, out_std=0.0206
  ERA5 [0.850-0.900]: n= 4121, out_mean=0.5303, out_std=0.0181
  ERA5 [0.900-0.950]: n= 1397, out_mean=0.5494, out_std=0.0184
  ERA5 [0.950-1.000]: n=  711, out_mean=0.5688, out_std=0.0182

Done.
